=== device ===
name                  Apple M4 Pro
architecture          applegpu_g16s
gpu cores             20
kernel                laguna_sliding_fused_attn_ring_v1
mode                  NULL CONTROL (base vs itself)

=== pipeline properties (register/occupancy gate) ===
  arm            srcLines   tgMemB   maxTotalThreads   execWidth   source
  BASE       285    18432              1024          32   Sources/MLXFastModel/LagunaRuntimeModel.swift
  NULL(BASE)       285    18432              1024          32   Sources/MLXFastModel/LagunaRuntimeModel.swift

=== memory regime (P1.1) ===
  defeat slots          1  (r98 resident binding)
  cache copies          1
  k_cache buffer        16777216 B
  dram_peak_GB_s        266.3  (measured, rule 55)
  slc_estimate_B        25165824  (M4-Pro-class, label only)
     K  TG/core   kvheads   slots   uniq_MiB   req_MiB/round   amplif   base_us   achieved_GB_s   pct_peak   slc_fit   regime
     8     0.40         2       1       0.51          102.15    200.0      9.04            59.3       22.3   yes   UNSATURATED
    16     0.80         4       1       1.02          204.10    200.0      9.09           117.8       44.2   yes   PARTIAL
    20     1.00         5       1       1.28          255.08    200.0      9.08           147.3       55.3   yes   PARTIAL
    21     1.05         6       1       1.53          305.47    200.0     17.75            90.2       33.9   yes   UNSATURATED
    24     1.20         6       1       1.53          306.05    200.0     18.31            87.6       32.9   yes   UNSATURATED
    32     1.60         8       1       2.04          408.01    200.0     18.31           116.8       43.9   yes   PARTIAL
    40     2.00        10       1       2.55          509.96    200.0     18.48           144.7       54.3   yes   PARTIAL
    41     2.05        11       1       2.80          560.35    200.0     25.09           117.1       44.0   yes   PARTIAL
    48     2.40        12       1       3.06          611.91    200.0     25.51           125.8       47.2   yes   PARTIAL
    56     2.80        14       1       3.57          713.87    200.0     25.78           145.2       54.5   yes   PARTIAL
    60     3.00        15       1       3.82          764.84    200.0     25.96           154.5       58.0   yes   PARTIAL
    61     3.05        16       1       4.08          815.23    200.0     32.92           129.8       48.8   yes   PARTIAL
    64     3.20        16       1       4.08          815.82    200.0     33.05           129.4       48.6   yes   PARTIAL
    80     4.00        20       1       5.10         1019.73    200.0     34.32           155.8       58.5   yes   PARTIAL
    96     4.80        24       1       6.12         1223.63    200.0     41.93           153.0       57.5   yes   PARTIAL

=== absolute cost ladder, best of 21 rounds of 200 dispatches (E1) ===
phi(K) = t(2K)/t(K).  A threadgroup-doubling change pays only if phi < 2.
t/K is the per-threadgroup cost: flat means work-limited, falling means
the added threadgroups are absorbed by idle cores.
     K  TG/core   base_us     t/K_us   phi(K)=t(2K)/t(K)
     8     0.40      9.01     1.1261   1.0042
    16     0.80      9.05     0.5654   2.0240
    20     1.00      9.06     0.4531   1.9917
    21     1.05     17.79     0.8469   -
    24     1.20     18.01     0.7506   1.4082
    32     1.60     18.31     0.5722   1.8008
    40     2.00     18.05     0.4512   1.9045
    41     2.05     25.04     0.6107   -
    48     2.40     25.37     0.5285   1.6559
    56     2.80     25.34     0.4525   -
    60     3.00     25.10     0.4183   -
    61     3.05     32.87     0.5389   -
    64     3.20     32.97     0.5152   -
    80     4.00     34.37     0.4296   -
    96     4.80     42.01     0.4376   -

=== paired per-call cost, 21 alternating rounds of 200 dispatches ===
delta = second arm - base within a round, so drift cancels. neg = faster.
     K  TG/core   base_min   cand_min    d_mean    d_sd   spread   t_paired        %
     8     0.40       9.00       9.00    -0.001   0.019     0.07      -0.12    -0.006
    16     0.80       9.05       9.05    +0.000   0.020     0.08      +0.09    +0.004
    20     1.00       9.07       9.06    -0.009   0.019     0.09      -2.26    -0.102
    21     1.05      17.70      17.61    -0.043   0.226     0.79      -0.86    -0.240
    24     1.20      18.10      17.94    -0.039   0.198     0.75      -0.91    -0.218
    32     1.60      18.39      18.40    -0.049   0.174     0.58      -1.28    -0.266
    40     2.00      18.67      18.42    -0.028   0.119     0.47      -1.08    -0.151
    41     2.05      25.09      25.08    -0.028   0.123     0.45      -1.06    -0.113
    48     2.40      25.13      25.44    -0.038   0.186     0.69      -0.94    -0.151
    56     2.80      25.71      25.74    -0.010   0.166     0.60      -0.29    -0.041
    60     3.00      23.37      23.36    -0.087   0.556     2.82      -0.72    -0.372
    61     3.05      30.39      30.40    +0.013   0.214     0.93      +0.28    +0.044
    64     3.20      30.42      30.48    +0.183   0.567     2.75      +1.48    +0.602
    80     4.00      31.58      31.66    +0.235   0.876     4.34      +1.23    +0.742
    96     4.80      41.86      41.97    +0.001   0.154     0.65      +0.02    +0.001
