worker up in 40.0s ok=True
diagnostics after load: worker_rss_gb=20.72 peak_ram_gb=20.718048095703125 mlx_active_gb=33.02 mlx_cache_gb=0.00 mlx_peak_gb=36.11
decode_begin seed forward: 544.79 ms
DECODE_PHASE_START
DECODE_PHASE_END
teacher-forced greedy tokens: 0 divergences (all match)
first 8 steps (ms): 9.377 8.414 8.281 8.246 8.203 8.314 8.210 8.214
decode steps=40 mean=8.240 ms median=8.199 ms p10=8.180 ms p90=8.281 ms min=8.163 ms max=9.377 ms total=0.330 s
diagnostics after decode: worker_rss_gb=20.72 peak_ram_gb=20.71893310546875 mlx_active_gb=33.10 mlx_cache_gb=1.08 mlx_peak_gb=36.11
worker stderr -> /tmp/decode_probe.worker.err

profile: 2661 command buffers total, 1755 inside 39 steady steps
per steady step: wall=8.211 ms gpu_busy_sum=7.967 ms gpu_busy_union=7.967 ms gap=0.244 ms (3.0% of wall) cbs=45.0 dispatches=406.0

  us/step   share  n/step  us/call  kernel
   1796.7  22.55%   10.00   179.67  [10] sliding_fused_attn_ring_v1|gate_sp_h64_v1|oproj_act_h64_v1_lm1_pw1_sc1_se1|residual_rms_router_bf16_2048_rpg8_keys_v1|shared_nvfp4_swiglu_qmv_rows1_halved_bf16_v1|prefill_router_tournament_ordinal_norm_active64_v2|routed_nvfp4_swiglu_qmv_packed_top8keys_r1_bf16_v2|routed_shared_nvfp4_down_residual_bf16_sh_stage4_v6|rmsbfloat16|decode_nvfp4_qkv_h64_r1_v1_lm1_pw1_se1_sd1
   1450.5  18.21%    8.00   181.31  [10] residual_rms_router_bf16_2048_rpg8_keys_v1|shared_nvfp4_swiglu_qmv_rows1_halved_bf16_v1|prefill_router_tournament_ordinal_norm_active64_v2|routed_nvfp4_swiglu_qmv_packed_top8keys_r1_bf16_v2|routed_shared_nvfp4_down_residual_bf16_sh_stage4_v6|rmsbfloat16|decode_nvfp4_qkv_h64_r1_v1_lm1_pw1_se1_sd1|sliding_fused_attn_ring_v1|gate_sp_h64_v1|oproj_act_h64_v1_lm1_pw1_sc1_se1
   1082.8  13.59%    5.00   216.57  [12] rmsbfloat16|decode_nvfp4_qkv_h48_r1_v1_lm1_pw1_se1_sd1|full_fused_attn_grow_v1|gate_sp_h48_v1|oproj_act_h48_v1_lm1_pw1_sc1_se1|residual_rms_router_bf16_2048_rpg8_keys_v1|shared_nvfp4_swiglu_qmv_rows1_halved_bf16_v1|prefill_router_tournament_ordinal_norm_active64_v2|routed_nvfp4_swiglu_qmv_packed_top8keys_r1_bf16_v2|routed_shared_nvfp4_down_residual_bf16_sh_stage4_v6|rmsbfloat16|decode_nvfp4_qkv_h64_r1_v1_lm1_pw1_se1_sd1
    873.3  10.96%    4.00   218.32  [12] gate_sp_h48_v1|oproj_act_h48_v1_lm1_pw1_sc1_se1|residual_rms_router_bf16_2048_rpg8_keys_v1|shared_nvfp4_swiglu_qmv_rows1_halved_bf16_v1|prefill_router_tournament_ordinal_norm_active64_v2|routed_nvfp4_swiglu_qmv_packed_top8keys_r1_bf16_v2|routed_shared_nvfp4_down_residual_bf16_sh_stage4_v6|rmsbfloat16|decode_nvfp4_qkv_h64_r1_v1_lm1_pw1_se1_sd1|sliding_fused_attn_ring_v1|gate_sp_h64_v1|oproj_act_h64_v1_lm1_pw1_sc1_se1
    790.7   9.92%    4.00   197.68  [11] sliding_fused_attn_ring_v1|gate_sp_h64_v1|oproj_act_h64_v1_lm1_pw1_sc1_se1|residual_rms_router_bf16_2048_rpg8_keys_v1|shared_nvfp4_swiglu_qmv_rows1_halved_bf16_v1|prefill_router_tournament_ordinal_norm_active64_v2|routed_nvfp4_swiglu_qmv_packed_top8keys_r1_bf16_v2|routed_shared_nvfp4_down_residual_bf16_sh_stage4_v6|rmsbfloat16|decode_nvfp4_qkv_h48_r1_v1_lm1_pw1_se1_sd1|full_fused_attn_grow_v1
    530.9   6.66%    3.00   176.97  [10] rmsbfloat16|decode_nvfp4_qkv_h64_r1_v1_lm1_pw1_se1_sd1|sliding_fused_attn_ring_v1|gate_sp_h64_v1|oproj_act_h64_v1_lm1_pw1_sc1_se1|residual_rms_router_bf16_2048_rpg8_keys_v1|shared_nvfp4_swiglu_qmv_rows1_halved_bf16_v1|prefill_router_tournament_ordinal_norm_active64_v2|routed_nvfp4_swiglu_qmv_packed_top8keys_r1_bf16_v2|routed_shared_nvfp4_down_residual_bf16_sh_stage4_v6
    455.4   5.72%    1.00   455.44  [5] full_fused_attn_grow_v1|oproj_act_h48_v1_lm1_pw1_sc1_se1|residual_rms_bf16_2048_v1|dense_gate_up_swiglu_bf16_v1|dense_down_residual_bf16_v1
    432.8   5.43%    1.00   432.80  [4] rmsbfloat16|lmhead_int5_base_coarse_delta_bf16_v1|lmhead_coarse_argmax_stage1_v5|lmhead_exact_winner_bf16_midpoint_threshold_v1
    290.4   3.64%    4.00    72.60  [5] residual_rms_router_bf16_2048_rpg8_keys_v1|shared_nvfp4_swiglu_qmv_rows1_halved_bf16_v1|prefill_router_tournament_ordinal_norm_active64_v2|routed_nvfp4_swiglu_qmv_packed_top8keys_r1_bf16_v2|routed_shared_nvfp4_down_residual_bf16_sh_stage4_v6
    130.9   1.64%    1.00   130.92  [8] sliding_fused_attn_ring_v1|gate_sp_h64_v1|oproj_act_h64_v1_lm1_pw1_sc1_se1|residual_rms_router_bf16_2048_rpg8_keys_v1|shared_nvfp4_swiglu_qmv_rows1_halved_bf16_v1|prefill_router_tournament_ordinal_norm_active64_v2|routed_nvfp4_swiglu_qmv_packed_top8keys_r1_bf16_v2|routed_shared_nvfp4_down_residual_bf16_sh_stage4_v6
     76.8   0.96%    1.00    76.80  lmhead_exact_fused_int5_sparse_refine_v1
     40.0   0.50%    1.00    39.95  [3] rmsbfloat16|gate_sp_h48_v1|decode_nvfp4_qkv_h48_r1_v1_lm1_pw1_se1_sd1
     12.6   0.16%    1.00    12.58  [2] gather_frontbfloat16_int32_int_2|argmax_bfloat16
      3.6   0.05%    1.00     3.60  decode_embedding_rope_atlas_bf16_2048_v2
