[0/3] Write swift-version--58304C5D6DBC2206.txt
[0/1] Planning build
[1/1] Compiling plugin CudaBuild
[2/2] Compiling plugin GenerateManual
[3/3] Compiling plugin GenerateDoccReference
Building for debugging...
[3/10] Write sources
[4/10] Write swift-version--58304C5D6DBC2206.txt
[5/9] Compiling allocator.cpp
[6/43] Compiling event.cpp
[7/43] Compiling fence.cpp
[8/43] Compiling utils.cpp
[9/43] Compiling distributed.cpp
[10/43] Compiling eval.cpp
[11/43] Compiling softmax.cpp
[12/43] Compiling ternary.cpp
[13/43] Compiling logsumexp.cpp
[14/43] Compiling unary.cpp
[15/43] Compiling sort.cpp
[16/43] Compiling hadamard.cpp
[17/43] Compiling jit_kernels.cpp
[18/43] Compiling indexing.cpp
[19/43] Compiling fft.cpp
[20/43] Compiling resident.cpp
[21/43] Compiling scan.cpp
[22/43] Compiling slicing.cpp
[23/43] Compiling rope.cpp
[24/43] Compiling metal.cpp
[25/43] Compiling device_info.cpp
[26/43] Compiling reduce.cpp
[27/43] Compiling scaled_dot_product_attention.cpp
[28/43] Compiling primitives.cpp
[29/43] Compiling normalization.cpp
[30/43] Compiling quantized.cpp
[31/43] Compiling matmul.cpp
[32/43] Compiling device.cpp
[33/43] Compiling custom_kernel.cpp
[34/43] Compiling copy.cpp
[35/43] Compiling compiled.cpp
[36/43] Compiling conv.cpp
[37/43] Compiling binary.cpp
[39/44] Emitting module MLXLMCommon
[40/46] Emitting module MLXFastModel
[41/46] Compiling MLXFastModel LagunaRuntimeModel.swift
/Users/ec2-user/.senpai/native/mlxfast-maple-20260804/roles/student-maple-tanjiro/workspace/target/Sources/MLXFastModel/LagunaRuntimeModel.swift:10908:17: warning: variable 'mergedSharedActivated' was never mutated; consider changing to 'let' constant
10906 | 
10907 | 
10908 |             var mergedSharedActivated: MLXArray?
      |                 `- warning: variable 'mergedSharedActivated' was never mutated; consider changing to 'let' constant
10909 |             if lagunaFusedRoutedSwiGLUQMVEnabled,
10910 |                 x.dtype == .bfloat16,
[42/51] Compiling MLXFastModel LagunaUpstreamEquivalence.swift
[43/51] Compiling MLXFastModel LagunaLmHeadPrune.swift
[44/51] Compiling MLXFastModel RuntimeStartupMemoryPolicy.swift
[45/51] Compiling MLXFastModel MLXTensorBridge.swift
[46/51] Compiling MLXFastModel LagunaRuntimeWeights.swift
[47/61] Compiling MLXFastRuntimeWorkerSupport LagunaRuntime.swift
[48/61] Compiling MLXFastRuntimeWorkerSupport BenchmarkSupport.swift
[49/61] Compiling MLXFastRuntimeWorkerSupport LagunaCorrectness.swift
[50/61] Emitting module MLXFastRuntimeWorkerSupport
[51/61] Compiling MLXFastRuntimeWorkerSupport LagunaRuntimeSupport.swift
[52/61] Compiling MLXFastRuntimeWorkerSupport LagunaRuntimeLocalIterate.swift
[53/61] Compiling MLXFastRuntimeWorkerSupport LagunaRuntimeCorrectnessCompare.swift
[54/61] Compiling MLXFastRuntimeWorkerSupport LagunaRuntimeWorker.swift
[55/61] Compiling MLXFastRuntimeWorkerSupport LagunaRuntimeBenchmark.swift
[56/61] Compiling MLXFastRuntimeWorkerSupport LagunaRuntimeCorrectness.swift
[56/61] Write Objects.LinkFileList
[58/75] Compiling MLXFastTests LagunaArtifactFixtureSupport.swift
[59/76] Compiling MLXFastTests TensorDataTests.swift
[60/76] Compiling MLXFastTests RuntimeStartupMemoryPolicyTests.swift
[61/76] Compiling MLXFastTests RuntimeWorkerSupportTests.swift
[62/76] Compiling MLXFastTests LagunaCorrectnessTests.swift
[63/76] Compiling MLXFastTests NAXSplitKGEMMTests.swift
[64/76] Compiling MLXFastTests LagunaNVFP4KernelTests.swift
[65/76] Compiling MLXFastTests NVFP4QuantizedMMTests.swift
[66/76] Compiling MLXFastTests TransformTests.swift
[67/76] Compiling MLXFastTests MLXTensorBridgeTests.swift
[68/76] Compiling MLXFastTests LagunaConfigTests.swift
[69/76] Compiling MLXFastTests LagunaArtifactContractTests.swift
[70/76] Emitting module MLXFastTests
[71/76] Compiling MLXFastTests BenchmarkSupportTests.swift
[72/76] Compiling MLXFastTests DenseTensorStoreTests.swift
[72/76] Linking mlxfast-runtime-worker
[73/76] Write Objects.LinkFileList
[74/76] Applying mlxfast-runtime-worker
[75/76] Linking mlxfast-challenge-devPackageTests
Build complete! (28.22s)
Test Suite 'Selected tests' started at 2026-08-11 05:38:27.369.
Test Suite 'mlxfast-challenge-devPackageTests.xctest' started at 2026-08-11 05:38:27.370.
Test Suite 'mlxfast-challenge-devPackageTests.xctest' passed at 2026-08-11 05:38:27.370.
	 Executed 0 tests, with 0 failures (0 unexpected) in 0.000 (0.000) seconds
Test Suite 'Selected tests' passed at 2026-08-11 05:38:27.370.
	 Executed 0 tests, with 0 failures (0 unexpected) in 0.000 (0.001) seconds
◇ Test run started.
↳ Testing Library Version: 1902
↳ Target Platform: arm64e-apple-macos14.0
◇ Test lagunaRuntimeMatchesVendoredUpstreamOnM5WhenEnabled() started.
{
  "decodeTokenCount" : 8,
  "promptTokenCount" : 512,
  "steps" : [
    {
      "label" : "prefill",
      "maximumAbsoluteLogitError" : 0.125,
      "meanAbsoluteLogitError" : 0.011933609,
      "runtimeToken" : 5991,
      "upstreamToken" : 5991
    },
    {
      "label" : "decode-0",
      "maximumAbsoluteLogitError" : 0,
      "meanAbsoluteLogitError" : 0,
      "runtimeToken" : 509,
      "upstreamToken" : 509
    },
    {
      "label" : "decode-1",
      "maximumAbsoluteLogitError" : 0,
      "meanAbsoluteLogitError" : 0,
      "runtimeToken" : 902,
      "upstreamToken" : 902
    },
    {
      "label" : "decode-2",
      "maximumAbsoluteLogitError" : 0,
      "meanAbsoluteLogitError" : 0,
      "runtimeToken" : 5991,
      "upstreamToken" : 5991
    },
    {
      "label" : "decode-3",
      "maximumAbsoluteLogitError" : 0,
      "meanAbsoluteLogitError" : 0,
      "runtimeToken" : 509,
      "upstreamToken" : 509
    },
    {
      "label" : "decode-4",
      "maximumAbsoluteLogitError" : 0,
      "meanAbsoluteLogitError" : 0,
      "runtimeToken" : 902,
      "upstreamToken" : 902
    },
    {
      "label" : "decode-5",
      "maximumAbsoluteLogitError" : 0,
      "meanAbsoluteLogitError" : 0,
      "runtimeToken" : 5991,
      "upstreamToken" : 5991
    },
    {
      "label" : "decode-6",
      "maximumAbsoluteLogitError" : 0,
      "meanAbsoluteLogitError" : 0,
      "runtimeToken" : 509,
      "upstreamToken" : 509
    },
    {
      "label" : "decode-7",
      "maximumAbsoluteLogitError" : 0,
      "meanAbsoluteLogitError" : 0,
      "runtimeToken" : 902,
      "upstreamToken" : 902
    }
  ]
}
✘ Test lagunaRuntimeMatchesVendoredUpstreamOnM5WhenEnabled() recorded an issue at LagunaCorrectnessTests.swift:249:5: Expectation failed: (report → LagunaUpstreamEquivalenceReport(promptTokenCount: 512, decodeTokenCount: 8, steps: [MLXFastModel.LagunaUpstreamEquivalenceStep(label: "prefill", maximumAbsoluteLogitError: 0.125, meanAbsoluteLogitError: 0.011933609, runtimeToken: 5991, upstreamToken: 5991), MLXFastModel.LagunaUpstreamEquivalenceStep(label: "decode-0", maximumAbsoluteLogitError: 0.0, meanAbsoluteLogitError: 0.0, runtimeToken: 509, upstreamToken: 509), MLXFastModel.LagunaUpstreamEquivalenceStep(label: "decode-1", maximumAbsoluteLogitError: 0.0, meanAbsoluteLogitError: 0.0, runtimeToken: 902, upstreamToken: 902), MLXFastModel.LagunaUpstreamEquivalenceStep(label: "decode-2", maximumAbsoluteLogitError: 0.0, meanAbsoluteLogitError: 0.0, runtimeToken: 5991, upstreamToken: 5991), MLXFastModel.LagunaUpstreamEquivalenceStep(label: "decode-3", maximumAbsoluteLogitError: 0.0, meanAbsoluteLogitError: 0.0, runtimeToken: 509, upstreamToken: 509), MLXFastModel.LagunaUpstreamEquivalenceStep(label: "decode-4", maximumAbsoluteLogitError: 0.0, meanAbsoluteLogitError: 0.0, runtimeToken: 902, upstreamToken: 902), MLXFastModel.LagunaUpstreamEquivalenceStep(label: "decode-5", maximumAbsoluteLogitError: 0.0, meanAbsoluteLogitError: 0.0, runtimeToken: 5991, upstreamToken: 5991), MLXFastModel.LagunaUpstreamEquivalenceStep(label: "decode-6", maximumAbsoluteLogitError: 0.0, meanAbsoluteLogitError: 0.0, runtimeToken: 509, upstreamToken: 509), MLXFastModel.LagunaUpstreamEquivalenceStep(label: "decode-7", maximumAbsoluteLogitError: 0.0, meanAbsoluteLogitError: 0.0, runtimeToken: 902, upstreamToken: 902)])).passes(maximumAbsoluteLogitError: tolerance → 0.0)
✘ Test lagunaRuntimeMatchesVendoredUpstreamOnM5WhenEnabled() failed after 43.032 seconds with 1 issue.
✘ Test run with 1 test in 0 suites failed after 43.032 seconds with 1 issue.
EQUIVALENCE_EXACT_STEPS=8
EQUIVALENCE_EXIT=1
