=== split=0 tag=split0-204127 t=20:41:27 thermal={"cpu_temp":40.42348861694336,"gpu_pw":0.0062153455801308155,"ram_pw":0.04616988077759743}
[split0-204127] worker up in 38.8s
[split0-204127] ipc_floor before_decode: n=19 mean=52.3 us median=41.6 us p10=35.6 us p90=96.4 us min=35.3 us max=101.0 us
[split0-204127] decode_begin seed forward: 547.85 ms
[split0-204127] teacher-forced: 0 divergences (all match)
[split0-204127] decode_step wall: n=199 mean=8277.5 us median=8274.9 us p10=8236.8 us p90=8319.2 us min=8199.6 us max=8392.0 us
[split0-204127] ipc_floor after_decode: n=19 mean=16.5 us median=16.2 us p10=15.0 us p90=18.1 us min=14.9 us max=20.7 us
[split0-204127] SUMMARY wall_median=8.275 ms ipc_floor_median=16.2 us ipc_share_of_wall=0.20%

profile: 9666 command buffers total, 8955 inside 199 steady steps
per steady step: wall=8.277 ms gpu_busy_sum=8.013 ms gpu_busy_union=8.013 ms gap=0.265 ms (3.2% of wall) cbs=45.0 dispatches=406.0

  us/step   share  n/step  us/call  kernel
   1798.8  22.45%   10.00   179.88  [10] sliding_fused_attn_ring_v1|gate_sp_h64_v1|oproj_act_h64_v1_lm1_pw1_sc1_se1|residual_rms_router_bf16_2048_rpg8_keys_v1|shared_nvfp4_swiglu_qmv_rows1_bf16_v1|decode_router_top8_ordinal_table_norm_v1|routed_nvfp4_swiglu_qmv_packed_top8keys_r1_bf16_v2|routed_shared_nvfp4_down_residual_bf16_r1_v5|rmsbfloat16|decode_nvfp4_qkv_h64_r1_v1_lm1_pw1_se1_sd1
   1447.5  18.06%    8.00   180.93  [10] residual_rms_router_bf16_2048_rpg8_keys_v1|shared_nvfp4_swiglu_qmv_rows1_bf16_v1|decode_router_top8_ordinal_table_norm_v1|routed_nvfp4_swiglu_qmv_packed_top8keys_r1_bf16_v2|routed_shared_nvfp4_down_residual_bf16_r1_v5|rmsbfloat16|decode_nvfp4_qkv_h64_r1_v1_lm1_pw1_se1_sd1|sliding_fused_attn_ring_v1|gate_sp_h64_v1|oproj_act_h64_v1_lm1_pw1_sc1_se1
   1112.3  13.88%    5.00   222.47  [12] rmsbfloat16|decode_nvfp4_qkv_h48_r1_v1_lm1_pw1_se1_sd1|full_fused_attn_grow_v1|gate_sp_h48_v1|oproj_act_h48_v1_lm1_pw1_sc1_se1|residual_rms_router_bf16_2048_rpg8_keys_v1|shared_nvfp4_swiglu_qmv_rows1_bf16_v1|decode_router_top8_ordinal_table_norm_v1|routed_nvfp4_swiglu_qmv_packed_top8keys_r1_bf16_v2|routed_shared_nvfp4_down_residual_bf16_r1_v5|rmsbfloat16|decode_nvfp4_qkv_h64_r1_v1_lm1_pw1_se1_sd1
    876.6  10.94%    4.00   219.15  [12] gate_sp_h48_v1|oproj_act_h48_v1_lm1_pw1_sc1_se1|residual_rms_router_bf16_2048_rpg8_keys_v1|shared_nvfp4_swiglu_qmv_rows1_bf16_v1|decode_router_top8_ordinal_table_norm_v1|routed_nvfp4_swiglu_qmv_packed_top8keys_r1_bf16_v2|routed_shared_nvfp4_down_residual_bf16_r1_v5|rmsbfloat16|decode_nvfp4_qkv_h64_r1_v1_lm1_pw1_se1_sd1|sliding_fused_attn_ring_v1|gate_sp_h64_v1|oproj_act_h64_v1_lm1_pw1_sc1_se1
    803.9  10.03%    4.00   200.98  [11] sliding_fused_attn_ring_v1|gate_sp_h64_v1|oproj_act_h64_v1_lm1_pw1_sc1_se1|residual_rms_router_bf16_2048_rpg8_keys_v1|shared_nvfp4_swiglu_qmv_rows1_bf16_v1|decode_router_top8_ordinal_table_norm_v1|routed_nvfp4_swiglu_qmv_packed_top8keys_r1_bf16_v2|routed_shared_nvfp4_down_residual_bf16_r1_v5|rmsbfloat16|decode_nvfp4_qkv_h48_r1_v1_lm1_pw1_se1_sd1|full_fused_attn_grow_v1
    528.2   6.59%    3.00   176.05  [10] rmsbfloat16|decode_nvfp4_qkv_h64_r1_v1_lm1_pw1_se1_sd1|sliding_fused_attn_ring_v1|gate_sp_h64_v1|oproj_act_h64_v1_lm1_pw1_sc1_se1|residual_rms_router_bf16_2048_rpg8_keys_v1|shared_nvfp4_swiglu_qmv_rows1_bf16_v1|decode_router_top8_ordinal_table_norm_v1|routed_nvfp4_swiglu_qmv_packed_top8keys_r1_bf16_v2|routed_shared_nvfp4_down_residual_bf16_r1_v5
    455.5   5.68%    1.00   455.46  [5] full_fused_attn_grow_v1|oproj_act_h48_v1_lm1_pw1_sc1_se1|residual_rms_bf16_2048_v1|dense_gate_up_swiglu_bf16_v1|dense_down_residual_bf16_v1
    434.1   5.42%    1.00   434.12  [4] rmsbfloat16|lmhead_int5_base_coarse_delta_bf16_v1|lmhead_coarse_argmax_stage1_v5|lmhead_exact_winner_bf16_midpoint_threshold_v1
    293.2   3.66%    4.00    73.30  [5] residual_rms_router_bf16_2048_rpg8_keys_v1|shared_nvfp4_swiglu_qmv_rows1_bf16_v1|decode_router_top8_ordinal_table_norm_v1|routed_nvfp4_swiglu_qmv_packed_top8keys_r1_bf16_v2|routed_shared_nvfp4_down_residual_bf16_r1_v5
    129.8   1.62%    1.00   129.79  [8] sliding_fused_attn_ring_v1|gate_sp_h64_v1|oproj_act_h64_v1_lm1_pw1_sc1_se1|residual_rms_router_bf16_2048_rpg8_keys_v1|shared_nvfp4_swiglu_qmv_rows1_bf16_v1|decode_router_top8_ordinal_table_norm_v1|routed_nvfp4_swiglu_qmv_packed_top8keys_r1_bf16_v2|routed_shared_nvfp4_down_residual_bf16_r1_v5
     76.5   0.95%    1.00    76.48  lmhead_exact_fused_int5_sparse_refine_v1
     39.6   0.49%    1.00    39.63  [3] rmsbfloat16|gate_sp_h48_v1|decode_nvfp4_qkv_h48_r1_v1_lm1_pw1_se1_sd1
     16.7   0.21%                   ... 2 more
=== split=0 done t=20:42:11 thermal={"cpu_temp":43.86819076538086,"gpu_pw":0.006727244704961777,"ram_pw":0.1816999316215515}
=== split=1 tag=split1-204214 t=20:42:14 thermal={"cpu_temp":40.618019104003906,"gpu_pw":0.0052968766540288925,"ram_pw":0.2774704694747925}
[split1-204214] worker up in 38.5s
[split1-204214] ipc_floor before_decode: n=19 mean=23.8 us median=21.1 us p10=16.5 us p90=39.5 us min=15.6 us max=48.2 us
[split1-204214] decode_begin seed forward: 581.51 ms
[split1-204214] teacher-forced: 0 divergences (all match)
[split1-204214] decode_step wall: n=199 mean=9859.7 us median=9798.5 us p10=9755.4 us p90=10126.4 us min=9723.2 us max=10740.7 us
[split1-204214] ipc_floor after_decode: n=19 mean=16.7 us median=16.3 us p10=15.3 us p90=18.5 us min=14.7 us max=19.4 us
[split1-204214] SUMMARY wall_median=9.799 ms ipc_floor_median=16.3 us ipc_share_of_wall=0.17%

profile: 88482 command buffers total, 80794 inside 199 steady steps
per steady step: wall=9.860 ms gpu_busy_sum=8.583 ms gpu_busy_union=8.582 ms gap=1.278 ms (13.0% of wall) cbs=406.0 dispatches=406.0

  us/step   share  n/step  us/call  kernel
   1500.7  17.48%   39.00    38.48  routed_nvfp4_swiglu_qmv_packed_top8keys_r1_bf16_v2
   1334.2  15.54%   30.00    44.47  decode_nvfp4_qkv_h64_r1_v1_lm1_pw1_se1_sd1
   1116.6  13.01%   30.00    37.22  oproj_act_h64_v1_lm1_pw1_sc1_se1
    868.3  10.12%   39.00    22.26  routed_shared_nvfp4_down_residual_bf16_r1_v5
    634.8   7.40%   30.00    21.16  sliding_fused_attn_ring_v1
    421.9   4.92%    1.00   421.86  lmhead_int5_base_coarse_delta_bf16_v1
    364.0   4.24%   10.00    36.40  decode_nvfp4_qkv_h48_r1_v1_lm1_pw1_se1_sd1
    319.9   3.73%   39.00     8.20  residual_rms_router_bf16_2048_rpg8_keys_v1
    303.1   3.53%   10.00    30.31  oproj_act_h48_v1_lm1_pw1_sc1_se1
    293.0   3.41%   39.00     7.51  shared_nvfp4_swiglu_qmv_rows1_bf16_v1
    270.0   3.15%    1.00   270.01  dense_gate_up_swiglu_bf16_v1
    254.1   2.96%   10.00    25.41  full_fused_attn_grow_v1
    902.5  10.52%                   ... 12 more
=== split=1 done t=20:42:58 thermal={"cpu_temp":35.83761215209961,"gpu_pw":0.028738195076584816,"ram_pw":0.24533620476722717}
=== split=2 tag=split2-204300 t=20:43:00 thermal={"cpu_temp":38.94031524658203,"gpu_pw":0.006347213871777058,"ram_pw":0.12592166662216187}
[split2-204300] worker up in 36.6s
[split2-204300] ipc_floor before_decode: n=19 mean=18.7 us median=17.7 us p10=16.3 us p90=24.5 us min=15.8 us max=32.7 us
[split2-204300] decode_begin seed forward: 554.99 ms
[split2-204300] teacher-forced: 0 divergences (all match)
[split2-204300] decode_step wall: n=199 mean=8345.0 us median=8340.1 us p10=8305.5 us p90=8380.8 us min=8283.7 us max=8541.3 us
[split2-204300] ipc_floor after_decode: n=19 mean=18.1 us median=17.0 us p10=15.2 us p90=21.0 us min=15.0 us max=29.2 us
[split2-204300] SUMMARY wall_median=8.340 ms ipc_floor_median=17.0 us ipc_share_of_wall=0.20%

profile: 44857 command buffers total, 40596 inside 199 steady steps
per steady step: wall=8.345 ms gpu_busy_sum=8.058 ms gpu_busy_union=8.058 ms gap=0.287 ms (3.4% of wall) cbs=204.0 dispatches=406.0

  us/step   share  n/step  us/call  kernel
   2349.2  29.15%   39.00    60.24  [2] routed_nvfp4_swiglu_qmv_packed_top8keys_r1_bf16_v2|routed_shared_nvfp4_down_residual_bf16_r1_v5
   1419.6  17.62%   30.00    47.32  [2] rmsbfloat16|decode_nvfp4_qkv_h64_r1_v1_lm1_pw1_se1_sd1
   1345.6  16.70%   30.00    44.85  [2] oproj_act_h64_v1_lm1_pw1_sc1_se1|residual_rms_router_bf16_2048_rpg8_keys_v1
    637.4   7.91%   30.00    21.25  [2] sliding_fused_attn_ring_v1|gate_sp_h64_v1
    425.9   5.29%    1.00   425.89  [2] rmsbfloat16|lmhead_int5_base_coarse_delta_bf16_v1
    353.5   4.39%   39.00     9.07  [2] shared_nvfp4_swiglu_qmv_rows1_bf16_v1|decode_router_top8_ordinal_table_norm_v1
    353.5   4.39%    9.00    39.28  [2] rmsbfloat16|decode_nvfp4_qkv_h48_r1_v1_lm1_pw1_se1_sd1
    343.4   4.26%    9.00    38.16  [2] oproj_act_h48_v1_lm1_pw1_sc1_se1|residual_rms_router_bf16_2048_rpg8_keys_v1
    271.0   3.36%    1.00   270.99  [2] residual_rms_bf16_2048_v1|dense_gate_up_swiglu_bf16_v1
    229.8   2.85%    9.00    25.54  [2] full_fused_attn_grow_v1|gate_sp_h48_v1
    134.6   1.67%    1.00   134.56  dense_down_residual_bf16_v1
     79.4   0.99%    1.00    79.40  [2] lmhead_exact_fused_int5_sparse_refine_v1|gather_frontbfloat16_int32_int_2
    115.4   1.43%                   ... 5 more
=== split=2 done t=20:43:42 thermal={"cpu_temp":41.041297912597656,"gpu_pw":0.007638578303158283,"ram_pw":0.049022823572158813}
=== split=4 tag=split4-204345 t=20:43:45 thermal={"cpu_temp":40.79472732543945,"gpu_pw":0.006141708232462406,"ram_pw":0.19993504881858826}
[split4-204345] worker up in 38.1s
[split4-204345] ipc_floor before_decode: n=19 mean=43.8 us median=36.5 us p10=30.6 us p90=88.5 us min=29.3 us max=90.7 us
[split4-204345] decode_begin seed forward: 557.53 ms
[split4-204345] teacher-forced: 0 divergences (all match)
[split4-204345] decode_step wall: n=199 mean=8206.3 us median=8204.7 us p10=8170.9 us p90=8236.4 us min=8146.5 us max=8377.2 us
[split4-204345] ipc_floor after_decode: n=19 mean=17.3 us median=16.5 us p10=15.2 us p90=20.4 us min=15.0 us max=25.3 us
[split4-204345] SUMMARY wall_median=8.205 ms ipc_floor_median=16.5 us ipc_share_of_wall=0.20%

profile: 22784 command buffers total, 20497 inside 199 steady steps
per steady step: wall=8.206 ms gpu_busy_sum=7.937 ms gpu_busy_union=7.937 ms gap=0.269 ms (3.3% of wall) cbs=103.0 dispatches=406.0

  us/step   share  n/step  us/call  kernel
   2046.8  25.79%   19.00   107.73  [4] routed_nvfp4_swiglu_qmv_packed_top8keys_r1_bf16_v2|routed_shared_nvfp4_down_residual_bf16_r1_v5|rmsbfloat16|decode_nvfp4_qkv_h64_r1_v1_lm1_pw1_se1_sd1
   1252.1  15.77%   19.00    65.90  [4] sliding_fused_attn_ring_v1|gate_sp_h64_v1|oproj_act_h64_v1_lm1_pw1_sc1_se1|residual_rms_router_bf16_2048_rpg8_keys_v1
   1218.1  15.35%   19.00    64.11  [4] shared_nvfp4_swiglu_qmv_rows1_bf16_v1|decode_router_top8_ordinal_table_norm_v1|routed_nvfp4_swiglu_qmv_packed_top8keys_r1_bf16_v2|routed_shared_nvfp4_down_residual_bf16_r1_v5
    750.5   9.45%   11.00    68.23  [4] rmsbfloat16|decode_nvfp4_qkv_h64_r1_v1_lm1_pw1_se1_sd1|sliding_fused_attn_ring_v1|gate_sp_h64_v1
    588.9   7.42%   11.00    53.53  [4] oproj_act_h64_v1_lm1_pw1_sc1_se1|residual_rms_router_bf16_2048_rpg8_keys_v1|shared_nvfp4_swiglu_qmv_rows1_bf16_v1|decode_router_top8_ordinal_table_norm_v1
    579.5   7.30%    9.00    64.39  [4] rmsbfloat16|decode_nvfp4_qkv_h48_r1_v1_lm1_pw1_se1_sd1|full_fused_attn_grow_v1|gate_sp_h48_v1
    433.0   5.45%    1.00   432.97  [4] rmsbfloat16|lmhead_int5_base_coarse_delta_bf16_v1|lmhead_coarse_argmax_stage1_v5|lmhead_exact_winner_bf16_midpoint_threshold_v1
    419.4   5.28%    9.00    46.60  [4] oproj_act_h48_v1_lm1_pw1_sc1_se1|residual_rms_router_bf16_2048_rpg8_keys_v1|shared_nvfp4_swiglu_qmv_rows1_bf16_v1|decode_router_top8_ordinal_table_norm_v1
    323.5   4.08%    1.00   323.49  [4] full_fused_attn_grow_v1|oproj_act_h48_v1_lm1_pw1_sc1_se1|residual_rms_bf16_2048_v1|dense_gate_up_swiglu_bf16_v1
    133.2   1.68%    1.00   133.21  dense_down_residual_bf16_v1
     90.0   1.13%    1.00    90.01  [3] lmhead_exact_fused_int5_sparse_refine_v1|gather_frontbfloat16_int32_int_2|argmax_bfloat16
     60.0   0.76%    1.00    60.01  [2] routed_nvfp4_swiglu_qmv_packed_top8keys_r1_bf16_v2|routed_shared_nvfp4_down_residual_bf16_r1_v5
     42.6   0.54%                   ... 1 more
=== split=4 done t=20:44:28 thermal={"cpu_temp":36.02962875366211,"gpu_pw":0.006823182571679354,"ram_pw":0.19373247027397156}
=== split=8 tag=split8-204431 t=20:44:31 thermal={"cpu_temp":40.849891662597656,"gpu_pw":0.005116350948810577,"ram_pw":0.27506399154663086}
[split8-204431] worker up in 38.4s
[split8-204431] ipc_floor before_decode: n=19 mean=50.8 us median=42.4 us p10=32.7 us p90=90.8 us min=31.5 us max=91.5 us
[split8-204431] decode_begin seed forward: 544.41 ms
[split8-204431] teacher-forced: 0 divergences (all match)
[split8-204431] decode_step wall: n=199 mean=8164.2 us median=8161.7 us p10=8114.0 us p90=8216.3 us min=8015.5 us max=8319.3 us
[split8-204431] ipc_floor after_decode: n=19 mean=16.6 us median=16.3 us p10=15.2 us p90=18.3 us min=15.0 us max=19.2 us
[split8-204431] SUMMARY wall_median=8.162 ms ipc_floor_median=16.3 us ipc_share_of_wall=0.20%

profile: 11856 command buffers total, 10547 inside 199 steady steps
per steady step: wall=8.164 ms gpu_busy_sum=7.934 ms gpu_busy_union=7.934 ms gap=0.230 ms (2.8% of wall) cbs=53.0 dispatches=406.0

  us/step   share  n/step  us/call  kernel
   1742.8  21.97%   10.00   174.28  [8] routed_nvfp4_swiglu_qmv_packed_top8keys_r1_bf16_v2|routed_shared_nvfp4_down_residual_bf16_r1_v5|rmsbfloat16|decode_nvfp4_qkv_h64_r1_v1_lm1_pw1_se1_sd1|sliding_fused_attn_ring_v1|gate_sp_h64_v1|oproj_act_h64_v1_lm1_pw1_sc1_se1|residual_rms_router_bf16_2048_rpg8_keys_v1
   1265.1  15.94%    8.00   158.14  [8] oproj_act_h64_v1_lm1_pw1_sc1_se1|residual_rms_router_bf16_2048_rpg8_keys_v1|shared_nvfp4_swiglu_qmv_rows1_bf16_v1|decode_router_top8_ordinal_table_norm_v1|routed_nvfp4_swiglu_qmv_packed_top8keys_r1_bf16_v2|routed_shared_nvfp4_down_residual_bf16_r1_v5|rmsbfloat16|decode_nvfp4_qkv_h64_r1_v1_lm1_pw1_se1_sd1
   1181.0  14.88%    9.00   131.22  [8] sliding_fused_attn_ring_v1|gate_sp_h64_v1|oproj_act_h64_v1_lm1_pw1_sc1_se1|residual_rms_router_bf16_2048_rpg8_keys_v1|shared_nvfp4_swiglu_qmv_rows1_bf16_v1|decode_router_top8_ordinal_table_norm_v1|routed_nvfp4_swiglu_qmv_packed_top8keys_r1_bf16_v2|routed_shared_nvfp4_down_residual_bf16_r1_v5
   1069.0  13.47%    8.00   133.63  [8] shared_nvfp4_swiglu_qmv_rows1_bf16_v1|decode_router_top8_ordinal_table_norm_v1|routed_nvfp4_swiglu_qmv_packed_top8keys_r1_bf16_v2|routed_shared_nvfp4_down_residual_bf16_r1_v5|rmsbfloat16|decode_nvfp4_qkv_h64_r1_v1_lm1_pw1_se1_sd1|sliding_fused_attn_ring_v1|gate_sp_h64_v1
    889.3  11.21%    8.00   111.16  [8] rmsbfloat16|decode_nvfp4_qkv_h48_r1_v1_lm1_pw1_se1_sd1|full_fused_attn_grow_v1|gate_sp_h48_v1|oproj_act_h48_v1_lm1_pw1_sc1_se1|residual_rms_router_bf16_2048_rpg8_keys_v1|shared_nvfp4_swiglu_qmv_rows1_bf16_v1|decode_router_top8_ordinal_table_norm_v1
    519.3   6.55%    1.00   519.32  [7] rmsbfloat16|lmhead_int5_base_coarse_delta_bf16_v1|lmhead_coarse_argmax_stage1_v5|lmhead_exact_winner_bf16_midpoint_threshold_v1|lmhead_exact_fused_int5_sparse_refine_v1|gather_frontbfloat16_int32_int_2|argmax_bfloat16
    457.5   5.77%    1.00   457.53  [5] full_fused_attn_grow_v1|oproj_act_h48_v1_lm1_pw1_sc1_se1|residual_rms_bf16_2048_v1|dense_gate_up_swiglu_bf16_v1|dense_down_residual_bf16_v1
    363.7   4.58%    3.00   121.24  [8] rmsbfloat16|decode_nvfp4_qkv_h64_r1_v1_lm1_pw1_se1_sd1|sliding_fused_attn_ring_v1|gate_sp_h64_v1|oproj_act_h64_v1_lm1_pw1_sc1_se1|residual_rms_router_bf16_2048_rpg8_keys_v1|shared_nvfp4_swiglu_qmv_rows1_bf16_v1|decode_router_top8_ordinal_table_norm_v1
    149.8   1.89%    1.00   149.81  [8] oproj_act_h48_v1_lm1_pw1_sc1_se1|residual_rms_router_bf16_2048_rpg8_keys_v1|shared_nvfp4_swiglu_qmv_rows1_bf16_v1|decode_router_top8_ordinal_table_norm_v1|routed_nvfp4_swiglu_qmv_packed_top8keys_r1_bf16_v2|routed_shared_nvfp4_down_residual_bf16_r1_v5|rmsbfloat16|decode_nvfp4_qkv_h64_r1_v1_lm1_pw1_se1_sd1
    129.1   1.63%    1.00   129.13  [8] shared_nvfp4_swiglu_qmv_rows1_bf16_v1|decode_router_top8_ordinal_table_norm_v1|routed_nvfp4_swiglu_qmv_packed_top8keys_r1_bf16_v2|routed_shared_nvfp4_down_residual_bf16_r1_v5|rmsbfloat16|decode_nvfp4_qkv_h48_r1_v1_lm1_pw1_se1_sd1|full_fused_attn_grow_v1|gate_sp_h48_v1
     64.5   0.81%    1.00    64.47  [4] shared_nvfp4_swiglu_qmv_rows1_bf16_v1|decode_router_top8_ordinal_table_norm_v1|routed_nvfp4_swiglu_qmv_packed_top8keys_r1_bf16_v2|routed_shared_nvfp4_down_residual_bf16_r1_v5
     60.3   0.76%    1.00    60.30  [2] routed_nvfp4_swiglu_qmv_packed_top8keys_r1_bf16_v2|routed_shared_nvfp4_down_residual_bf16_r1_v5
     42.9   0.54%                   ... 1 more
=== split=8 done t=20:45:14 thermal={"cpu_temp":41.173561096191406,"gpu_pw":0.006465636659413576,"ram_pw":0.20181846618652344}
=== split=0 tag=split0-204517 t=20:45:17 thermal={"cpu_temp":40.761775970458984,"gpu_pw":0.0076966239139437675,"ram_pw":0.04837046563625336}
[split0-204517] worker up in 38.2s
[split0-204517] ipc_floor before_decode: n=19 mean=47.7 us median=36.8 us p10=30.9 us p90=91.2 us min=29.7 us max=91.4 us
[split0-204517] decode_begin seed forward: 547.42 ms
[split0-204517] teacher-forced: 0 divergences (all match)
[split0-204517] decode_step wall: n=199 mean=8304.0 us median=8287.3 us p10=8229.1 us p90=8386.1 us min=8180.5 us max=8817.2 us
[split0-204517] ipc_floor after_decode: n=19 mean=17.6 us median=17.1 us p10=15.4 us p90=21.2 us min=15.2 us max=24.0 us
[split0-204517] SUMMARY wall_median=8.287 ms ipc_floor_median=17.1 us ipc_share_of_wall=0.21%

profile: 9666 command buffers total, 8955 inside 199 steady steps
per steady step: wall=8.304 ms gpu_busy_sum=8.041 ms gpu_busy_union=8.041 ms gap=0.263 ms (3.2% of wall) cbs=45.0 dispatches=406.0

  us/step   share  n/step  us/call  kernel
   1806.9  22.47%   10.00   180.69  [10] sliding_fused_attn_ring_v1|gate_sp_h64_v1|oproj_act_h64_v1_lm1_pw1_sc1_se1|residual_rms_router_bf16_2048_rpg8_keys_v1|shared_nvfp4_swiglu_qmv_rows1_bf16_v1|decode_router_top8_ordinal_table_norm_v1|routed_nvfp4_swiglu_qmv_packed_top8keys_r1_bf16_v2|routed_shared_nvfp4_down_residual_bf16_r1_v5|rmsbfloat16|decode_nvfp4_qkv_h64_r1_v1_lm1_pw1_se1_sd1
   1451.0  18.04%    8.00   181.37  [10] residual_rms_router_bf16_2048_rpg8_keys_v1|shared_nvfp4_swiglu_qmv_rows1_bf16_v1|decode_router_top8_ordinal_table_norm_v1|routed_nvfp4_swiglu_qmv_packed_top8keys_r1_bf16_v2|routed_shared_nvfp4_down_residual_bf16_r1_v5|rmsbfloat16|decode_nvfp4_qkv_h64_r1_v1_lm1_pw1_se1_sd1|sliding_fused_attn_ring_v1|gate_sp_h64_v1|oproj_act_h64_v1_lm1_pw1_sc1_se1
   1115.9  13.88%    5.00   223.17  [12] rmsbfloat16|decode_nvfp4_qkv_h48_r1_v1_lm1_pw1_se1_sd1|full_fused_attn_grow_v1|gate_sp_h48_v1|oproj_act_h48_v1_lm1_pw1_sc1_se1|residual_rms_router_bf16_2048_rpg8_keys_v1|shared_nvfp4_swiglu_qmv_rows1_bf16_v1|decode_router_top8_ordinal_table_norm_v1|routed_nvfp4_swiglu_qmv_packed_top8keys_r1_bf16_v2|routed_shared_nvfp4_down_residual_bf16_r1_v5|rmsbfloat16|decode_nvfp4_qkv_h64_r1_v1_lm1_pw1_se1_sd1
    879.2  10.93%    4.00   219.80  [12] gate_sp_h48_v1|oproj_act_h48_v1_lm1_pw1_sc1_se1|residual_rms_router_bf16_2048_rpg8_keys_v1|shared_nvfp4_swiglu_qmv_rows1_bf16_v1|decode_router_top8_ordinal_table_norm_v1|routed_nvfp4_swiglu_qmv_packed_top8keys_r1_bf16_v2|routed_shared_nvfp4_down_residual_bf16_r1_v5|rmsbfloat16|decode_nvfp4_qkv_h64_r1_v1_lm1_pw1_se1_sd1|sliding_fused_attn_ring_v1|gate_sp_h64_v1|oproj_act_h64_v1_lm1_pw1_sc1_se1
    805.6  10.02%    4.00   201.39  [11] sliding_fused_attn_ring_v1|gate_sp_h64_v1|oproj_act_h64_v1_lm1_pw1_sc1_se1|residual_rms_router_bf16_2048_rpg8_keys_v1|shared_nvfp4_swiglu_qmv_rows1_bf16_v1|decode_router_top8_ordinal_table_norm_v1|routed_nvfp4_swiglu_qmv_packed_top8keys_r1_bf16_v2|routed_shared_nvfp4_down_residual_bf16_r1_v5|rmsbfloat16|decode_nvfp4_qkv_h48_r1_v1_lm1_pw1_se1_sd1|full_fused_attn_grow_v1
    531.2   6.61%    3.00   177.07  [10] rmsbfloat16|decode_nvfp4_qkv_h64_r1_v1_lm1_pw1_se1_sd1|sliding_fused_attn_ring_v1|gate_sp_h64_v1|oproj_act_h64_v1_lm1_pw1_sc1_se1|residual_rms_router_bf16_2048_rpg8_keys_v1|shared_nvfp4_swiglu_qmv_rows1_bf16_v1|decode_router_top8_ordinal_table_norm_v1|routed_nvfp4_swiglu_qmv_packed_top8keys_r1_bf16_v2|routed_shared_nvfp4_down_residual_bf16_r1_v5
    458.7   5.70%    1.00   458.74  [5] full_fused_attn_grow_v1|oproj_act_h48_v1_lm1_pw1_sc1_se1|residual_rms_bf16_2048_v1|dense_gate_up_swiglu_bf16_v1|dense_down_residual_bf16_v1
    435.2   5.41%    1.00   435.16  [4] rmsbfloat16|lmhead_int5_base_coarse_delta_bf16_v1|lmhead_coarse_argmax_stage1_v5|lmhead_exact_winner_bf16_midpoint_threshold_v1
    293.6   3.65%    4.00    73.39  [5] residual_rms_router_bf16_2048_rpg8_keys_v1|shared_nvfp4_swiglu_qmv_rows1_bf16_v1|decode_router_top8_ordinal_table_norm_v1|routed_nvfp4_swiglu_qmv_packed_top8keys_r1_bf16_v2|routed_shared_nvfp4_down_residual_bf16_r1_v5
    130.9   1.63%    1.00   130.89  [8] sliding_fused_attn_ring_v1|gate_sp_h64_v1|oproj_act_h64_v1_lm1_pw1_sc1_se1|residual_rms_router_bf16_2048_rpg8_keys_v1|shared_nvfp4_swiglu_qmv_rows1_bf16_v1|decode_router_top8_ordinal_table_norm_v1|routed_nvfp4_swiglu_qmv_packed_top8keys_r1_bf16_v2|routed_shared_nvfp4_down_residual_bf16_r1_v5
     76.5   0.95%    1.00    76.51  lmhead_exact_fused_int5_sparse_refine_v1
     39.8   0.49%    1.00    39.77  [3] rmsbfloat16|gate_sp_h48_v1|decode_nvfp4_qkv_h48_r1_v1_lm1_pw1_se1_sd1
     16.7   0.21%                   ... 2 more
=== split=0 done t=20:46:00 thermal={"cpu_temp":40.89208984375,"gpu_pw":0.006507175974547863,"ram_pw":0.05134483799338341}
