=== device ===
name                             Apple M4 Pro
architecture.name                applegpu_g16s
maxThreadsPerThreadgroup         MTLSize(width: 1024, height: 1024, depth: 1024)
maxThreadgroupMemoryLength       32768 B  (32.00 KiB)
recommendedMaxWorkingSetSize     40200896512 B
hasUnifiedMemory                 true
supportsFamily(MTLGPUFamily(rawValue: 1007))              true
supportsFamily(MTLGPUFamily(rawValue: 1008))              true
supportsFamily(MTLGPUFamily(rawValue: 1009))              true
supportsFamily(MTLGPUFamily(rawValue: 5001))              true

scored source                    Sources/MLXFastModel/LagunaRuntimeModel.swift (11231 lines)

=== Phase A: compiled pipeline properties (real kernel bodies) ===

laguna_sliding_fused_attn_ring_v1
  extracted source lines         304
  assembled MSL bytes            15146
  staticThreadgroupMemoryLength  18432 B  (18.000 KiB)
  maxTotalThreadsPerThreadgroup  1024   (>= dispatched 1024)
  threadExecutionWidth           32
  tgmem / device tgmem limit     0.562  -> tgmem alone permits 1 TG/core
  simdgroups in a 1024-thread TG 32

laguna_full_fused_attn_grow_v1
  extracted source lines         350
  assembled MSL bytes            16624
  staticThreadgroupMemoryLength  18432 B  (18.000 KiB)
  maxTotalThreadsPerThreadgroup  1024   (>= dispatched 1024)
  threadExecutionWidth           32
  tgmem / device tgmem limit     0.562  -> tgmem alone permits 1 TG/core
  simdgroups in a 1024-thread TG 32

GPU cores (system_profiler)      20

=== Phase B: synthetic residency vs static threadgroup memory ===
timeout 500000 spins; a trailing `+` means residency >= the search cap.
  variant                       maxK   TG/core   sg/core   maxMs
  1024t static 16B                 60      3.00      96.0     131.1
  1024t static 9984B               60      3.00      96.0     101.8
  1024t static 18432B              60      3.00      96.0     101.8
  1024t static 32768B              60      3.00      96.0      91.9
  512t static 16B                 120      6.00      96.0     203.5
  512t static 9984B               120      6.00      96.0     203.4
  512t static 18432B              119      5.95      95.2     198.4
  512t static 32768B              120      6.00      96.0     165.1
  256t static 16B                 240     12.00      96.0     406.6
  256t static 9984B               240     12.00      96.0     405.3
  256t static 18432B              159      7.95      63.6     445.2
  256t static 32768B              140      7.00      56.0     493.2
  128t static 16B                 480     24.00      96.0    1176.7
  128t static 9984B               480     24.00      96.0     769.5
  128t static 18432B              480     24.00      96.0     720.2
  128t static 32768B              317     15.85      63.4     764.2

=== Phase C: residency of the real sliding-attention body ===
`planes/2` halves the epilogue threadgroup buffer only as a *resource*
counterfactual; it is deliberately not a functionally correct variant.
  variant                       maxK   TG/core   sg/core   maxMs
  real 4 planes 18448B             60      3.00      96.0     101.9
    maxTotalThreadsPerThreadgroup 1024
  real 2 planes 10000B             60      3.00      96.0     101.9
    maxTotalThreadsPerThreadgroup 1024

=== Phase D: oversubscribed dispatch cross-check ===
Independent of the Phase B/C binary search: one dispatch of K far above
capacity, where the count of successful slots estimates co-residency.
  variant                           K   passed   TG/core   sg/core      ms
  1024t static 16B                 240      47     2.35      75.2     305.0
  1024t static 18432B              240      47     2.35      75.2     305.1
  1024t static 32768B              240      20     1.00      32.0     352.1
  512t static 16B                  480      15     0.75      12.0     737.1
  512t static 18432B               480      57     2.85      45.6     682.2
  512t static 32768B               480      63     3.15      50.4     649.3
  256t static 16B                  960      36     1.80      14.4    1503.6
  256t static 18432B               960      45     2.25      18.0    1397.9
  256t static 32768B               960     197     9.85      78.8    1233.7
  128t static 16B                 1024      62     3.10      12.4    1626.3
  128t static 18432B              1024     258    12.90      51.6    1304.2
  128t static 32768B              1024     404    20.20      80.8    1048.8
  real 4 planes 18448B             240      47     2.35      75.2     305.5
  real 2 planes 10000B             240      47     2.35      75.2     305.3

=== Phase E: real-body cost vs threadgroup count (dummy buffers) ===
Each threadgroup reads 512x128 K and V rows = 262144 B, and 4 consecutive
threadgroups share one KV head, so `req` counts issued bytes and `uniq`
counts distinct bytes. Shipped sliding dispatch is K=32; R1 would be K=64.
     K   TGs/core     us/call   us/TG    req GB/s   uniq GB/s   vs K=32
     1       0.05        9.02    9.02        29.0        29.0    0.000
     2       0.10        9.31    4.65        56.3        28.2    0.000
     4       0.20        9.38    2.35       111.7        27.9    0.000
     8       0.40        9.32    1.17       224.9        56.2    0.000
    16       0.80        9.49    0.59       441.8       110.4    0.000
    20       1.00        9.42    0.47       556.5       139.1    0.000
    24       1.20       18.95    0.79       332.0        83.0    0.000
    32       1.60       19.14    0.60       438.2       109.5    1.000
    40       2.00       19.28    0.48       543.8       135.9    1.007
    48       2.40       26.20    0.55       480.3       120.1    1.368
    56       2.80       26.55    0.47       553.0       138.2    1.387
    60       3.00       26.76    0.45       587.7       146.9    1.398
    64       3.20       33.61    0.53       499.2       124.8    1.756
    72       3.60       34.98    0.49       539.5       134.9    1.827
    96       4.80       42.62    0.44       590.5       147.6    2.226
   120       6.00       50.92    0.42       617.8       154.4    2.660
   128       6.40       57.42    0.45       584.4       146.1    2.999
   240      12.00       98.04    0.41       641.7       160.4    5.121
