=== equivalence cap=200 start 14:00:05
cap=200       "label" : "prefill",
cap=200       "maximumAbsoluteLogitError" : 0.125,
cap=200       "meanAbsoluteLogitError" : 0.011933609,
cap=200       "runtimeToken" : 5991,
cap=200       "upstreamToken" : 5991
cap=200       "label" : "decode-0",
cap=200       "maximumAbsoluteLogitError" : 0,
cap=200       "meanAbsoluteLogitError" : 0,
cap=200       "runtimeToken" : 509,
cap=200       "upstreamToken" : 509
cap=200       "label" : "decode-1",
cap=200       "maximumAbsoluteLogitError" : 0,
cap=200       "meanAbsoluteLogitError" : 0,
cap=200       "runtimeToken" : 902,
cap=200       "upstreamToken" : 902
cap=200       "label" : "decode-2",
cap=200       "maximumAbsoluteLogitError" : 0,
cap=200       "meanAbsoluteLogitError" : 0,
cap=200       "runtimeToken" : 5991,
cap=200       "upstreamToken" : 5991
cap=200       "label" : "decode-3",
cap=200       "maximumAbsoluteLogitError" : 0,
cap=200       "meanAbsoluteLogitError" : 0,
cap=200       "runtimeToken" : 509,
cap=200       "upstreamToken" : 509
cap=200       "label" : "decode-4",
cap=200       "maximumAbsoluteLogitError" : 0,
cap=200       "meanAbsoluteLogitError" : 0,
cap=200       "runtimeToken" : 902,
cap=200       "upstreamToken" : 902
cap=200       "label" : "decode-5",
cap=200       "maximumAbsoluteLogitError" : 0,
cap=200       "meanAbsoluteLogitError" : 0,
cap=200       "runtimeToken" : 5991,
cap=200       "upstreamToken" : 5991
cap=200       "label" : "decode-6",
cap=200       "maximumAbsoluteLogitError" : 0,
cap=200       "meanAbsoluteLogitError" : 0,
cap=200       "runtimeToken" : 509,
cap=200       "upstreamToken" : 509
cap=200       "label" : "decode-7",
cap=200       "maximumAbsoluteLogitError" : 0,
cap=200       "meanAbsoluteLogitError" : 0,
cap=200       "runtimeToken" : 902,
cap=200       "upstreamToken" : 902
cap=200 ✘ Test lagunaRuntimeMatchesVendoredUpstreamOnM5WhenEnabled() recorded an issue at LagunaCorrectnessTests.swift:249:5: Expectation failed: (report → LagunaUpstreamEquivalenceReport(promptTokenCount: 512, decodeTokenCount: 8, steps: [MLXFastModel.LagunaUpstreamEquivalenceStep(label: "prefill", maximumAbsoluteLogitError: 0.125, meanAbsoluteLogitError: 0.011933609, runtimeToken: 5991, upstreamToken: 5991), MLXFastModel.LagunaUpstreamEquivalenceStep(label: "decode-0", maximumAbsoluteLogitError: 0.0, meanAbsoluteLogitError: 0.0, runtimeToken: 509, upstreamToken: 509), MLXFastModel.LagunaUpstreamEquivalenceStep(label: "decode-1", maximumAbsoluteLogitError: 0.0, meanAbsoluteLogitError: 0.0, runtimeToken: 902, upstreamToken: 902), MLXFastModel.LagunaUpstreamEquivalenceStep(label: "decode-2", maximumAbsoluteLogitError: 0.0, meanAbsoluteLogitError: 0.0, runtimeToken: 5991, upstreamToken: 5991), MLXFastModel.LagunaUpstreamEquivalenceStep(label: "decode-3", maximumAbsoluteLogitError: 0.0, meanAbsoluteLogitError: 0.0, runtimeToken: 509, upstreamToken: 509), MLXFastModel.LagunaUpstreamEquivalenceStep(label: "decode-4", maximumAbsoluteLogitError: 0.0, meanAbsoluteLogitError: 0.0, runtimeToken: 902, upstreamToken: 902), MLXFastModel.LagunaUpstreamEquivalenceStep(label: "decode-5", maximumAbsoluteLogitError: 0.0, meanAbsoluteLogitError: 0.0, runtimeToken: 5991, upstreamToken: 5991), MLXFastModel.LagunaUpstreamEquivalenceStep(label: "decode-6", maximumAbsoluteLogitError: 0.0, meanAbsoluteLogitError: 0.0, runtimeToken: 509, upstreamToken: 509), MLXFastModel.LagunaUpstreamEquivalenceStep(label: "decode-7", maximumAbsoluteLogitError: 0.0, meanAbsoluteLogitError: 0.0, runtimeToken: 902, upstreamToken: 902)])).passes(maximumAbsoluteLogitError: tolerance → 0.0)
cap=200 EQUIVALENCE_EXACT_STEPS=8
cap=200 EQUIVALENCE_EXIT=1
=== equivalence cap=200 done 14:01:00
=== equivalence cap=50 start 14:01:00
cap=50       "label" : "prefill",
cap=50       "maximumAbsoluteLogitError" : 0.125,
cap=50       "meanAbsoluteLogitError" : 0.011933609,
cap=50       "runtimeToken" : 5991,
cap=50       "upstreamToken" : 5991
cap=50       "label" : "decode-0",
cap=50       "maximumAbsoluteLogitError" : 0,
cap=50       "meanAbsoluteLogitError" : 0,
cap=50       "runtimeToken" : 509,
cap=50       "upstreamToken" : 509
cap=50       "label" : "decode-1",
cap=50       "maximumAbsoluteLogitError" : 0,
cap=50       "meanAbsoluteLogitError" : 0,
cap=50       "runtimeToken" : 902,
cap=50       "upstreamToken" : 902
cap=50       "label" : "decode-2",
cap=50       "maximumAbsoluteLogitError" : 0,
cap=50       "meanAbsoluteLogitError" : 0,
cap=50       "runtimeToken" : 5991,
cap=50       "upstreamToken" : 5991
cap=50       "label" : "decode-3",
cap=50       "maximumAbsoluteLogitError" : 0,
cap=50       "meanAbsoluteLogitError" : 0,
cap=50       "runtimeToken" : 509,
cap=50       "upstreamToken" : 509
cap=50       "label" : "decode-4",
cap=50       "maximumAbsoluteLogitError" : 0,
cap=50       "meanAbsoluteLogitError" : 0,
cap=50       "runtimeToken" : 902,
cap=50       "upstreamToken" : 902
cap=50       "label" : "decode-5",
cap=50       "maximumAbsoluteLogitError" : 0,
cap=50       "meanAbsoluteLogitError" : 0,
cap=50       "runtimeToken" : 5991,
cap=50       "upstreamToken" : 5991
cap=50       "label" : "decode-6",
cap=50       "maximumAbsoluteLogitError" : 0,
cap=50       "meanAbsoluteLogitError" : 0,
cap=50       "runtimeToken" : 509,
cap=50       "upstreamToken" : 509
cap=50       "label" : "decode-7",
cap=50       "maximumAbsoluteLogitError" : 0,
cap=50       "meanAbsoluteLogitError" : 0,
cap=50       "runtimeToken" : 902,
cap=50       "upstreamToken" : 902
cap=50 ✘ Test lagunaRuntimeMatchesVendoredUpstreamOnM5WhenEnabled() recorded an issue at LagunaCorrectnessTests.swift:249:5: Expectation failed: (report → LagunaUpstreamEquivalenceReport(promptTokenCount: 512, decodeTokenCount: 8, steps: [MLXFastModel.LagunaUpstreamEquivalenceStep(label: "prefill", maximumAbsoluteLogitError: 0.125, meanAbsoluteLogitError: 0.011933609, runtimeToken: 5991, upstreamToken: 5991), MLXFastModel.LagunaUpstreamEquivalenceStep(label: "decode-0", maximumAbsoluteLogitError: 0.0, meanAbsoluteLogitError: 0.0, runtimeToken: 509, upstreamToken: 509), MLXFastModel.LagunaUpstreamEquivalenceStep(label: "decode-1", maximumAbsoluteLogitError: 0.0, meanAbsoluteLogitError: 0.0, runtimeToken: 902, upstreamToken: 902), MLXFastModel.LagunaUpstreamEquivalenceStep(label: "decode-2", maximumAbsoluteLogitError: 0.0, meanAbsoluteLogitError: 0.0, runtimeToken: 5991, upstreamToken: 5991), MLXFastModel.LagunaUpstreamEquivalenceStep(label: "decode-3", maximumAbsoluteLogitError: 0.0, meanAbsoluteLogitError: 0.0, runtimeToken: 509, upstreamToken: 509), MLXFastModel.LagunaUpstreamEquivalenceStep(label: "decode-4", maximumAbsoluteLogitError: 0.0, meanAbsoluteLogitError: 0.0, runtimeToken: 902, upstreamToken: 902), MLXFastModel.LagunaUpstreamEquivalenceStep(label: "decode-5", maximumAbsoluteLogitError: 0.0, meanAbsoluteLogitError: 0.0, runtimeToken: 5991, upstreamToken: 5991), MLXFastModel.LagunaUpstreamEquivalenceStep(label: "decode-6", maximumAbsoluteLogitError: 0.0, meanAbsoluteLogitError: 0.0, runtimeToken: 509, upstreamToken: 509), MLXFastModel.LagunaUpstreamEquivalenceStep(label: "decode-7", maximumAbsoluteLogitError: 0.0, meanAbsoluteLogitError: 0.0, runtimeToken: 902, upstreamToken: 902)])).passes(maximumAbsoluteLogitError: tolerance → 0.0)
cap=50 EQUIVALENCE_EXACT_STEPS=8
cap=50 EQUIVALENCE_EXIT=1
=== equivalence cap=50 done 14:01:18
=== equivalence cap=512 start 14:01:18
cap=512       "label" : "prefill",
cap=512       "maximumAbsoluteLogitError" : 0.125,
cap=512       "meanAbsoluteLogitError" : 0.011933609,
cap=512       "runtimeToken" : 5991,
cap=512       "upstreamToken" : 5991
cap=512       "label" : "decode-0",
cap=512       "maximumAbsoluteLogitError" : 0,
cap=512       "meanAbsoluteLogitError" : 0,
cap=512       "runtimeToken" : 509,
cap=512       "upstreamToken" : 509
cap=512       "label" : "decode-1",
cap=512       "maximumAbsoluteLogitError" : 0,
cap=512       "meanAbsoluteLogitError" : 0,
cap=512       "runtimeToken" : 902,
cap=512       "upstreamToken" : 902
cap=512       "label" : "decode-2",
cap=512       "maximumAbsoluteLogitError" : 0,
cap=512       "meanAbsoluteLogitError" : 0,
cap=512       "runtimeToken" : 5991,
cap=512       "upstreamToken" : 5991
cap=512       "label" : "decode-3",
cap=512       "maximumAbsoluteLogitError" : 0,
cap=512       "meanAbsoluteLogitError" : 0,
cap=512       "runtimeToken" : 509,
cap=512       "upstreamToken" : 509
cap=512       "label" : "decode-4",
cap=512       "maximumAbsoluteLogitError" : 0,
cap=512       "meanAbsoluteLogitError" : 0,
cap=512       "runtimeToken" : 902,
cap=512       "upstreamToken" : 902
cap=512       "label" : "decode-5",
cap=512       "maximumAbsoluteLogitError" : 0,
cap=512       "meanAbsoluteLogitError" : 0,
cap=512       "runtimeToken" : 5991,
cap=512       "upstreamToken" : 5991
cap=512       "label" : "decode-6",
cap=512       "maximumAbsoluteLogitError" : 0,
cap=512       "meanAbsoluteLogitError" : 0,
cap=512       "runtimeToken" : 509,
cap=512       "upstreamToken" : 509
cap=512       "label" : "decode-7",
cap=512       "maximumAbsoluteLogitError" : 0,
cap=512       "meanAbsoluteLogitError" : 0,
cap=512       "runtimeToken" : 902,
cap=512       "upstreamToken" : 902
cap=512 ✘ Test lagunaRuntimeMatchesVendoredUpstreamOnM5WhenEnabled() recorded an issue at LagunaCorrectnessTests.swift:249:5: Expectation failed: (report → LagunaUpstreamEquivalenceReport(promptTokenCount: 512, decodeTokenCount: 8, steps: [MLXFastModel.LagunaUpstreamEquivalenceStep(label: "prefill", maximumAbsoluteLogitError: 0.125, meanAbsoluteLogitError: 0.011933609, runtimeToken: 5991, upstreamToken: 5991), MLXFastModel.LagunaUpstreamEquivalenceStep(label: "decode-0", maximumAbsoluteLogitError: 0.0, meanAbsoluteLogitError: 0.0, runtimeToken: 509, upstreamToken: 509), MLXFastModel.LagunaUpstreamEquivalenceStep(label: "decode-1", maximumAbsoluteLogitError: 0.0, meanAbsoluteLogitError: 0.0, runtimeToken: 902, upstreamToken: 902), MLXFastModel.LagunaUpstreamEquivalenceStep(label: "decode-2", maximumAbsoluteLogitError: 0.0, meanAbsoluteLogitError: 0.0, runtimeToken: 5991, upstreamToken: 5991), MLXFastModel.LagunaUpstreamEquivalenceStep(label: "decode-3", maximumAbsoluteLogitError: 0.0, meanAbsoluteLogitError: 0.0, runtimeToken: 509, upstreamToken: 509), MLXFastModel.LagunaUpstreamEquivalenceStep(label: "decode-4", maximumAbsoluteLogitError: 0.0, meanAbsoluteLogitError: 0.0, runtimeToken: 902, upstreamToken: 902), MLXFastModel.LagunaUpstreamEquivalenceStep(label: "decode-5", maximumAbsoluteLogitError: 0.0, meanAbsoluteLogitError: 0.0, runtimeToken: 5991, upstreamToken: 5991), MLXFastModel.LagunaUpstreamEquivalenceStep(label: "decode-6", maximumAbsoluteLogitError: 0.0, meanAbsoluteLogitError: 0.0, runtimeToken: 509, upstreamToken: 509), MLXFastModel.LagunaUpstreamEquivalenceStep(label: "decode-7", maximumAbsoluteLogitError: 0.0, meanAbsoluteLogitError: 0.0, runtimeToken: 902, upstreamToken: 902)])).passes(maximumAbsoluteLogitError: tolerance → 0.0)
cap=512 EQUIVALENCE_EXACT_STEPS=8
cap=512 EQUIVALENCE_EXIT=1
=== equivalence cap=512 done 14:01:36
