=== editable surface inventory ===
contract              : benchmark.json
editablePaths entries : 97
distinct files        : 141
total bytes           : 2891618/3000000 (headroom 108382)
per-file cap          : 524288 (files over cap: 0)

=== per-entry rollup (bytes, files, entry) ===
    691911    10  Sources/MLXFastModel
    187981    25  Vendor/mlx-swift/Source/Cmlx/mlx/mlx/backend/metal/kernels/steel/gemm
    104529    10  Vendor/mlx-swift/Source/Cmlx/mlx/mlx/backend/metal/kernels/steel/attn
     88309     1  Vendor/mlx-swift/Source/Cmlx/mlx/mlx/backend/metal/matmul.cpp
     84383     1  Vendor/mlx-swift/Source/Cmlx/mlx/mlx/backend/metal/quantized.cpp
     81561     1  Vendor/mlx-swift/Source/Cmlx/mlx-generated/quantized.cpp
     80989     1  Vendor/mlx-swift/Source/Cmlx/mlx/mlx/backend/metal/kernels/quantized.h
     79603     1  Vendor/mlx-swift/Source/Cmlx/mlx-generated/gemv.cpp
     76897     1  Vendor/mlx-swift/Source/Cmlx/mlx-generated/fp_quantized.cpp
     74454     1  Vendor/mlx-swift/Source/Cmlx/mlx-generated/fp_quantized_nax.cpp
     72411     1  Vendor/mlx-swift/Source/Cmlx/mlx/mlx/backend/metal/kernels/fp_quantized.h
     71504     1  Vendor/mlx-swift/Source/Cmlx/mlx/mlx/backend/metal/kernels/fp_quantized_nax.h
     68533     1  Vendor/mlx-swift-lm/Libraries/MLXLMCommon/KVCache.swift
     64143     1  Vendor/mlx-swift/Source/Cmlx/mlx-generated/steel_attention.cpp
     59573     1  Vendor/mlx-swift/Source/Cmlx/mlx-generated/steel_attention_nax.cpp
     56953     1  Vendor/mlx-swift/Source/Cmlx/mlx-generated/gemm.cpp
     53747     3  Sources/MLXFastTransform
     50368     1  Vendor/mlx-swift/Source/Cmlx/mlx/mlx/backend/metal/jit_kernels.cpp
     49903     1  Vendor/mlx-swift/Source/Cmlx/mlx-generated/quantized_nax.cpp
     49315     1  Vendor/mlx-swift/Source/Cmlx/mlx/mlx/backend/metal/kernels/quantized_nax.h
     48319     1  Vendor/mlx-swift-lm/Libraries/MLXLMCommon/Evaluate.swift
     45148     1  Vendor/mlx-swift/Source/Cmlx/mlx/mlx/backend/metal/kernels/sdpa_vector.h
     44599     1  Vendor/mlx-swift/Source/Cmlx/mlx-generated/gemm_nax.cpp
     37146     1  Vendor/mlx-swift-lm/Libraries/MLXLMCommon/BatchKVCache.swift
     30595     1  Vendor/mlx-swift/Source/Cmlx/mlx/mlx/backend/metal/kernels/gemv.h
     28654     1  Vendor/mlx-swift/Source/Cmlx/mlx-generated/reduce.cpp
     25688     1  Vendor/mlx-swift-lm/Libraries/MLXLMCommon/SwitchLayers.swift
     23040     1  Vendor/mlx-swift-lm/Libraries/MLXLLM/Models/Laguna.swift
     22151     1  Vendor/mlx-swift/Source/Cmlx/mlx-generated/sort.cpp
     21761     1  Vendor/mlx-swift/Source/Cmlx/mlx-generated/unary_ops.cpp
     21599     1  Vendor/mlx-swift/Source/Cmlx/mlx/mlx/backend/metal/kernels/sort.h
     18271     1  Vendor/mlx-swift/Source/Cmlx/mlx-generated/reduce_utils.cpp
     14537     1  Vendor/mlx-swift/Source/Cmlx/mlx/mlx/backend/metal/kernels/rms_norm.metal
     14049     1  Vendor/mlx-swift/Source/Cmlx/mlx-generated/steel_gemm_gather.cpp
     13581     1  Vendor/mlx-swift/Source/Cmlx/mlx/mlx/backend/metal/kernels/reduction/reduce_col.h
     13352     1  Vendor/mlx-swift-lm/Libraries/MLXLMCommon/RoPEUtils.swift
     11686     1  Vendor/mlx-swift-lm/Libraries/MLXLMCommon/CompiledDecode.swift
     11321     1  Vendor/mlx-swift/Source/Cmlx/mlx/mlx/backend/metal/kernels/reduction/reduce_row.h
     10614     1  Vendor/mlx-swift/Source/Cmlx/mlx-generated/steel_gemm_fused.cpp
     10336     1  Vendor/mlx-swift/Source/Cmlx/mlx-generated/copy.cpp
     10081     1  Vendor/mlx-swift/Source/Cmlx/mlx/mlx/backend/metal/kernels/atomic.h
      9909     1  Vendor/mlx-swift-lm/Libraries/MLXLMCommon/LanguageModel.swift
      9784     1  Vendor/mlx-swift/Source/Cmlx/mlx/mlx/backend/metal/kernels/copy.h
      9697     1  Vendor/mlx-swift/Source/Cmlx/mlx/mlx/backend/metal/kernels.h
      9572     1  Vendor/mlx-swift/Source/Cmlx/mlx/mlx/backend/metal/kernels/reduce.metal
      9389     1  Vendor/mlx-swift/Source/Cmlx/mlx/mlx/backend/metal/kernels/quantized.metal
      9170     1  Vendor/mlx-swift-lm/Libraries/MLXLMCommon/CompilableKVCache.swift
      8752     1  Vendor/mlx-swift/Source/Cmlx/mlx/mlx/backend/metal/kernels/unary_ops.h
      8418     1  Vendor/mlx-swift-lm/Libraries/MLXLMCommon/CompilableRotatingKVCache.swift
      7855     1  Vendor/mlx-swift/Source/Cmlx/mlx/mlx/backend/metal/kernels/rope.metal
      7794     1  Vendor/mlx-swift/Source/Cmlx/mlx/mlx/backend/metal/kernels/arg_reduce.metal
      7577     1  Vendor/mlx-swift/Source/Cmlx/mlx-generated/binary_ops.cpp
      7544     1  Vendor/mlx-swift/Source/Cmlx/mlx/mlx/backend/metal/kernels/gemv.metal
      7062     1  Vendor/mlx-swift/Source/Cmlx/mlx/mlx/backend/metal/kernels/reduction/ops.h
      7014     1  Vendor/mlx-swift/Source/Cmlx/mlx/mlx/backend/metal/kernels/binary_ops.h
      6988     1  Vendor/mlx-swift/Source/Cmlx/mlx-generated/steel_gemm_fused_nax.cpp
      6940     1  Vendor/mlx-swift/Source/Cmlx/mlx-generated/steel_gemm_splitk.cpp
      6859     1  Vendor/mlx-swift-lm/Libraries/MLXLMCommon/BaseConfiguration.swift
      6691     1  Vendor/mlx-swift-lm/Libraries/MLXLMCommon/AttentionUtils.swift
      6582     1  Vendor/mlx-swift/Source/Cmlx/mlx/mlx/backend/metal/kernels/fp_quantized.metal
      6574     1  Vendor/mlx-swift/Source/Cmlx/mlx-generated/softmax.cpp
      6525     1  Vendor/mlx-swift/Source/Cmlx/mlx-generated/binary.cpp
      6480     1  Vendor/mlx-swift/Source/Cmlx/mlx/mlx/backend/metal/kernels/quantized_nax.metal
      6010     1  Vendor/mlx-swift/Source/Cmlx/mlx/mlx/backend/metal/kernels/softmax.h
      5965     1  Vendor/mlx-swift/Source/Cmlx/mlx/mlx/backend/metal/kernels/binary.h
      5424     1  Vendor/mlx-swift/Source/Cmlx/mlx/mlx/backend/metal/kernels/binary.metal
      5369     1  Vendor/mlx-swift/Source/Cmlx/mlx-generated/steel_gemm_splitk_nax.cpp
      5212     1  Vendor/mlx-swift/Source/Cmlx/mlx/mlx/backend/metal/kernels/unary.metal
      5146     1  Vendor/mlx-swift/Source/Cmlx/mlx-generated/ternary.cpp
      4657     1  Vendor/mlx-swift-lm/Libraries/MLXLMCommon/JSONDecodingTypes.swift
      4623     1  Vendor/mlx-swift/Source/Cmlx/mlx-generated/steel_gemm_gather_nax.cpp
      4582     1  Vendor/mlx-swift/Source/Cmlx/mlx/mlx/backend/metal/kernels/ternary.h
      4427     1  Vendor/mlx-swift/Source/Cmlx/mlx/mlx/backend/metal/kernels/copy.metal
      4293     1  Vendor/mlx-swift/Source/Cmlx/mlx/mlx/backend/metal/kernels/scaled_dot_product_attention.metal
      3787     1  Vendor/mlx-swift/Source/Cmlx/mlx/mlx/backend/metal/kernels/sort.metal
      3534     1  Vendor/mlx-swift/Source/Cmlx/mlx/mlx/backend/metal/kernels/fp_quantized_nax.metal
      2914     1  Vendor/mlx-swift/Source/Cmlx/mlx-generated/quantized_utils.cpp
      2860     1  Vendor/mlx-swift-lm/Libraries/MLXLMCommon/DynamicSlice.swift
      2792     1  Vendor/mlx-swift-lm/Libraries/MLXLMCommon/RoPEApplication.swift
      2499     1  Vendor/mlx-swift/Source/Cmlx/mlx/mlx/backend/metal/kernels/ternary.metal
      2441     1  Vendor/mlx-swift/Source/Cmlx/mlx-generated/unary.cpp
      2318     1  Vendor/mlx-swift/Source/Cmlx/mlx/mlx/backend/metal/kernels/quantized_utils.h
      2096     1  Vendor/mlx-swift/Source/Cmlx/mlx-generated/gather_axis.cpp
      2055     1  Vendor/mlx-swift/Source/Cmlx/mlx/mlx/backend/metal/kernels/fp8.h
      2021     1  Vendor/mlx-swift/Source/Cmlx/mlx-generated/gather_front.cpp
      1885     1  Vendor/mlx-swift/Source/Cmlx/mlx/mlx/backend/metal/kernels/unary.h
      1830     1  Vendor/mlx-swift/Source/Cmlx/mlx/mlx/backend/metal/kernels/reduction/reduce_all.h
      1502     1  Vendor/mlx-swift/Source/Cmlx/mlx/mlx/backend/metal/kernels/indexing/gather_axis.h
       947     1  Vendor/mlx-swift/Source/Cmlx/mlx/mlx/backend/metal/kernels/fp4.h
       933     1  Vendor/mlx-swift/Source/Cmlx/mlx/mlx/backend/metal/kernels/softmax.metal
       739     1  Vendor/mlx-swift/Source/Cmlx/mlx-generated/ternary_ops.cpp
       723     1  Vendor/mlx-swift/Source/Cmlx/mlx/mlx/backend/metal/kernels/indexing/gather_front.h
       487     1  Vendor/mlx-swift/Source/Cmlx/mlx/mlx/backend/metal/kernels/indexing/indexing.h
       254     1  Vendor/mlx-swift/Source/Cmlx/mlx/mlx/backend/metal/kernels/reduce.h
       204     1  Vendor/mlx-swift/Source/Cmlx/mlx/mlx/backend/metal/kernels/reduction/reduce_init.h
       172     1  Vendor/mlx-swift/Source/Cmlx/mlx/mlx/backend/metal/kernels/ternary_ops.h
       146     1  Vendor/mlx-swift/Source/Cmlx/mlx/mlx/backend/metal/kernels/reduce_utils.h

=== per-file bytes, descending ===
    399115    125173  Sources/MLXFastModel/LagunaRuntimeModel.swift
    112578    411710  Sources/MLXFastModel/LagunaRuntimeLayers.swift
     88309    435979  Vendor/mlx-swift/Source/Cmlx/mlx/mlx/backend/metal/matmul.cpp
     84383    439905  Vendor/mlx-swift/Source/Cmlx/mlx/mlx/backend/metal/quantized.cpp
     81561    442727  Vendor/mlx-swift/Source/Cmlx/mlx-generated/quantized.cpp
     80989    443299  Vendor/mlx-swift/Source/Cmlx/mlx/mlx/backend/metal/kernels/quantized.h
     79603    444685  Vendor/mlx-swift/Source/Cmlx/mlx-generated/gemv.cpp
     76897    447391  Vendor/mlx-swift/Source/Cmlx/mlx-generated/fp_quantized.cpp
     74454    449834  Vendor/mlx-swift/Source/Cmlx/mlx-generated/fp_quantized_nax.cpp
     72411    451877  Vendor/mlx-swift/Source/Cmlx/mlx/mlx/backend/metal/kernels/fp_quantized.h
     71504    452784  Vendor/mlx-swift/Source/Cmlx/mlx/mlx/backend/metal/kernels/fp_quantized_nax.h
     68533    455755  Vendor/mlx-swift-lm/Libraries/MLXLMCommon/KVCache.swift
     64143    460145  Vendor/mlx-swift/Source/Cmlx/mlx-generated/steel_attention.cpp
     59573    464715  Vendor/mlx-swift/Source/Cmlx/mlx-generated/steel_attention_nax.cpp
     56953    467335  Vendor/mlx-swift/Source/Cmlx/mlx-generated/gemm.cpp
     56802    467486  Sources/MLXFastModel/LagunaRuntimeWeights.swift
     50368    473920  Vendor/mlx-swift/Source/Cmlx/mlx/mlx/backend/metal/jit_kernels.cpp
     49903    474385  Vendor/mlx-swift/Source/Cmlx/mlx-generated/quantized_nax.cpp
     49315    474973  Vendor/mlx-swift/Source/Cmlx/mlx/mlx/backend/metal/kernels/quantized_nax.h
     48319    475969  Vendor/mlx-swift-lm/Libraries/MLXLMCommon/Evaluate.swift
     46738    477550  Sources/MLXFastModel/LagunaLmHeadPrune.swift
     45148    479140  Vendor/mlx-swift/Source/Cmlx/mlx/mlx/backend/metal/kernels/sdpa_vector.h
     44599    479689  Vendor/mlx-swift/Source/Cmlx/mlx-generated/gemm_nax.cpp
     44418    479870  Sources/MLXFastModel/LagunaConfig.swift
     37146    487142  Vendor/mlx-swift-lm/Libraries/MLXLMCommon/BatchKVCache.swift
     33627    490661  Vendor/mlx-swift/Source/Cmlx/mlx/mlx/backend/metal/kernels/steel/gemm/mma.h
     30595    493693  Vendor/mlx-swift/Source/Cmlx/mlx/mlx/backend/metal/kernels/gemv.h
     29760    494528  Vendor/mlx-swift/Source/Cmlx/mlx/mlx/backend/metal/kernels/steel/gemm/nax.h
     28654    495634  Vendor/mlx-swift/Source/Cmlx/mlx-generated/reduce.cpp
     26559    497729  Sources/MLXFastTransform/Transform.swift
     25688    498600  Vendor/mlx-swift-lm/Libraries/MLXLMCommon/SwitchLayers.swift
     25271    499017  Vendor/mlx-swift/Source/Cmlx/mlx/mlx/backend/metal/kernels/steel/attn/nax.h
     23378    500910  Sources/MLXFastTransform/LagunaCheckpointValidation.swift
     23040    501248  Vendor/mlx-swift-lm/Libraries/MLXLLM/Models/Laguna.swift
     22575    501713  Vendor/mlx-swift/Source/Cmlx/mlx/mlx/backend/metal/kernels/steel/attn/kernels/steel_attention_nax.h
     22151    502137  Vendor/mlx-swift/Source/Cmlx/mlx-generated/sort.cpp
     21761    502527  Vendor/mlx-swift/Source/Cmlx/mlx-generated/unary_ops.cpp
     21599    502689  Vendor/mlx-swift/Source/Cmlx/mlx/mlx/backend/metal/kernels/sort.h
     21564    502724  Vendor/mlx-swift/Source/Cmlx/mlx/mlx/backend/metal/kernels/steel/gemm/kernels/steel_gemm_masked.h
     21552    502736  Vendor/mlx-swift/Source/Cmlx/mlx/mlx/backend/metal/kernels/steel/attn/mma.h
     18271    506017  Vendor/mlx-swift/Source/Cmlx/mlx-generated/reduce_utils.cpp
     14537    509751  Vendor/mlx-swift/Source/Cmlx/mlx/mlx/backend/metal/kernels/rms_norm.metal
     14049    510239  Vendor/mlx-swift/Source/Cmlx/mlx-generated/steel_gemm_gather.cpp
     13908    510380  Vendor/mlx-swift/Source/Cmlx/mlx/mlx/backend/metal/kernels/steel/attn/kernels/steel_attention.h
     13581    510707  Vendor/mlx-swift/Source/Cmlx/mlx/mlx/backend/metal/kernels/reduction/reduce_col.h
     13388    510900  Vendor/mlx-swift/Source/Cmlx/mlx/mlx/backend/metal/kernels/steel/gemm/kernels/steel_gemm_gather.h
     13352    510936  Vendor/mlx-swift-lm/Libraries/MLXLMCommon/RoPEUtils.swift
     11686    512602  Vendor/mlx-swift-lm/Libraries/MLXLMCommon/CompiledDecode.swift
     11321    512967  Vendor/mlx-swift/Source/Cmlx/mlx/mlx/backend/metal/kernels/reduction/reduce_row.h
     10614    513674  Vendor/mlx-swift/Source/Cmlx/mlx-generated/steel_gemm_fused.cpp
     10336    513952  Vendor/mlx-swift/Source/Cmlx/mlx-generated/copy.cpp
     10081    514207  Vendor/mlx-swift/Source/Cmlx/mlx/mlx/backend/metal/kernels/atomic.h
      9957    514331  Vendor/mlx-swift/Source/Cmlx/mlx/mlx/backend/metal/kernels/steel/gemm/kernels/steel_gemm_fused.h
      9909    514379  Vendor/mlx-swift-lm/Libraries/MLXLMCommon/LanguageModel.swift
      9784    514504  Vendor/mlx-swift/Source/Cmlx/mlx/mlx/backend/metal/kernels/copy.h
      9697    514591  Vendor/mlx-swift/Source/Cmlx/mlx/mlx/backend/metal/kernels.h
      9595    514693  Sources/MLXFastModel/RuntimeStartupMemoryPolicy.swift
      9572    514716  Vendor/mlx-swift/Source/Cmlx/mlx/mlx/backend/metal/kernels/reduce.metal
      9389    514899  Vendor/mlx-swift/Source/Cmlx/mlx/mlx/backend/metal/kernels/quantized.metal
      9170    515118  Vendor/mlx-swift-lm/Libraries/MLXLMCommon/CompilableKVCache.swift
      9020    515268  Sources/MLXFastModel/DenseTensorStore.swift
      8812    515476  Vendor/mlx-swift/Source/Cmlx/mlx/mlx/backend/metal/kernels/steel/gemm/kernels/steel_gemm_segmented.h
      8752    515536  Vendor/mlx-swift/Source/Cmlx/mlx/mlx/backend/metal/kernels/unary_ops.h
      8532    515756  Vendor/mlx-swift/Source/Cmlx/mlx/mlx/backend/metal/kernels/steel/attn/attn.h
      8475    515813  Vendor/mlx-swift/Source/Cmlx/mlx/mlx/backend/metal/kernels/steel/gemm/gemm.h
      8418    515870  Vendor/mlx-swift-lm/Libraries/MLXLMCommon/CompilableRotatingKVCache.swift
      7855    516433  Vendor/mlx-swift/Source/Cmlx/mlx/mlx/backend/metal/kernels/rope.metal
      7794    516494  Vendor/mlx-swift/Source/Cmlx/mlx/mlx/backend/metal/kernels/arg_reduce.metal
      7577    516711  Vendor/mlx-swift/Source/Cmlx/mlx-generated/binary_ops.cpp
      7544    516744  Vendor/mlx-swift/Source/Cmlx/mlx/mlx/backend/metal/kernels/gemv.metal
      7448    516840  Vendor/mlx-swift/Source/Cmlx/mlx/mlx/backend/metal/kernels/steel/attn/loader.h
      7062    517226  Vendor/mlx-swift/Source/Cmlx/mlx/mlx/backend/metal/kernels/reduction/ops.h
      7014    517274  Vendor/mlx-swift/Source/Cmlx/mlx/mlx/backend/metal/kernels/binary_ops.h
      6988    517300  Vendor/mlx-swift/Source/Cmlx/mlx-generated/steel_gemm_fused_nax.cpp
      6940    517348  Vendor/mlx-swift/Source/Cmlx/mlx-generated/steel_gemm_splitk.cpp
      6859    517429  Vendor/mlx-swift-lm/Libraries/MLXLMCommon/BaseConfiguration.swift
      6691    517597  Vendor/mlx-swift-lm/Libraries/MLXLMCommon/AttentionUtils.swift
      6582    517706  Vendor/mlx-swift/Source/Cmlx/mlx/mlx/backend/metal/kernels/fp_quantized.metal
      6574    517714  Vendor/mlx-swift/Source/Cmlx/mlx-generated/softmax.cpp
      6525    517763  Vendor/mlx-swift/Source/Cmlx/mlx-generated/binary.cpp
      6501    517787  Sources/MLXFastModel/LagunaUpstreamEquivalence.swift
      6480    517808  Vendor/mlx-swift/Source/Cmlx/mlx/mlx/backend/metal/kernels/quantized_nax.metal
      6315    517973  Vendor/mlx-swift/Source/Cmlx/mlx/mlx/backend/metal/kernels/steel/gemm/kernels/steel_gemm_fused_nax.h
      6279    518009  Vendor/mlx-swift/Source/Cmlx/mlx/mlx/backend/metal/kernels/steel/gemm/kernels/steel_gemm_splitk.h
      6188    518100  Vendor/mlx-swift/Source/Cmlx/mlx/mlx/backend/metal/kernels/steel/gemm/kernels/steel_gemm_masked.metal
      6010    518278  Vendor/mlx-swift/Source/Cmlx/mlx/mlx/backend/metal/kernels/softmax.h
      5965    518323  Vendor/mlx-swift/Source/Cmlx/mlx/mlx/backend/metal/kernels/binary.h
      5884    518404  Sources/MLXFastModel/RuntimeWeightLoading.swift
      5424    518864  Vendor/mlx-swift/Source/Cmlx/mlx/mlx/backend/metal/kernels/binary.metal
      5369    518919  Vendor/mlx-swift/Source/Cmlx/mlx-generated/steel_gemm_splitk_nax.cpp
      5212    519076  Vendor/mlx-swift/Source/Cmlx/mlx/mlx/backend/metal/kernels/unary.metal
      5146    519142  Vendor/mlx-swift/Source/Cmlx/mlx-generated/ternary.cpp
      4829    519459  Vendor/mlx-swift/Source/Cmlx/mlx/mlx/backend/metal/kernels/steel/gemm/kernels/steel_gemm_splitk.metal
      4692    519596  Vendor/mlx-swift/Source/Cmlx/mlx/mlx/backend/metal/kernels/steel/gemm/kernels/steel_gemm_splitk_nax.h
      4657    519631  Vendor/mlx-swift-lm/Libraries/MLXLMCommon/JSONDecodingTypes.swift
      4623    519665  Vendor/mlx-swift/Source/Cmlx/mlx-generated/steel_gemm_gather_nax.cpp
      4582    519706  Vendor/mlx-swift/Source/Cmlx/mlx/mlx/backend/metal/kernels/ternary.h
      4427    519861  Vendor/mlx-swift/Source/Cmlx/mlx/mlx/backend/metal/kernels/copy.metal
      4293    519995  Vendor/mlx-swift/Source/Cmlx/mlx/mlx/backend/metal/kernels/scaled_dot_product_attention.metal
      4004    520284  Vendor/mlx-swift/Source/Cmlx/mlx/mlx/backend/metal/kernels/steel/gemm/kernels/steel_gemm_gather.metal
      3946    520342  Vendor/mlx-swift/Source/Cmlx/mlx/mlx/backend/metal/kernels/steel/gemm/kernels/steel_gemm_gather_nax.h
      3832    520456  Vendor/mlx-swift/Source/Cmlx/mlx/mlx/backend/metal/kernels/steel/gemm/loader.h
      3810    520478  Sources/MLXFastTransform/CheckpointIndex.swift
      3787    520501  Vendor/mlx-swift/Source/Cmlx/mlx/mlx/backend/metal/kernels/sort.metal
      3710    520578  Vendor/mlx-swift/Source/Cmlx/mlx/mlx/backend/metal/kernels/steel/gemm/kernels/steel_gemm_segmented_nax.h
      3534    520754  Vendor/mlx-swift/Source/Cmlx/mlx/mlx/backend/metal/kernels/fp_quantized_nax.metal
      3337    520951  Vendor/mlx-swift/Source/Cmlx/mlx/mlx/backend/metal/kernels/steel/gemm/gemm_nax.h
      2914    521374  Vendor/mlx-swift/Source/Cmlx/mlx-generated/quantized_utils.cpp
      2860    521428  Vendor/mlx-swift-lm/Libraries/MLXLMCommon/DynamicSlice.swift
      2792    521496  Vendor/mlx-swift-lm/Libraries/MLXLMCommon/RoPEApplication.swift
      2627    521661  Vendor/mlx-swift/Source/Cmlx/mlx/mlx/backend/metal/kernels/steel/gemm/kernels/steel_gemm_segmented.metal
      2499    521789  Vendor/mlx-swift/Source/Cmlx/mlx/mlx/backend/metal/kernels/ternary.metal
      2441    521847  Vendor/mlx-swift/Source/Cmlx/mlx-generated/unary.cpp
      2318    521970  Vendor/mlx-swift/Source/Cmlx/mlx/mlx/backend/metal/kernels/quantized_utils.h
      2295    521993  Vendor/mlx-swift/Source/Cmlx/mlx/mlx/backend/metal/kernels/steel/gemm/kernels/steel_gemm_gather_nax.metal
      2096    522192  Vendor/mlx-swift/Source/Cmlx/mlx-generated/gather_axis.cpp
      2055    522233  Vendor/mlx-swift/Source/Cmlx/mlx/mlx/backend/metal/kernels/fp8.h
      2024    522264  Vendor/mlx-swift/Source/Cmlx/mlx/mlx/backend/metal/kernels/steel/gemm/kernels/steel_gemm_fused.metal
      2021    522267  Vendor/mlx-swift/Source/Cmlx/mlx-generated/gather_front.cpp
      1986    522302  Vendor/mlx-swift/Source/Cmlx/mlx/mlx/backend/metal/kernels/steel/gemm/kernels/steel_gemm_fused_nax.metal
      1885    522403  Vendor/mlx-swift/Source/Cmlx/mlx/mlx/backend/metal/kernels/unary.h
      1830    522458  Vendor/mlx-swift/Source/Cmlx/mlx/mlx/backend/metal/kernels/reduction/reduce_all.h
      1793    522495  Vendor/mlx-swift/Source/Cmlx/mlx/mlx/backend/metal/kernels/steel/gemm/kernels/steel_gemm_segmented_nax.metal
      1725    522563  Vendor/mlx-swift/Source/Cmlx/mlx/mlx/backend/metal/kernels/steel/gemm/kernels/steel_gemm_splitk_nax.metal
      1680    522608  Vendor/mlx-swift/Source/Cmlx/mlx/mlx/backend/metal/kernels/steel/gemm/transforms.h
      1634    522654  Vendor/mlx-swift/Source/Cmlx/mlx/mlx/backend/metal/kernels/steel/attn/transforms.h
      1502    522786  Vendor/mlx-swift/Source/Cmlx/mlx/mlx/backend/metal/kernels/indexing/gather_axis.h
      1260    523028  Sources/MLXFastModel/MLXTensorBridge.swift
      1229    523059  Vendor/mlx-swift/Source/Cmlx/mlx/mlx/backend/metal/kernels/steel/attn/kernels/steel_attention_nax.metal
      1225    523063  Vendor/mlx-swift/Source/Cmlx/mlx/mlx/backend/metal/kernels/steel/attn/params.h
      1155    523133  Vendor/mlx-swift/Source/Cmlx/mlx/mlx/backend/metal/kernels/steel/attn/kernels/steel_attention.metal
      1136    523152  Vendor/mlx-swift/Source/Cmlx/mlx/mlx/backend/metal/kernels/steel/gemm/params.h
       947    523341  Vendor/mlx-swift/Source/Cmlx/mlx/mlx/backend/metal/kernels/fp4.h
       933    523355  Vendor/mlx-swift/Source/Cmlx/mlx/mlx/backend/metal/kernels/softmax.metal
       739    523549  Vendor/mlx-swift/Source/Cmlx/mlx-generated/ternary_ops.cpp
       723    523565  Vendor/mlx-swift/Source/Cmlx/mlx/mlx/backend/metal/kernels/indexing/gather_front.h
       487    523801  Vendor/mlx-swift/Source/Cmlx/mlx/mlx/backend/metal/kernels/indexing/indexing.h
       254    524034  Vendor/mlx-swift/Source/Cmlx/mlx/mlx/backend/metal/kernels/reduce.h
       204    524084  Vendor/mlx-swift/Source/Cmlx/mlx/mlx/backend/metal/kernels/reduction/reduce_init.h
       172    524116  Vendor/mlx-swift/Source/Cmlx/mlx/mlx/backend/metal/kernels/ternary_ops.h
       146    524142  Vendor/mlx-swift/Source/Cmlx/mlx/mlx/backend/metal/kernels/reduce_utils.h

(second column is remaining headroom under the 524288-byte per-file cap)
