=== device ===
name                  Apple M4 Pro
architecture          applegpu_g16s
gpu cores             20
kernel                laguna_sliding_fused_attn_ring_v1
attn rows N           128  (ring iters M = 1)
stride kvheads        32
mode                  NULL CONTROL (base vs itself)

=== pipeline properties (register/occupancy gate) ===
  arm            srcLines   tgMemB   maxTotalThreads   execWidth   source
  BASE       356    18432              1024          32   Sources/MLXFastModel/LagunaRuntimeModel.swift
  NULL(BASE)       356    18432              1024          32   Sources/MLXFastModel/LagunaRuntimeModel.swift

=== memory regime (P1.1) ===
  defeat slots          192
  cache copies          64
  k_cache buffer        1073741824 B
  dram_peak_GB_s        266.3  (measured, rule 55)
  slc_estimate_B        25165824  (M4-Pro-class, label only)
     K  TG/core   kvheads   slots   uniq_MiB   req_MiB/round   amplif   base_us   achieved_GB_s   pct_peak   slc_fit   regime
    20     1.00         5     192      60.03          675.78     11.3      5.05            70.2       26.4   no   UNSATURATED
    32     1.60         8     192      96.04         1080.08     11.2      7.12            79.5       29.9   no   UNSATURATED
    40     2.00        10     192     120.05         1349.61     11.2      7.32            96.6       36.3   no   UNSATURATED

=== absolute cost ladder, best of 21 rounds of 2000 dispatches (E1) ===
phi(K) = t(2K)/t(K).  A threadgroup-doubling change pays only if phi < 2.
t/K is the per-threadgroup cost: flat means work-limited, falling means
the added threadgroups are absorbed by idle cores.
     K  TG/core   base_us     t/K_us   phi(K)=t(2K)/t(K)
    20     1.00      5.04     0.2521   1.4509
    32     1.60      7.12     0.2226   -
    40     2.00      7.32     0.1829   -

=== paired per-call cost, 21 alternating rounds of 2000 dispatches ===
delta = second arm - base within a round, so drift cancels. neg = faster.
     K  TG/core   base_min   cand_min    d_mean    d_sd   spread   t_paired        %
    20     1.00       5.04       5.04    -0.000   0.009     0.03      -0.02    -0.001
    32     1.60       7.12       7.12    -0.000   0.006     0.03      -0.08    -0.002
    40     2.00       7.32       7.31    -0.002   0.012     0.06      -0.68    -0.025
