=== device ===
name                  Apple M4 Pro
architecture          applegpu_g16s
gpu cores             20
kernel                laguna_sliding_fused_attn_ring_v1
attn rows N           256  (ring iters M = 2)
stride kvheads        32
mode                  NULL CONTROL (base vs itself)

=== pipeline properties (register/occupancy gate) ===
  arm            srcLines   tgMemB   maxTotalThreads   execWidth   source
  BASE       356    18432              1024          32   Sources/MLXFastModel/LagunaRuntimeModel.swift
  NULL(BASE)       356    18432              1024          32   Sources/MLXFastModel/LagunaRuntimeModel.swift

=== memory regime (P1.1) ===
  defeat slots          96
  cache copies          64
  k_cache buffer        1073741824 B
  dram_peak_GB_s        266.3  (measured, rule 55)
  slc_estimate_B        25165824  (M4-Pro-class, label only)
     K  TG/core   kvheads   slots   uniq_MiB   req_MiB/round   amplif   base_us   achieved_GB_s   pct_peak   slc_fit   regime
    20     1.00         5      96      60.03         1300.78     21.7      6.65           102.6       38.5   no   UNSATURATED
    32     1.60         8      96      96.04         2080.08     21.7     10.69           102.0       38.3   no   UNSATURATED
    40     2.00        10      96     120.05         2599.61     21.7     10.95           124.5       46.7   no   PARTIAL

=== absolute cost ladder, best of 21 rounds of 2000 dispatches (E1) ===
phi(K) = t(2K)/t(K).  A threadgroup-doubling change pays only if phi < 2.
t/K is the per-threadgroup cost: flat means work-limited, falling means
the added threadgroups are absorbed by idle cores.
     K  TG/core   base_us     t/K_us   phi(K)=t(2K)/t(K)
    20     1.00      6.64     0.3321   1.6487
    32     1.60     10.68     0.3337   -
    40     2.00     10.95     0.2737   -

=== paired per-call cost, 21 alternating rounds of 2000 dispatches ===
delta = second arm - base within a round, so drift cancels. neg = faster.
     K  TG/core   base_min   cand_min    d_mean    d_sd   spread   t_paired        %
    20     1.00       6.64       6.64    -0.003   0.006     0.03      -2.38    -0.051
    32     1.60      10.67      10.66    -0.013   0.019     0.07      -3.08    -0.122
    40     2.00      10.95      10.94    -0.011   0.033     0.13      -1.51    -0.099
