=== device ===
name                  Apple M4 Pro
architecture          applegpu_g16s
gpu cores             20
kernel                laguna_sliding_fused_attn_ring_v1
attn rows N           384  (ring iters M = 3)
stride kvheads        32
mode                  NULL CONTROL (base vs itself)

=== pipeline properties (register/occupancy gate) ===
  arm            srcLines   tgMemB   maxTotalThreads   execWidth   source
  BASE       356    18432              1024          32   Sources/MLXFastModel/LagunaRuntimeModel.swift
  NULL(BASE)       356    18432              1024          32   Sources/MLXFastModel/LagunaRuntimeModel.swift

=== memory regime (P1.1) ===
  defeat slots          64
  cache copies          64
  k_cache buffer        1073741824 B
  dram_peak_GB_s        266.3  (measured, rule 55)
  slc_estimate_B        25165824  (M4-Pro-class, label only)
     K  TG/core   kvheads   slots   uniq_MiB   req_MiB/round   amplif   base_us   achieved_GB_s   pct_peak   slc_fit   regime
    20     1.00         5      64      60.03         1925.78     32.1      8.21           123.0       46.2   no   PARTIAL
    32     1.60         8      64      96.04         3080.08     32.1     16.88            95.7       35.9   no   UNSATURATED
    40     2.00        10      64     120.05         3849.61     32.1     17.19           117.4       44.1   no   PARTIAL

=== absolute cost ladder, best of 21 rounds of 2000 dispatches (E1) ===
phi(K) = t(2K)/t(K).  A threadgroup-doubling change pays only if phi < 2.
t/K is the per-threadgroup cost: flat means work-limited, falling means
the added threadgroups are absorbed by idle cores.
     K  TG/core   base_us     t/K_us   phi(K)=t(2K)/t(K)
    20     1.00      8.16     0.4081   2.1133
    32     1.60     16.95     0.5297   -
    40     2.00     17.25     0.4312   -

=== paired per-call cost, 21 alternating rounds of 2000 dispatches ===
delta = second arm - base within a round, so drift cancels. neg = faster.
     K  TG/core   base_min   cand_min    d_mean    d_sd   spread   t_paired        %
    20     1.00       8.16       8.15    -0.010   0.007     0.03      -6.36    -0.124
    32     1.60      17.02      16.88    -0.018   0.075     0.28      -1.12    -0.107
    40     2.00      17.19      17.14    -0.031   0.081     0.27      -1.78    -0.183
