=== device ===
name                  Apple M4 Pro
architecture          applegpu_g16s
gpu cores             20
kernel                laguna_sliding_fused_attn_ring_v1
attn rows N           512  (ring iters M = 4)
stride kvheads        32
mode                  NULL CONTROL (base vs itself)

=== pipeline properties (register/occupancy gate) ===
  arm            srcLines   tgMemB   maxTotalThreads   execWidth   source
  BASE       356    18432              1024          32   Sources/MLXFastModel/LagunaRuntimeModel.swift
  NULL(BASE)       356    18432              1024          32   Sources/MLXFastModel/LagunaRuntimeModel.swift

=== memory regime (P1.1) ===
  defeat slots          48
  cache copies          12
  k_cache buffer        201326592 B
  dram_peak_GB_s        266.3  (measured, rule 55)
  slc_estimate_B        25165824  (M4-Pro-class, label only)
     K  TG/core   kvheads   slots   uniq_MiB   req_MiB/round   amplif   base_us   achieved_GB_s   pct_peak   slc_fit   regime
    32     1.60         8      48      96.04         4080.08     42.5     19.24           111.2       41.8   no   PARTIAL

=== absolute cost ladder, best of 21 rounds of 2000 dispatches (E1) ===
phi(K) = t(2K)/t(K).  A threadgroup-doubling change pays only if phi < 2.
t/K is the per-threadgroup cost: flat means work-limited, falling means
the added threadgroups are absorbed by idle cores.
     K  TG/core   base_us     t/K_us   phi(K)=t(2K)/t(K)
    32     1.60     19.25     0.6015   -

=== paired per-call cost, 21 alternating rounds of 2000 dispatches ===
delta = second arm - base within a round, so drift cancels. neg = faster.
     K  TG/core   base_min   cand_min    d_mean    d_sd   spread   t_paired        %
    32     1.60      19.23      19.18    -0.023   0.053     0.21      -1.97    -0.119
