=== device ===
name                  Apple M4 Pro
architecture          applegpu_g16s
gpu cores             20
kernel                laguna_sliding_fused_attn_ring_v1
attn rows N           512  (ring iters M = 4)
stride kvheads        auto
mode                  NULL CONTROL (base vs itself)

=== pipeline properties (register/occupancy gate) ===
  arm            srcLines   tgMemB   maxTotalThreads   execWidth   source
  BASE       356    18432              1024          32   Sources/MLXFastModel/LagunaRuntimeModel.swift
  NULL(BASE)       356    18432              1024          32   Sources/MLXFastModel/LagunaRuntimeModel.swift

=== memory regime (P1.1) ===
  defeat slots          1  (r98 resident binding)
  cache copies          1
  k_cache buffer        16777216 B
  dram_peak_GB_s        266.3  (measured, rule 55)
  slc_estimate_B        25165824  (M4-Pro-class, label only)
     K  TG/core   kvheads   slots   uniq_MiB   req_MiB/round   amplif   base_us   achieved_GB_s   pct_peak   slc_fit   regime
    20     1.00         5       1       1.28         2550.78   2000.0      8.63           155.0       58.2   yes   PARTIAL
    32     1.60         8       1       2.04         4080.08   2000.0     15.46           138.3       51.9   yes   PARTIAL
    40     2.00        10       1       2.55         5099.61   2000.0     15.60           171.3       64.3   yes   PARTIAL
    64     3.20        16       1       4.08         8158.20   2000.0     31.85           134.3       50.4   yes   PARTIAL
   128     6.40        32       1       8.16        16314.45   2000.0     53.43           160.1       60.1   yes   PARTIAL

=== absolute cost ladder, best of 21 rounds of 2000 dispatches (E1) ===
phi(K) = t(2K)/t(K).  A threadgroup-doubling change pays only if phi < 2.
t/K is the per-threadgroup cost: flat means work-limited, falling means
the added threadgroups are absorbed by idle cores.
     K  TG/core   base_us     t/K_us   phi(K)=t(2K)/t(K)
    20     1.00      8.70     0.4352   2.1087
    32     1.60     18.19     0.5685   1.7672
    40     2.00     18.35     0.4588   -
    64     3.20     32.15     0.5023   1.6666
   128     6.40     53.58     0.4186   -

=== paired per-call cost, 21 alternating rounds of 2000 dispatches ===
delta = second arm - base within a round, so drift cancels. neg = faster.
     K  TG/core   base_min   cand_min    d_mean    d_sd   spread   t_paired        %
    20     1.00       8.53       8.50    -0.023   0.043     0.22      -2.43    -0.265
    32     1.60      18.10      15.35    -0.219   0.666     2.81      -1.51    -1.211
    40     2.00      15.49      15.48    +0.096   0.430     2.04      +1.02    +0.620
    64     3.20      29.48      29.45    +0.084   0.369     1.68      +1.05    +0.285
   128     6.40      51.21      50.79    -0.050   0.587     3.38      -0.39    -0.099
