=== device ===
name                  Apple M4 Pro
architecture          applegpu_g16s
gpu cores             20
kernel                laguna_sliding_fused_attn_ring_v1
attn rows N           96  (ring iters M = 0)
stride kvheads        auto
mode                  NULL CONTROL (base vs itself)

=== pipeline properties (register/occupancy gate) ===
  arm            srcLines   tgMemB   maxTotalThreads   execWidth   source
  BASE       356    18432              1024          32   Sources/MLXFastModel/LagunaRuntimeModel.swift
  NULL(BASE)       356    18432              1024          32   Sources/MLXFastModel/LagunaRuntimeModel.swift

=== memory regime (P1.1) ===
  defeat slots          1  (r98 resident binding)
  cache copies          1
  k_cache buffer        16777216 B
  dram_peak_GB_s        266.3  (measured, rule 55)
  slc_estimate_B        25165824  (M4-Pro-class, label only)
     K  TG/core   kvheads   slots   uniq_MiB   req_MiB/round   amplif   base_us   achieved_GB_s   pct_peak   slc_fit   regime
    20     1.00         5       1       0.26          519.53   2000.0      2.99            91.1       34.2   yes   UNSATURATED
    32     1.60         8       1       0.42          830.08   2000.0      3.83           113.8       42.7   yes   PARTIAL
    40     2.00        10       1       0.52         1037.11   2000.0      3.94           138.0       51.8   yes   PARTIAL
    64     3.20        16       1       0.83         1658.20   2000.0      5.96           145.9       54.8   yes   PARTIAL
   128     6.40        32       1       1.66         3314.45   2000.0      9.01           192.8       72.4   yes   PARTIAL

=== absolute cost ladder, best of 21 rounds of 2000 dispatches (E1) ===
phi(K) = t(2K)/t(K).  A threadgroup-doubling change pays only if phi < 2.
t/K is the per-threadgroup cost: flat means work-limited, falling means
the added threadgroups are absorbed by idle cores.
     K  TG/core   base_us     t/K_us   phi(K)=t(2K)/t(K)
    20     1.00      2.98     0.1491   1.3152
    32     1.60      3.74     0.1168   1.5909
    40     2.00      3.92     0.0980   -
    64     3.20      5.95     0.0929   1.5169
   128     6.40      9.02     0.0705   -

=== paired per-call cost, 21 alternating rounds of 2000 dispatches ===
delta = second arm - base within a round, so drift cancels. neg = faster.
     K  TG/core   base_min   cand_min    d_mean    d_sd   spread   t_paired        %
    20     1.00       2.98       2.97    +0.001   0.008     0.03      +0.51    +0.029
    32     1.60       3.82       3.81    -0.001   0.008     0.03      -0.51    -0.023
    40     2.00       3.92       3.93    +0.001   0.007     0.03      +0.71    +0.030
    64     3.20       5.96       5.95    -0.000   0.008     0.03      -0.10    -0.003
   128     6.40       9.03       9.02    +0.001   0.010     0.05      +0.53    +0.013
