one 512-token forward, 40 layers (bw ceiling 260.2 GB/s, mma ceiling 28.76 TFLOP/s)

stage                 weightGB   actGB    GFLOP  %FLOP  dramMs   mmaMs  FLOP/B
------------------------------------------------------------------------------
attn_proj_qkvo           2.862   0.881   1465.3   51.8    14.4    51.0   391.5
routed_experts          17.666   1.799   1005.0   35.5    74.8    34.9    51.6
attn_core                0.000   0.713    161.4    5.7     2.7     5.6   226.3
shared_expert            0.069   0.225    125.6    4.4     1.1     4.4   427.4
dense_mlp_layer0         0.101   0.029     51.5    1.8     0.5     1.8   396.4
router                   0.041   0.092     20.9    0.7     0.5     0.7   157.5
lm_head                  0.411   0.000      0.4    0.0     1.6     0.0     1.0
norm_rope                0.000   0.965      0.0    0.0     3.7     0.0     0.0
moe_tail                 0.000   0.818      0.0    0.0     3.1     0.0     0.0
embedding                0.002   0.002      0.0    0.0     0.0     0.0     0.0
------------------------------------------------------------------------------
TOTAL                   21.152   5.524   2830.2  100.0   102.5    98.4   106.1

machine balance      110.5 FLOP/byte
forward intensity    106.1 FLOP/byte  -> BANDWIDTH-bound regime
dram floor           102.5 ms
mma floor            98.4 ms
measured             545.0 ms
achieved bandwidth   49.0 GB/s  (18.8% of ceiling)
achieved compute     5.19 TFLOP/s  (18.1% of ceiling)
