census [SPLIT=1]  trace=research/pr91-logs/step1-split1.worker.err
  command-buffer records in trace  13072
  dispatches in trace              15180
  trailing forwards recovered      6 x 1222 dispatches
  command buffers per forward      [1066, 1066, 1066, 1066, 1066, 1066]
  kept                             5 (dropped first 1 as cold)

  command buffers / forward   1066
  dispatches / forward        1222
  gpu busy (additive sum)       648.007 ms
  gpu busy (interval union)     547.993 ms
  fully-overlapped (arange)      95.762 ms
  serial-equivalent basis       552.245 ms (sum - overlapped; union is 547.993, 0.78% apart)
  bound input bytes / forward    30.961 GB (28.834 GiB)

  family                  n/fwd    ms/fwd  %serial   GB/fwd
  routed_gather_gemm         76   266.605   48.28%   18.968
  steel_gemm_bf16           392   219.295   39.71%    4.552
  sort_scatter              154    98.394   17.82%    1.135
  attention_core             40    28.209    5.11%    0.696
  nvfp4_dense_qmm           116    20.135    3.65%    0.652
  elementwise               235     4.747    0.86%    1.633
  qk_norm_rope               41     4.323    0.78%    0.768
  moe_tail                   38     2.537    0.46%    0.878
  rms_norm                   82     1.687    0.31%    0.496
  router                     40     0.959    0.17%    0.012
  lm_head                     5     0.668    0.12%    0.959
  other                       3     0.309    0.06%    0.211
  TOTAL                    1222   647.868
  closure: family dispatch sum 1222 vs profiler 1222 -> OK
  closure: family ms sum 647.868 vs additive busy 648.007 -> 0.022% OK
