=== device ===
name                  Apple M4 Pro
architecture          applegpu_g16s
gpu cores             20
kernel                laguna_sliding_fused_attn_ring_v1
attn rows N           512  (main-loop iters M = 4)
stride kvheads        auto
rows sweep            512,256,96,512
match bytes           off
param rows            off (source substitution)
gqa q-heads/kv-head   8
iter positions        128
mode                  NULL CONTROL (base vs itself)

=== pipeline properties (register/occupancy gate) ===
  arm            srcLines   tgMemB   maxTotalThreads   execWidth   tgMemCap   source
  BASE       356    18432              1024          32      32768   Sources/MLXFastModel/LagunaRuntimeModel.swift
  NULL(BASE)       356    18432              1024          32      32768   Sources/MLXFastModel/LagunaRuntimeModel.swift
  resident TG/core: tgMem bound 1, threads/TG 1024;
  empirical value is the wave-law step period in the K ladder below.

=== memory regime (P1.1) ===
  defeat slots          1  (r98 resident binding)
  cache copies          1
  k_cache buffer        16777216 B
  dram_peak_GB_s        266.3  (measured, rule 55)
  slc_estimate_B        25165824  (M4-Pro-class, label only)
     K  TG/core   kvheads   slots   uniq_MiB   req_MiB/round   amplif   base_us   achieved_GB_s   pct_peak   slc_fit   regime
    24     1.20         6       1       1.53         3060.55   2000.0     18.01            89.1       33.5   yes   UNSATURATED
    48     2.40        12       1       3.06         6119.14   2000.0     25.17           127.4       47.9   yes   PARTIAL

=== absolute cost ladder, best of 21 rounds of 2000 dispatches (E1) ===
phi(K) = t(2K)/t(K).  A threadgroup-doubling change pays only if phi < 2.
t/K is the per-threadgroup cost: flat means work-limited, falling means
the added threadgroups are absorbed by idle cores.
     K  TG/core   base_us     t/K_us   phi(K)=t(2K)/t(K)
    24     1.20     18.00     0.7500   1.3955
    48     2.40     25.12     0.5233   -

=== paired per-call cost, 21 alternating rounds of 2000 dispatches ===
delta = second arm - base within a round, so drift cancels. neg = faster.
     K  TG/core   base_min   cand_min    d_mean    d_sd   spread   t_paired        %
    24     1.20      18.09      17.92    -0.037   0.059     0.26      -2.88    -0.205
    48     2.40      24.89      25.13    -0.003   0.085     0.36      -0.19    -0.014

=== interleaved row sweep, 21 rounds x 4 row points, 2000 dispatches ===
Round r visits point (j + r) mod n, so no N owns a fixed slot in the round.
Repeat an N in FERN_ROWS_SWEEP to get a within-round null on that N.
     K    idx      N    M   slots   min_us   med_us   mean_us   sd_us   spread
    24      0     512    4       1    18.080    18.121     18.127    0.031    0.118
    24      1     256    2       1     9.667     9.675      9.675    0.005    0.018
    24      2      96    0       1     3.745     3.759      3.757    0.005    0.019
    24      3     512    4       1    18.055    18.137     18.142    0.041    0.158
    48      0     512    4       1    22.376    25.044     24.041    1.337    2.811
    48      1     256    2       1    13.741    17.239     15.924    1.720    3.670
    48      2      96    0       1     4.965     5.045      5.020    0.039    0.091
    48      3     512    4       1    22.410    24.605     24.071    1.276    2.816

=== machine-readable sweep ===
SWEEP k=24 idx=0 N=512 M=4 slots=1 n=21 min=18.0796 med=18.1207 mean=18.1270 sd=0.0310
SWEEP k=24 idx=1 N=256 M=2 slots=1 n=21 min=9.6665 med=9.6750 mean=9.6753 sd=0.0050
SWEEP k=24 idx=2 N=96 M=0 slots=1 n=21 min=3.7452 med=3.7586 mean=3.7575 sd=0.0055
SWEEP k=24 idx=3 N=512 M=4 slots=1 n=21 min=18.0551 med=18.1368 mean=18.1423 sd=0.0405
SWEEP k=48 idx=0 N=512 M=4 slots=1 n=21 min=22.3758 med=25.0437 mean=24.0407 sd=1.3366
SWEEP k=48 idx=1 N=256 M=2 slots=1 n=21 min=13.7410 med=17.2392 mean=15.9243 sd=1.7195
SWEEP k=48 idx=2 N=96 M=0 slots=1 n=21 min=4.9653 med=5.0449 mean=5.0205 sd=0.0393
SWEEP k=48 idx=3 N=512 M=4 slots=1 n=21 min=22.4102 med=24.6051 mean=24.0707 sd=1.2760
