=== device ===
name                  Apple M4 Pro
architecture          applegpu_g16s
gpu cores             20
kernel                laguna_full_fused_attn_grow_v1
attn rows N           512  (main-loop iters M = 8)
stride kvheads        32
rows sweep            512,384,256,128,64,512
match bytes           on (slots scale as 512/N)
param rows            on (N via params[1], source unmodified)
gqa q-heads/kv-head   6
iter positions        64
mode                  NULL CONTROL (base vs itself)

=== pipeline properties (register/occupancy gate) ===
  arm            srcLines   tgMemB   maxTotalThreads   execWidth   tgMemCap   source
  BASE       320    18432              1024          32      32768   Sources/MLXFastModel/LagunaRuntimeModel.swift
  NULL(BASE)       320    18432              1024          32      32768   Sources/MLXFastModel/LagunaRuntimeModel.swift
  resident TG/core: tgMem bound 1, threads/TG 1024;
  empirical value is the wave-law step period in the K ladder below.

=== memory regime (P1.1) ===
  defeat slots          48
  cache copies          96
  k_cache buffer        1610612736 B
  dram_peak_GB_s        266.3  (measured, rule 55)
  slc_estimate_B        25165824  (M4-Pro-class, label only)
     K  TG/core   kvheads   slots   uniq_MiB   req_MiB/round   amplif   base_us   achieved_GB_s   pct_peak   slc_fit   regime
    24     1.20         8      48      96.03         4064.45     42.3     20.50           103.9       39.0   no   UNSATURATED
    48     2.40        16      48     192.06         8126.95     42.3     29.68           143.6       53.9   no   PARTIAL

=== absolute cost ladder, best of 21 rounds of 2000 dispatches (E1) ===
phi(K) = t(2K)/t(K).  A threadgroup-doubling change pays only if phi < 2.
t/K is the per-threadgroup cost: flat means work-limited, falling means
the added threadgroups are absorbed by idle cores.
     K  TG/core   base_us     t/K_us   phi(K)=t(2K)/t(K)
    24     1.20     17.87     0.7447   1.5007
    48     2.40     26.82     0.5588   -

=== paired per-call cost, 21 alternating rounds of 2000 dispatches ===
delta = second arm - base within a round, so drift cancels. neg = faster.
     K  TG/core   base_min   cand_min    d_mean    d_sd   spread   t_paired        %
    24     1.20      18.16      19.83    +0.054   0.374     1.80      +0.67    +0.299
    48     2.40      29.63      29.56    -0.018   0.056     0.27      -1.47    -0.061

=== interleaved row sweep, 21 rounds x 6 row points, 2000 dispatches ===
Round r visits point (j + r) mod n, so no N owns a fixed slot in the round.
Repeat an N in FERN_ROWS_SWEEP to get a within-round null on that N.
     K    idx      N    M   slots   min_us   med_us   mean_us   sd_us   spread
    24      0     512    8      48    18.005    20.806     20.571    0.779    2.936
    24      1     384    6      64    14.588    17.654     17.484    0.675    3.152
    24      2     256    4      96    11.254    13.501     13.425    0.523    2.933
    24      3     128    2     192     8.057     8.210      8.203    0.034    0.165
    24      4      64    1     384     6.401     6.556      6.548    0.036    0.189
    24      5     512    8      48    18.169    20.790     20.501    0.718    2.713
    48      0     512    8      48    29.220    29.717     29.658    0.134    0.533
    48      1     384    6      64    24.259    24.392     24.389    0.050    0.190
    48      2     256    4      96    19.179    19.395     19.387    0.055    0.273
    48      3     128    2     192    14.201    14.337     14.345    0.077    0.273
    48      4      64    1     384     9.125     9.141      9.145    0.019    0.092
    48      5     512    8      48    29.137    29.706     29.666    0.137    0.629

=== machine-readable sweep ===
SWEEP k=24 idx=0 N=512 M=8 slots=48 n=21 min=18.0052 med=20.8065 mean=20.5708 sd=0.7787
SWEEP k=24 idx=1 N=384 M=6 slots=64 n=21 min=14.5878 med=17.6544 mean=17.4843 sd=0.6752
SWEEP k=24 idx=2 N=256 M=4 slots=96 n=21 min=11.2536 med=13.5008 mean=13.4255 sd=0.5225
SWEEP k=24 idx=3 N=128 M=2 slots=192 n=21 min=8.0569 med=8.2098 mean=8.2028 sd=0.0341
SWEEP k=24 idx=4 N=64 M=1 slots=384 n=21 min=6.4012 med=6.5562 mean=6.5482 sd=0.0358
SWEEP k=24 idx=5 N=512 M=8 slots=48 n=21 min=18.1690 med=20.7903 mean=20.5013 sd=0.7179
SWEEP k=48 idx=0 N=512 M=8 slots=48 n=21 min=29.2205 med=29.7173 mean=29.6580 sd=0.1337
SWEEP k=48 idx=1 N=384 M=6 slots=64 n=21 min=24.2586 med=24.3917 mean=24.3888 sd=0.0504
SWEEP k=48 idx=2 N=256 M=4 slots=96 n=21 min=19.1791 med=19.3946 mean=19.3869 sd=0.0548
SWEEP k=48 idx=3 N=128 M=2 slots=192 n=21 min=14.2014 med=14.3373 mean=14.3446 sd=0.0771
SWEEP k=48 idx=4 N=64 M=1 slots=384 n=21 min=9.1249 med=9.1406 mean=9.1445 sd=0.0190
SWEEP k=48 idx=5 N=512 M=8 slots=48 n=21 min=29.1373 med=29.7063 mean=29.6662 sd=0.1372
