=== device ===
name                  Apple M4 Pro
architecture          applegpu_g16s
gpu cores             20
kernel                laguna_sliding_fused_attn_ring_v1
attn rows N           512  (ring iters M = 4)
stride kvheads        auto
rows sweep            512,384,256,128,96,512
match bytes           off
mode                  NULL CONTROL (base vs itself)

=== pipeline properties (register/occupancy gate) ===
  arm            srcLines   tgMemB   maxTotalThreads   execWidth   source
  BASE       356    18432              1024          32   Sources/MLXFastModel/LagunaRuntimeModel.swift
  NULL(BASE)       356    18432              1024          32   Sources/MLXFastModel/LagunaRuntimeModel.swift

=== memory regime (P1.1) ===
  defeat slots          1  (r98 resident binding)
  cache copies          1
  k_cache buffer        16777216 B
  dram_peak_GB_s        266.3  (measured, rule 55)
  slc_estimate_B        25165824  (M4-Pro-class, label only)
     K  TG/core   kvheads   slots   uniq_MiB   req_MiB/round   amplif   base_us   achieved_GB_s   pct_peak   slc_fit   regime
    20     1.00         5       1       1.28         2550.78   2000.0      8.71           153.5       57.6   yes   PARTIAL
    32     1.60         8       1       2.04         4080.08   2000.0     16.58           129.0       48.5   yes   PARTIAL
    40     2.00        10       1       2.55         5099.61   2000.0     18.45           144.9       54.4   yes   PARTIAL
    64     3.20        16       1       4.08         8158.20   2000.0     32.14           133.1       50.0   yes   PARTIAL
   128     6.40        32       1       8.16        16314.45   2000.0     53.61           159.6       59.9   yes   PARTIAL

=== absolute cost ladder, best of 21 rounds of 2000 dispatches (E1) ===
phi(K) = t(2K)/t(K).  A threadgroup-doubling change pays only if phi < 2.
t/K is the per-threadgroup cost: flat means work-limited, falling means
the added threadgroups are absorbed by idle cores.
     K  TG/core   base_us     t/K_us   phi(K)=t(2K)/t(K)
    20     1.00      8.71     0.4353   2.1113
    32     1.60     18.14     0.5669   1.7721
    40     2.00     18.38     0.4595   -
    64     3.20     32.14     0.5023   1.5809
   128     6.40     50.82     0.3970   -

=== paired per-call cost, 21 alternating rounds of 2000 dispatches ===
delta = second arm - base within a round, so drift cancels. neg = faster.
     K  TG/core   base_min   cand_min    d_mean    d_sd   spread   t_paired        %
    20     1.00       8.71       8.69    -0.012   0.004     0.02     -13.46    -0.132
    32     1.60      15.36      15.33    +0.301   0.806     2.74      +1.71    +1.959
    40     2.00      18.30      18.34    -0.019   0.047     0.18      -1.88    -0.106
    64     3.20      29.40      29.38    +0.272   0.736     2.43      +1.69    +0.925
   128     6.40      50.87      50.76    -0.174   0.318     1.45      -2.50    -0.342

=== interleaved row sweep, 21 rounds x 6 row points, 2000 dispatches ===
Round r visits point (j + r) mod n, so no N owns a fixed slot in the round.
Repeat an N in FERN_ROWS_SWEEP to get a within-round null on that N.
     K    idx      N    M   slots   min_us   med_us   mean_us   sd_us   spread
    20      0     512    4       1     8.686     8.737      8.725    0.031    0.102
    20      1     384    3       1     7.279     7.326      7.311    0.026    0.070
    20      2     256    2       1     5.859     5.880      5.898    0.029    0.076
    20      3     128    1       1     4.237     4.256      4.273    0.030    0.117
    20      4      96    0       1     2.963     2.984      2.987    0.020    0.079
    20      5     512    4       1     8.711     8.760      8.743    0.026    0.065
    32      0     512    4       1    15.335    18.191     17.802    1.002    3.061
    32      1     384    3       1    12.483    16.459     16.262    0.871    4.162
    32      2     256    2       1     9.618     9.836      9.839    0.061    0.304
    32      3     128    1       1     6.096     6.356      6.354    0.064    0.353
    32      4      96    0       1     3.638     3.836      3.830    0.046    0.237
    32      5     512    4       1    15.421    18.245     18.055    0.680    2.990
    40      0     512    4       1    18.292    18.347     18.362    0.050    0.151
    40      1     384    3       1    16.458    16.545     16.570    0.081    0.328
    40      2     256    2       1     9.918     9.925      9.926    0.004    0.017
    40      3     128    1       1     6.578     6.585      6.585    0.004    0.012
    40      4      96    0       1     3.928     3.943      3.941    0.006    0.020
    40      5     512    4       1    18.304    18.386     18.392    0.047    0.200
    64      0     512    4       1    29.329    32.154     31.539    1.113    2.895
    64      1     384    3       1    23.438    26.248     25.529    1.213    2.899
    64      2     256    2       1    17.639    20.548     19.878    1.227    2.977
    64      3     128    1       1    11.138    12.295     12.095    0.432    1.238
    64      4      96    0       1     5.803     5.970      5.945    0.050    0.173
    64      5     512    4       1    29.400    32.246     31.646    1.115    2.917
   128      0     512    4       1    50.796    53.556     53.060    1.056    2.816
   128      1     384    3       1    40.905    43.663     43.401    0.832    2.897
   128      2     256    2       1    30.460    33.270     32.988    0.838    2.876
   128      3     128    1       1    18.731    21.648     21.340    0.873    2.990
   128      4      96    0       1     8.883     9.039      9.017    0.050    0.164
   128      5     512    4       1    50.940    53.723     53.312    0.937    2.842

=== machine-readable sweep ===
SWEEP k=20 idx=0 N=512 M=4 slots=1 n=21 min=8.6864 med=8.7369 mean=8.7248 sd=0.0310
SWEEP k=20 idx=1 N=384 M=3 slots=1 n=21 min=7.2793 med=7.3257 mean=7.3112 sd=0.0259
SWEEP k=20 idx=2 N=256 M=2 slots=1 n=21 min=5.8587 med=5.8796 mean=5.8985 sd=0.0288
SWEEP k=20 idx=3 N=128 M=1 slots=1 n=21 min=4.2373 med=4.2558 mean=4.2734 sd=0.0303
SWEEP k=20 idx=4 N=96 M=0 slots=1 n=21 min=2.9628 med=2.9838 mean=2.9868 sd=0.0198
SWEEP k=20 idx=5 N=512 M=4 slots=1 n=21 min=8.7110 med=8.7599 mean=8.7433 sd=0.0261
SWEEP k=32 idx=0 N=512 M=4 slots=1 n=21 min=15.3349 med=18.1911 mean=17.8021 sd=1.0019
SWEEP k=32 idx=1 N=384 M=3 slots=1 n=21 min=12.4832 med=16.4586 mean=16.2618 sd=0.8712
SWEEP k=32 idx=2 N=256 M=2 slots=1 n=21 min=9.6177 med=9.8359 mean=9.8392 sd=0.0608
SWEEP k=32 idx=3 N=128 M=1 slots=1 n=21 min=6.0963 med=6.3555 mean=6.3540 sd=0.0640
SWEEP k=32 idx=4 N=96 M=0 slots=1 n=21 min=3.6381 med=3.8362 mean=3.8299 sd=0.0456
SWEEP k=32 idx=5 N=512 M=4 slots=1 n=21 min=15.4212 med=18.2450 mean=18.0551 sd=0.6798
SWEEP k=40 idx=0 N=512 M=4 slots=1 n=21 min=18.2923 med=18.3473 mean=18.3620 sd=0.0497
SWEEP k=40 idx=1 N=384 M=3 slots=1 n=21 min=16.4579 med=16.5445 mean=16.5697 sd=0.0809
SWEEP k=40 idx=2 N=256 M=2 slots=1 n=21 min=9.9185 med=9.9250 mean=9.9261 sd=0.0042
SWEEP k=40 idx=3 N=128 M=1 slots=1 n=21 min=6.5781 med=6.5854 mean=6.5853 sd=0.0036
SWEEP k=40 idx=4 N=96 M=0 slots=1 n=21 min=3.9275 med=3.9432 mean=3.9411 sd=0.0055
SWEEP k=40 idx=5 N=512 M=4 slots=1 n=21 min=18.3043 med=18.3860 mean=18.3919 sd=0.0467
SWEEP k=64 idx=0 N=512 M=4 slots=1 n=21 min=29.3294 med=32.1535 mean=31.5392 sd=1.1132
SWEEP k=64 idx=1 N=384 M=3 slots=1 n=21 min=23.4382 med=26.2481 mean=25.5289 sd=1.2127
SWEEP k=64 idx=2 N=256 M=2 slots=1 n=21 min=17.6389 med=20.5476 mean=19.8781 sd=1.2274
SWEEP k=64 idx=3 N=128 M=1 slots=1 n=21 min=11.1378 med=12.2947 mean=12.0950 sd=0.4324
SWEEP k=64 idx=4 N=96 M=0 slots=1 n=21 min=5.8027 med=5.9704 mean=5.9454 sd=0.0504
SWEEP k=64 idx=5 N=512 M=4 slots=1 n=21 min=29.3996 med=32.2461 mean=31.6458 sd=1.1148
SWEEP k=128 idx=0 N=512 M=4 slots=1 n=21 min=50.7964 med=53.5557 mean=53.0602 sd=1.0564
SWEEP k=128 idx=1 N=384 M=3 slots=1 n=21 min=40.9049 med=43.6626 mean=43.4009 sd=0.8318
SWEEP k=128 idx=2 N=256 M=2 slots=1 n=21 min=30.4602 med=33.2696 mean=32.9883 sd=0.8377
SWEEP k=128 idx=3 N=128 M=1 slots=1 n=21 min=18.7307 med=21.6477 mean=21.3399 sd=0.8731
SWEEP k=128 idx=4 N=96 M=0 slots=1 n=21 min=8.8833 med=9.0386 mean=9.0173 sd=0.0496
SWEEP k=128 idx=5 N=512 M=4 slots=1 n=21 min=50.9396 med=53.7226 mean=53.3118 sd=0.9372
