[0/3] Write swift-version--58304C5D6DBC2206.txt
[0/1] Planning build
[1/1] Compiling plugin CudaBuild
[2/2] Compiling plugin GenerateManual
[3/3] Compiling plugin GenerateDoccReference
Building for debugging...
[3/10] Write sources
[4/10] Write swift-version--58304C5D6DBC2206.txt
[5/9] Compiling fp_quantized_nax.cpp
[6/44] Compiling resident.cpp
[7/44] Compiling utils.cpp
[8/44] Compiling scan.cpp
[9/44] Compiling softmax.cpp
[10/44] Compiling rope.cpp
[11/44] Compiling unary.cpp
[12/44] Compiling primitives.cpp
[12/44] Compiling slicing.cpp
[14/44] Compiling ternary.cpp
[15/44] Compiling sort.cpp
[16/44] Compiling scaled_dot_product_attention.cpp
[17/44] Compiling reduce.cpp
[18/44] Compiling quantized.cpp
[19/44] Compiling matmul.cpp
[20/44] Compiling metal.cpp
[21/44] Compiling device_info.cpp
[22/44] Compiling fence.cpp
[23/44] Compiling event.cpp
[24/44] Compiling logsumexp.cpp
[25/44] Compiling normalization.cpp
[26/44] Compiling distributed.cpp
[27/44] Compiling jit_kernels.cpp
[28/44] Compiling eval.cpp
[29/44] Compiling hadamard.cpp
[30/44] Compiling indexing.cpp
[31/44] Compiling custom_kernel.cpp
[32/44] Compiling fft.cpp
[33/44] Compiling device.cpp
[34/44] Compiling allocator.cpp
[35/44] Compiling copy.cpp
[36/44] Compiling binary.cpp
[37/44] Compiling compiled.cpp
[38/44] Compiling conv.cpp
[40/47] Compiling MLXFastModel LagunaRuntimeModel.swift
/Users/ec2-user/.senpai/native/mlxfast-maple-20260804/roles/student-maple-tanjiro/workspace/target/Sources/MLXFastModel/LagunaRuntimeModel.swift:10035:17: warning: variable 'mergedSharedActivated' was never mutated; consider changing to 'let' constant
10033 |             // handed to the down projection instead of being issued again.
10034 |             // Purely within this invocation; nothing survives it.
10035 |             var mergedSharedActivated: MLXArray?
      |                 `- warning: variable 'mergedSharedActivated' was never mutated; consider changing to 'let' constant
10036 |             if lagunaFusedRoutedSwiGLUQMVEnabled,
10037 |                 x.dtype == .bfloat16,
[41/47] Compiling MLXFastModel LagunaLmHeadPrune.swift
[42/47] Emitting module MLXFastModel
[43/51] Compiling MLXFastModel MLXTensorBridge.swift
[44/51] Compiling MLXFastModel LagunaUpstreamEquivalence.swift
[45/51] Compiling MLXFastModel RuntimeStartupMemoryPolicy.swift
[46/51] Compiling MLXFastModel LagunaRuntimeWeights.swift
[47/61] Compiling MLXFastRuntimeWorkerSupport LagunaRuntimeBenchmark.swift
[48/61] Compiling MLXFastRuntimeWorkerSupport LagunaRuntimeLocalIterate.swift
[49/61] Compiling MLXFastRuntimeWorkerSupport LagunaRuntimeSupport.swift
[50/61] Compiling MLXFastRuntimeWorkerSupport LagunaRuntime.swift
[51/61] Compiling MLXFastRuntimeWorkerSupport LagunaRuntimeCorrectness.swift
[52/61] Compiling MLXFastRuntimeWorkerSupport LagunaRuntimeCorrectnessCompare.swift
[53/61] Compiling MLXFastRuntimeWorkerSupport LagunaCorrectness.swift
[54/61] Compiling MLXFastRuntimeWorkerSupport BenchmarkSupport.swift
[55/61] Compiling MLXFastRuntimeWorkerSupport LagunaRuntimeWorker.swift
[56/61] Emitting module MLXFastRuntimeWorkerSupport
[56/61] Write Objects.LinkFileList
[58/75] Compiling MLXFastTests MLXTensorBridgeTests.swift
[59/75] Compiling MLXFastTests TensorDataTests.swift
[60/76] Compiling MLXFastTests RuntimeWorkerSupportTests.swift
[61/76] Compiling MLXFastTests LagunaNVFP4KernelTests.swift
[62/76] Compiling MLXFastTests RuntimeStartupMemoryPolicyTests.swift
[63/76] Compiling MLXFastTests NAXSplitKGEMMTests.swift
[64/76] Compiling MLXFastTests LagunaArtifactFixtureSupport.swift
[65/76] Compiling MLXFastTests LagunaArtifactContractTests.swift
[66/76] Compiling MLXFastTests TransformTests.swift
[67/76] Compiling MLXFastTests NVFP4QuantizedMMTests.swift
[68/76] Compiling MLXFastTests LagunaConfigTests.swift
[69/76] Emitting module MLXFastTests
[70/76] Compiling MLXFastTests LagunaCorrectnessTests.swift
[71/76] Compiling MLXFastTests BenchmarkSupportTests.swift
[72/76] Compiling MLXFastTests DenseTensorStoreTests.swift
[72/76] Write Objects.LinkFileList
[73/76] Linking mlxfast-runtime-worker
[74/76] Applying mlxfast-runtime-worker
[75/76] Linking mlxfast-challenge-devPackageTests
Build complete! (26.02s)
Test Suite 'Selected tests' started at 2026-08-07 13:27:20.264.
Test Suite 'mlxfast-challenge-devPackageTests.xctest' started at 2026-08-07 13:27:20.265.
Test Suite 'mlxfast-challenge-devPackageTests.xctest' passed at 2026-08-07 13:27:20.265.
	 Executed 0 tests, with 0 failures (0 unexpected) in 0.000 (0.000) seconds
Test Suite 'Selected tests' passed at 2026-08-07 13:27:20.265.
	 Executed 0 tests, with 0 failures (0 unexpected) in 0.000 (0.001) seconds
◇ Test run started.
↳ Testing Library Version: 1902
↳ Target Platform: arm64e-apple-macos14.0
◇ Test lagunaRuntimeMatchesVendoredUpstreamOnM5WhenEnabled() started.
{
  "decodeTokenCount" : 8,
  "promptTokenCount" : 512,
  "steps" : [
    {
      "label" : "prefill",
      "maximumAbsoluteLogitError" : 0.125,
      "meanAbsoluteLogitError" : 0.011933609,
      "runtimeToken" : 5991,
      "upstreamToken" : 5991
    },
    {
      "label" : "decode-0",
      "maximumAbsoluteLogitError" : 0,
      "meanAbsoluteLogitError" : 0,
      "runtimeToken" : 509,
      "upstreamToken" : 509
    },
    {
      "label" : "decode-1",
      "maximumAbsoluteLogitError" : 0,
      "meanAbsoluteLogitError" : 0,
      "runtimeToken" : 902,
      "upstreamToken" : 902
    },
    {
      "label" : "decode-2",
      "maximumAbsoluteLogitError" : 0,
      "meanAbsoluteLogitError" : 0,
      "runtimeToken" : 5991,
      "upstreamToken" : 5991
    },
    {
      "label" : "decode-3",
      "maximumAbsoluteLogitError" : 0,
      "meanAbsoluteLogitError" : 0,
      "runtimeToken" : 509,
      "upstreamToken" : 509
    },
    {
      "label" : "decode-4",
      "maximumAbsoluteLogitError" : 0,
      "meanAbsoluteLogitError" : 0,
      "runtimeToken" : 902,
      "upstreamToken" : 902
    },
    {
      "label" : "decode-5",
      "maximumAbsoluteLogitError" : 0,
      "meanAbsoluteLogitError" : 0,
      "runtimeToken" : 5991,
      "upstreamToken" : 5991
    },
    {
      "label" : "decode-6",
      "maximumAbsoluteLogitError" : 0,
      "meanAbsoluteLogitError" : 0,
      "runtimeToken" : 509,
      "upstreamToken" : 509
    },
    {
      "label" : "decode-7",
      "maximumAbsoluteLogitError" : 0,
      "meanAbsoluteLogitError" : 0,
      "runtimeToken" : 902,
      "upstreamToken" : 902
    }
  ]
}
✘ Test lagunaRuntimeMatchesVendoredUpstreamOnM5WhenEnabled() recorded an issue at LagunaCorrectnessTests.swift:249:5: Expectation failed: (report → LagunaUpstreamEquivalenceReport(promptTokenCount: 512, decodeTokenCount: 8, steps: [MLXFastModel.LagunaUpstreamEquivalenceStep(label: "prefill", maximumAbsoluteLogitError: 0.125, meanAbsoluteLogitError: 0.011933609, runtimeToken: 5991, upstreamToken: 5991), MLXFastModel.LagunaUpstreamEquivalenceStep(label: "decode-0", maximumAbsoluteLogitError: 0.0, meanAbsoluteLogitError: 0.0, runtimeToken: 509, upstreamToken: 509), MLXFastModel.LagunaUpstreamEquivalenceStep(label: "decode-1", maximumAbsoluteLogitError: 0.0, meanAbsoluteLogitError: 0.0, runtimeToken: 902, upstreamToken: 902), MLXFastModel.LagunaUpstreamEquivalenceStep(label: "decode-2", maximumAbsoluteLogitError: 0.0, meanAbsoluteLogitError: 0.0, runtimeToken: 5991, upstreamToken: 5991), MLXFastModel.LagunaUpstreamEquivalenceStep(label: "decode-3", maximumAbsoluteLogitError: 0.0, meanAbsoluteLogitError: 0.0, runtimeToken: 509, upstreamToken: 509), MLXFastModel.LagunaUpstreamEquivalenceStep(label: "decode-4", maximumAbsoluteLogitError: 0.0, meanAbsoluteLogitError: 0.0, runtimeToken: 902, upstreamToken: 902), MLXFastModel.LagunaUpstreamEquivalenceStep(label: "decode-5", maximumAbsoluteLogitError: 0.0, meanAbsoluteLogitError: 0.0, runtimeToken: 5991, upstreamToken: 5991), MLXFastModel.LagunaUpstreamEquivalenceStep(label: "decode-6", maximumAbsoluteLogitError: 0.0, meanAbsoluteLogitError: 0.0, runtimeToken: 509, upstreamToken: 509), MLXFastModel.LagunaUpstreamEquivalenceStep(label: "decode-7", maximumAbsoluteLogitError: 0.0, meanAbsoluteLogitError: 0.0, runtimeToken: 902, upstreamToken: 902)])).passes(maximumAbsoluteLogitError: tolerance → 0.0)
✘ Test lagunaRuntimeMatchesVendoredUpstreamOnM5WhenEnabled() failed after 43.119 seconds with 1 issue.
✘ Test run with 1 test in 0 suites failed after 43.120 seconds with 1 issue.
EQUIVALENCE_EXACT_STEPS=8
EQUIVALENCE_EXIT=1
