prompt tokens: 512
load: 42.2 s
prefill 0:   553.31 ms  (1080.69 us/token)  cbs=  988 dispatches= 1144  token=5991
prefill 1:   545.21 ms  (1064.87 us/token)  cbs=  988 dispatches= 1144  token=5991
prefill 2:   545.42 ms  (1065.27 us/token)  cbs=  988 dispatches= 1144  token=5991
peak_ram_gb: 20.714675903320312

prefill warm median: 545.420 ms/forward (1065.27 us/token) over 2 reps

profile [prefill warm] over 2 request(s)
  per-request dispatches [1144, 1144]
  wall               545.316 ms/request
  gpu busy (sum)     553.840 ms (101.6% of wall)
  gpu busy (union)   542.284 ms ( 99.4% of wall)
  command buffers      988.0 /request
  dispatches          1144.0 /request
  bound bytes         28.662 GiB/request

  dispatch                                                    n/req  us/call   ms/req  %wall  MB/call    GB/s   %bw             family
  nvfp4_gather_qmm_rhs_nt                                      76.0   3487.4  265.040   48.6  238.016    71.6    28 routed_gather_gemm
  steel_gemm_fused_nt_bfloat16_bfloat16_bm64_bn64_bk16_wm2_wn2_has_batch_n_use   82.0   2487.5  203.974   37.4   43.951    18.5     7    steel_gemm_bf16
  steel_attention_bfloat16_bq32_bk16_bd128_wm4_wn1_maskbfloat16_align_Q_t_alig   39.0    721.9   28.153    5.2   16.974    24.7     9     attention_core
  nvfp4_qmm_t_splitk_fused                                     76.0    176.1   13.381    2.5    3.062    18.2     7    nvfp4_dense_qmm
  arangeuint32                                                 76.0    122.0    9.271    1.7    0.016     0.1     0       sort_scatter
  MIXED:steel_gemm_splitk_accum_bfloat16_float32+steel_gemm_splitk_nt_bfloat  154.0     48.6    7.488    1.4    1.748    37.7    14    steel_gemm_bf16
  nvfp4_qmm_t                                                  38.0    173.2    6.583    1.2    3.062    18.5     7    nvfp4_dense_qmm
  MIXED:g2_copybfloat16bfloat16+laguna_prefill_sliding_qk_norm_rope_bf16_128   87.0     51.9    4.513    0.8    9.333   188.7    73       qk_norm_rope
  laguna_prefill_sorted_moe_tail_bf16_v1                       38.0     69.5    2.639    0.5   22.031   332.6   128           moe_tail
  g2_copybfloat16bfloat16                                      76.0     28.7    2.185    0.4    8.000   291.8   112        elementwise
  gather_frontbfloat16_uint32_int_2                            38.0     53.3    2.024    0.4   18.016   354.7   136       sort_scatter
  CV2ISigmoidADV2IBroadcastACEV2IBroadcastCAFV2IMultiplyDEGV2IBroadcastFBHV2IB   77.0     20.3    1.560    0.3    4.649   240.6    92        elementwise
  g2_Multiplybfloat16                                          40.0     33.2    1.329    0.2   14.601   460.9   177        elementwise
  MIXED:g2_copybfloat16bfloat16+laguna_prefill_full_qk_norm_yarn_bf16_128_h1   30.0     39.7    1.191    0.2    7.000   184.9    71       qk_norm_rope
  laguna_prefill_router_tournament_ordinal_norm_v1             38.0     24.9    0.945    0.2    0.282    11.9     5             router
  laguna_residual_rms_bf16_2048_v1                             39.0     22.3    0.870    0.2    8.004   376.1   145           rms_norm
  rmsbfloat16                                                  42.0     19.6    0.825    0.2    3.814   203.7    78           rms_norm
  custom_kernel_mlx_lm_route_csort_scatter_fused_m8_u32_v4_uint32_t_uint32_t_u   38.0     15.5    0.587    0.1    0.062     4.2     2       sort_scatter
  laguna_lmhead_int5_inline_coarse_ratio_bound_delta_bf16_v6    1.0    574.1    0.574    0.1  129.203   236.0    91            lm_head
  gemv_al_bfloat16_bm4_bn1_sm1_sn32_tm4_tn4_nc0_axpby0          1.0    145.7    0.146    0.0   32.020   230.4    89              other
  gemv_al_bfloat16_bm8_bn1_sm1_sn32_tm4_tn4_nc0_axpby0          1.0    145.4    0.145    0.0   32.270   232.8    89              other
  Cf4IAsTypeADf4IBroadcastCBEf4IBroadcastBCFf4ILogAddExpDEGV2OAsTypeF_VC_V2_10   40.0      3.3    0.132    0.0    0.057    18.2     7        elementwise
  laguna_lmhead_exact_inline_mask_block_delta_bf16_lane0_mask_v1_float    1.0     76.1    0.076    0.0  392.770  5414.6  2081            lm_head
  laguna_routed_nvfp4_swiglu_qmv_packed_top8keys_r1_bf16_v2     1.0     40.6    0.041    0.0  272.013  7021.0  2698    nvfp4_dense_qmm
  sdpa_vector                                                   1.0     26.8    0.027    0.0    2.031    79.4    31     attention_core
  laguna_routed_shared_nvfp4_down_residual_bf16_r1_v5           1.0     22.9    0.023    0.0  136.579  6260.7  2406              other
  MIXED:g2_copybfloat16bfloat16+rmsbfloat16                     2.0     10.8    0.022    0.0    1.000    96.7    37           rms_norm
  vvn_Addbfloat16                                               1.0     20.3    0.020    0.0    4.000   206.9    80        elementwise
  gather_frontbfloat16_int32_int_2                              2.0      9.7    0.019    0.0  197.192 21297.9  8185       sort_scatter
  rope                                                          1.0     12.3    0.012    0.0    2.000   170.0    65       qk_norm_rope
  laguna_residual_rms_router_bf16_2048_rpg8_keys_v1             1.0      9.8    0.010    0.0    1.022   109.0    42             router
  laguna_shared_nvfp4_swiglu_qmv_rows1_bf16_v1                  1.0      8.6    0.009    0.0    1.130   138.4    53    nvfp4_dense_qmm
  argmax_bfloat16                                               1.0      8.5    0.009    0.0    0.191    23.6     9            lm_head
  laguna_decode_router_top8_ordinal_table_norm_v1               1.0      5.3    0.005    0.0    0.002     0.3     0             router
  laguna_lmhead_coarse_argmax_stage1_v5_float_float_uint32_t    1.0      5.2    0.005    0.0    0.384    77.3    30            lm_head
  laguna_lmhead_exact_winner_bf16_midpoint_threshold_v1_float_uint32_t    1.0      4.7    0.005    0.0  392.005 87308.0 33554            lm_head
  rope_single                                                   1.0      3.1    0.003    0.0    0.016     5.2     2       qk_norm_rope

  family                 n/req   ms/req  %wall    GB/s   %bw
  routed_gather_gemm      76.0  265.040   48.6    71.6    28
  steel_gemm_bf16        236.0  211.462   38.8    19.2     7
  attention_core          40.0   28.180    5.2    24.7     9
  nvfp4_dense_qmm        116.0   20.013    3.7    32.6    13
  sort_scatter           154.0   11.901    2.2    95.4    37
  qk_norm_rope           119.0    5.719    1.0   187.7    72
  elementwise            234.0    5.226    1.0   312.3   120
  moe_tail                38.0    2.639    0.5   332.6   128
  rms_norm                83.0    1.717    0.3   289.7   111
  router                  40.0    0.960    0.2    12.8     5
  lm_head                  5.0    0.669    0.1  1434.3   551
  other                    3.0    0.314    0.1   670.8   258
