prompt tokens: 512
load: 43.7 s
prefill 0:   566.22 ms  (1105.91 us/token)  cbs= 1066 dispatches= 1222  token=5991
prefill 1:   548.92 ms  (1072.11 us/token)  cbs= 1066 dispatches= 1222  token=5991
prefill 2:   548.33 ms  (1070.95 us/token)  cbs= 1066 dispatches= 1222  token=5991
prefill 3:   549.13 ms  (1072.51 us/token)  cbs= 1066 dispatches= 1222  token=5991
prefill 4:   548.64 ms  (1071.57 us/token)  cbs= 1066 dispatches= 1222  token=5991
prefill 5:   549.41 ms  (1073.07 us/token)  cbs= 1066 dispatches= 1222  token=5991
peak_ram_gb: 20.704315185546875

prefill warm median: 548.918 ms/forward (1072.11 us/token) over 5 reps

profile [prefill warm] over 5 request(s)
  per-request dispatches [1222, 1222, 1222, 1222, 1222]
  wall               548.885 ms/request
  gpu busy (sum)     576.734 ms (105.1% of wall)
  gpu busy (union)   546.019 ms ( 99.5% of wall)
  command buffers     1066.0 /request
  dispatches          1222.0 /request
  bound bytes         28.834 GiB/request

  dispatch                                                    n/req  us/call   ms/req  %wall  MB/call    GB/s   %bw             family
  nvfp4_gather_qmm_rhs_nt                                      76.0   3494.9  265.615   48.4  238.016    71.4    27 routed_gather_gemm
  steel_gemm_fused_nt_bfloat16_bfloat16_bm64_bn64_bk16_wm2_wn2_has_batch_n_use   82.0   2231.6  182.988   33.3   39.195    18.4     7    steel_gemm_bf16
  MIXED:steel_gemm_splitk_accum_bfloat16_float32+steel_gemm_splitk_nt_bfloat  310.0    114.8   35.584    6.5    3.636    33.2    13    steel_gemm_bf16
  steel_attention_bfloat16_bq32_bk16_bd128_wm4_wn1_maskbfloat16_align_Q_t_alig   39.0    720.5   28.101    5.1   16.974    24.7     9     attention_core
  arangeuint32                                                 76.0    349.8   26.586    4.8    0.016     0.0     0       sort_scatter
  nvfp4_qmm_t_splitk_fused                                     76.0    176.0   13.379    2.4    3.062    18.2     7    nvfp4_dense_qmm
  nvfp4_qmm_t                                                  38.0    173.1    6.576    1.2    3.062    18.6     7    nvfp4_dense_qmm
  laguna_prefill_sliding_qk_norm_rope_bf16_128_h1_v2           29.0    113.7    3.299    0.6   20.000   184.4    71       qk_norm_rope
  laguna_prefill_sorted_moe_tail_bf16_v1                       38.0     67.9    2.581    0.5   22.031   340.1   131           moe_tail
  gather_frontbfloat16_uint32_int_2                            38.0     53.3    2.026    0.4   18.016   354.3   136       sort_scatter
  g2_copybfloat16bfloat16                                      76.0     22.2    1.690    0.3    8.000   377.3   145        elementwise
  CV2ISigmoidADV2IBroadcastACEV2IBroadcastCAFV2IMultiplyDEGV2IBroadcastFBHV2IB   77.0     19.9    1.535    0.3    4.649   244.6    94        elementwise
  g2_Multiplybfloat16                                          40.0     33.1    1.325    0.2   14.601   462.3   178        elementwise
  laguna_prefill_router_tournament_ordinal_norm_v1             38.0     24.8    0.942    0.2    0.282    11.9     5             router
  laguna_prefill_full_qk_norm_yarn_bf16_128_h1_v2              10.0     89.7    0.897    0.2   15.000   175.3    67       qk_norm_rope
  laguna_residual_rms_bf16_2048_v1                             39.0     22.2    0.865    0.2    8.004   378.6   146           rms_norm
  rmsbfloat16                                                  42.0     19.9    0.836    0.2    3.814   201.0    77           rms_norm
  custom_kernel_mlx_lm_route_csort_scatter_fused_m8_u32_v4_uint32_t_uint32_t_u   38.0     15.6    0.591    0.1    0.062     4.2     2       sort_scatter
  laguna_lmhead_int5_inline_coarse_ratio_bound_delta_bf16_v6    1.0    573.9    0.574    0.1  129.203   236.1    91            lm_head
  Cf4IAsTypeADf4IBroadcastCBEf4IBroadcastBCFf4ILogAddExpDEGV2OAsTypeF_VC_V2_10   40.0      4.0    0.162    0.0    0.057    14.8     6        elementwise
  gemv_al_bfloat16_bm8_bn1_sm1_sn32_tm4_tn4_nc0_axpby0          1.0    145.9    0.146    0.0   32.270   231.9    89              other
  gemv_al_bfloat16_bm4_bn1_sm1_sn32_tm4_tn4_nc0_axpby0          1.0    144.6    0.145    0.0   32.020   232.2    89              other
  laguna_lmhead_exact_inline_mask_block_delta_bf16_lane0_mask_v1_float    1.0     75.4    0.075    0.0  392.770  5461.0  2099            lm_head
  laguna_routed_nvfp4_swiglu_qmv_packed_top8keys_r1_bf16_v2     1.0     39.8    0.040    0.0  272.013  7163.5  2753    nvfp4_dense_qmm
  sdpa_vector                                                   1.0     27.1    0.027    0.0    2.031    78.6    30     attention_core
  gather_frontbfloat16_int32_int_2                              2.0     13.5    0.027    0.0  197.192 15349.6  5899       sort_scatter
  laguna_routed_shared_nvfp4_down_residual_bf16_r1_v5           1.0     23.1    0.023    0.0  136.579  6202.0  2384              other
  MIXED:g2_copybfloat16bfloat16+rmsbfloat16                     2.0     11.0    0.022    0.0    1.000    95.5    37           rms_norm
  vvn_Addbfloat16                                               1.0     21.1    0.021    0.0    4.000   198.8    76        elementwise
  rope                                                          1.0     12.3    0.012    0.0    2.000   171.0    66       qk_norm_rope
  laguna_residual_rms_router_bf16_2048_rpg8_keys_v1             1.0      9.8    0.010    0.0    1.022   109.3    42             router
  argmax_bfloat16                                               1.0      8.7    0.009    0.0    0.191    23.2     9            lm_head
  laguna_shared_nvfp4_swiglu_qmv_rows1_bf16_v1                  1.0      8.2    0.008    0.0    1.130   145.1    56    nvfp4_dense_qmm
  laguna_decode_router_top8_ordinal_table_norm_v1               1.0      5.6    0.006    0.0    0.002     0.3     0             router
  laguna_lmhead_exact_winner_bf16_midpoint_threshold_v1_float_uint32_t    1.0      4.9    0.005    0.0  392.005 84031.0 32295            lm_head
  laguna_lmhead_coarse_argmax_stage1_v5_float_float_uint32_t    1.0      4.0    0.004    0.0    0.384   100.8    39            lm_head
  rope_single                                                   1.0      3.2    0.003    0.0    0.016     5.1     2       qk_norm_rope

  family                 n/req   ms/req  %wall    GB/s   %bw
  routed_gather_gemm      76.0  265.615   48.4    71.4    27
  steel_gemm_bf16        392.0  218.572   39.8    20.8     8
  sort_scatter           154.0   29.231    5.3    38.8    15
  attention_core          40.0   28.128    5.1    24.8    10
  nvfp4_dense_qmm        116.0   20.003    3.6    32.6    13
  elementwise            234.0    4.732    0.9   344.9   133
  qk_norm_rope            41.0    4.211    0.8   182.3    70
  moe_tail                38.0    2.581    0.5   340.1   131
  rms_norm                83.0    1.722    0.3   288.8   111
  router                  40.0    0.957    0.2    12.9     5
  lm_head                  5.0    0.667    0.1  1438.0   553
  other                    3.0    0.314    0.1   671.7   258
