mlxfast: narrow-scales built lane-major pairwise: qkv
mlxfast: narrow-scales built lane-major pairwise: oproj
mlxfast: packed-scales active: packed routed gate/up bank prepared
mlxfast: lm_head prune active (coarse copy resident)
[darkbloom][steel-splitk] steel_gemm_splitk_nt_bfloat16_float32_bm32_bn32_bk16_wm2_wn2_MN_taligned_K_taligned M=512 N=1024 K=2048 parts=2 grid=(32,16,2) group=(32,2,2)
[darkbloom][steel-splitk] steel_gemm_splitk_nt_bfloat16_float32_bm32_bn32_bk16_wm2_wn2_MN_taligned_K_taligned M=512 N=1024 K=2048 parts=2 grid=(32,16,2) group=(32,2,2)
[darkbloom][steel-reg] steel_gemm_fused_nt_bfloat16_bfloat16_bm64_bn64_bk16_wm2_wn2 M=512 N=6144 K=2048 grid=(96,8,1) group=(32,2,2)
[darkbloom][steel-splitk] steel_gemm_splitk_nt_bfloat16_float32_bm32_bn32_bk16_wm2_wn2_MN_naligned_K_taligned M=512 N=48 K=2048 parts=4 grid=(2,16,4) group=(32,2,2)
[darkbloom][steel-reg] steel_gemm_fused_nt_bfloat16_bfloat16_bm64_bn64_bk16_wm2_wn2 M=512 N=2048 K=6144 grid=(32,8,1) group=(32,2,2)
[darkbloom][steel-reg] steel_gemm_fused_nt_bfloat16_bfloat16_bm64_bn64_bk16_wm2_wn2 M=512 N=8192 K=2048 grid=(128,8,1) group=(32,2,2)
[darkbloom][steel-reg] steel_gemm_fused_nt_bfloat16_bfloat16_bm64_bn64_bk16_wm2_wn2 M=512 N=8192 K=2048 grid=(128,8,1) group=(32,2,2)
[darkbloom][steel-reg] steel_gemm_fused_nt_bfloat16_bfloat16_bm64_bn64_bk16_wm2_wn2 M=512 N=2048 K=8192 grid=(32,8,1) group=(32,2,2)
[darkbloom][steel-splitk] steel_gemm_splitk_nt_bfloat16_float32_bm32_bn32_bk16_wm2_wn2_MN_taligned_K_taligned M=512 N=1024 K=2048 parts=2 grid=(32,16,2) group=(32,2,2)
[darkbloom][steel-splitk] steel_gemm_splitk_nt_bfloat16_float32_bm32_bn32_bk16_wm2_wn2_MN_taligned_K_taligned M=512 N=1024 K=2048 parts=2 grid=(32,16,2) group=(32,2,2)
[darkbloom][steel-reg] steel_gemm_fused_nt_bfloat16_bfloat16_bm64_bn64_bk16_wm2_wn2 M=512 N=8192 K=2048 grid=(128,8,1) group=(32,2,2)
[darkbloom][steel-splitk] steel_gemm_splitk_nt_bfloat16_float32_bm32_bn32_bk16_wm2_wn2_MN_taligned_K_taligned M=512 N=64 K=2048 parts=4 grid=(2,16,4) group=(32,2,2)
[darkbloom][steel-reg] steel_gemm_fused_nt_bfloat16_bfloat16_bm64_bn64_bk16_wm2_wn2 M=512 N=2048 K=8192 grid=(32,8,1) group=(32,2,2)
[darkbloom][steel-splitk] steel_gemm_splitk_nt_bfloat16_float32_bm32_bn32_bk16_wm2_wn2_MN_taligned_K_taligned M=512 N=256 K=2048 parts=2 grid=(8,16,2) group=(32,2,2)
[darkbloom][steel-splitk] steel_gemm_splitk_nt_bfloat16_float32_bm32_bn32_bk16_wm2_wn2_MN_taligned_K_taligned M=512 N=1024 K=2048 parts=2 grid=(32,16,2) group=(32,2,2)
[darkbloom][steel-splitk] steel_gemm_splitk_nt_bfloat16_float32_bm32_bn32_bk16_wm2_wn2_MN_taligned_K_taligned M=512 N=1024 K=2048 parts=2 grid=(32,16,2) group=(32,2,2)
[darkbloom][steel-reg] steel_gemm_fused_nt_bfloat16_bfloat16_bm64_bn64_bk16_wm2_wn2 M=512 N=8192 K=2048 grid=(128,8,1) group=(32,2,2)
[darkbloom][steel-splitk] steel_gemm_splitk_nt_bfloat16_float32_bm32_bn32_bk16_wm2_wn2_MN_taligned_K_taligned M=512 N=64 K=2048 parts=4 grid=(2,16,4) group=(32,2,2)
[darkbloom][steel-reg] steel_gemm_fused_nt_bfloat16_bfloat16_bm64_bn64_bk16_wm2_wn2 M=512 N=2048 K=8192 grid=(32,8,1) group=(32,2,2)
[darkbloom][steel-splitk] steel_gemm_splitk_nt_bfloat16_float32_bm32_bn32_bk16_wm2_wn2_MN_taligned_K_taligned M=512 N=256 K=2048 parts=2 grid=(8,16,2) group=(32,2,2)
[darkbloom][steel-splitk] steel_gemm_splitk_nt_bfloat16_float32_bm32_bn32_bk16_wm2_wn2_MN_taligned_K_taligned M=512 N=1024 K=2048 parts=2 grid=(32,16,2) group=(32,2,2)
[darkbloom][steel-splitk] steel_gemm_splitk_nt_bfloat16_float32_bm32_bn32_bk16_wm2_wn2_MN_taligned_K_taligned M=512 N=1024 K=2048 parts=2 grid=(32,16,2) group=(32,2,2)
[darkbloom][steel-reg] steel_gemm_fused_nt_bfloat16_bfloat16_bm64_bn64_bk16_wm2_wn2 M=512 N=8192 K=2048 grid=(128,8,1) group=(32,2,2)
[darkbloom][steel-splitk] steel_gemm_splitk_nt_bfloat16_float32_bm32_bn32_bk16_wm2_wn2_MN_taligned_K_taligned M=512 N=64 K=2048 parts=4 grid=(2,16,4) group=(32,2,2)
[darkbloom][steel-reg] steel_gemm_fused_nt_bfloat16_bfloat16_bm64_bn64_bk16_wm2_wn2 M=512 N=2048 K=8192 grid=(32,8,1) group=(32,2,2)
[darkbloom][steel-splitk] steel_gemm_splitk_nt_bfloat16_float32_bm32_bn32_bk16_wm2_wn2_MN_taligned_K_taligned M=512 N=256 K=2048 parts=2 grid=(8,16,2) group=(32,2,2)
[darkbloom][steel-splitk] steel_gemm_splitk_nt_bfloat16_float32_bm32_bn32_bk16_wm2_wn2_MN_taligned_K_taligned M=512 N=1024 K=2048 parts=2 grid=(32,16,2) group=(32,2,2)
[darkbloom][steel-splitk] steel_gemm_splitk_nt_bfloat16_float32_bm32_bn32_bk16_wm2_wn2_MN_taligned_K_taligned M=512 N=1024 K=2048 parts=2 grid=(32,16,2) group=(32,2,2)
[darkbloom][steel-reg] steel_gemm_fused_nt_bfloat16_bfloat16_bm64_bn64_bk16_wm2_wn2 M=512 N=6144 K=2048 grid=(96,8,1) group=(32,2,2)
[darkbloom][steel-splitk] steel_gemm_splitk_nt_bfloat16_float32_bm32_bn32_bk16_wm2_wn2_MN_naligned_K_taligned M=512 N=48 K=2048 parts=4 grid=(2,16,4) group=(32,2,2)
[darkbloom][steel-reg] steel_gemm_fused_nt_bfloat16_bfloat16_bm64_bn64_bk16_wm2_wn2 M=512 N=2048 K=6144 grid=(32,8,1) group=(32,2,2)
[darkbloom][steel-splitk] steel_gemm_splitk_nt_bfloat16_float32_bm32_bn32_bk16_wm2_wn2_MN_taligned_K_taligned M=512 N=256 K=2048 parts=2 grid=(8,16,2) group=(32,2,2)
[darkbloom][steel-splitk] steel_gemm_splitk_nt_bfloat16_float32_bm32_bn32_bk16_wm2_wn2_MN_taligned_K_taligned M=512 N=1024 K=2048 parts=2 grid=(32,16,2) group=(32,2,2)
[darkbloom][steel-splitk] steel_gemm_splitk_nt_bfloat16_float32_bm32_bn32_bk16_wm2_wn2_MN_taligned_K_taligned M=512 N=1024 K=2048 parts=2 grid=(32,16,2) group=(32,2,2)
[darkbloom][steel-reg] steel_gemm_fused_nt_bfloat16_bfloat16_bm64_bn64_bk16_wm2_wn2 M=512 N=8192 K=2048 grid=(128,8,1) group=(32,2,2)
[darkbloom][steel-splitk] steel_gemm_splitk_nt_bfloat16_float32_bm32_bn32_bk16_wm2_wn2_MN_taligned_K_taligned M=512 N=64 K=2048 parts=4 grid=(2,16,4) group=(32,2,2)
[darkbloom][steel-reg] steel_gemm_fused_nt_bfloat16_bfloat16_bm64_bn64_bk16_wm2_wn2 M=512 N=2048 K=8192 grid=(32,8,1) group=(32,2,2)
[darkbloom][steel-splitk] steel_gemm_splitk_nt_bfloat16_float32_bm32_bn32_bk16_wm2_wn2_MN_taligned_K_taligned M=512 N=256 K=2048 parts=2 grid=(8,16,2) group=(32,2,2)
[darkbloom][steel-splitk] steel_gemm_splitk_nt_bfloat16_float32_bm32_bn32_bk16_wm2_wn2_MN_taligned_K_taligned M=512 N=1024 K=2048 parts=2 grid=(32,16,2) group=(32,2,2)
[darkbloom][steel-splitk] steel_gemm_splitk_nt_bfloat16_float32_bm32_bn32_bk16_wm2_wn2_MN_taligned_K_taligned M=512 N=1024 K=2048 parts=2 grid=(32,16,2) group=(32,2,2)
[darkbloom][steel-reg] steel_gemm_fused_nt_bfloat16_bfloat16_bm64_bn64_bk16_wm2_wn2 M=512 N=8192 K=2048 grid=(128,8,1) group=(32,2,2)
[darkbloom][steel-splitk] steel_gemm_splitk_nt_bfloat16_float32_bm32_bn32_bk16_wm2_wn2_MN_taligned_K_taligned M=512 N=64 K=2048 parts=4 grid=(2,16,4) group=(32,2,2)
[darkbloom][steel-reg] steel_gemm_fused_nt_bfloat16_bfloat16_bm64_bn64_bk16_wm2_wn2 M=512 N=2048 K=8192 grid=(32,8,1) group=(32,2,2)
[darkbloom][steel-splitk] steel_gemm_splitk_nt_bfloat16_float32_bm32_bn32_bk16_wm2_wn2_MN_taligned_K_taligned M=512 N=256 K=2048 parts=2 grid=(8,16,2) group=(32,2,2)
[darkbloom][steel-splitk] steel_gemm_splitk_nt_bfloat16_float32_bm32_bn32_bk16_wm2_wn2_MN_taligned_K_taligned M=512 N=1024 K=2048 parts=2 grid=(32,16,2) group=(32,2,2)
[darkbloom][steel-splitk] steel_gemm_splitk_nt_bfloat16_float32_bm32_bn32_bk16_wm2_wn2_MN_taligned_K_taligned M=512 N=1024 K=2048 parts=2 grid=(32,16,2) group=(32,2,2)
[darkbloom][steel-reg] steel_gemm_fused_nt_bfloat16_bfloat16_bm64_bn64_bk16_wm2_wn2 M=512 N=8192 K=2048 grid=(128,8,1) group=(32,2,2)
[darkbloom][steel-splitk] steel_gemm_splitk_nt_bfloat16_float32_bm32_bn32_bk16_wm2_wn2_MN_taligned_K_taligned M=512 N=64 K=2048 parts=4 grid=(2,16,4) group=(32,2,2)
[darkbloom][steel-reg] steel_gemm_fused_nt_bfloat16_bfloat16_bm64_bn64_bk16_wm2_wn2 M=512 N=2048 K=8192 grid=(32,8,1) group=(32,2,2)
[darkbloom][steel-splitk] steel_gemm_splitk_nt_bfloat16_float32_bm32_bn32_bk16_wm2_wn2_MN_taligned_K_taligned M=512 N=256 K=2048 parts=2 grid=(8,16,2) group=(32,2,2)
[darkbloom][steel-splitk] steel_gemm_splitk_nt_bfloat16_float32_bm32_bn32_bk16_wm2_wn2_MN_taligned_K_taligned M=512 N=1024 K=2048 parts=2 grid=(32,16,2) group=(32,2,2)
[darkbloom][steel-splitk] steel_gemm_splitk_nt_bfloat16_float32_bm32_bn32_bk16_wm2_wn2_MN_taligned_K_taligned M=512 N=1024 K=2048 parts=2 grid=(32,16,2) group=(32,2,2)
[darkbloom][steel-reg] steel_gemm_fused_nt_bfloat16_bfloat16_bm64_bn64_bk16_wm2_wn2 M=512 N=6144 K=2048 grid=(96,8,1) group=(32,2,2)
[darkbloom][steel-splitk] steel_gemm_splitk_nt_bfloat16_float32_bm32_bn32_bk16_wm2_wn2_MN_naligned_K_taligned M=512 N=48 K=2048 parts=4 grid=(2,16,4) group=(32,2,2)
[darkbloom][steel-reg] steel_gemm_fused_nt_bfloat16_bfloat16_bm64_bn64_bk16_wm2_wn2 M=512 N=2048 K=6144 grid=(32,8,1) group=(32,2,2)
[darkbloom][steel-splitk] steel_gemm_splitk_nt_bfloat16_float32_bm32_bn32_bk16_wm2_wn2_MN_taligned_K_taligned M=512 N=256 K=2048 parts=2 grid=(8,16,2) group=(32,2,2)
[darkbloom][steel-splitk] steel_gemm_splitk_nt_bfloat16_float32_bm32_bn32_bk16_wm2_wn2_MN_taligned_K_taligned M=512 N=1024 K=2048 parts=2 grid=(32,16,2) group=(32,2,2)
[darkbloom][steel-splitk] steel_gemm_splitk_nt_bfloat16_float32_bm32_bn32_bk16_wm2_wn2_MN_taligned_K_taligned M=512 N=1024 K=2048 parts=2 grid=(32,16,2) group=(32,2,2)
[darkbloom][steel-reg] steel_gemm_fused_nt_bfloat16_bfloat16_bm64_bn64_bk16_wm2_wn2 M=512 N=8192 K=2048 grid=(128,8,1) group=(32,2,2)
[darkbloom][steel-splitk] steel_gemm_splitk_nt_bfloat16_float32_bm32_bn32_bk16_wm2_wn2_MN_taligned_K_taligned M=512 N=64 K=2048 parts=4 grid=(2,16,4) group=(32,2,2)
[darkbloom][steel-reg] steel_gemm_fused_nt_bfloat16_bfloat16_bm64_bn64_bk16_wm2_wn2 M=512 N=2048 K=8192 grid=(32,8,1) group=(32,2,2)
[darkbloom][steel-splitk] steel_gemm_splitk_nt_bfloat16_float32_bm32_bn32_bk16_wm2_wn2_MN_taligned_K_taligned M=512 N=256 K=2048 parts=2 grid=(8,16,2) group=(32,2,2)
[darkbloom][steel-splitk] steel_gemm_splitk_nt_bfloat16_float32_bm32_bn32_bk16_wm2_wn2_MN_taligned_K_taligned M=512 N=1024 K=2048 parts=2 grid=(32,16,2) group=(32,2,2)
[darkbloom][steel-splitk] steel_gemm_splitk_nt_bfloat16_float32_bm32_bn32_bk16_wm2_wn2_MN_taligned_K_taligned M=512 N=1024 K=2048 parts=2 grid=(32,16,2) group=(32,2,2)
[darkbloom][steel-reg] steel_gemm_fused_nt_bfloat16_bfloat16_bm64_bn64_bk16_wm2_wn2 M=512 N=8192 K=2048 grid=(128,8,1) group=(32,2,2)
[darkbloom][steel-splitk] steel_gemm_splitk_nt_bfloat16_float32_bm32_bn32_bk16_wm2_wn2_MN_taligned_K_taligned M=512 N=64 K=2048 parts=4 grid=(2,16,4) group=(32,2,2)
[darkbloom][steel-reg] steel_gemm_fused_nt_bfloat16_bfloat16_bm64_bn64_bk16_wm2_wn2 M=512 N=2048 K=8192 grid=(32,8,1) group=(32,2,2)
[darkbloom][steel-splitk] steel_gemm_splitk_nt_bfloat16_float32_bm32_bn32_bk16_wm2_wn2_MN_taligned_K_taligned M=512 N=256 K=2048 parts=2 grid=(8,16,2) group=(32,2,2)
[darkbloom][steel-splitk] steel_gemm_splitk_nt_bfloat16_float32_bm32_bn32_bk16_wm2_wn2_MN_taligned_K_taligned M=512 N=1024 K=2048 parts=2 grid=(32,16,2) group=(32,2,2)
[darkbloom][steel-splitk] steel_gemm_splitk_nt_bfloat16_float32_bm32_bn32_bk16_wm2_wn2_MN_taligned_K_taligned M=512 N=1024 K=2048 parts=2 grid=(32,16,2) group=(32,2,2)
[darkbloom][steel-reg] steel_gemm_fused_nt_bfloat16_bfloat16_bm64_bn64_bk16_wm2_wn2 M=512 N=8192 K=2048 grid=(128,8,1) group=(32,2,2)
[darkbloom][steel-splitk] steel_gemm_splitk_nt_bfloat16_float32_bm32_bn32_bk16_wm2_wn2_MN_taligned_K_taligned M=512 N=64 K=2048 parts=4 grid=(2,16,4) group=(32,2,2)
[darkbloom][steel-reg] steel_gemm_fused_nt_bfloat16_bfloat16_bm64_bn64_bk16_wm2_wn2 M=512 N=2048 K=8192 grid=(32,8,1) group=(32,2,2)
[darkbloom][steel-splitk] steel_gemm_splitk_nt_bfloat16_float32_bm32_bn32_bk16_wm2_wn2_MN_taligned_K_taligned M=512 N=256 K=2048 parts=2 grid=(8,16,2) group=(32,2,2)
[darkbloom][steel-splitk] steel_gemm_splitk_nt_bfloat16_float32_bm32_bn32_bk16_wm2_wn2_MN_taligned_K_taligned M=512 N=1024 K=2048 parts=2 grid=(32,16,2) group=(32,2,2)
[darkbloom][steel-splitk] steel_gemm_splitk_nt_bfloat16_float32_bm32_bn32_bk16_wm2_wn2_MN_taligned_K_taligned M=512 N=1024 K=2048 parts=2 grid=(32,16,2) group=(32,2,2)
[darkbloom][steel-reg] steel_gemm_fused_nt_bfloat16_bfloat16_bm64_bn64_bk16_wm2_wn2 M=512 N=6144 K=2048 grid=(96,8,1) group=(32,2,2)
[darkbloom][steel-splitk] steel_gemm_splitk_nt_bfloat16_float32_bm32_bn32_bk16_wm2_wn2_MN_naligned_K_taligned M=512 N=48 K=2048 parts=4 grid=(2,16,4) group=(32,2,2)
[darkbloom][steel-reg] steel_gemm_fused_nt_bfloat16_bfloat16_bm64_bn64_bk16_wm2_wn2 M=512 N=2048 K=6144 grid=(32,8,1) group=(32,2,2)
[darkbloom][steel-splitk] steel_gemm_splitk_nt_bfloat16_float32_bm32_bn32_bk16_wm2_wn2_MN_taligned_K_taligned M=512 N=256 K=2048 parts=2 grid=(8,16,2) group=(32,2,2)
[darkbloom][steel-splitk] steel_gemm_splitk_nt_bfloat16_float32_bm32_bn32_bk16_wm2_wn2_MN_taligned_K_taligned M=512 N=1024 K=2048 parts=2 grid=(32,16,2) group=(32,2,2)
[darkbloom][steel-splitk] steel_gemm_splitk_nt_bfloat16_float32_bm32_bn32_bk16_wm2_wn2_MN_taligned_K_taligned M=512 N=1024 K=2048 parts=2 grid=(32,16,2) group=(32,2,2)
[darkbloom][steel-reg] steel_gemm_fused_nt_bfloat16_bfloat16_bm64_bn64_bk16_wm2_wn2 M=512 N=8192 K=2048 grid=(128,8,1) group=(32,2,2)
[darkbloom][steel-splitk] steel_gemm_splitk_nt_bfloat16_float32_bm32_bn32_bk16_wm2_wn2_MN_taligned_K_taligned M=512 N=64 K=2048 parts=4 grid=(2,16,4) group=(32,2,2)
[darkbloom][steel-reg] steel_gemm_fused_nt_bfloat16_bfloat16_bm64_bn64_bk16_wm2_wn2 M=512 N=2048 K=8192 grid=(32,8,1) group=(32,2,2)
[darkbloom][steel-splitk] steel_gemm_splitk_nt_bfloat16_float32_bm32_bn32_bk16_wm2_wn2_MN_taligned_K_taligned M=512 N=256 K=2048 parts=2 grid=(8,16,2) group=(32,2,2)
[darkbloom][steel-splitk] steel_gemm_splitk_nt_bfloat16_float32_bm32_bn32_bk16_wm2_wn2_MN_taligned_K_taligned M=512 N=1024 K=2048 parts=2 grid=(32,16,2) group=(32,2,2)
[darkbloom][steel-splitk] steel_gemm_splitk_nt_bfloat16_float32_bm32_bn32_bk16_wm2_wn2_MN_taligned_K_taligned M=512 N=1024 K=2048 parts=2 grid=(32,16,2) group=(32,2,2)
[darkbloom][steel-reg] steel_gemm_fused_nt_bfloat16_bfloat16_bm64_bn64_bk16_wm2_wn2 M=512 N=8192 K=2048 grid=(128,8,1) group=(32,2,2)
[darkbloom][steel-splitk] steel_gemm_splitk_nt_bfloat16_float32_bm32_bn32_bk16_wm2_wn2_MN_taligned_K_taligned M=512 N=64 K=2048 parts=4 grid=(2,16,4) group=(32,2,2)
[darkbloom][steel-reg] steel_gemm_fused_nt_bfloat16_bfloat16_bm64_bn64_bk16_wm2_wn2 M=512 N=2048 K=8192 grid=(32,8,1) group=(32,2,2)
[darkbloom][steel-splitk] steel_gemm_splitk_nt_bfloat16_float32_bm32_bn32_bk16_wm2_wn2_MN_taligned_K_taligned M=512 N=256 K=2048 parts=2 grid=(8,16,2) group=(32,2,2)
[darkbloom][steel-splitk] steel_gemm_splitk_nt_bfloat16_float32_bm32_bn32_bk16_wm2_wn2_MN_taligned_K_taligned M=512 N=1024 K=2048 parts=2 grid=(32,16,2) group=(32,2,2)
[darkbloom][steel-splitk] steel_gemm_splitk_nt_bfloat16_float32_bm32_bn32_bk16_wm2_wn2_MN_taligned_K_taligned M=512 N=1024 K=2048 parts=2 grid=(32,16,2) group=(32,2,2)
[darkbloom][steel-reg] steel_gemm_fused_nt_bfloat16_bfloat16_bm64_bn64_bk16_wm2_wn2 M=512 N=8192 K=2048 grid=(128,8,1) group=(32,2,2)
[darkbloom][steel-splitk] steel_gemm_splitk_nt_bfloat16_float32_bm32_bn32_bk16_wm2_wn2_MN_taligned_K_taligned M=512 N=64 K=2048 parts=4 grid=(2,16,4) group=(32,2,2)
[darkbloom][steel-reg] steel_gemm_fused_nt_bfloat16_bfloat16_bm64_bn64_bk16_wm2_wn2 M=512 N=2048 K=8192 grid=(32,8,1) group=(32,2,2)
[darkbloom][steel-splitk] steel_gemm_splitk_nt_bfloat16_float32_bm32_bn32_bk16_wm2_wn2_MN_taligned_K_taligned M=512 N=256 K=2048 parts=2 grid=(8,16,2) group=(32,2,2)
[darkbloom][steel-splitk] steel_gemm_splitk_nt_bfloat16_float32_bm32_bn32_bk16_wm2_wn2_MN_taligned_K_taligned M=512 N=1024 K=2048 parts=2 grid=(32,16,2) group=(32,2,2)
[darkbloom][steel-splitk] steel_gemm_splitk_nt_bfloat16_float32_bm32_bn32_bk16_wm2_wn2_MN_taligned_K_taligned M=512 N=1024 K=2048 parts=2 grid=(32,16,2) group=(32,2,2)
[darkbloom][steel-reg] steel_gemm_fused_nt_bfloat16_bfloat16_bm64_bn64_bk16_wm2_wn2 M=512 N=6144 K=2048 grid=(96,8,1) group=(32,2,2)
[darkbloom][steel-splitk] steel_gemm_splitk_nt_bfloat16_float32_bm32_bn32_bk16_wm2_wn2_MN_naligned_K_taligned M=512 N=48 K=2048 parts=4 grid=(2,16,4) group=(32,2,2)
[darkbloom][steel-reg] steel_gemm_fused_nt_bfloat16_bfloat16_bm64_bn64_bk16_wm2_wn2 M=512 N=2048 K=6144 grid=(32,8,1) group=(32,2,2)
[darkbloom][steel-splitk] steel_gemm_splitk_nt_bfloat16_float32_bm32_bn32_bk16_wm2_wn2_MN_taligned_K_taligned M=512 N=256 K=2048 parts=2 grid=(8,16,2) group=(32,2,2)
[darkbloom][steel-splitk] steel_gemm_splitk_nt_bfloat16_float32_bm32_bn32_bk16_wm2_wn2_MN_taligned_K_taligned M=512 N=1024 K=2048 parts=2 grid=(32,16,2) group=(32,2,2)
[darkbloom][steel-splitk] steel_gemm_splitk_nt_bfloat16_float32_bm32_bn32_bk16_wm2_wn2_MN_taligned_K_taligned M=512 N=1024 K=2048 parts=2 grid=(32,16,2) group=(32,2,2)
[darkbloom][steel-reg] steel_gemm_fused_nt_bfloat16_bfloat16_bm64_bn64_bk16_wm2_wn2 M=512 N=8192 K=2048 grid=(128,8,1) group=(32,2,2)
[darkbloom][steel-splitk] steel_gemm_splitk_nt_bfloat16_float32_bm32_bn32_bk16_wm2_wn2_MN_taligned_K_taligned M=512 N=64 K=2048 parts=4 grid=(2,16,4) group=(32,2,2)
[darkbloom][steel-reg] steel_gemm_fused_nt_bfloat16_bfloat16_bm64_bn64_bk16_wm2_wn2 M=512 N=2048 K=8192 grid=(32,8,1) group=(32,2,2)
[darkbloom][steel-splitk] steel_gemm_splitk_nt_bfloat16_float32_bm32_bn32_bk16_wm2_wn2_MN_taligned_K_taligned M=512 N=256 K=2048 parts=2 grid=(8,16,2) group=(32,2,2)
[darkbloom][steel-splitk] steel_gemm_splitk_nt_bfloat16_float32_bm32_bn32_bk16_wm2_wn2_MN_taligned_K_taligned M=512 N=1024 K=2048 parts=2 grid=(32,16,2) group=(32,2,2)
[darkbloom][steel-splitk] steel_gemm_splitk_nt_bfloat16_float32_bm32_bn32_bk16_wm2_wn2_MN_taligned_K_taligned M=512 N=1024 K=2048 parts=2 grid=(32,16,2) group=(32,2,2)
[darkbloom][steel-reg] steel_gemm_fused_nt_bfloat16_bfloat16_bm64_bn64_bk16_wm2_wn2 M=512 N=8192 K=2048 grid=(128,8,1) group=(32,2,2)
[darkbloom][steel-splitk] steel_gemm_splitk_nt_bfloat16_float32_bm32_bn32_bk16_wm2_wn2_MN_taligned_K_taligned M=512 N=64 K=2048 parts=4 grid=(2,16,4) group=(32,2,2)
[darkbloom][steel-reg] steel_gemm_fused_nt_bfloat16_bfloat16_bm64_bn64_bk16_wm2_wn2 M=512 N=2048 K=8192 grid=(32,8,1) group=(32,2,2)
[darkbloom][steel-splitk] steel_gemm_splitk_nt_bfloat16_float32_bm32_bn32_bk16_wm2_wn2_MN_taligned_K_taligned M=512 N=256 K=2048 parts=2 grid=(8,16,2) group=(32,2,2)
[darkbloom][steel-splitk] steel_gemm_splitk_nt_bfloat16_float32_bm32_bn32_bk16_wm2_wn2_MN_taligned_K_taligned M=512 N=1024 K=2048 parts=2 grid=(32,16,2) group=(32,2,2)
[darkbloom][steel-splitk] steel_gemm_splitk_nt_bfloat16_float32_bm32_bn32_bk16_wm2_wn2_MN_taligned_K_taligned M=512 N=1024 K=2048 parts=2 grid=(32,16,2) group=(32,2,2)
[darkbloom][steel-reg] steel_gemm_fused_nt_bfloat16_bfloat16_bm64_bn64_bk16_wm2_wn2 M=512 N=8192 K=2048 grid=(128,8,1) group=(32,2,2)
[darkbloom][steel-splitk] steel_gemm_splitk_nt_bfloat16_float32_bm32_bn32_bk16_wm2_wn2_MN_taligned_K_taligned M=512 N=64 K=2048 parts=4 grid=(2,16,4) group=(32,2,2)
[darkbloom][steel-reg] steel_gemm_fused_nt_bfloat16_bfloat16_bm64_bn64_bk16_wm2_wn2 M=512 N=2048 K=8192 grid=(32,8,1) group=(32,2,2)
[darkbloom][steel-splitk] steel_gemm_splitk_nt_bfloat16_float32_bm32_bn32_bk16_wm2_wn2_MN_taligned_K_taligned M=512 N=256 K=2048 parts=2 grid=(8,16,2) group=(32,2,2)
[darkbloom][steel-splitk] steel_gemm_splitk_nt_bfloat16_float32_bm32_bn32_bk16_wm2_wn2_MN_taligned_K_taligned M=512 N=1024 K=2048 parts=2 grid=(32,16,2) group=(32,2,2)
[darkbloom][steel-splitk] steel_gemm_splitk_nt_bfloat16_float32_bm32_bn32_bk16_wm2_wn2_MN_taligned_K_taligned M=512 N=1024 K=2048 parts=2 grid=(32,16,2) group=(32,2,2)
[darkbloom][steel-reg] steel_gemm_fused_nt_bfloat16_bfloat16_bm64_bn64_bk16_wm2_wn2 M=512 N=6144 K=2048 grid=(96,8,1) group=(32,2,2)
[darkbloom][steel-splitk] steel_gemm_splitk_nt_bfloat16_float32_bm32_bn32_bk16_wm2_wn2_MN_naligned_K_taligned M=512 N=48 K=2048 parts=4 grid=(2,16,4) group=(32,2,2)
[darkbloom][steel-reg] steel_gemm_fused_nt_bfloat16_bfloat16_bm64_bn64_bk16_wm2_wn2 M=512 N=2048 K=6144 grid=(32,8,1) group=(32,2,2)
[darkbloom][steel-splitk] steel_gemm_splitk_nt_bfloat16_float32_bm32_bn32_bk16_wm2_wn2_MN_taligned_K_taligned M=512 N=256 K=2048 parts=2 grid=(8,16,2) group=(32,2,2)
[darkbloom][steel-splitk] steel_gemm_splitk_nt_bfloat16_float32_bm32_bn32_bk16_wm2_wn2_MN_taligned_K_taligned M=512 N=1024 K=2048 parts=2 grid=(32,16,2) group=(32,2,2)
[darkbloom][steel-splitk] steel_gemm_splitk_nt_bfloat16_float32_bm32_bn32_bk16_wm2_wn2_MN_taligned_K_taligned M=512 N=1024 K=2048 parts=2 grid=(32,16,2) group=(32,2,2)
[darkbloom][steel-reg] steel_gemm_fused_nt_bfloat16_bfloat16_bm64_bn64_bk16_wm2_wn2 M=512 N=8192 K=2048 grid=(128,8,1) group=(32,2,2)
[darkbloom][steel-splitk] steel_gemm_splitk_nt_bfloat16_float32_bm32_bn32_bk16_wm2_wn2_MN_taligned_K_taligned M=512 N=64 K=2048 parts=4 grid=(2,16,4) group=(32,2,2)
[darkbloom][steel-reg] steel_gemm_fused_nt_bfloat16_bfloat16_bm64_bn64_bk16_wm2_wn2 M=512 N=2048 K=8192 grid=(32,8,1) group=(32,2,2)
[darkbloom][steel-splitk] steel_gemm_splitk_nt_bfloat16_float32_bm32_bn32_bk16_wm2_wn2_MN_taligned_K_taligned M=512 N=256 K=2048 parts=2 grid=(8,16,2) group=(32,2,2)
[darkbloom][steel-splitk] steel_gemm_splitk_nt_bfloat16_float32_bm32_bn32_bk16_wm2_wn2_MN_taligned_K_taligned M=512 N=1024 K=2048 parts=2 grid=(32,16,2) group=(32,2,2)
[darkbloom][steel-splitk] steel_gemm_splitk_nt_bfloat16_float32_bm32_bn32_bk16_wm2_wn2_MN_taligned_K_taligned M=512 N=1024 K=2048 parts=2 grid=(32,16,2) group=(32,2,2)
[darkbloom][steel-reg] steel_gemm_fused_nt_bfloat16_bfloat16_bm64_bn64_bk16_wm2_wn2 M=512 N=8192 K=2048 grid=(128,8,1) group=(32,2,2)
[darkbloom][steel-splitk] steel_gemm_splitk_nt_bfloat16_float32_bm32_bn32_bk16_wm2_wn2_MN_taligned_K_taligned M=512 N=64 K=2048 parts=4 grid=(2,16,4) group=(32,2,2)
[darkbloom][steel-reg] steel_gemm_fused_nt_bfloat16_bfloat16_bm64_bn64_bk16_wm2_wn2 M=512 N=2048 K=8192 grid=(32,8,1) group=(32,2,2)
[darkbloom][steel-splitk] steel_gemm_splitk_nt_bfloat16_float32_bm32_bn32_bk16_wm2_wn2_MN_taligned_K_taligned M=512 N=256 K=2048 parts=2 grid=(8,16,2) group=(32,2,2)
[darkbloom][steel-splitk] steel_gemm_splitk_nt_bfloat16_float32_bm32_bn32_bk16_wm2_wn2_MN_taligned_K_taligned M=512 N=1024 K=2048 parts=2 grid=(32,16,2) group=(32,2,2)
[darkbloom][steel-splitk] steel_gemm_splitk_nt_bfloat16_float32_bm32_bn32_bk16_wm2_wn2_MN_taligned_K_taligned M=512 N=1024 K=2048 parts=2 grid=(32,16,2) group=(32,2,2)
[darkbloom][steel-reg] steel_gemm_fused_nt_bfloat16_bfloat16_bm64_bn64_bk16_wm2_wn2 M=512 N=8192 K=2048 grid=(128,8,1) group=(32,2,2)
[darkbloom][steel-splitk] steel_gemm_splitk_nt_bfloat16_float32_bm32_bn32_bk16_wm2_wn2_MN_taligned_K_taligned M=512 N=64 K=2048 parts=4 grid=(2,16,4) group=(32,2,2)
[darkbloom][steel-reg] steel_gemm_fused_nt_bfloat16_bfloat16_bm64_bn64_bk16_wm2_wn2 M=512 N=2048 K=8192 grid=(32,8,1) group=(32,2,2)
[darkbloom][steel-splitk] steel_gemm_splitk_nt_bfloat16_float32_bm32_bn32_bk16_wm2_wn2_MN_taligned_K_taligned M=512 N=256 K=2048 parts=2 grid=(8,16,2) group=(32,2,2)
[darkbloom][steel-splitk] steel_gemm_splitk_nt_bfloat16_float32_bm32_bn32_bk16_wm2_wn2_MN_taligned_K_taligned M=512 N=1024 K=2048 parts=2 grid=(32,16,2) group=(32,2,2)
[darkbloom][steel-splitk] steel_gemm_splitk_nt_bfloat16_float32_bm32_bn32_bk16_wm2_wn2_MN_taligned_K_taligned M=512 N=1024 K=2048 parts=2 grid=(32,16,2) group=(32,2,2)
[darkbloom][steel-reg] steel_gemm_fused_nt_bfloat16_bfloat16_bm64_bn64_bk16_wm2_wn2 M=512 N=6144 K=2048 grid=(96,8,1) group=(32,2,2)
[darkbloom][steel-splitk] steel_gemm_splitk_nt_bfloat16_float32_bm32_bn32_bk16_wm2_wn2_MN_naligned_K_taligned M=512 N=48 K=2048 parts=4 grid=(2,16,4) group=(32,2,2)
[darkbloom][steel-reg] steel_gemm_fused_nt_bfloat16_bfloat16_bm64_bn64_bk16_wm2_wn2 M=512 N=2048 K=6144 grid=(32,8,1) group=(32,2,2)
[darkbloom][steel-splitk] steel_gemm_splitk_nt_bfloat16_float32_bm32_bn32_bk16_wm2_wn2_MN_taligned_K_taligned M=512 N=256 K=2048 parts=2 grid=(8,16,2) group=(32,2,2)
[darkbloom][steel-splitk] steel_gemm_splitk_nt_bfloat16_float32_bm32_bn32_bk16_wm2_wn2_MN_taligned_K_taligned M=512 N=1024 K=2048 parts=2 grid=(32,16,2) group=(32,2,2)
[darkbloom][steel-splitk] steel_gemm_splitk_nt_bfloat16_float32_bm32_bn32_bk16_wm2_wn2_MN_taligned_K_taligned M=512 N=1024 K=2048 parts=2 grid=(32,16,2) group=(32,2,2)
[darkbloom][steel-reg] steel_gemm_fused_nt_bfloat16_bfloat16_bm64_bn64_bk16_wm2_wn2 M=512 N=8192 K=2048 grid=(128,8,1) group=(32,2,2)
[darkbloom][steel-splitk] steel_gemm_splitk_nt_bfloat16_float32_bm32_bn32_bk16_wm2_wn2_MN_taligned_K_taligned M=512 N=64 K=2048 parts=4 grid=(2,16,4) group=(32,2,2)
[darkbloom][steel-reg] steel_gemm_fused_nt_bfloat16_bfloat16_bm64_bn64_bk16_wm2_wn2 M=512 N=2048 K=8192 grid=(32,8,1) group=(32,2,2)
[darkbloom][steel-splitk] steel_gemm_splitk_nt_bfloat16_float32_bm32_bn32_bk16_wm2_wn2_MN_taligned_K_taligned M=512 N=256 K=2048 parts=2 grid=(8,16,2) group=(32,2,2)
[darkbloom][steel-splitk] steel_gemm_splitk_nt_bfloat16_float32_bm32_bn32_bk16_wm2_wn2_MN_taligned_K_taligned M=512 N=1024 K=2048 parts=2 grid=(32,16,2) group=(32,2,2)
[darkbloom][steel-splitk] steel_gemm_splitk_nt_bfloat16_float32_bm32_bn32_bk16_wm2_wn2_MN_taligned_K_taligned M=512 N=1024 K=2048 parts=2 grid=(32,16,2) group=(32,2,2)
[darkbloom][steel-reg] steel_gemm_fused_nt_bfloat16_bfloat16_bm64_bn64_bk16_wm2_wn2 M=512 N=8192 K=2048 grid=(128,8,1) group=(32,2,2)
[darkbloom][steel-splitk] steel_gemm_splitk_nt_bfloat16_float32_bm32_bn32_bk16_wm2_wn2_MN_taligned_K_taligned M=512 N=64 K=2048 parts=4 grid=(2,16,4) group=(32,2,2)
[darkbloom][steel-reg] steel_gemm_fused_nt_bfloat16_bfloat16_bm64_bn64_bk16_wm2_wn2 M=512 N=2048 K=8192 grid=(32,8,1) group=(32,2,2)
[darkbloom][steel-splitk] steel_gemm_splitk_nt_bfloat16_float32_bm32_bn32_bk16_wm2_wn2_MN_taligned_K_taligned M=512 N=256 K=2048 parts=2 grid=(8,16,2) group=(32,2,2)
[darkbloom][steel-splitk] steel_gemm_splitk_nt_bfloat16_float32_bm32_bn32_bk16_wm2_wn2_MN_taligned_K_taligned M=512 N=1024 K=2048 parts=2 grid=(32,16,2) group=(32,2,2)
[darkbloom][steel-splitk] steel_gemm_splitk_nt_bfloat16_float32_bm32_bn32_bk16_wm2_wn2_MN_taligned_K_taligned M=512 N=1024 K=2048 parts=2 grid=(32,16,2) group=(32,2,2)
[darkbloom][steel-reg] steel_gemm_fused_nt_bfloat16_bfloat16_bm64_bn64_bk16_wm2_wn2 M=512 N=8192 K=2048 grid=(128,8,1) group=(32,2,2)
[darkbloom][steel-splitk] steel_gemm_splitk_nt_bfloat16_float32_bm32_bn32_bk16_wm2_wn2_MN_taligned_K_taligned M=512 N=64 K=2048 parts=4 grid=(2,16,4) group=(32,2,2)
[darkbloom][steel-reg] steel_gemm_fused_nt_bfloat16_bfloat16_bm64_bn64_bk16_wm2_wn2 M=512 N=2048 K=8192 grid=(32,8,1) group=(32,2,2)
[darkbloom][steel-splitk] steel_gemm_splitk_nt_bfloat16_float32_bm32_bn32_bk16_wm2_wn2_MN_taligned_K_taligned M=512 N=256 K=2048 parts=2 grid=(8,16,2) group=(32,2,2)
[darkbloom][steel-splitk] steel_gemm_splitk_nt_bfloat16_float32_bm32_bn32_bk16_wm2_wn2_MN_taligned_K_taligned M=512 N=1024 K=2048 parts=2 grid=(32,16,2) group=(32,2,2)
[darkbloom][steel-splitk] steel_gemm_splitk_nt_bfloat16_float32_bm32_bn32_bk16_wm2_wn2_MN_taligned_K_taligned M=512 N=1024 K=2048 parts=2 grid=(32,16,2) group=(32,2,2)
[darkbloom][steel-reg] steel_gemm_fused_nt_bfloat16_bfloat16_bm64_bn64_bk16_wm2_wn2 M=512 N=6144 K=2048 grid=(96,8,1) group=(32,2,2)
[darkbloom][steel-splitk] steel_gemm_splitk_nt_bfloat16_float32_bm32_bn32_bk16_wm2_wn2_MN_naligned_K_taligned M=512 N=48 K=2048 parts=4 grid=(2,16,4) group=(32,2,2)
[darkbloom][steel-reg] steel_gemm_fused_nt_bfloat16_bfloat16_bm64_bn64_bk16_wm2_wn2 M=512 N=2048 K=6144 grid=(32,8,1) group=(32,2,2)
[darkbloom][steel-splitk] steel_gemm_splitk_nt_bfloat16_float32_bm32_bn32_bk16_wm2_wn2_MN_taligned_K_taligned M=512 N=256 K=2048 parts=2 grid=(8,16,2) group=(32,2,2)
[darkbloom][steel-splitk] steel_gemm_splitk_nt_bfloat16_float32_bm32_bn32_bk16_wm2_wn2_MN_taligned_K_taligned M=512 N=1024 K=2048 parts=2 grid=(32,16,2) group=(32,2,2)
[darkbloom][steel-splitk] steel_gemm_splitk_nt_bfloat16_float32_bm32_bn32_bk16_wm2_wn2_MN_taligned_K_taligned M=512 N=1024 K=2048 parts=2 grid=(32,16,2) group=(32,2,2)
[darkbloom][steel-reg] steel_gemm_fused_nt_bfloat16_bfloat16_bm64_bn64_bk16_wm2_wn2 M=512 N=8192 K=2048 grid=(128,8,1) group=(32,2,2)
[darkbloom][steel-splitk] steel_gemm_splitk_nt_bfloat16_float32_bm32_bn32_bk16_wm2_wn2_MN_taligned_K_taligned M=512 N=64 K=2048 parts=4 grid=(2,16,4) group=(32,2,2)
[darkbloom][steel-reg] steel_gemm_fused_nt_bfloat16_bfloat16_bm64_bn64_bk16_wm2_wn2 M=512 N=2048 K=8192 grid=(32,8,1) group=(32,2,2)
[darkbloom][steel-splitk] steel_gemm_splitk_nt_bfloat16_float32_bm32_bn32_bk16_wm2_wn2_MN_taligned_K_taligned M=512 N=256 K=2048 parts=2 grid=(8,16,2) group=(32,2,2)
[darkbloom][steel-splitk] steel_gemm_splitk_nt_bfloat16_float32_bm32_bn32_bk16_wm2_wn2_MN_taligned_K_taligned M=512 N=1024 K=2048 parts=2 grid=(32,16,2) group=(32,2,2)
[darkbloom][steel-splitk] steel_gemm_splitk_nt_bfloat16_float32_bm32_bn32_bk16_wm2_wn2_MN_taligned_K_taligned M=512 N=1024 K=2048 parts=2 grid=(32,16,2) group=(32,2,2)
[darkbloom][steel-reg] steel_gemm_fused_nt_bfloat16_bfloat16_bm64_bn64_bk16_wm2_wn2 M=512 N=8192 K=2048 grid=(128,8,1) group=(32,2,2)
[darkbloom][steel-splitk] steel_gemm_splitk_nt_bfloat16_float32_bm32_bn32_bk16_wm2_wn2_MN_taligned_K_taligned M=512 N=64 K=2048 parts=4 grid=(2,16,4) group=(32,2,2)
[darkbloom][steel-reg] steel_gemm_fused_nt_bfloat16_bfloat16_bm64_bn64_bk16_wm2_wn2 M=512 N=2048 K=8192 grid=(32,8,1) group=(32,2,2)
[darkbloom][steel-splitk] steel_gemm_splitk_nt_bfloat16_float32_bm32_bn32_bk16_wm2_wn2_MN_taligned_K_taligned M=512 N=256 K=2048 parts=2 grid=(8,16,2) group=(32,2,2)
[darkbloom][steel-splitk] steel_gemm_splitk_nt_bfloat16_float32_bm32_bn32_bk16_wm2_wn2_MN_taligned_K_taligned M=512 N=1024 K=2048 parts=2 grid=(32,16,2) group=(32,2,2)
[darkbloom][steel-splitk] steel_gemm_splitk_nt_bfloat16_float32_bm32_bn32_bk16_wm2_wn2_MN_taligned_K_taligned M=512 N=1024 K=2048 parts=2 grid=(32,16,2) group=(32,2,2)
[darkbloom][steel-reg] steel_gemm_fused_nt_bfloat16_bfloat16_bm64_bn64_bk16_wm2_wn2 M=512 N=8192 K=2048 grid=(128,8,1) group=(32,2,2)
[darkbloom][steel-splitk] steel_gemm_splitk_nt_bfloat16_float32_bm32_bn32_bk16_wm2_wn2_MN_taligned_K_taligned M=512 N=64 K=2048 parts=4 grid=(2,16,4) group=(32,2,2)
[darkbloom][steel-reg] steel_gemm_fused_nt_bfloat16_bfloat16_bm64_bn64_bk16_wm2_wn2 M=512 N=2048 K=8192 grid=(32,8,1) group=(32,2,2)
[darkbloom][steel-splitk] steel_gemm_splitk_nt_bfloat16_float32_bm32_bn32_bk16_wm2_wn2_MN_taligned_K_taligned M=512 N=256 K=2048 parts=2 grid=(8,16,2) group=(32,2,2)
[darkbloom][steel-splitk] steel_gemm_splitk_nt_bfloat16_float32_bm32_bn32_bk16_wm2_wn2_MN_taligned_K_taligned M=512 N=1024 K=2048 parts=2 grid=(32,16,2) group=(32,2,2)
[darkbloom][steel-splitk] steel_gemm_splitk_nt_bfloat16_float32_bm32_bn32_bk16_wm2_wn2_MN_taligned_K_taligned M=512 N=1024 K=2048 parts=2 grid=(32,16,2) group=(32,2,2)
[darkbloom][steel-reg] steel_gemm_fused_nt_bfloat16_bfloat16_bm64_bn64_bk16_wm2_wn2 M=512 N=6144 K=2048 grid=(96,8,1) group=(32,2,2)
[darkbloom][steel-splitk] steel_gemm_splitk_nt_bfloat16_float32_bm32_bn32_bk16_wm2_wn2_MN_naligned_K_taligned M=512 N=48 K=2048 parts=4 grid=(2,16,4) group=(32,2,2)
[darkbloom][steel-reg] steel_gemm_fused_nt_bfloat16_bfloat16_bm64_bn64_bk16_wm2_wn2 M=512 N=2048 K=6144 grid=(32,8,1) group=(32,2,2)
[darkbloom][steel-splitk] steel_gemm_splitk_nt_bfloat16_float32_bm32_bn32_bk16_wm2_wn2_MN_taligned_K_taligned M=512 N=256 K=2048 parts=2 grid=(8,16,2) group=(32,2,2)
[darkbloom][steel-splitk] steel_gemm_splitk_nt_bfloat16_float32_bm32_bn32_bk16_wm2_wn2_MN_taligned_K_taligned M=512 N=1024 K=2048 parts=2 grid=(32,16,2) group=(32,2,2)
[darkbloom][steel-splitk] steel_gemm_splitk_nt_bfloat16_float32_bm32_bn32_bk16_wm2_wn2_MN_taligned_K_taligned M=512 N=1024 K=2048 parts=2 grid=(32,16,2) group=(32,2,2)
[darkbloom][steel-reg] steel_gemm_fused_nt_bfloat16_bfloat16_bm64_bn64_bk16_wm2_wn2 M=512 N=8192 K=2048 grid=(128,8,1) group=(32,2,2)
[darkbloom][steel-splitk] steel_gemm_splitk_nt_bfloat16_float32_bm32_bn32_bk16_wm2_wn2_MN_taligned_K_taligned M=512 N=64 K=2048 parts=4 grid=(2,16,4) group=(32,2,2)
[darkbloom][steel-reg] steel_gemm_fused_nt_bfloat16_bfloat16_bm64_bn64_bk16_wm2_wn2 M=512 N=2048 K=8192 grid=(32,8,1) group=(32,2,2)
[darkbloom][steel-splitk] steel_gemm_splitk_nt_bfloat16_float32_bm32_bn32_bk16_wm2_wn2_MN_taligned_K_taligned M=512 N=256 K=2048 parts=2 grid=(8,16,2) group=(32,2,2)
[darkbloom][steel-splitk] steel_gemm_splitk_nt_bfloat16_float32_bm32_bn32_bk16_wm2_wn2_MN_taligned_K_taligned M=512 N=1024 K=2048 parts=2 grid=(32,16,2) group=(32,2,2)
[darkbloom][steel-splitk] steel_gemm_splitk_nt_bfloat16_float32_bm32_bn32_bk16_wm2_wn2_MN_taligned_K_taligned M=512 N=1024 K=2048 parts=2 grid=(32,16,2) group=(32,2,2)
[darkbloom][steel-reg] steel_gemm_fused_nt_bfloat16_bfloat16_bm64_bn64_bk16_wm2_wn2 M=512 N=8192 K=2048 grid=(128,8,1) group=(32,2,2)
[darkbloom][steel-splitk] steel_gemm_splitk_nt_bfloat16_float32_bm32_bn32_bk16_wm2_wn2_MN_taligned_K_taligned M=512 N=64 K=2048 parts=4 grid=(2,16,4) group=(32,2,2)
[darkbloom][steel-reg] steel_gemm_fused_nt_bfloat16_bfloat16_bm64_bn64_bk16_wm2_wn2 M=512 N=2048 K=8192 grid=(32,8,1) group=(32,2,2)
[darkbloom][steel-splitk] steel_gemm_splitk_nt_bfloat16_float32_bm32_bn32_bk16_wm2_wn2_MN_taligned_K_taligned M=512 N=256 K=2048 parts=2 grid=(8,16,2) group=(32,2,2)
[darkbloom][steel-splitk] steel_gemm_splitk_nt_bfloat16_float32_bm32_bn32_bk16_wm2_wn2_MN_taligned_K_taligned M=512 N=1024 K=2048 parts=2 grid=(32,16,2) group=(32,2,2)
[darkbloom][steel-splitk] steel_gemm_splitk_nt_bfloat16_float32_bm32_bn32_bk16_wm2_wn2_MN_taligned_K_taligned M=512 N=1024 K=2048 parts=2 grid=(32,16,2) group=(32,2,2)
[darkbloom][steel-reg] steel_gemm_fused_nt_bfloat16_bfloat16_bm64_bn64_bk16_wm2_wn2 M=512 N=8192 K=2048 grid=(128,8,1) group=(32,2,2)
[darkbloom][steel-splitk] steel_gemm_splitk_nt_bfloat16_float32_bm32_bn32_bk16_wm2_wn2_MN_taligned_K_taligned M=512 N=64 K=2048 parts=4 grid=(2,16,4) group=(32,2,2)
[darkbloom][steel-reg] steel_gemm_fused_nt_bfloat16_bfloat16_bm64_bn64_bk16_wm2_wn2 M=512 N=2048 K=8192 grid=(32,8,1) group=(32,2,2)
[darkbloom][steel-splitk] steel_gemm_splitk_nt_bfloat16_float32_bm32_bn32_bk16_wm2_wn2_MN_taligned_K_taligned M=512 N=256 K=2048 parts=2 grid=(8,16,2) group=(32,2,2)
[darkbloom][steel-splitk] steel_gemm_splitk_nt_bfloat16_float32_bm32_bn32_bk16_wm2_wn2_MN_taligned_K_taligned M=512 N=1024 K=2048 parts=2 grid=(32,16,2) group=(32,2,2)
[darkbloom][steel-splitk] steel_gemm_splitk_nt_bfloat16_float32_bm32_bn32_bk16_wm2_wn2_MN_taligned_K_taligned M=512 N=1024 K=2048 parts=2 grid=(32,16,2) group=(32,2,2)
[darkbloom][steel-reg] steel_gemm_fused_nt_bfloat16_bfloat16_bm64_bn64_bk16_wm2_wn2 M=512 N=6144 K=2048 grid=(96,8,1) group=(32,2,2)
[darkbloom][steel-splitk] steel_gemm_splitk_nt_bfloat16_float32_bm32_bn32_bk16_wm2_wn2_MN_naligned_K_taligned M=512 N=48 K=2048 parts=4 grid=(2,16,4) group=(32,2,2)
[darkbloom][steel-reg] steel_gemm_fused_nt_bfloat16_bfloat16_bm64_bn64_bk16_wm2_wn2 M=512 N=2048 K=6144 grid=(32,8,1) group=(32,2,2)
[darkbloom][steel-splitk] steel_gemm_splitk_nt_bfloat16_float32_bm32_bn32_bk16_wm2_wn2_MN_taligned_K_taligned M=512 N=256 K=2048 parts=2 grid=(8,16,2) group=(32,2,2)
[darkbloom][steel-splitk] steel_gemm_splitk_nt_bfloat16_float32_bm32_bn32_bk16_wm2_wn2_MN_taligned_K_taligned M=512 N=1024 K=2048 parts=2 grid=(32,16,2) group=(32,2,2)
[darkbloom][steel-splitk] steel_gemm_splitk_nt_bfloat16_float32_bm32_bn32_bk16_wm2_wn2_MN_taligned_K_taligned M=512 N=1024 K=2048 parts=2 grid=(32,16,2) group=(32,2,2)
[darkbloom][steel-reg] steel_gemm_fused_nt_bfloat16_bfloat16_bm64_bn64_bk16_wm2_wn2 M=512 N=8192 K=2048 grid=(128,8,1) group=(32,2,2)
[darkbloom][steel-splitk] steel_gemm_splitk_nt_bfloat16_float32_bm32_bn32_bk16_wm2_wn2_MN_taligned_K_taligned M=512 N=64 K=2048 parts=4 grid=(2,16,4) group=(32,2,2)
[darkbloom][steel-reg] steel_gemm_fused_nt_bfloat16_bfloat16_bm64_bn64_bk16_wm2_wn2 M=512 N=2048 K=8192 grid=(32,8,1) group=(32,2,2)
[darkbloom][steel-splitk] steel_gemm_splitk_nt_bfloat16_float32_bm32_bn32_bk16_wm2_wn2_MN_taligned_K_taligned M=512 N=256 K=2048 parts=2 grid=(8,16,2) group=(32,2,2)
[darkbloom][steel-splitk] steel_gemm_splitk_nt_bfloat16_float32_bm32_bn32_bk16_wm2_wn2_MN_taligned_K_taligned M=512 N=1024 K=2048 parts=2 grid=(32,16,2) group=(32,2,2)
[darkbloom][steel-splitk] steel_gemm_splitk_nt_bfloat16_float32_bm32_bn32_bk16_wm2_wn2_MN_taligned_K_taligned M=512 N=1024 K=2048 parts=2 grid=(32,16,2) group=(32,2,2)
[darkbloom][steel-reg] steel_gemm_fused_nt_bfloat16_bfloat16_bm64_bn64_bk16_wm2_wn2 M=512 N=8192 K=2048 grid=(128,8,1) group=(32,2,2)
[darkbloom][steel-splitk] steel_gemm_splitk_nt_bfloat16_float32_bm32_bn32_bk16_wm2_wn2_MN_taligned_K_taligned M=512 N=64 K=2048 parts=4 grid=(2,16,4) group=(32,2,2)
[darkbloom][steel-reg] steel_gemm_fused_nt_bfloat16_bfloat16_bm64_bn64_bk16_wm2_wn2 M=512 N=2048 K=8192 grid=(32,8,1) group=(32,2,2)
[darkbloom][steel-splitk] steel_gemm_splitk_nt_bfloat16_float32_bm32_bn32_bk16_wm2_wn2_MN_taligned_K_taligned M=512 N=256 K=2048 parts=2 grid=(8,16,2) group=(32,2,2)
mlxfast: packed-scales active: routed swiglu qmv packed dispatch
[darkbloom][steel-reg] steel_gemm_fused_nt_bfloat16_bfloat16_bm64_bn64_bk16_wm2_wn2 M=512 N=2048 K=2048 grid=(32,8,1) group=(32,2,2)
[darkbloom][steel-splitk] steel_gemm_splitk_nt_bfloat16_float32_bm32_bn32_bk16_wm2_wn2_MN_taligned_K_taligned M=512 N=1024 K=2048 parts=2 grid=(32,16,2) group=(32,2,2)
[darkbloom][steel-splitk] steel_gemm_splitk_nt_bfloat16_float32_bm32_bn32_bk16_wm2_wn2_MN_taligned_K_taligned M=512 N=1024 K=2048 parts=2 grid=(32,16,2) group=(32,2,2)
[darkbloom][steel-reg] steel_gemm_fused_nt_bfloat16_bfloat16_bm64_bn64_bk16_wm2_wn2 M=512 N=6144 K=2048 grid=(96,8,1) group=(32,2,2)
[darkbloom][steel-splitk] steel_gemm_splitk_nt_bfloat16_float32_bm32_bn32_bk16_wm2_wn2_MN_naligned_K_taligned M=512 N=48 K=2048 parts=4 grid=(2,16,4) group=(32,2,2)
[darkbloom][steel-reg] steel_gemm_fused_nt_bfloat16_bfloat16_bm64_bn64_bk16_wm2_wn2 M=512 N=2048 K=6144 grid=(32,8,1) group=(32,2,2)
[darkbloom][steel-reg] steel_gemm_fused_nt_bfloat16_bfloat16_bm64_bn64_bk16_wm2_wn2 M=512 N=8192 K=2048 grid=(128,8,1) group=(32,2,2)
[darkbloom][steel-reg] steel_gemm_fused_nt_bfloat16_bfloat16_bm64_bn64_bk16_wm2_wn2 M=512 N=8192 K=2048 grid=(128,8,1) group=(32,2,2)
[darkbloom][steel-reg] steel_gemm_fused_nt_bfloat16_bfloat16_bm64_bn64_bk16_wm2_wn2 M=512 N=2048 K=8192 grid=(32,8,1) group=(32,2,2)
[darkbloom][steel-splitk] steel_gemm_splitk_nt_bfloat16_float32_bm32_bn32_bk16_wm2_wn2_MN_taligned_K_taligned M=512 N=1024 K=2048 parts=2 grid=(32,16,2) group=(32,2,2)
[darkbloom][steel-splitk] steel_gemm_splitk_nt_bfloat16_float32_bm32_bn32_bk16_wm2_wn2_MN_taligned_K_taligned M=512 N=1024 K=2048 parts=2 grid=(32,16,2) group=(32,2,2)
[darkbloom][steel-reg] steel_gemm_fused_nt_bfloat16_bfloat16_bm64_bn64_bk16_wm2_wn2 M=512 N=8192 K=2048 grid=(128,8,1) group=(32,2,2)
[darkbloom][steel-splitk] steel_gemm_splitk_nt_bfloat16_float32_bm32_bn32_bk16_wm2_wn2_MN_taligned_K_taligned M=512 N=64 K=2048 parts=4 grid=(2,16,4) group=(32,2,2)
[darkbloom][steel-reg] steel_gemm_fused_nt_bfloat16_bfloat16_bm64_bn64_bk16_wm2_wn2 M=512 N=2048 K=8192 grid=(32,8,1) group=(32,2,2)
[darkbloom][steel-splitk] steel_gemm_splitk_nt_bfloat16_float32_bm32_bn32_bk16_wm2_wn2_MN_taligned_K_taligned M=512 N=256 K=2048 parts=2 grid=(8,16,2) group=(32,2,2)
[darkbloom][steel-splitk] steel_gemm_splitk_nt_bfloat16_float32_bm32_bn32_bk16_wm2_wn2_MN_taligned_K_taligned M=512 N=1024 K=2048 parts=2 grid=(32,16,2) group=(32,2,2)
[darkbloom][steel-splitk] steel_gemm_splitk_nt_bfloat16_float32_bm32_bn32_bk16_wm2_wn2_MN_taligned_K_taligned M=512 N=1024 K=2048 parts=2 grid=(32,16,2) group=(32,2,2)
[darkbloom][steel-reg] steel_gemm_fused_nt_bfloat16_bfloat16_bm64_bn64_bk16_wm2_wn2 M=512 N=8192 K=2048 grid=(128,8,1) group=(32,2,2)
[darkbloom][steel-splitk] steel_gemm_splitk_nt_bfloat16_float32_bm32_bn32_bk16_wm2_wn2_MN_taligned_K_taligned M=512 N=64 K=2048 parts=4 grid=(2,16,4) group=(32,2,2)
[darkbloom][steel-reg] steel_gemm_fused_nt_bfloat16_bfloat16_bm64_bn64_bk16_wm2_wn2 M=512 N=2048 K=8192 grid=(32,8,1) group=(32,2,2)
[darkbloom][steel-splitk] steel_gemm_splitk_nt_bfloat16_float32_bm32_bn32_bk16_wm2_wn2_MN_taligned_K_taligned M=512 N=256 K=2048 parts=2 grid=(8,16,2) group=(32,2,2)
[darkbloom][steel-splitk] steel_gemm_splitk_nt_bfloat16_float32_bm32_bn32_bk16_wm2_wn2_MN_taligned_K_taligned M=512 N=1024 K=2048 parts=2 grid=(32,16,2) group=(32,2,2)
[darkbloom][steel-splitk] steel_gemm_splitk_nt_bfloat16_float32_bm32_bn32_bk16_wm2_wn2_MN_taligned_K_taligned M=512 N=1024 K=2048 parts=2 grid=(32,16,2) group=(32,2,2)
[darkbloom][steel-reg] steel_gemm_fused_nt_bfloat16_bfloat16_bm64_bn64_bk16_wm2_wn2 M=512 N=8192 K=2048 grid=(128,8,1) group=(32,2,2)
[darkbloom][steel-splitk] steel_gemm_splitk_nt_bfloat16_float32_bm32_bn32_bk16_wm2_wn2_MN_taligned_K_taligned M=512 N=64 K=2048 parts=4 grid=(2,16,4) group=(32,2,2)
[darkbloom][steel-reg] steel_gemm_fused_nt_bfloat16_bfloat16_bm64_bn64_bk16_wm2_wn2 M=512 N=2048 K=8192 grid=(32,8,1) group=(32,2,2)
[darkbloom][steel-splitk] steel_gemm_splitk_nt_bfloat16_float32_bm32_bn32_bk16_wm2_wn2_MN_taligned_K_taligned M=512 N=256 K=2048 parts=2 grid=(8,16,2) group=(32,2,2)
[darkbloom][steel-splitk] steel_gemm_splitk_nt_bfloat16_float32_bm32_bn32_bk16_wm2_wn2_MN_taligned_K_taligned M=512 N=1024 K=2048 parts=2 grid=(32,16,2) group=(32,2,2)
[darkbloom][steel-splitk] steel_gemm_splitk_nt_bfloat16_float32_bm32_bn32_bk16_wm2_wn2_MN_taligned_K_taligned M=512 N=1024 K=2048 parts=2 grid=(32,16,2) group=(32,2,2)
[darkbloom][steel-reg] steel_gemm_fused_nt_bfloat16_bfloat16_bm64_bn64_bk16_wm2_wn2 M=512 N=6144 K=2048 grid=(96,8,1) group=(32,2,2)
[darkbloom][steel-splitk] steel_gemm_splitk_nt_bfloat16_float32_bm32_bn32_bk16_wm2_wn2_MN_naligned_K_taligned M=512 N=48 K=2048 parts=4 grid=(2,16,4) group=(32,2,2)
[darkbloom][steel-reg] steel_gemm_fused_nt_bfloat16_bfloat16_bm64_bn64_bk16_wm2_wn2 M=512 N=2048 K=6144 grid=(32,8,1) group=(32,2,2)
[darkbloom][steel-splitk] steel_gemm_splitk_nt_bfloat16_float32_bm32_bn32_bk16_wm2_wn2_MN_taligned_K_taligned M=512 N=256 K=2048 parts=2 grid=(8,16,2) group=(32,2,2)
[darkbloom][steel-splitk] steel_gemm_splitk_nt_bfloat16_float32_bm32_bn32_bk16_wm2_wn2_MN_taligned_K_taligned M=512 N=1024 K=2048 parts=2 grid=(32,16,2) group=(32,2,2)
[darkbloom][steel-splitk] steel_gemm_splitk_nt_bfloat16_float32_bm32_bn32_bk16_wm2_wn2_MN_taligned_K_taligned M=512 N=1024 K=2048 parts=2 grid=(32,16,2) group=(32,2,2)
[darkbloom][steel-reg] steel_gemm_fused_nt_bfloat16_bfloat16_bm64_bn64_bk16_wm2_wn2 M=512 N=8192 K=2048 grid=(128,8,1) group=(32,2,2)
[darkbloom][steel-splitk] steel_gemm_splitk_nt_bfloat16_float32_bm32_bn32_bk16_wm2_wn2_MN_taligned_K_taligned M=512 N=64 K=2048 parts=4 grid=(2,16,4) group=(32,2,2)
[darkbloom][steel-reg] steel_gemm_fused_nt_bfloat16_bfloat16_bm64_bn64_bk16_wm2_wn2 M=512 N=2048 K=8192 grid=(32,8,1) group=(32,2,2)
[darkbloom][steel-splitk] steel_gemm_splitk_nt_bfloat16_float32_bm32_bn32_bk16_wm2_wn2_MN_taligned_K_taligned M=512 N=256 K=2048 parts=2 grid=(8,16,2) group=(32,2,2)
[darkbloom][steel-splitk] steel_gemm_splitk_nt_bfloat16_float32_bm32_bn32_bk16_wm2_wn2_MN_taligned_K_taligned M=512 N=1024 K=2048 parts=2 grid=(32,16,2) group=(32,2,2)
[darkbloom][steel-splitk] steel_gemm_splitk_nt_bfloat16_float32_bm32_bn32_bk16_wm2_wn2_MN_taligned_K_taligned M=512 N=1024 K=2048 parts=2 grid=(32,16,2) group=(32,2,2)
[darkbloom][steel-reg] steel_gemm_fused_nt_bfloat16_bfloat16_bm64_bn64_bk16_wm2_wn2 M=512 N=8192 K=2048 grid=(128,8,1) group=(32,2,2)
[darkbloom][steel-splitk] steel_gemm_splitk_nt_bfloat16_float32_bm32_bn32_bk16_wm2_wn2_MN_taligned_K_taligned M=512 N=64 K=2048 parts=4 grid=(2,16,4) group=(32,2,2)
[darkbloom][steel-reg] steel_gemm_fused_nt_bfloat16_bfloat16_bm64_bn64_bk16_wm2_wn2 M=512 N=2048 K=8192 grid=(32,8,1) group=(32,2,2)
[darkbloom][steel-splitk] steel_gemm_splitk_nt_bfloat16_float32_bm32_bn32_bk16_wm2_wn2_MN_taligned_K_taligned M=512 N=256 K=2048 parts=2 grid=(8,16,2) group=(32,2,2)
[darkbloom][steel-splitk] steel_gemm_splitk_nt_bfloat16_float32_bm32_bn32_bk16_wm2_wn2_MN_taligned_K_taligned M=512 N=1024 K=2048 parts=2 grid=(32,16,2) group=(32,2,2)
[darkbloom][steel-splitk] steel_gemm_splitk_nt_bfloat16_float32_bm32_bn32_bk16_wm2_wn2_MN_taligned_K_taligned M=512 N=1024 K=2048 parts=2 grid=(32,16,2) group=(32,2,2)
[darkbloom][steel-reg] steel_gemm_fused_nt_bfloat16_bfloat16_bm64_bn64_bk16_wm2_wn2 M=512 N=8192 K=2048 grid=(128,8,1) group=(32,2,2)
[darkbloom][steel-splitk] steel_gemm_splitk_nt_bfloat16_float32_bm32_bn32_bk16_wm2_wn2_MN_taligned_K_taligned M=512 N=64 K=2048 parts=4 grid=(2,16,4) group=(32,2,2)
[darkbloom][steel-reg] steel_gemm_fused_nt_bfloat16_bfloat16_bm64_bn64_bk16_wm2_wn2 M=512 N=2048 K=8192 grid=(32,8,1) group=(32,2,2)
[darkbloom][steel-splitk] steel_gemm_splitk_nt_bfloat16_float32_bm32_bn32_bk16_wm2_wn2_MN_taligned_K_taligned M=512 N=256 K=2048 parts=2 grid=(8,16,2) group=(32,2,2)
[darkbloom][steel-splitk] steel_gemm_splitk_nt_bfloat16_float32_bm32_bn32_bk16_wm2_wn2_MN_taligned_K_taligned M=512 N=1024 K=2048 parts=2 grid=(32,16,2) group=(32,2,2)
[darkbloom][steel-splitk] steel_gemm_splitk_nt_bfloat16_float32_bm32_bn32_bk16_wm2_wn2_MN_taligned_K_taligned M=512 N=1024 K=2048 parts=2 grid=(32,16,2) group=(32,2,2)
[darkbloom][steel-reg] steel_gemm_fused_nt_bfloat16_bfloat16_bm64_bn64_bk16_wm2_wn2 M=512 N=6144 K=2048 grid=(96,8,1) group=(32,2,2)
[darkbloom][steel-splitk] steel_gemm_splitk_nt_bfloat16_float32_bm32_bn32_bk16_wm2_wn2_MN_naligned_K_taligned M=512 N=48 K=2048 parts=4 grid=(2,16,4) group=(32,2,2)
[darkbloom][steel-reg] steel_gemm_fused_nt_bfloat16_bfloat16_bm64_bn64_bk16_wm2_wn2 M=512 N=2048 K=6144 grid=(32,8,1) group=(32,2,2)
[darkbloom][steel-splitk] steel_gemm_splitk_nt_bfloat16_float32_bm32_bn32_bk16_wm2_wn2_MN_taligned_K_taligned M=512 N=256 K=2048 parts=2 grid=(8,16,2) group=(32,2,2)
[darkbloom][steel-splitk] steel_gemm_splitk_nt_bfloat16_float32_bm32_bn32_bk16_wm2_wn2_MN_taligned_K_taligned M=512 N=1024 K=2048 parts=2 grid=(32,16,2) group=(32,2,2)
[darkbloom][steel-splitk] steel_gemm_splitk_nt_bfloat16_float32_bm32_bn32_bk16_wm2_wn2_MN_taligned_K_taligned M=512 N=1024 K=2048 parts=2 grid=(32,16,2) group=(32,2,2)
[darkbloom][steel-reg] steel_gemm_fused_nt_bfloat16_bfloat16_bm64_bn64_bk16_wm2_wn2 M=512 N=8192 K=2048 grid=(128,8,1) group=(32,2,2)
[darkbloom][steel-splitk] steel_gemm_splitk_nt_bfloat16_float32_bm32_bn32_bk16_wm2_wn2_MN_taligned_K_taligned M=512 N=64 K=2048 parts=4 grid=(2,16,4) group=(32,2,2)
[darkbloom][steel-reg] steel_gemm_fused_nt_bfloat16_bfloat16_bm64_bn64_bk16_wm2_wn2 M=512 N=2048 K=8192 grid=(32,8,1) group=(32,2,2)
[darkbloom][steel-splitk] steel_gemm_splitk_nt_bfloat16_float32_bm32_bn32_bk16_wm2_wn2_MN_taligned_K_taligned M=512 N=256 K=2048 parts=2 grid=(8,16,2) group=(32,2,2)
[darkbloom][steel-splitk] steel_gemm_splitk_nt_bfloat16_float32_bm32_bn32_bk16_wm2_wn2_MN_taligned_K_taligned M=512 N=1024 K=2048 parts=2 grid=(32,16,2) group=(32,2,2)
[darkbloom][steel-splitk] steel_gemm_splitk_nt_bfloat16_float32_bm32_bn32_bk16_wm2_wn2_MN_taligned_K_taligned M=512 N=1024 K=2048 parts=2 grid=(32,16,2) group=(32,2,2)
[darkbloom][steel-reg] steel_gemm_fused_nt_bfloat16_bfloat16_bm64_bn64_bk16_wm2_wn2 M=512 N=8192 K=2048 grid=(128,8,1) group=(32,2,2)
[darkbloom][steel-splitk] steel_gemm_splitk_nt_bfloat16_float32_bm32_bn32_bk16_wm2_wn2_MN_taligned_K_taligned M=512 N=64 K=2048 parts=4 grid=(2,16,4) group=(32,2,2)
[darkbloom][steel-reg] steel_gemm_fused_nt_bfloat16_bfloat16_bm64_bn64_bk16_wm2_wn2 M=512 N=2048 K=8192 grid=(32,8,1) group=(32,2,2)
[darkbloom][steel-splitk] steel_gemm_splitk_nt_bfloat16_float32_bm32_bn32_bk16_wm2_wn2_MN_taligned_K_taligned M=512 N=256 K=2048 parts=2 grid=(8,16,2) group=(32,2,2)
[darkbloom][steel-splitk] steel_gemm_splitk_nt_bfloat16_float32_bm32_bn32_bk16_wm2_wn2_MN_taligned_K_taligned M=512 N=1024 K=2048 parts=2 grid=(32,16,2) group=(32,2,2)
[darkbloom][steel-splitk] steel_gemm_splitk_nt_bfloat16_float32_bm32_bn32_bk16_wm2_wn2_MN_taligned_K_taligned M=512 N=1024 K=2048 parts=2 grid=(32,16,2) group=(32,2,2)
[darkbloom][steel-reg] steel_gemm_fused_nt_bfloat16_bfloat16_bm64_bn64_bk16_wm2_wn2 M=512 N=8192 K=2048 grid=(128,8,1) group=(32,2,2)
[darkbloom][steel-splitk] steel_gemm_splitk_nt_bfloat16_float32_bm32_bn32_bk16_wm2_wn2_MN_taligned_K_taligned M=512 N=64 K=2048 parts=4 grid=(2,16,4) group=(32,2,2)
[darkbloom][steel-reg] steel_gemm_fused_nt_bfloat16_bfloat16_bm64_bn64_bk16_wm2_wn2 M=512 N=2048 K=8192 grid=(32,8,1) group=(32,2,2)
[darkbloom][steel-splitk] steel_gemm_splitk_nt_bfloat16_float32_bm32_bn32_bk16_wm2_wn2_MN_taligned_K_taligned M=512 N=256 K=2048 parts=2 grid=(8,16,2) group=(32,2,2)
[darkbloom][steel-splitk] steel_gemm_splitk_nt_bfloat16_float32_bm32_bn32_bk16_wm2_wn2_MN_taligned_K_taligned M=512 N=1024 K=2048 parts=2 grid=(32,16,2) group=(32,2,2)
[darkbloom][steel-splitk] steel_gemm_splitk_nt_bfloat16_float32_bm32_bn32_bk16_wm2_wn2_MN_taligned_K_taligned M=512 N=1024 K=2048 parts=2 grid=(32,16,2) group=(32,2,2)
[darkbloom][steel-reg] steel_gemm_fused_nt_bfloat16_bfloat16_bm64_bn64_bk16_wm2_wn2 M=512 N=6144 K=2048 grid=(96,8,1) group=(32,2,2)
[darkbloom][steel-splitk] steel_gemm_splitk_nt_bfloat16_float32_bm32_bn32_bk16_wm2_wn2_MN_naligned_K_taligned M=512 N=48 K=2048 parts=4 grid=(2,16,4) group=(32,2,2)
[darkbloom][steel-reg] steel_gemm_fused_nt_bfloat16_bfloat16_bm64_bn64_bk16_wm2_wn2 M=512 N=2048 K=6144 grid=(32,8,1) group=(32,2,2)
[darkbloom][steel-splitk] steel_gemm_splitk_nt_bfloat16_float32_bm32_bn32_bk16_wm2_wn2_MN_taligned_K_taligned M=512 N=256 K=2048 parts=2 grid=(8,16,2) group=(32,2,2)
[darkbloom][steel-splitk] steel_gemm_splitk_nt_bfloat16_float32_bm32_bn32_bk16_wm2_wn2_MN_taligned_K_taligned M=512 N=1024 K=2048 parts=2 grid=(32,16,2) group=(32,2,2)
[darkbloom][steel-splitk] steel_gemm_splitk_nt_bfloat16_float32_bm32_bn32_bk16_wm2_wn2_MN_taligned_K_taligned M=512 N=1024 K=2048 parts=2 grid=(32,16,2) group=(32,2,2)
[darkbloom][steel-reg] steel_gemm_fused_nt_bfloat16_bfloat16_bm64_bn64_bk16_wm2_wn2 M=512 N=8192 K=2048 grid=(128,8,1) group=(32,2,2)
[darkbloom][steel-splitk] steel_gemm_splitk_nt_bfloat16_float32_bm32_bn32_bk16_wm2_wn2_MN_taligned_K_taligned M=512 N=64 K=2048 parts=4 grid=(2,16,4) group=(32,2,2)
[darkbloom][steel-reg] steel_gemm_fused_nt_bfloat16_bfloat16_bm64_bn64_bk16_wm2_wn2 M=512 N=2048 K=8192 grid=(32,8,1) group=(32,2,2)
[darkbloom][steel-splitk] steel_gemm_splitk_nt_bfloat16_float32_bm32_bn32_bk16_wm2_wn2_MN_taligned_K_taligned M=512 N=256 K=2048 parts=2 grid=(8,16,2) group=(32,2,2)
[darkbloom][steel-splitk] steel_gemm_splitk_nt_bfloat16_float32_bm32_bn32_bk16_wm2_wn2_MN_taligned_K_taligned M=512 N=1024 K=2048 parts=2 grid=(32,16,2) group=(32,2,2)
[darkbloom][steel-splitk] steel_gemm_splitk_nt_bfloat16_float32_bm32_bn32_bk16_wm2_wn2_MN_taligned_K_taligned M=512 N=1024 K=2048 parts=2 grid=(32,16,2) group=(32,2,2)
[darkbloom][steel-reg] steel_gemm_fused_nt_bfloat16_bfloat16_bm64_bn64_bk16_wm2_wn2 M=512 N=8192 K=2048 grid=(128,8,1) group=(32,2,2)
[darkbloom][steel-splitk] steel_gemm_splitk_nt_bfloat16_float32_bm32_bn32_bk16_wm2_wn2_MN_taligned_K_taligned M=512 N=64 K=2048 parts=4 grid=(2,16,4) group=(32,2,2)
[darkbloom][steel-reg] steel_gemm_fused_nt_bfloat16_bfloat16_bm64_bn64_bk16_wm2_wn2 M=512 N=2048 K=8192 grid=(32,8,1) group=(32,2,2)
[darkbloom][steel-splitk] steel_gemm_splitk_nt_bfloat16_float32_bm32_bn32_bk16_wm2_wn2_MN_taligned_K_taligned M=512 N=256 K=2048 parts=2 grid=(8,16,2) group=(32,2,2)
[darkbloom][steel-splitk] steel_gemm_splitk_nt_bfloat16_float32_bm32_bn32_bk16_wm2_wn2_MN_taligned_K_taligned M=512 N=1024 K=2048 parts=2 grid=(32,16,2) group=(32,2,2)
[darkbloom][steel-splitk] steel_gemm_splitk_nt_bfloat16_float32_bm32_bn32_bk16_wm2_wn2_MN_taligned_K_taligned M=512 N=1024 K=2048 parts=2 grid=(32,16,2) group=(32,2,2)
[darkbloom][steel-reg] steel_gemm_fused_nt_bfloat16_bfloat16_bm64_bn64_bk16_wm2_wn2 M=512 N=8192 K=2048 grid=(128,8,1) group=(32,2,2)
[darkbloom][steel-splitk] steel_gemm_splitk_nt_bfloat16_float32_bm32_bn32_bk16_wm2_wn2_MN_taligned_K_taligned M=512 N=64 K=2048 parts=4 grid=(2,16,4) group=(32,2,2)
[darkbloom][steel-reg] steel_gemm_fused_nt_bfloat16_bfloat16_bm64_bn64_bk16_wm2_wn2 M=512 N=2048 K=8192 grid=(32,8,1) group=(32,2,2)
[darkbloom][steel-splitk] steel_gemm_splitk_nt_bfloat16_float32_bm32_bn32_bk16_wm2_wn2_MN_taligned_K_taligned M=512 N=256 K=2048 parts=2 grid=(8,16,2) group=(32,2,2)
[darkbloom][steel-splitk] steel_gemm_splitk_nt_bfloat16_float32_bm32_bn32_bk16_wm2_wn2_MN_taligned_K_taligned M=512 N=1024 K=2048 parts=2 grid=(32,16,2) group=(32,2,2)
[darkbloom][steel-splitk] steel_gemm_splitk_nt_bfloat16_float32_bm32_bn32_bk16_wm2_wn2_MN_taligned_K_taligned M=512 N=1024 K=2048 parts=2 grid=(32,16,2) group=(32,2,2)
[darkbloom][steel-reg] steel_gemm_fused_nt_bfloat16_bfloat16_bm64_bn64_bk16_wm2_wn2 M=512 N=6144 K=2048 grid=(96,8,1) group=(32,2,2)
[darkbloom][steel-splitk] steel_gemm_splitk_nt_bfloat16_float32_bm32_bn32_bk16_wm2_wn2_MN_naligned_K_taligned M=512 N=48 K=2048 parts=4 grid=(2,16,4) group=(32,2,2)
[darkbloom][steel-reg] steel_gemm_fused_nt_bfloat16_bfloat16_bm64_bn64_bk16_wm2_wn2 M=512 N=2048 K=6144 grid=(32,8,1) group=(32,2,2)
[darkbloom][steel-splitk] steel_gemm_splitk_nt_bfloat16_float32_bm32_bn32_bk16_wm2_wn2_MN_taligned_K_taligned M=512 N=256 K=2048 parts=2 grid=(8,16,2) group=(32,2,2)
[darkbloom][steel-splitk] steel_gemm_splitk_nt_bfloat16_float32_bm32_bn32_bk16_wm2_wn2_MN_taligned_K_taligned M=512 N=1024 K=2048 parts=2 grid=(32,16,2) group=(32,2,2)
[darkbloom][steel-splitk] steel_gemm_splitk_nt_bfloat16_float32_bm32_bn32_bk16_wm2_wn2_MN_taligned_K_taligned M=512 N=1024 K=2048 parts=2 grid=(32,16,2) group=(32,2,2)
[darkbloom][steel-reg] steel_gemm_fused_nt_bfloat16_bfloat16_bm64_bn64_bk16_wm2_wn2 M=512 N=8192 K=2048 grid=(128,8,1) group=(32,2,2)
[darkbloom][steel-splitk] steel_gemm_splitk_nt_bfloat16_float32_bm32_bn32_bk16_wm2_wn2_MN_taligned_K_taligned M=512 N=64 K=2048 parts=4 grid=(2,16,4) group=(32,2,2)
[darkbloom][steel-reg] steel_gemm_fused_nt_bfloat16_bfloat16_bm64_bn64_bk16_wm2_wn2 M=512 N=2048 K=8192 grid=(32,8,1) group=(32,2,2)
[darkbloom][steel-splitk] steel_gemm_splitk_nt_bfloat16_float32_bm32_bn32_bk16_wm2_wn2_MN_taligned_K_taligned M=512 N=256 K=2048 parts=2 grid=(8,16,2) group=(32,2,2)
[darkbloom][steel-splitk] steel_gemm_splitk_nt_bfloat16_float32_bm32_bn32_bk16_wm2_wn2_MN_taligned_K_taligned M=512 N=1024 K=2048 parts=2 grid=(32,16,2) group=(32,2,2)
[darkbloom][steel-splitk] steel_gemm_splitk_nt_bfloat16_float32_bm32_bn32_bk16_wm2_wn2_MN_taligned_K_taligned M=512 N=1024 K=2048 parts=2 grid=(32,16,2) group=(32,2,2)
[darkbloom][steel-reg] steel_gemm_fused_nt_bfloat16_bfloat16_bm64_bn64_bk16_wm2_wn2 M=512 N=8192 K=2048 grid=(128,8,1) group=(32,2,2)
[darkbloom][steel-splitk] steel_gemm_splitk_nt_bfloat16_float32_bm32_bn32_bk16_wm2_wn2_MN_taligned_K_taligned M=512 N=64 K=2048 parts=4 grid=(2,16,4) group=(32,2,2)
[darkbloom][steel-reg] steel_gemm_fused_nt_bfloat16_bfloat16_bm64_bn64_bk16_wm2_wn2 M=512 N=2048 K=8192 grid=(32,8,1) group=(32,2,2)
[darkbloom][steel-splitk] steel_gemm_splitk_nt_bfloat16_float32_bm32_bn32_bk16_wm2_wn2_MN_taligned_K_taligned M=512 N=256 K=2048 parts=2 grid=(8,16,2) group=(32,2,2)
[darkbloom][steel-splitk] steel_gemm_splitk_nt_bfloat16_float32_bm32_bn32_bk16_wm2_wn2_MN_taligned_K_taligned M=512 N=1024 K=2048 parts=2 grid=(32,16,2) group=(32,2,2)
[darkbloom][steel-splitk] steel_gemm_splitk_nt_bfloat16_float32_bm32_bn32_bk16_wm2_wn2_MN_taligned_K_taligned M=512 N=1024 K=2048 parts=2 grid=(32,16,2) group=(32,2,2)
[darkbloom][steel-reg] steel_gemm_fused_nt_bfloat16_bfloat16_bm64_bn64_bk16_wm2_wn2 M=512 N=8192 K=2048 grid=(128,8,1) group=(32,2,2)
[darkbloom][steel-splitk] steel_gemm_splitk_nt_bfloat16_float32_bm32_bn32_bk16_wm2_wn2_MN_taligned_K_taligned M=512 N=64 K=2048 parts=4 grid=(2,16,4) group=(32,2,2)
[darkbloom][steel-reg] steel_gemm_fused_nt_bfloat16_bfloat16_bm64_bn64_bk16_wm2_wn2 M=512 N=2048 K=8192 grid=(32,8,1) group=(32,2,2)
[darkbloom][steel-splitk] steel_gemm_splitk_nt_bfloat16_float32_bm32_bn32_bk16_wm2_wn2_MN_taligned_K_taligned M=512 N=256 K=2048 parts=2 grid=(8,16,2) group=(32,2,2)
[darkbloom][steel-splitk] steel_gemm_splitk_nt_bfloat16_float32_bm32_bn32_bk16_wm2_wn2_MN_taligned_K_taligned M=512 N=1024 K=2048 parts=2 grid=(32,16,2) group=(32,2,2)
[darkbloom][steel-splitk] steel_gemm_splitk_nt_bfloat16_float32_bm32_bn32_bk16_wm2_wn2_MN_taligned_K_taligned M=512 N=1024 K=2048 parts=2 grid=(32,16,2) group=(32,2,2)
[darkbloom][steel-reg] steel_gemm_fused_nt_bfloat16_bfloat16_bm64_bn64_bk16_wm2_wn2 M=512 N=6144 K=2048 grid=(96,8,1) group=(32,2,2)
[darkbloom][steel-splitk] steel_gemm_splitk_nt_bfloat16_float32_bm32_bn32_bk16_wm2_wn2_MN_naligned_K_taligned M=512 N=48 K=2048 parts=4 grid=(2,16,4) group=(32,2,2)
[darkbloom][steel-reg] steel_gemm_fused_nt_bfloat16_bfloat16_bm64_bn64_bk16_wm2_wn2 M=512 N=2048 K=6144 grid=(32,8,1) group=(32,2,2)
[darkbloom][steel-splitk] steel_gemm_splitk_nt_bfloat16_float32_bm32_bn32_bk16_wm2_wn2_MN_taligned_K_taligned M=512 N=256 K=2048 parts=2 grid=(8,16,2) group=(32,2,2)
[darkbloom][steel-splitk] steel_gemm_splitk_nt_bfloat16_float32_bm32_bn32_bk16_wm2_wn2_MN_taligned_K_taligned M=512 N=1024 K=2048 parts=2 grid=(32,16,2) group=(32,2,2)
[darkbloom][steel-splitk] steel_gemm_splitk_nt_bfloat16_float32_bm32_bn32_bk16_wm2_wn2_MN_taligned_K_taligned M=512 N=1024 K=2048 parts=2 grid=(32,16,2) group=(32,2,2)
[darkbloom][steel-reg] steel_gemm_fused_nt_bfloat16_bfloat16_bm64_bn64_bk16_wm2_wn2 M=512 N=8192 K=2048 grid=(128,8,1) group=(32,2,2)
[darkbloom][steel-splitk] steel_gemm_splitk_nt_bfloat16_float32_bm32_bn32_bk16_wm2_wn2_MN_taligned_K_taligned M=512 N=64 K=2048 parts=4 grid=(2,16,4) group=(32,2,2)
[darkbloom][steel-reg] steel_gemm_fused_nt_bfloat16_bfloat16_bm64_bn64_bk16_wm2_wn2 M=512 N=2048 K=8192 grid=(32,8,1) group=(32,2,2)
[darkbloom][steel-splitk] steel_gemm_splitk_nt_bfloat16_float32_bm32_bn32_bk16_wm2_wn2_MN_taligned_K_taligned M=512 N=256 K=2048 parts=2 grid=(8,16,2) group=(32,2,2)
[darkbloom][steel-splitk] steel_gemm_splitk_nt_bfloat16_float32_bm32_bn32_bk16_wm2_wn2_MN_taligned_K_taligned M=512 N=1024 K=2048 parts=2 grid=(32,16,2) group=(32,2,2)
[darkbloom][steel-splitk] steel_gemm_splitk_nt_bfloat16_float32_bm32_bn32_bk16_wm2_wn2_MN_taligned_K_taligned M=512 N=1024 K=2048 parts=2 grid=(32,16,2) group=(32,2,2)
[darkbloom][steel-reg] steel_gemm_fused_nt_bfloat16_bfloat16_bm64_bn64_bk16_wm2_wn2 M=512 N=8192 K=2048 grid=(128,8,1) group=(32,2,2)
[darkbloom][steel-splitk] steel_gemm_splitk_nt_bfloat16_float32_bm32_bn32_bk16_wm2_wn2_MN_taligned_K_taligned M=512 N=64 K=2048 parts=4 grid=(2,16,4) group=(32,2,2)
[darkbloom][steel-reg] steel_gemm_fused_nt_bfloat16_bfloat16_bm64_bn64_bk16_wm2_wn2 M=512 N=2048 K=8192 grid=(32,8,1) group=(32,2,2)
[darkbloom][steel-splitk] steel_gemm_splitk_nt_bfloat16_float32_bm32_bn32_bk16_wm2_wn2_MN_taligned_K_taligned M=512 N=256 K=2048 parts=2 grid=(8,16,2) group=(32,2,2)
[darkbloom][steel-splitk] steel_gemm_splitk_nt_bfloat16_float32_bm32_bn32_bk16_wm2_wn2_MN_taligned_K_taligned M=512 N=1024 K=2048 parts=2 grid=(32,16,2) group=(32,2,2)
[darkbloom][steel-splitk] steel_gemm_splitk_nt_bfloat16_float32_bm32_bn32_bk16_wm2_wn2_MN_taligned_K_taligned M=512 N=1024 K=2048 parts=2 grid=(32,16,2) group=(32,2,2)
[darkbloom][steel-reg] steel_gemm_fused_nt_bfloat16_bfloat16_bm64_bn64_bk16_wm2_wn2 M=512 N=8192 K=2048 grid=(128,8,1) group=(32,2,2)
[darkbloom][steel-splitk] steel_gemm_splitk_nt_bfloat16_float32_bm32_bn32_bk16_wm2_wn2_MN_taligned_K_taligned M=512 N=64 K=2048 parts=4 grid=(2,16,4) group=(32,2,2)
[darkbloom][steel-reg] steel_gemm_fused_nt_bfloat16_bfloat16_bm64_bn64_bk16_wm2_wn2 M=512 N=2048 K=8192 grid=(32,8,1) group=(32,2,2)
[darkbloom][steel-splitk] steel_gemm_splitk_nt_bfloat16_float32_bm32_bn32_bk16_wm2_wn2_MN_taligned_K_taligned M=512 N=256 K=2048 parts=2 grid=(8,16,2) group=(32,2,2)
[darkbloom][steel-splitk] steel_gemm_splitk_nt_bfloat16_float32_bm32_bn32_bk16_wm2_wn2_MN_taligned_K_taligned M=512 N=1024 K=2048 parts=2 grid=(32,16,2) group=(32,2,2)
[darkbloom][steel-splitk] steel_gemm_splitk_nt_bfloat16_float32_bm32_bn32_bk16_wm2_wn2_MN_taligned_K_taligned M=512 N=1024 K=2048 parts=2 grid=(32,16,2) group=(32,2,2)
[darkbloom][steel-reg] steel_gemm_fused_nt_bfloat16_bfloat16_bm64_bn64_bk16_wm2_wn2 M=512 N=6144 K=2048 grid=(96,8,1) group=(32,2,2)
[darkbloom][steel-splitk] steel_gemm_splitk_nt_bfloat16_float32_bm32_bn32_bk16_wm2_wn2_MN_naligned_K_taligned M=512 N=48 K=2048 parts=4 grid=(2,16,4) group=(32,2,2)
[darkbloom][steel-reg] steel_gemm_fused_nt_bfloat16_bfloat16_bm64_bn64_bk16_wm2_wn2 M=512 N=2048 K=6144 grid=(32,8,1) group=(32,2,2)
[darkbloom][steel-splitk] steel_gemm_splitk_nt_bfloat16_float32_bm32_bn32_bk16_wm2_wn2_MN_taligned_K_taligned M=512 N=256 K=2048 parts=2 grid=(8,16,2) group=(32,2,2)
[darkbloom][steel-splitk] steel_gemm_splitk_nt_bfloat16_float32_bm32_bn32_bk16_wm2_wn2_MN_taligned_K_taligned M=512 N=1024 K=2048 parts=2 grid=(32,16,2) group=(32,2,2)
[darkbloom][steel-splitk] steel_gemm_splitk_nt_bfloat16_float32_bm32_bn32_bk16_wm2_wn2_MN_taligned_K_taligned M=512 N=1024 K=2048 parts=2 grid=(32,16,2) group=(32,2,2)
[darkbloom][steel-reg] steel_gemm_fused_nt_bfloat16_bfloat16_bm64_bn64_bk16_wm2_wn2 M=512 N=8192 K=2048 grid=(128,8,1) group=(32,2,2)
[darkbloom][steel-splitk] steel_gemm_splitk_nt_bfloat16_float32_bm32_bn32_bk16_wm2_wn2_MN_taligned_K_taligned M=512 N=64 K=2048 parts=4 grid=(2,16,4) group=(32,2,2)
[darkbloom][steel-reg] steel_gemm_fused_nt_bfloat16_bfloat16_bm64_bn64_bk16_wm2_wn2 M=512 N=2048 K=8192 grid=(32,8,1) group=(32,2,2)
[darkbloom][steel-splitk] steel_gemm_splitk_nt_bfloat16_float32_bm32_bn32_bk16_wm2_wn2_MN_taligned_K_taligned M=512 N=256 K=2048 parts=2 grid=(8,16,2) group=(32,2,2)
[darkbloom][steel-splitk] steel_gemm_splitk_nt_bfloat16_float32_bm32_bn32_bk16_wm2_wn2_MN_taligned_K_taligned M=512 N=1024 K=2048 parts=2 grid=(32,16,2) group=(32,2,2)
[darkbloom][steel-splitk] steel_gemm_splitk_nt_bfloat16_float32_bm32_bn32_bk16_wm2_wn2_MN_taligned_K_taligned M=512 N=1024 K=2048 parts=2 grid=(32,16,2) group=(32,2,2)
[darkbloom][steel-reg] steel_gemm_fused_nt_bfloat16_bfloat16_bm64_bn64_bk16_wm2_wn2 M=512 N=8192 K=2048 grid=(128,8,1) group=(32,2,2)
[darkbloom][steel-splitk] steel_gemm_splitk_nt_bfloat16_float32_bm32_bn32_bk16_wm2_wn2_MN_taligned_K_taligned M=512 N=64 K=2048 parts=4 grid=(2,16,4) group=(32,2,2)
[darkbloom][steel-reg] steel_gemm_fused_nt_bfloat16_bfloat16_bm64_bn64_bk16_wm2_wn2 M=512 N=2048 K=8192 grid=(32,8,1) group=(32,2,2)
[darkbloom][steel-splitk] steel_gemm_splitk_nt_bfloat16_float32_bm32_bn32_bk16_wm2_wn2_MN_taligned_K_taligned M=512 N=256 K=2048 parts=2 grid=(8,16,2) group=(32,2,2)
[darkbloom][steel-splitk] steel_gemm_splitk_nt_bfloat16_float32_bm32_bn32_bk16_wm2_wn2_MN_taligned_K_taligned M=512 N=1024 K=2048 parts=2 grid=(32,16,2) group=(32,2,2)
[darkbloom][steel-splitk] steel_gemm_splitk_nt_bfloat16_float32_bm32_bn32_bk16_wm2_wn2_MN_taligned_K_taligned M=512 N=1024 K=2048 parts=2 grid=(32,16,2) group=(32,2,2)
[darkbloom][steel-reg] steel_gemm_fused_nt_bfloat16_bfloat16_bm64_bn64_bk16_wm2_wn2 M=512 N=8192 K=2048 grid=(128,8,1) group=(32,2,2)
[darkbloom][steel-splitk] steel_gemm_splitk_nt_bfloat16_float32_bm32_bn32_bk16_wm2_wn2_MN_taligned_K_taligned M=512 N=64 K=2048 parts=4 grid=(2,16,4) group=(32,2,2)
[darkbloom][steel-reg] steel_gemm_fused_nt_bfloat16_bfloat16_bm64_bn64_bk16_wm2_wn2 M=512 N=2048 K=8192 grid=(32,8,1) group=(32,2,2)
[darkbloom][steel-splitk] steel_gemm_splitk_nt_bfloat16_float32_bm32_bn32_bk16_wm2_wn2_MN_taligned_K_taligned M=512 N=256 K=2048 parts=2 grid=(8,16,2) group=(32,2,2)
[darkbloom][steel-splitk] steel_gemm_splitk_nt_bfloat16_float32_bm32_bn32_bk16_wm2_wn2_MN_taligned_K_taligned M=512 N=1024 K=2048 parts=2 grid=(32,16,2) group=(32,2,2)
[darkbloom][steel-splitk] steel_gemm_splitk_nt_bfloat16_float32_bm32_bn32_bk16_wm2_wn2_MN_taligned_K_taligned M=512 N=1024 K=2048 parts=2 grid=(32,16,2) group=(32,2,2)
[darkbloom][steel-reg] steel_gemm_fused_nt_bfloat16_bfloat16_bm64_bn64_bk16_wm2_wn2 M=512 N=6144 K=2048 grid=(96,8,1) group=(32,2,2)
[darkbloom][steel-splitk] steel_gemm_splitk_nt_bfloat16_float32_bm32_bn32_bk16_wm2_wn2_MN_naligned_K_taligned M=512 N=48 K=2048 parts=4 grid=(2,16,4) group=(32,2,2)
[darkbloom][steel-reg] steel_gemm_fused_nt_bfloat16_bfloat16_bm64_bn64_bk16_wm2_wn2 M=512 N=2048 K=6144 grid=(32,8,1) group=(32,2,2)
[darkbloom][steel-splitk] steel_gemm_splitk_nt_bfloat16_float32_bm32_bn32_bk16_wm2_wn2_MN_taligned_K_taligned M=512 N=256 K=2048 parts=2 grid=(8,16,2) group=(32,2,2)
[darkbloom][steel-splitk] steel_gemm_splitk_nt_bfloat16_float32_bm32_bn32_bk16_wm2_wn2_MN_taligned_K_taligned M=512 N=1024 K=2048 parts=2 grid=(32,16,2) group=(32,2,2)
[darkbloom][steel-splitk] steel_gemm_splitk_nt_bfloat16_float32_bm32_bn32_bk16_wm2_wn2_MN_taligned_K_taligned M=512 N=1024 K=2048 parts=2 grid=(32,16,2) group=(32,2,2)
[darkbloom][steel-reg] steel_gemm_fused_nt_bfloat16_bfloat16_bm64_bn64_bk16_wm2_wn2 M=512 N=8192 K=2048 grid=(128,8,1) group=(32,2,2)
[darkbloom][steel-splitk] steel_gemm_splitk_nt_bfloat16_float32_bm32_bn32_bk16_wm2_wn2_MN_taligned_K_taligned M=512 N=64 K=2048 parts=4 grid=(2,16,4) group=(32,2,2)
[darkbloom][steel-reg] steel_gemm_fused_nt_bfloat16_bfloat16_bm64_bn64_bk16_wm2_wn2 M=512 N=2048 K=8192 grid=(32,8,1) group=(32,2,2)
[darkbloom][steel-splitk] steel_gemm_splitk_nt_bfloat16_float32_bm32_bn32_bk16_wm2_wn2_MN_taligned_K_taligned M=512 N=256 K=2048 parts=2 grid=(8,16,2) group=(32,2,2)
[darkbloom][steel-splitk] steel_gemm_splitk_nt_bfloat16_float32_bm32_bn32_bk16_wm2_wn2_MN_taligned_K_taligned M=512 N=1024 K=2048 parts=2 grid=(32,16,2) group=(32,2,2)
[darkbloom][steel-splitk] steel_gemm_splitk_nt_bfloat16_float32_bm32_bn32_bk16_wm2_wn2_MN_taligned_K_taligned M=512 N=1024 K=2048 parts=2 grid=(32,16,2) group=(32,2,2)
[darkbloom][steel-reg] steel_gemm_fused_nt_bfloat16_bfloat16_bm64_bn64_bk16_wm2_wn2 M=512 N=8192 K=2048 grid=(128,8,1) group=(32,2,2)
[darkbloom][steel-splitk] steel_gemm_splitk_nt_bfloat16_float32_bm32_bn32_bk16_wm2_wn2_MN_taligned_K_taligned M=512 N=64 K=2048 parts=4 grid=(2,16,4) group=(32,2,2)
[darkbloom][steel-reg] steel_gemm_fused_nt_bfloat16_bfloat16_bm64_bn64_bk16_wm2_wn2 M=512 N=2048 K=8192 grid=(32,8,1) group=(32,2,2)
[darkbloom][steel-splitk] steel_gemm_splitk_nt_bfloat16_float32_bm32_bn32_bk16_wm2_wn2_MN_taligned_K_taligned M=512 N=256 K=2048 parts=2 grid=(8,16,2) group=(32,2,2)
[darkbloom][steel-splitk] steel_gemm_splitk_nt_bfloat16_float32_bm32_bn32_bk16_wm2_wn2_MN_taligned_K_taligned M=512 N=1024 K=2048 parts=2 grid=(32,16,2) group=(32,2,2)
[darkbloom][steel-splitk] steel_gemm_splitk_nt_bfloat16_float32_bm32_bn32_bk16_wm2_wn2_MN_taligned_K_taligned M=512 N=1024 K=2048 parts=2 grid=(32,16,2) group=(32,2,2)
[darkbloom][steel-reg] steel_gemm_fused_nt_bfloat16_bfloat16_bm64_bn64_bk16_wm2_wn2 M=512 N=8192 K=2048 grid=(128,8,1) group=(32,2,2)
[darkbloom][steel-splitk] steel_gemm_splitk_nt_bfloat16_float32_bm32_bn32_bk16_wm2_wn2_MN_taligned_K_taligned M=512 N=64 K=2048 parts=4 grid=(2,16,4) group=(32,2,2)
[darkbloom][steel-reg] steel_gemm_fused_nt_bfloat16_bfloat16_bm64_bn64_bk16_wm2_wn2 M=512 N=2048 K=8192 grid=(32,8,1) group=(32,2,2)
[darkbloom][steel-splitk] steel_gemm_splitk_nt_bfloat16_float32_bm32_bn32_bk16_wm2_wn2_MN_taligned_K_taligned M=512 N=256 K=2048 parts=2 grid=(8,16,2) group=(32,2,2)
[darkbloom][steel-splitk] steel_gemm_splitk_nt_bfloat16_float32_bm32_bn32_bk16_wm2_wn2_MN_taligned_K_taligned M=512 N=1024 K=2048 parts=2 grid=(32,16,2) group=(32,2,2)
[darkbloom][steel-splitk] steel_gemm_splitk_nt_bfloat16_float32_bm32_bn32_bk16_wm2_wn2_MN_taligned_K_taligned M=512 N=1024 K=2048 parts=2 grid=(32,16,2) group=(32,2,2)
[darkbloom][steel-reg] steel_gemm_fused_nt_bfloat16_bfloat16_bm64_bn64_bk16_wm2_wn2 M=512 N=6144 K=2048 grid=(96,8,1) group=(32,2,2)
[darkbloom][steel-splitk] steel_gemm_splitk_nt_bfloat16_float32_bm32_bn32_bk16_wm2_wn2_MN_naligned_K_taligned M=512 N=48 K=2048 parts=4 grid=(2,16,4) group=(32,2,2)
[darkbloom][steel-reg] steel_gemm_fused_nt_bfloat16_bfloat16_bm64_bn64_bk16_wm2_wn2 M=512 N=2048 K=6144 grid=(32,8,1) group=(32,2,2)
[darkbloom][steel-splitk] steel_gemm_splitk_nt_bfloat16_float32_bm32_bn32_bk16_wm2_wn2_MN_taligned_K_taligned M=512 N=256 K=2048 parts=2 grid=(8,16,2) group=(32,2,2)
[darkbloom][steel-splitk] steel_gemm_splitk_nt_bfloat16_float32_bm32_bn32_bk16_wm2_wn2_MN_taligned_K_taligned M=512 N=1024 K=2048 parts=2 grid=(32,16,2) group=(32,2,2)
[darkbloom][steel-splitk] steel_gemm_splitk_nt_bfloat16_float32_bm32_bn32_bk16_wm2_wn2_MN_taligned_K_taligned M=512 N=1024 K=2048 parts=2 grid=(32,16,2) group=(32,2,2)
[darkbloom][steel-reg] steel_gemm_fused_nt_bfloat16_bfloat16_bm64_bn64_bk16_wm2_wn2 M=512 N=8192 K=2048 grid=(128,8,1) group=(32,2,2)
[darkbloom][steel-splitk] steel_gemm_splitk_nt_bfloat16_float32_bm32_bn32_bk16_wm2_wn2_MN_taligned_K_taligned M=512 N=64 K=2048 parts=4 grid=(2,16,4) group=(32,2,2)
[darkbloom][steel-reg] steel_gemm_fused_nt_bfloat16_bfloat16_bm64_bn64_bk16_wm2_wn2 M=512 N=2048 K=8192 grid=(32,8,1) group=(32,2,2)
[darkbloom][steel-splitk] steel_gemm_splitk_nt_bfloat16_float32_bm32_bn32_bk16_wm2_wn2_MN_taligned_K_taligned M=512 N=256 K=2048 parts=2 grid=(8,16,2) group=(32,2,2)
[darkbloom][steel-splitk] steel_gemm_splitk_nt_bfloat16_float32_bm32_bn32_bk16_wm2_wn2_MN_taligned_K_taligned M=512 N=1024 K=2048 parts=2 grid=(32,16,2) group=(32,2,2)
[darkbloom][steel-splitk] steel_gemm_splitk_nt_bfloat16_float32_bm32_bn32_bk16_wm2_wn2_MN_taligned_K_taligned M=512 N=1024 K=2048 parts=2 grid=(32,16,2) group=(32,2,2)
[darkbloom][steel-reg] steel_gemm_fused_nt_bfloat16_bfloat16_bm64_bn64_bk16_wm2_wn2 M=512 N=8192 K=2048 grid=(128,8,1) group=(32,2,2)
[darkbloom][steel-splitk] steel_gemm_splitk_nt_bfloat16_float32_bm32_bn32_bk16_wm2_wn2_MN_taligned_K_taligned M=512 N=64 K=2048 parts=4 grid=(2,16,4) group=(32,2,2)
[darkbloom][steel-reg] steel_gemm_fused_nt_bfloat16_bfloat16_bm64_bn64_bk16_wm2_wn2 M=512 N=2048 K=8192 grid=(32,8,1) group=(32,2,2)
[darkbloom][steel-splitk] steel_gemm_splitk_nt_bfloat16_float32_bm32_bn32_bk16_wm2_wn2_MN_taligned_K_taligned M=512 N=256 K=2048 parts=2 grid=(8,16,2) group=(32,2,2)
[darkbloom][steel-splitk] steel_gemm_splitk_nt_bfloat16_float32_bm32_bn32_bk16_wm2_wn2_MN_taligned_K_taligned M=512 N=1024 K=2048 parts=2 grid=(32,16,2) group=(32,2,2)
[darkbloom][steel-splitk] steel_gemm_splitk_nt_bfloat16_float32_bm32_bn32_bk16_wm2_wn2_MN_taligned_K_taligned M=512 N=1024 K=2048 parts=2 grid=(32,16,2) group=(32,2,2)
[darkbloom][steel-reg] steel_gemm_fused_nt_bfloat16_bfloat16_bm64_bn64_bk16_wm2_wn2 M=512 N=8192 K=2048 grid=(128,8,1) group=(32,2,2)
[darkbloom][steel-splitk] steel_gemm_splitk_nt_bfloat16_float32_bm32_bn32_bk16_wm2_wn2_MN_taligned_K_taligned M=512 N=64 K=2048 parts=4 grid=(2,16,4) group=(32,2,2)
[darkbloom][steel-reg] steel_gemm_fused_nt_bfloat16_bfloat16_bm64_bn64_bk16_wm2_wn2 M=512 N=2048 K=8192 grid=(32,8,1) group=(32,2,2)
[darkbloom][steel-splitk] steel_gemm_splitk_nt_bfloat16_float32_bm32_bn32_bk16_wm2_wn2_MN_taligned_K_taligned M=512 N=256 K=2048 parts=2 grid=(8,16,2) group=(32,2,2)
[darkbloom][steel-splitk] steel_gemm_splitk_nt_bfloat16_float32_bm32_bn32_bk16_wm2_wn2_MN_taligned_K_taligned M=512 N=1024 K=2048 parts=2 grid=(32,16,2) group=(32,2,2)
[darkbloom][steel-splitk] steel_gemm_splitk_nt_bfloat16_float32_bm32_bn32_bk16_wm2_wn2_MN_taligned_K_taligned M=512 N=1024 K=2048 parts=2 grid=(32,16,2) group=(32,2,2)
[darkbloom][steel-reg] steel_gemm_fused_nt_bfloat16_bfloat16_bm64_bn64_bk16_wm2_wn2 M=512 N=6144 K=2048 grid=(96,8,1) group=(32,2,2)
[darkbloom][steel-splitk] steel_gemm_splitk_nt_bfloat16_float32_bm32_bn32_bk16_wm2_wn2_MN_naligned_K_taligned M=512 N=48 K=2048 parts=4 grid=(2,16,4) group=(32,2,2)
[darkbloom][steel-reg] steel_gemm_fused_nt_bfloat16_bfloat16_bm64_bn64_bk16_wm2_wn2 M=512 N=2048 K=6144 grid=(32,8,1) group=(32,2,2)
[darkbloom][steel-splitk] steel_gemm_splitk_nt_bfloat16_float32_bm32_bn32_bk16_wm2_wn2_MN_taligned_K_taligned M=512 N=256 K=2048 parts=2 grid=(8,16,2) group=(32,2,2)
[darkbloom][steel-splitk] steel_gemm_splitk_nt_bfloat16_float32_bm32_bn32_bk16_wm2_wn2_MN_taligned_K_taligned M=512 N=1024 K=2048 parts=2 grid=(32,16,2) group=(32,2,2)
[darkbloom][steel-splitk] steel_gemm_splitk_nt_bfloat16_float32_bm32_bn32_bk16_wm2_wn2_MN_taligned_K_taligned M=512 N=1024 K=2048 parts=2 grid=(32,16,2) group=(32,2,2)
[darkbloom][steel-reg] steel_gemm_fused_nt_bfloat16_bfloat16_bm64_bn64_bk16_wm2_wn2 M=512 N=8192 K=2048 grid=(128,8,1) group=(32,2,2)
[darkbloom][steel-splitk] steel_gemm_splitk_nt_bfloat16_float32_bm32_bn32_bk16_wm2_wn2_MN_taligned_K_taligned M=512 N=64 K=2048 parts=4 grid=(2,16,4) group=(32,2,2)
[darkbloom][steel-reg] steel_gemm_fused_nt_bfloat16_bfloat16_bm64_bn64_bk16_wm2_wn2 M=512 N=2048 K=8192 grid=(32,8,1) group=(32,2,2)
[darkbloom][steel-splitk] steel_gemm_splitk_nt_bfloat16_float32_bm32_bn32_bk16_wm2_wn2_MN_taligned_K_taligned M=512 N=256 K=2048 parts=2 grid=(8,16,2) group=(32,2,2)
[darkbloom][steel-splitk] steel_gemm_splitk_nt_bfloat16_float32_bm32_bn32_bk16_wm2_wn2_MN_taligned_K_taligned M=512 N=1024 K=2048 parts=2 grid=(32,16,2) group=(32,2,2)
[darkbloom][steel-splitk] steel_gemm_splitk_nt_bfloat16_float32_bm32_bn32_bk16_wm2_wn2_MN_taligned_K_taligned M=512 N=1024 K=2048 parts=2 grid=(32,16,2) group=(32,2,2)
[darkbloom][steel-reg] steel_gemm_fused_nt_bfloat16_bfloat16_bm64_bn64_bk16_wm2_wn2 M=512 N=8192 K=2048 grid=(128,8,1) group=(32,2,2)
[darkbloom][steel-splitk] steel_gemm_splitk_nt_bfloat16_float32_bm32_bn32_bk16_wm2_wn2_MN_taligned_K_taligned M=512 N=64 K=2048 parts=4 grid=(2,16,4) group=(32,2,2)
[darkbloom][steel-reg] steel_gemm_fused_nt_bfloat16_bfloat16_bm64_bn64_bk16_wm2_wn2 M=512 N=2048 K=8192 grid=(32,8,1) group=(32,2,2)
[darkbloom][steel-splitk] steel_gemm_splitk_nt_bfloat16_float32_bm32_bn32_bk16_wm2_wn2_MN_taligned_K_taligned M=512 N=256 K=2048 parts=2 grid=(8,16,2) group=(32,2,2)
[darkbloom][steel-reg] steel_gemm_fused_nt_bfloat16_bfloat16_bm64_bn64_bk16_wm2_wn2 M=512 N=2048 K=2048 grid=(32,8,1) group=(32,2,2)
