file                    Sources/MLXFastModel/LagunaRuntimeModel.swift
size now                468336 B
comment blocks          254
  comment pool          120254 B (25.7% of the file)
  literal-interior      5 line(s), 372 B at 4587,4588,4589,4590,4591  (never a block; 0 in any plan)
  hard-keep             79101 B
planned blocks          22  (19 immediate, 3 fenced)
  pointer below floor   0 rule-bearing blocks under 120 B, pointed anyway
  dropped, pointer>=mv  0 blocks
moved bytes             5299
pointer bytes added     1063
NET recovery            4236
projected size          464100 B  (88.5% of the 524288 B cap)
headroom now            55952 B
headroom projected      60188 B

wave 1 (apply immediately): 19 blocks, 4931 B moved, 937 B pointers, net 3994 B
wave 1 projected size   464342 B  (headroom 59946 B)
wave 2 (apply after fence): 3 blocks, 368 B
    overlaps #301: 2 blocks, 247 B
    overlaps #308: 1 blocks, 75 B
    overlaps #309: 1 blocks, 121 B
    of which gutter-only (>=1 fence within 3 lines, none overlapping): 2 blocks, 196 B
      761-762    121 B  #309  lagunaNormReductionTail
      6800-6800     75 B  #301,#308  lagunaSharedSwiGLUQMVRows1Kernel
wrote research/fern_partB_lagunaruntimemodel_spec.json
wrote research/fern_partB_lagunaruntimemodel_spec_wave1.json
wrote research/fern_partB_lagunaruntimemodel_blocks.tsv
