@@SWEEP 1
@@ORDER FWD
@@RUN sweep=1 slot=1 arm=base exit=0
{"decode_spt":0.01295422884375,"prefill_spt":0.001126118734375,"decode_speedup":1.0696284840483907,"prefill_speedup":0.3263593597562613,"golden_hash":"b9509697c08a2cf3c2943a85f0b76e39c485c441794690fa76835b40a58d7a63","first_failing_case":null,"first_failing_step":null}
    prefill 0.001112 -> 0.001126 s/token (+1.3%)
    decode  0.012988 -> 0.012954 s/token (-0.3%)
    est score 0.796 -> 0.795 (-0.1%)
@@RUN sweep=1 slot=2 arm=cand exit=0
{"decode_spt":0.0129975143203125,"prefill_spt":0.001111101888671875,"decode_speedup":1.066066312271861,"prefill_speedup":0.3307701957013685,"golden_hash":"b9509697c08a2cf3c2943a85f0b76e39c485c441794690fa76835b40a58d7a63","first_failing_case":null,"first_failing_step":null}
    prefill 0.001112 -> 0.001111 s/token (-0.1%)
    decode  0.012988 -> 0.012998 s/token (+0.1%)
    est score 0.796 -> 0.796 (-0%)
@@ENDSWEEP 1
@@SWEEP 2
@@ORDER REV
@@RUN sweep=2 slot=1 arm=cand exit=0
{"decode_spt":0.012914680015625,"prefill_spt":0.00112610652734375,"decode_speedup":1.0729040242105978,"prefill_speedup":0.3263628975022973,"golden_hash":"b9509697c08a2cf3c2943a85f0b76e39c485c441794690fa76835b40a58d7a63","first_failing_case":null,"first_failing_step":null}
    prefill 0.001112 -> 0.001126 s/token (+1.3%)
    decode  0.012988 -> 0.012915 s/token (-0.6%)
    est score 0.796 -> 0.797 (+0.1%)
@@RUN sweep=2 slot=2 arm=base exit=0
{"decode_spt":0.0130008056640625,"prefill_spt":0.001123393310546875,"decode_speedup":1.065796422021622,"prefill_speedup":0.3271511283801801,"golden_hash":"b9509697c08a2cf3c2943a85f0b76e39c485c441794690fa76835b40a58d7a63","first_failing_case":null,"first_failing_step":null}
    prefill 0.001112 -> 0.001123 s/token (+1%)
    decode  0.012988 -> 0.013001 s/token (+0.1%)
    est score 0.796 -> 0.793 (-0.3%)
@@ENDSWEEP 2
@@SWEEP 3
@@ORDER FWD
@@RUN sweep=3 slot=1 arm=base exit=0
{"decode_spt":0.0129750559921875,"prefill_spt":0.001112412515625,"decode_speedup":1.0679115503238914,"prefill_speedup":0.3303804874522366,"golden_hash":"b9509697c08a2cf3c2943a85f0b76e39c485c441794690fa76835b40a58d7a63","first_failing_case":null,"first_failing_step":null}
    prefill 0.001112 -> 0.001112 s/token (+0%)
    decode  0.012988 -> 0.012975 s/token (-0.1%)
    est score 0.796 -> 0.796 (+0.1%)
@@RUN sweep=3 slot=2 arm=cand exit=0
{"decode_spt":0.0128123802109375,"prefill_spt":0.001130322021484375,"decode_speedup":1.0814705723709062,"prefill_speedup":0.3251457391562787,"golden_hash":"b9509697c08a2cf3c2943a85f0b76e39c485c441794690fa76835b40a58d7a63","first_failing_case":null,"first_failing_step":null}
    prefill 0.001112 -> 0.00113 s/token (+1.6%)
    decode  0.012988 -> 0.012812 s/token (-1.4%)
    est score 0.796 -> 0.801 (+0.6%)
@@ENDSWEEP 3
@@SWEEP 4
@@ORDER REV
@@RUN sweep=4 slot=1 arm=cand exit=0
{"decode_spt":0.0129825315703125,"prefill_spt":0.001137878173828125,"decode_speedup":1.0672966274036737,"prefill_speedup":0.32298658820717446,"golden_hash":"b9509697c08a2cf3c2943a85f0b76e39c485c441794690fa76835b40a58d7a63","first_failing_case":null,"first_failing_step":null}
    prefill 0.001112 -> 0.001138 s/token (+2.3%)
    decode  0.012988 -> 0.012983 s/token (-0%)
    est score 0.796 -> 0.792 (-0.5%)
@@RUN sweep=4 slot=2 arm=base exit=0
{"decode_spt":0.0129444140625,"prefill_spt":0.001111087158203125,"decode_speedup":1.0704395033451326,"prefill_speedup":0.3307745809559322,"golden_hash":"b9509697c08a2cf3c2943a85f0b76e39c485c441794690fa76835b40a58d7a63","first_failing_case":null,"first_failing_step":null}
    prefill 0.001112 -> 0.001111 s/token (-0.1%)
    decode  0.012988 -> 0.012944 s/token (-0.3%)
    est score 0.796 -> 0.798 (+0.3%)
@@ENDSWEEP 4
=== restore candidate ===
DONE
