[0/3] Write swift-version--58304C5D6DBC2206.txt
[0/1] Planning build
[1/1] Compiling plugin CudaBuild
[2/2] Compiling plugin GenerateManual
[3/3] Compiling plugin GenerateDoccReference
Building for debugging...
[3/16] Write sources
[5/16] Write swift-version--58304C5D6DBC2206.txt
[6/16] Write sources
[8/20] Compiling MLXFastTransform Transform.swift
[9/20] Emitting module MLXFastTransform
[10/20] Compiling MLXFastTransform LagunaCheckpointValidation.swift
[11/20] Compiling MLXFastTransform CheckpointIndex.swift
[11/22] Compiling matmul.cpp
[13/22] Emitting module MLXFastHarness
[14/22] Compiling MLXFastHarness TransformVerification.swift
[15/27] Compiling MLXFastCLI main.swift
[16/27] Emitting module MLXFastCLI
[16/27] Write Objects.LinkFileList
[18/27] Compiling MLXLMCommon Evaluate.swift
[19/27] Emitting module MLXLMCommon
[20/27] Compiling MLXLMCommon KVCache.swift
[20/31] Linking mlxfast-swift
[21/31] Applying mlxfast-swift
[23/31] Compiling MLXFastModel LagunaConfig.swift
[24/31] Compiling MLXFastModel LagunaLmHeadPrune.swift
[25/31] Emitting module MLXFastModel
[26/31] Compiling MLXFastModel LagunaRuntimeWeights.swift
[27/33] Compiling MLXFastModel LagunaUpstreamEquivalence.swift
[28/33] Compiling MLXFastModel LagunaRuntimeModel.swift
/Users/ec2-user/.senpai/native/mlxfast-maple-20260804/roles/student-maple-tanjiro/workspace/target/Sources/MLXFastModel/LagunaRuntimeModel.swift:10035:17: warning: variable 'mergedSharedActivated' was never mutated; consider changing to 'let' constant
10033 |             // handed to the down projection instead of being issued again.
10034 |             // Purely within this invocation; nothing survives it.
10035 |             var mergedSharedActivated: MLXArray?
      |                 `- warning: variable 'mergedSharedActivated' was never mutated; consider changing to 'let' constant
10036 |             if lagunaFusedRoutedSwiGLUQMVEnabled,
10037 |                 x.dtype == .bfloat16,
[29/44] Compiling MLXFastRuntimeWorkerSupport LagunaRuntimeCorrectnessCompare.swift
[30/44] Compiling MLXFastRuntimeWorkerSupport LagunaRuntimeLocalIterate.swift
[31/44] Compiling MLXFastRuntimeWorkerSupport TransformVerification.swift
[32/44] Compiling MLXFastRuntimeWorkerSupport LagunaRuntimeSupport.swift
[33/44] Compiling MLXFastRuntimeWorkerSupport LagunaRuntimeCorrectness.swift
[34/44] Compiling MLXFastRuntimeWorkerSupport LagunaRuntimeBenchmark.swift
[35/44] Compiling MLXFastRuntimeWorkerSupport LagunaRuntime.swift
[36/44] Compiling MLXFastRuntimeWorkerSupport BenchmarkSupport.swift
[37/44] Compiling MLXFastRuntimeWorkerSupport LagunaCorrectness.swift
[38/44] Emitting module MLXFastRuntimeWorkerSupport
[39/44] Compiling MLXFastRuntimeWorkerSupport LagunaRuntimeWorker.swift
[39/44] Write Objects.LinkFileList
[41/59] Compiling MLXFastTests TensorDataTests.swift
[42/60] Compiling MLXFastTests LagunaArtifactFixtureSupport.swift
[43/60] Compiling MLXFastTests NAXSplitKGEMMTests.swift
[44/60] Compiling MLXFastTests RuntimeWorkerSupportTests.swift
[45/60] Compiling MLXFastTests RuntimeStartupMemoryPolicyTests.swift
[46/60] Compiling MLXFastTests LagunaCorrectnessTests.swift
[47/60] Compiling MLXFastTests NVFP4QuantizedMMTests.swift
[48/60] Compiling MLXFastTests MLXTensorBridgeTests.swift
[49/60] Compiling MLXFastTests LagunaNVFP4KernelTests.swift
[50/60] Compiling MLXFastTests LagunaConfigTests.swift
[50/60] Linking mlxfast-runtime-worker
[51/60] Applying mlxfast-runtime-worker
[53/60] Compiling MLXFastTests TransformTests.swift
[54/60] Compiling MLXFastTests DenseTensorStoreTests.swift
[55/60] Compiling MLXFastTests LagunaArtifactContractTests.swift
[56/60] Emitting module MLXFastTests
[57/60] Compiling MLXFastTests BenchmarkSupportTests.swift
[58/60] Compiling MLXFastTests CheckpointIndexTests.swift
[58/60] Write Objects.LinkFileList
[59/60] Linking mlxfast-challenge-devPackageTests
Build complete! (22.89s)
Test Suite 'Selected tests' started at 2026-08-07 15:51:40.789.
Test Suite 'mlxfast-challenge-devPackageTests.xctest' started at 2026-08-07 15:51:40.790.
Test Suite 'mlxfast-challenge-devPackageTests.xctest' passed at 2026-08-07 15:51:40.790.
	 Executed 0 tests, with 0 failures (0 unexpected) in 0.000 (0.000) seconds
Test Suite 'Selected tests' passed at 2026-08-07 15:51:40.790.
	 Executed 0 tests, with 0 failures (0 unexpected) in 0.000 (0.001) seconds
◇ Test run started.
↳ Testing Library Version: 1902
↳ Target Platform: arm64e-apple-macos14.0
◇ Test lagunaRuntimeMatchesVendoredUpstreamOnM5WhenEnabled() started.
{
  "decodeTokenCount" : 8,
  "promptTokenCount" : 512,
  "steps" : [
    {
      "label" : "prefill",
      "maximumAbsoluteLogitError" : 0.125,
      "meanAbsoluteLogitError" : 0.011933609,
      "runtimeToken" : 5991,
      "upstreamToken" : 5991
    },
    {
      "label" : "decode-0",
      "maximumAbsoluteLogitError" : 0,
      "meanAbsoluteLogitError" : 0,
      "runtimeToken" : 509,
      "upstreamToken" : 509
    },
    {
      "label" : "decode-1",
      "maximumAbsoluteLogitError" : 0,
      "meanAbsoluteLogitError" : 0,
      "runtimeToken" : 902,
      "upstreamToken" : 902
    },
    {
      "label" : "decode-2",
      "maximumAbsoluteLogitError" : 0,
      "meanAbsoluteLogitError" : 0,
      "runtimeToken" : 5991,
      "upstreamToken" : 5991
    },
    {
      "label" : "decode-3",
      "maximumAbsoluteLogitError" : 0,
      "meanAbsoluteLogitError" : 0,
      "runtimeToken" : 509,
      "upstreamToken" : 509
    },
    {
      "label" : "decode-4",
      "maximumAbsoluteLogitError" : 0,
      "meanAbsoluteLogitError" : 0,
      "runtimeToken" : 902,
      "upstreamToken" : 902
    },
    {
      "label" : "decode-5",
      "maximumAbsoluteLogitError" : 0,
      "meanAbsoluteLogitError" : 0,
      "runtimeToken" : 5991,
      "upstreamToken" : 5991
    },
    {
      "label" : "decode-6",
      "maximumAbsoluteLogitError" : 0,
      "meanAbsoluteLogitError" : 0,
      "runtimeToken" : 509,
      "upstreamToken" : 509
    },
    {
      "label" : "decode-7",
      "maximumAbsoluteLogitError" : 0,
      "meanAbsoluteLogitError" : 0,
      "runtimeToken" : 902,
      "upstreamToken" : 902
    }
  ]
}
✘ Test lagunaRuntimeMatchesVendoredUpstreamOnM5WhenEnabled() recorded an issue at LagunaCorrectnessTests.swift:249:5: Expectation failed: (report → LagunaUpstreamEquivalenceReport(promptTokenCount: 512, decodeTokenCount: 8, steps: [MLXFastModel.LagunaUpstreamEquivalenceStep(label: "prefill", maximumAbsoluteLogitError: 0.125, meanAbsoluteLogitError: 0.011933609, runtimeToken: 5991, upstreamToken: 5991), MLXFastModel.LagunaUpstreamEquivalenceStep(label: "decode-0", maximumAbsoluteLogitError: 0.0, meanAbsoluteLogitError: 0.0, runtimeToken: 509, upstreamToken: 509), MLXFastModel.LagunaUpstreamEquivalenceStep(label: "decode-1", maximumAbsoluteLogitError: 0.0, meanAbsoluteLogitError: 0.0, runtimeToken: 902, upstreamToken: 902), MLXFastModel.LagunaUpstreamEquivalenceStep(label: "decode-2", maximumAbsoluteLogitError: 0.0, meanAbsoluteLogitError: 0.0, runtimeToken: 5991, upstreamToken: 5991), MLXFastModel.LagunaUpstreamEquivalenceStep(label: "decode-3", maximumAbsoluteLogitError: 0.0, meanAbsoluteLogitError: 0.0, runtimeToken: 509, upstreamToken: 509), MLXFastModel.LagunaUpstreamEquivalenceStep(label: "decode-4", maximumAbsoluteLogitError: 0.0, meanAbsoluteLogitError: 0.0, runtimeToken: 902, upstreamToken: 902), MLXFastModel.LagunaUpstreamEquivalenceStep(label: "decode-5", maximumAbsoluteLogitError: 0.0, meanAbsoluteLogitError: 0.0, runtimeToken: 5991, upstreamToken: 5991), MLXFastModel.LagunaUpstreamEquivalenceStep(label: "decode-6", maximumAbsoluteLogitError: 0.0, meanAbsoluteLogitError: 0.0, runtimeToken: 509, upstreamToken: 509), MLXFastModel.LagunaUpstreamEquivalenceStep(label: "decode-7", maximumAbsoluteLogitError: 0.0, meanAbsoluteLogitError: 0.0, runtimeToken: 902, upstreamToken: 902)])).passes(maximumAbsoluteLogitError: tolerance → 0.0)
✘ Test lagunaRuntimeMatchesVendoredUpstreamOnM5WhenEnabled() failed after 24.598 seconds with 1 issue.
✘ Test run with 1 test in 0 suites failed after 24.599 seconds with 1 issue.
EQUIVALENCE_EXACT_STEPS=8
EQUIVALENCE_EXIT=1
