[0/3] Write swift-version--58304C5D6DBC2206.txt
[0/1] Planning build
[1/1] Compiling plugin CudaBuild
[2/2] Compiling plugin GenerateManual
[3/3] Compiling plugin GenerateDoccReference
Building for debugging...
[3/13] Write swift-version--58304C5D6DBC2206.txt
[4/15] Write sources
[5/13] Compiling fp_quantized_nax.cpp
[6/13] Compiling quantized.cpp
[7/13] Compiling matmul.cpp
[9/14] Emitting module MLXLMCommon
[10/25] Compiling MLXFastModel RuntimeWeightLoading.swift
[11/25] Compiling MLXFastModel RuntimeStartupMemoryPolicy.swift
[12/25] Compiling MLXFastModel MLXTensorBridge.swift
[13/25] Compiling MLXFastModel LagunaUpstreamEquivalence.swift
[14/25] Compiling MLXFastModel LagunaRuntimeWeights.swift
[15/25] Compiling MLXFastModel LagunaRuntimeLayers.swift
/Users/ec2-user/.senpai/native/mlxfast-maple-20260804/roles/student-maple-fern/workspace/target/Sources/MLXFastModel/LagunaRuntimeLayers.swift:2005:17: warning: variable 'mergedSharedActivated' was never mutated; consider changing to 'let' constant
2003 |             // handed to the down projection instead of being issued again.
2004 |             // Purely within this invocation; nothing survives it.
2005 |             var mergedSharedActivated: MLXArray?
     |                 `- warning: variable 'mergedSharedActivated' was never mutated; consider changing to 'let' constant
2006 |             if lagunaFusedRoutedSwiGLUQMVEnabled,
2007 |                 x.dtype == .bfloat16,
[16/25] Emitting module MLXFastModel
[17/25] Compiling MLXFastModel LagunaConfig.swift
[18/25] Compiling MLXFastModel LagunaLmHeadPrune.swift
[19/25] Compiling MLXFastModel DenseTensorStore.swift
[20/25] Compiling MLXFastModel LagunaRuntimeModel.swift
[21/35] Compiling MLXFastRuntimeWorkerSupport LagunaRuntimeSupport.swift
[22/35] Compiling MLXFastRuntimeWorkerSupport LagunaRuntimeLocalIterate.swift
[23/35] Compiling MLXFastRuntimeWorkerSupport LagunaRuntimeCorrectness.swift
[24/35] Compiling MLXFastRuntimeWorkerSupport LagunaRuntimeBenchmark.swift
[25/35] Compiling MLXFastRuntimeWorkerSupport LagunaRuntimeCorrectnessCompare.swift
[26/35] Compiling MLXFastRuntimeWorkerSupport LagunaRuntime.swift
[27/35] Compiling MLXFastRuntimeWorkerSupport BenchmarkSupport.swift
[28/35] Compiling MLXFastRuntimeWorkerSupport LagunaCorrectness.swift
[29/35] Emitting module MLXFastRuntimeWorkerSupport
[30/35] Compiling MLXFastRuntimeWorkerSupport LagunaRuntimeWorker.swift
[30/35] Write Objects.LinkFileList
[32/49] Compiling MLXFastTests MLXTensorBridgeTests.swift
[33/49] Compiling MLXFastTests LagunaNVFP4KernelTests.swift
[34/50] Compiling MLXFastTests RuntimeWorkerSupportTests.swift
[35/50] Compiling MLXFastTests TensorDataTests.swift
[36/50] Compiling MLXFastTests RuntimeStartupMemoryPolicyTests.swift
[37/50] Compiling MLXFastTests TransformTests.swift
[38/50] Compiling MLXFastTests LagunaArtifactContractTests.swift
[39/50] Compiling MLXFastTests NVFP4QuantizedMMTests.swift
[40/50] Compiling MLXFastTests LagunaConfigTests.swift
[41/50] Compiling MLXFastTests NAXSplitKGEMMTests.swift
[42/50] Compiling MLXFastTests DenseTensorStoreTests.swift
[43/50] Compiling MLXFastTests LagunaCorrectnessTests.swift
[44/50] Compiling MLXFastTests LagunaArtifactFixtureSupport.swift
[45/50] Compiling MLXFastTests BenchmarkSupportTests.swift
[46/50] Emitting module MLXFastTests
[46/50] Write Objects.LinkFileList
[47/50] Linking mlxfast-runtime-worker
[48/50] Applying mlxfast-runtime-worker
[49/50] Linking mlxfast-challenge-devPackageTests
Build complete! (23.95s)
Test Suite 'Selected tests' started at 2026-08-08 22:10:31.448.
Test Suite 'mlxfast-challenge-devPackageTests.xctest' started at 2026-08-08 22:10:31.449.
Test Suite 'mlxfast-challenge-devPackageTests.xctest' passed at 2026-08-08 22:10:31.449.
	 Executed 0 tests, with 0 failures (0 unexpected) in 0.000 (0.000) seconds
Test Suite 'Selected tests' passed at 2026-08-08 22:10:31.449.
	 Executed 0 tests, with 0 failures (0 unexpected) in 0.000 (0.001) seconds
◇ Test run started.
↳ Testing Library Version: 1902
↳ Target Platform: arm64e-apple-macos14.0
◇ Test lagunaRuntimeMatchesVendoredUpstreamOnM5WhenEnabled() started.
{
  "decodeTokenCount" : 8,
  "promptTokenCount" : 512,
  "steps" : [
    {
      "label" : "prefill",
      "maximumAbsoluteLogitError" : 0.125,
      "meanAbsoluteLogitError" : 0.011933609,
      "runtimeToken" : 5991,
      "upstreamToken" : 5991
    },
    {
      "label" : "decode-0",
      "maximumAbsoluteLogitError" : 0,
      "meanAbsoluteLogitError" : 0,
      "runtimeToken" : 509,
      "upstreamToken" : 509
    },
    {
      "label" : "decode-1",
      "maximumAbsoluteLogitError" : 0,
      "meanAbsoluteLogitError" : 0,
      "runtimeToken" : 902,
      "upstreamToken" : 902
    },
    {
      "label" : "decode-2",
      "maximumAbsoluteLogitError" : 0,
      "meanAbsoluteLogitError" : 0,
      "runtimeToken" : 5991,
      "upstreamToken" : 5991
    },
    {
      "label" : "decode-3",
      "maximumAbsoluteLogitError" : 0,
      "meanAbsoluteLogitError" : 0,
      "runtimeToken" : 509,
      "upstreamToken" : 509
    },
    {
      "label" : "decode-4",
      "maximumAbsoluteLogitError" : 0,
      "meanAbsoluteLogitError" : 0,
      "runtimeToken" : 902,
      "upstreamToken" : 902
    },
    {
      "label" : "decode-5",
      "maximumAbsoluteLogitError" : 0,
      "meanAbsoluteLogitError" : 0,
      "runtimeToken" : 5991,
      "upstreamToken" : 5991
    },
    {
      "label" : "decode-6",
      "maximumAbsoluteLogitError" : 0,
      "meanAbsoluteLogitError" : 0,
      "runtimeToken" : 509,
      "upstreamToken" : 509
    },
    {
      "label" : "decode-7",
      "maximumAbsoluteLogitError" : 0,
      "meanAbsoluteLogitError" : 0,
      "runtimeToken" : 902,
      "upstreamToken" : 902
    }
  ]
}
✘ Test lagunaRuntimeMatchesVendoredUpstreamOnM5WhenEnabled() recorded an issue at LagunaCorrectnessTests.swift:249:5: Expectation failed: (report → LagunaUpstreamEquivalenceReport(promptTokenCount: 512, decodeTokenCount: 8, steps: [MLXFastModel.LagunaUpstreamEquivalenceStep(label: "prefill", maximumAbsoluteLogitError: 0.125, meanAbsoluteLogitError: 0.011933609, runtimeToken: 5991, upstreamToken: 5991), MLXFastModel.LagunaUpstreamEquivalenceStep(label: "decode-0", maximumAbsoluteLogitError: 0.0, meanAbsoluteLogitError: 0.0, runtimeToken: 509, upstreamToken: 509), MLXFastModel.LagunaUpstreamEquivalenceStep(label: "decode-1", maximumAbsoluteLogitError: 0.0, meanAbsoluteLogitError: 0.0, runtimeToken: 902, upstreamToken: 902), MLXFastModel.LagunaUpstreamEquivalenceStep(label: "decode-2", maximumAbsoluteLogitError: 0.0, meanAbsoluteLogitError: 0.0, runtimeToken: 5991, upstreamToken: 5991), MLXFastModel.LagunaUpstreamEquivalenceStep(label: "decode-3", maximumAbsoluteLogitError: 0.0, meanAbsoluteLogitError: 0.0, runtimeToken: 509, upstreamToken: 509), MLXFastModel.LagunaUpstreamEquivalenceStep(label: "decode-4", maximumAbsoluteLogitError: 0.0, meanAbsoluteLogitError: 0.0, runtimeToken: 902, upstreamToken: 902), MLXFastModel.LagunaUpstreamEquivalenceStep(label: "decode-5", maximumAbsoluteLogitError: 0.0, meanAbsoluteLogitError: 0.0, runtimeToken: 5991, upstreamToken: 5991), MLXFastModel.LagunaUpstreamEquivalenceStep(label: "decode-6", maximumAbsoluteLogitError: 0.0, meanAbsoluteLogitError: 0.0, runtimeToken: 509, upstreamToken: 509), MLXFastModel.LagunaUpstreamEquivalenceStep(label: "decode-7", maximumAbsoluteLogitError: 0.0, meanAbsoluteLogitError: 0.0, runtimeToken: 902, upstreamToken: 902)])).passes(maximumAbsoluteLogitError: tolerance → 0.0)
✘ Test lagunaRuntimeMatchesVendoredUpstreamOnM5WhenEnabled() failed after 42.508 seconds with 1 issue.
✘ Test run with 1 test in 0 suites failed after 42.509 seconds with 1 issue.
EQUIVALENCE_EXACT_STEPS=8
EQUIVALENCE_EXIT=1
