worker up in 40.2s ok=True
diagnostics after load: worker_rss_gb=20.71 peak_ram_gb=20.714889526367188 mlx_active_gb=33.02 mlx_cache_gb=0.00 mlx_peak_gb=35.33
decode_begin seed forward: 572.69 ms
DECODE_PHASE_START
DECODE_PHASE_END
teacher-forced greedy tokens: 0 divergences (all match)
first 8 steps (ms): 12.102 9.930 9.823 9.761 9.768 9.823 9.768 9.759
decode steps=33 mean=9.981 ms median=9.910 ms p10=9.768 ms p90=10.055 ms min=9.759 ms max=12.102 ms total=0.329 s
diagnostics after decode: worker_rss_gb=20.72 peak_ram_gb=20.715530395507812 mlx_active_gb=33.10 mlx_cache_gb=0.14 mlx_peak_gb=35.33
worker stderr -> /tmp/r106j-abba/10-rep3-on.err

profile: 21358 command buffers total, 12992 inside 32 steady steps
per steady step: wall=9.915 ms gpu_busy_sum=8.642 ms gpu_busy_union=8.641 ms gap=1.274 ms (12.8% of wall) cbs=406.0 dispatches=406.0

  us/step   share  n/step  us/call  kernel
   1517.1  17.55%   39.00    38.90  routed_nvfp4_swiglu_qmv_packed_top8keys_r1_bf16_v2
   1351.2  15.63%   30.00    45.04  decode_nvfp4_qkv_h64_r1_v1_lm1_pw1_se1_sd1
   1130.5  13.08%   30.00    37.68  oproj_act_h64_v1_lm1_pw1_sc1_se1
    874.4  10.12%   39.00    22.42  routed_shared_nvfp4_down_residual_bf16_sh_stage4_v6
    633.7   7.33%   30.00    21.12  sliding_fused_attn_ring_v1
    424.1   4.91%    1.00   424.14  lmhead_int5_base_coarse_delta_bf16_v1
    367.7   4.25%   10.00    36.77  decode_nvfp4_qkv_h48_r1_v1_lm1_pw1_se1_sd1
    326.5   3.78%   39.00     8.37  shared_nvfp4_swiglu_qmv_rows1_halved_wide_bf16_v1
   2017.3  23.34%                   ... 16 more
