worker up in 40.4s ok=True
diagnostics after load: worker_rss_gb=20.72 peak_ram_gb=20.7152099609375 mlx_active_gb=33.02 mlx_cache_gb=0.00 mlx_peak_gb=35.33
decode_begin seed forward: 570.06 ms
DECODE_PHASE_START
DECODE_PHASE_END
teacher-forced greedy tokens: 0 divergences (all match)
first 8 steps (ms): 12.036 9.935 9.924 9.745 9.890 9.768 9.849 9.751
decode steps=33 mean=9.835 ms median=9.756 ms p10=9.705 ms p90=9.890 ms min=9.696 ms max=12.036 ms total=0.325 s
diagnostics after decode: worker_rss_gb=20.72 peak_ram_gb=20.71588134765625 mlx_active_gb=33.10 mlx_cache_gb=0.14 mlx_peak_gb=35.33
worker stderr -> /tmp/r106j-abba/05-rep2-off.err

profile: 21358 command buffers total, 12992 inside 32 steady steps
per steady step: wall=9.766 ms gpu_busy_sum=8.533 ms gpu_busy_union=8.533 ms gap=1.233 ms (12.6% of wall) cbs=406.0 dispatches=406.0

  us/step   share  n/step  us/call  kernel
   1499.1  17.57%   39.00    38.44  routed_nvfp4_swiglu_qmv_packed_top8keys_r1_bf16_v2
   1343.0  15.74%   30.00    44.77  decode_nvfp4_qkv_h64_r1_v1_lm1_pw1_se1_sd1
   1119.4  13.12%   30.00    37.31  oproj_act_h64_v1_lm1_pw1_sc1_se1
    858.9  10.07%   39.00    22.02  routed_shared_nvfp4_down_residual_bf16_sh_stage4_v6
    634.7   7.44%   30.00    21.16  sliding_fused_attn_ring_v1
    421.2   4.94%    1.00   421.25  lmhead_int5_base_coarse_delta_bf16_v1
    363.2   4.26%   10.00    36.32  decode_nvfp4_qkv_h48_r1_v1_lm1_pw1_se1_sd1
    312.8   3.67%   39.00     8.02  residual_rms_router_bf16_2048_rpg8_keys_v1_pf1
   1980.4  23.21%                   ... 16 more
