worker up in 40.5s ok=True
diagnostics after load: worker_rss_gb=20.71 peak_ram_gb=20.7137451171875 mlx_active_gb=33.02 mlx_cache_gb=0.00 mlx_peak_gb=35.33
decode_begin seed forward: 564.44 ms
DECODE_PHASE_START
DECODE_PHASE_END
teacher-forced greedy tokens: 0 divergences (all match)
first 8 steps (ms): 12.728 10.228 9.949 9.823 9.968 9.785 9.763 9.832
decode steps=33 mean=9.879 ms median=9.765 ms p10=9.725 ms p90=9.949 ms min=9.696 ms max=12.728 ms total=0.326 s
diagnostics after decode: worker_rss_gb=20.71 peak_ram_gb=20.714431762695312 mlx_active_gb=33.10 mlx_cache_gb=0.14 mlx_peak_gb=35.33
worker stderr -> /tmp/r106j-abba/04-rep1-off.err

profile: 21358 command buffers total, 12992 inside 32 steady steps
per steady step: wall=9.790 ms gpu_busy_sum=8.524 ms gpu_busy_union=8.524 ms gap=1.266 ms (12.9% of wall) cbs=406.0 dispatches=406.0

  us/step   share  n/step  us/call  kernel
   1499.1  17.59%   39.00    38.44  routed_nvfp4_swiglu_qmv_packed_top8keys_r1_bf16_v2
   1340.3  15.72%   30.00    44.68  decode_nvfp4_qkv_h64_r1_v1_lm1_pw1_se1_sd1
   1118.8  13.13%   30.00    37.29  oproj_act_h64_v1_lm1_pw1_sc1_se1
    858.9  10.08%   39.00    22.02  routed_shared_nvfp4_down_residual_bf16_sh_stage4_v6
    634.4   7.44%   30.00    21.15  sliding_fused_attn_ring_v1
    421.2   4.94%    1.00   421.19  lmhead_int5_base_coarse_delta_bf16_v1
    363.2   4.26%   10.00    36.32  decode_nvfp4_qkv_h48_r1_v1_lm1_pw1_se1_sd1
    311.5   3.65%   39.00     7.99  residual_rms_router_bf16_2048_rpg8_keys_v1_pf1
   1976.4  23.19%                   ... 16 more
