worker up in 40.4s ok=True
diagnostics after load: worker_rss_gb=20.71 peak_ram_gb=20.714370727539062 mlx_active_gb=33.02 mlx_cache_gb=0.00 mlx_peak_gb=35.33
decode_begin seed forward: 570.94 ms
DECODE_PHASE_START
DECODE_PHASE_END
teacher-forced greedy tokens: 0 divergences (all match)
first 8 steps (ms): 11.894 9.885 9.821 9.811 9.780 9.829 9.761 9.775
decode steps=33 mean=9.825 ms median=9.756 ms p10=9.717 ms p90=9.821 ms min=9.704 ms max=11.894 ms total=0.324 s
diagnostics after decode: worker_rss_gb=20.72 peak_ram_gb=20.715042114257812 mlx_active_gb=33.10 mlx_cache_gb=0.14 mlx_peak_gb=35.33
worker stderr -> /tmp/r106j-abba/12-rep3-off.err

profile: 21358 command buffers total, 12992 inside 32 steady steps
per steady step: wall=9.760 ms gpu_busy_sum=8.522 ms gpu_busy_union=8.522 ms gap=1.239 ms (12.7% of wall) cbs=406.0 dispatches=406.0

  us/step   share  n/step  us/call  kernel
   1497.0  17.57%   39.00    38.38  routed_nvfp4_swiglu_qmv_packed_top8keys_r1_bf16_v2
   1339.9  15.72%   30.00    44.66  decode_nvfp4_qkv_h64_r1_v1_lm1_pw1_se1_sd1
   1117.3  13.11%   30.00    37.24  oproj_act_h64_v1_lm1_pw1_sc1_se1
    860.4  10.10%   39.00    22.06  routed_shared_nvfp4_down_residual_bf16_sh_stage4_v6
    635.6   7.46%   30.00    21.19  sliding_fused_attn_ring_v1
    420.4   4.93%    1.00   420.38  lmhead_int5_base_coarse_delta_bf16_v1
    362.8   4.26%   10.00    36.28  decode_nvfp4_qkv_h48_r1_v1_lm1_pw1_se1_sd1
    313.2   3.68%   39.00     8.03  residual_rms_router_bf16_2048_rpg8_keys_v1_pf1
   1975.0  23.18%                   ... 16 more
