worker up in 40.2s ok=True
diagnostics after load: worker_rss_gb=20.71 peak_ram_gb=20.714706420898438 mlx_active_gb=33.02 mlx_cache_gb=0.00 mlx_peak_gb=35.33
decode_begin seed forward: 561.54 ms
DECODE_PHASE_START
DECODE_PHASE_END
teacher-forced greedy tokens: 0 divergences (all match)
first 8 steps (ms): 12.179 9.914 9.798 9.886 9.763 9.940 9.814 9.828
decode steps=33 mean=9.859 ms median=9.775 ms p10=9.728 ms p90=9.896 ms min=9.721 ms max=12.179 ms total=0.325 s
diagnostics after decode: worker_rss_gb=20.72 peak_ram_gb=20.715469360351562 mlx_active_gb=33.10 mlx_cache_gb=0.14 mlx_peak_gb=35.33
worker stderr -> /tmp/r106j-abba/08-rep2-off.err

profile: 21358 command buffers total, 12992 inside 32 steady steps
per steady step: wall=9.787 ms gpu_busy_sum=8.535 ms gpu_busy_union=8.535 ms gap=1.252 ms (12.8% of wall) cbs=406.0 dispatches=406.0

  us/step   share  n/step  us/call  kernel
   1499.0  17.56%   39.00    38.44  routed_nvfp4_swiglu_qmv_packed_top8keys_r1_bf16_v2
   1344.6  15.75%   30.00    44.82  decode_nvfp4_qkv_h64_r1_v1_lm1_pw1_se1_sd1
   1118.4  13.10%   30.00    37.28  oproj_act_h64_v1_lm1_pw1_sc1_se1
    861.4  10.09%   39.00    22.09  routed_shared_nvfp4_down_residual_bf16_sh_stage4_v6
    636.8   7.46%   30.00    21.23  sliding_fused_attn_ring_v1
    420.7   4.93%    1.00   420.67  lmhead_int5_base_coarse_delta_bf16_v1
    363.6   4.26%   10.00    36.36  decode_nvfp4_qkv_h48_r1_v1_lm1_pw1_se1_sd1
    314.1   3.68%   39.00     8.05  residual_rms_router_bf16_2048_rpg8_keys_v1_pf1
   1976.5  23.16%                   ... 16 more
