worker up in 40.1s ok=True
diagnostics after load: worker_rss_gb=20.71 peak_ram_gb=20.714691162109375 mlx_active_gb=33.02 mlx_cache_gb=0.00 mlx_peak_gb=35.33
decode_begin seed forward: 570.20 ms
DECODE_PHASE_START
DECODE_PHASE_END
teacher-forced greedy tokens: 0 divergences (all match)
first 8 steps (ms): 11.899 9.888 9.849 9.770 9.838 9.825 9.809 9.826
decode steps=33 mean=9.839 ms median=9.766 ms p10=9.723 ms p90=9.838 ms min=9.711 ms max=11.899 ms total=0.325 s
diagnostics after decode: worker_rss_gb=20.72 peak_ram_gb=20.715423583984375 mlx_active_gb=33.10 mlx_cache_gb=0.14 mlx_peak_gb=35.33
worker stderr -> /tmp/r106j-abba/06-rep2-on.err

profile: 21358 command buffers total, 12992 inside 32 steady steps
per steady step: wall=9.775 ms gpu_busy_sum=8.536 ms gpu_busy_union=8.535 ms gap=1.240 ms (12.7% of wall) cbs=406.0 dispatches=406.0

  us/step   share  n/step  us/call  kernel
   1494.6  17.51%   39.00    38.32  routed_nvfp4_swiglu_qmv_packed_top8keys_r1_bf16_v2
   1330.7  15.59%   30.00    44.36  decode_nvfp4_qkv_h64_r1_v1_lm1_pw1_se1_sd1
   1115.1  13.06%   30.00    37.17  oproj_act_h64_v1_lm1_pw1_sc1_se1
    863.0  10.11%   39.00    22.13  routed_shared_nvfp4_down_residual_bf16_sh_stage4_v6
    627.7   7.35%   30.00    20.92  sliding_fused_attn_ring_v1
    421.5   4.94%    1.00   421.46  lmhead_int5_base_coarse_delta_bf16_v1
    362.2   4.24%   10.00    36.22  decode_nvfp4_qkv_h48_r1_v1_lm1_pw1_se1_sd1
    322.1   3.77%   39.00     8.26  shared_nvfp4_swiglu_qmv_rows1_halved_wide_bf16_v1
   1999.5  23.42%                   ... 16 more
