worker up in 40.1s ok=True
diagnostics after load: worker_rss_gb=20.72 peak_ram_gb=20.715118408203125 mlx_active_gb=33.02 mlx_cache_gb=0.00 mlx_peak_gb=35.33
decode_begin seed forward: 573.88 ms
DECODE_PHASE_START
DECODE_PHASE_END
teacher-forced greedy tokens: 0 divergences (all match)
first 8 steps (ms): 12.116 9.929 9.864 9.878 9.950 10.389 9.909 9.812
decode steps=33 mean=9.946 ms median=9.831 ms p10=9.768 ms p90=10.136 ms min=9.746 ms max=12.116 ms total=0.328 s
diagnostics after decode: worker_rss_gb=20.72 peak_ram_gb=20.715866088867188 mlx_active_gb=33.10 mlx_cache_gb=0.14 mlx_peak_gb=35.33
worker stderr -> /tmp/r106j-abba/02-rep1-on.err

profile: 21358 command buffers total, 12992 inside 32 steady steps
per steady step: wall=9.878 ms gpu_busy_sum=8.549 ms gpu_busy_union=8.547 ms gap=1.331 ms (13.5% of wall) cbs=406.0 dispatches=406.0

  us/step   share  n/step  us/call  kernel
   1497.4  17.52%   39.00    38.40  routed_nvfp4_swiglu_qmv_packed_top8keys_r1_bf16_v2
   1333.4  15.60%   30.00    44.45  decode_nvfp4_qkv_h64_r1_v1_lm1_pw1_se1_sd1
   1116.1  13.06%   30.00    37.20  oproj_act_h64_v1_lm1_pw1_sc1_se1
    866.1  10.13%   39.00    22.21  routed_shared_nvfp4_down_residual_bf16_sh_stage4_v6
    629.0   7.36%   30.00    20.97  sliding_fused_attn_ring_v1
    421.5   4.93%    1.00   421.48  lmhead_int5_base_coarse_delta_bf16_v1
    363.5   4.25%   10.00    36.35  decode_nvfp4_qkv_h48_r1_v1_lm1_pw1_se1_sd1
    321.6   3.76%   39.00     8.25  shared_nvfp4_swiglu_qmv_rows1_halved_wide_bf16_v1
   2000.4  23.40%                   ... 16 more
