worker up in 41.2s ok=True
diagnostics after load: worker_rss_gb=20.71 peak_ram_gb=20.713470458984375 mlx_active_gb=33.02 mlx_cache_gb=0.00 mlx_peak_gb=35.33
decode_begin seed forward: 557.95 ms
DECODE_PHASE_START
DECODE_PHASE_END
teacher-forced greedy tokens: 0 divergences (all match)
first 8 steps (ms): 11.982 9.878 9.805 9.734 9.789 9.858 9.852 9.912
decode steps=33 mean=9.831 ms median=9.768 ms p10=9.703 ms p90=9.858 ms min=9.692 ms max=11.982 ms total=0.324 s
diagnostics after decode: worker_rss_gb=20.71 peak_ram_gb=20.714431762695312 mlx_active_gb=33.10 mlx_cache_gb=0.14 mlx_peak_gb=35.33
worker stderr -> /tmp/r106j-abba/01-rep1-off.err

profile: 21358 command buffers total, 12992 inside 32 steady steps
per steady step: wall=9.764 ms gpu_busy_sum=8.535 ms gpu_busy_union=8.535 ms gap=1.230 ms (12.6% of wall) cbs=406.0 dispatches=406.0

  us/step   share  n/step  us/call  kernel
   1499.0  17.56%   39.00    38.43  routed_nvfp4_swiglu_qmv_packed_top8keys_r1_bf16_v2
   1343.1  15.74%   30.00    44.77  decode_nvfp4_qkv_h64_r1_v1_lm1_pw1_se1_sd1
   1118.3  13.10%   30.00    37.28  oproj_act_h64_v1_lm1_pw1_sc1_se1
    860.5  10.08%   39.00    22.06  routed_shared_nvfp4_down_residual_bf16_sh_stage4_v6
    635.3   7.44%   30.00    21.18  sliding_fused_attn_ring_v1
    422.8   4.95%    1.00   422.75  lmhead_int5_base_coarse_delta_bf16_v1
    363.4   4.26%   10.00    36.34  decode_nvfp4_qkv_h48_r1_v1_lm1_pw1_se1_sd1
    312.9   3.67%   39.00     8.02  residual_rms_router_bf16_2048_rpg8_keys_v1_pf1
   1980.3  23.20%                   ... 16 more
