worker up in 40.1s ok=True
diagnostics after load: worker_rss_gb=20.72 peak_ram_gb=20.715057373046875 mlx_active_gb=33.02 mlx_cache_gb=0.00 mlx_peak_gb=35.33
decode_begin seed forward: 569.32 ms
DECODE_PHASE_START
DECODE_PHASE_END
teacher-forced greedy tokens: 0 divergences (all match)
first 8 steps (ms): 12.002 9.935 9.780 9.743 9.791 9.867 9.825 9.780
decode steps=33 mean=9.848 ms median=9.775 ms p10=9.740 ms p90=9.865 ms min=9.718 ms max=12.002 ms total=0.325 s
diagnostics after decode: worker_rss_gb=20.72 peak_ram_gb=20.715744018554688 mlx_active_gb=33.10 mlx_cache_gb=0.14 mlx_peak_gb=35.33
worker stderr -> /tmp/r106j-abba/07-rep2-on.err

profile: 21358 command buffers total, 12992 inside 32 steady steps
per steady step: wall=9.781 ms gpu_busy_sum=8.543 ms gpu_busy_union=8.543 ms gap=1.238 ms (12.7% of wall) cbs=406.0 dispatches=406.0

  us/step   share  n/step  us/call  kernel
   1496.4  17.52%   39.00    38.37  routed_nvfp4_swiglu_qmv_packed_top8keys_r1_bf16_v2
   1332.9  15.60%   30.00    44.43  decode_nvfp4_qkv_h64_r1_v1_lm1_pw1_se1_sd1
   1115.3  13.06%   30.00    37.18  oproj_act_h64_v1_lm1_pw1_sc1_se1
    863.8  10.11%   39.00    22.15  routed_shared_nvfp4_down_residual_bf16_sh_stage4_v6
    628.0   7.35%   30.00    20.93  sliding_fused_attn_ring_v1
    420.9   4.93%    1.00   420.94  lmhead_int5_base_coarse_delta_bf16_v1
    362.8   4.25%   10.00    36.28  decode_nvfp4_qkv_h48_r1_v1_lm1_pw1_se1_sd1
    322.5   3.78%   39.00     8.27  shared_nvfp4_swiglu_qmv_rows1_halved_wide_bf16_v1
   2000.4  23.42%                   ... 16 more
