2026-08-11T01:42:09Z slot BUSY: 0531544b validating created=2026-08-11T01:31:01.872Z
2026-08-11T01:43:12Z slot BUSY: 0531544b validating created=2026-08-11T01:31:01.872Z
2026-08-11T01:44:12Z slot BUSY: 0531544b validating created=2026-08-11T01:31:01.872Z
2026-08-11T01:45:16Z slot BUSY: 0531544b validating created=2026-08-11T01:31:01.872Z
2026-08-11T01:46:22Z slot BUSY: 0531544b validating created=2026-08-11T01:31:01.872Z
2026-08-11T01:47:23Z slot BUSY: 0531544b validating created=2026-08-11T01:31:01.872Z
2026-08-11T01:48:25Z slot BUSY: 0531544b validating created=2026-08-11T01:31:01.872Z
2026-08-11T01:49:25Z slot BUSY: 0531544b validating created=2026-08-11T01:31:01.872Z
2026-08-11T01:50:28Z slot BUSY: 0531544b validating created=2026-08-11T01:31:01.872Z
2026-08-11T01:51:30Z slot BUSY: 0531544b validating created=2026-08-11T01:31:01.872Z
2026-08-11T01:52:32Z slot BUSY: 0531544b validating created=2026-08-11T01:31:01.872Z
2026-08-11T01:53:34Z slot BUSY: 0531544b validating created=2026-08-11T01:31:01.872Z
2026-08-11T01:54:40Z slot FREE -> submitting (attempt 1)
Pushing traces before submission (up to 60 seconds)...
[1mSubmission queued[22m
[2mbenchmark[22m   eigenlabs/mlxfast-challenge
[2msubmission[22m  cb4de9e0-b083-4061-8e2b-3fa3f055c1e9
[2mstatus[22m      [36mvalidating[39m
[2mnote[22m        6.6 KiB

SUBMITTED ok; candidate ids seen: ['cb4de9e0-b083-4061-8e2b-3fa3f055c1e9']
