prompt tokens: 512
load: 42.4 s
prefill 0:   582.41 ms  (1137.51 us/token)  cbs= 1736 dispatches= 1222  token=5991
prefill 1:   548.41 ms  (1071.10 us/token)  cbs= 1723 dispatches= 1222  token=5991
prefill 2:   548.06 ms  (1070.44 us/token)  cbs= 1720 dispatches= 1222  token=5991
peak_ram_gb: 20.714553833007812

prefill warm median: 548.405 ms/forward (1071.10 us/token) over 2 reps

profile [prefill warm] over 2 request(s)
  per-request dispatches [1222, 1222]
  wall               548.235 ms/request
  gpu busy (sum)     655.087 ms (119.5% of wall)
  gpu busy (union)   545.402 ms ( 99.5% of wall)
  command buffers     1721.5 /request
  dispatches          1222.0 /request
  bound bytes         11.614 GiB/request

  dispatch                                                    n/req  us/call   ms/req  %wall  MB/call    GB/s   %bw             family
  nvfp4_gather_qmm_rhs_nt                                      76.0   3490.5  265.275   48.4   83.004    24.9    10 routed_gather_gemm
  steel_gemm_fused_nt_bfloat16_bfloat16_bm64_bn64_bk16_wm2_wn2_has_batch_n_use   82.0   2230.7  182.919   33.4   19.598     9.2     4    steel_gemm_bf16
  arangeuint32                                                 76.0   1391.1  105.724   19.3    0.004     0.0     0       sort_scatter
  MIXED:steel_gemm_splitk_accum_bfloat16_float32+steel_gemm_splitk_nt_bfloat  310.0    114.2   35.390    6.5    1.521    14.0     5    steel_gemm_bf16
  steel_attention_bfloat16_bq32_bk16_bd128_wm4_wn1_maskbfloat16_align_Q_t_alig   39.0    721.0   28.119    5.1    8.487    12.3     5     attention_core
  nvfp4_qmm_t_splitk_fused                                     76.0    176.1   13.387    2.4    1.438     8.6     3    nvfp4_dense_qmm
  nvfp4_qmm_t                                                  38.0    173.1    6.577    1.2    1.438     8.7     3    nvfp4_dense_qmm
  laguna_prefill_sliding_qk_norm_rope_bf16_128_h1_v3           29.0    113.3    3.286    0.6    9.500    87.9    34       qk_norm_rope
  laguna_prefill_sorted_moe_tail_bf16_v1                       38.0     67.0    2.545    0.5   11.008   172.3    66           moe_tail
  gather_frontbfloat16_uint32_int_2                            38.0     53.4    2.030    0.4    9.004   176.7    68       sort_scatter
  g2_copybfloat16bfloat16                                      76.0     22.2    1.687    0.3    6.000   283.4   109        elementwise
  CV2ISigmoidADV2IBroadcastACEV2IBroadcastCAFV2IMultiplyDEGV2IBroadcastFBHV2IB   77.0     19.9    1.532    0.3    2.325   122.5    47        elementwise
  g2_Multiplybfloat16                                          40.0     33.3    1.332    0.2    3.679   115.9    45        elementwise
  laguna_prefill_full_qk_norm_yarn_bf16_128_h1_v3              10.0     89.6    0.896    0.2    7.250    84.8    33       qk_norm_rope
  laguna_residual_rms_bf16_2048_v1                             39.0     22.4    0.872    0.2    4.002   187.6    72           rms_norm
  rmsbfloat16                                                  42.0     20.5    0.863    0.2    1.907    97.4    37           rms_norm
  laguna_prefill_router_tournament_ordinal_norm_active64_v2    39.0     16.8    0.656    0.1    0.130     8.1     3             router
  custom_kernel_mlx_lm_route_csort_scatter_fused_m8_u32_v4_uint32_t_uint32_t_u   38.0     15.1    0.573    0.1    0.016     1.1     0       sort_scatter
  laguna_lmhead_int5_inline_coarse_ratio_bound_delta_bf16_v6    1.0    572.9    0.573    0.1  128.818   235.8    91            lm_head
  Cf4IAsTypeADf4IBroadcastCBEf4IBroadcastBCFf4ILogAddExpDEGV2OAsTypeF_VC_V2_10   40.0      6.2    0.249    0.0    0.029     4.8     2        elementwise
  gemv_al_bfloat16_bm4_bn1_sm1_sn32_tm4_tn4_nc0_axpby0          1.0    145.0    0.145    0.0   16.010   115.7    44              other
  gemv_al_bfloat16_bm8_bn1_sm1_sn32_tm4_tn4_nc0_axpby0          1.0    142.4    0.142    0.0   16.135   118.8    46              other
  laguna_lmhead_exact_inline_mask_block_delta_bf16_lane0_mask_v1_float    1.0     75.6    0.076    0.0  196.289  2721.6  1046            lm_head
  gather_frontbfloat16_int32_int_2                              2.0     21.4    0.043    0.0   98.596  4825.0  1854       sort_scatter
  laguna_routed_nvfp4_swiglu_qmv_packed_top8keys_r1_bf16_v2     1.0     40.3    0.040    0.0   80.006  2080.0   799    nvfp4_dense_qmm
  sdpa_vector                                                   1.0     27.2    0.027    0.0    1.515    58.3    22     attention_core
  laguna_routed_shared_nvfp4_down_residual_bf16_sh_stage4_v6    1.0     22.8    0.023    0.0   40.165  1844.5   709              other
  MIXED:g2_copybfloat16bfloat16+rmsbfloat16                     2.0     10.9    0.022    0.0    0.750    72.4    28           rms_norm
  vvn_Addbfloat16                                               1.0     20.6    0.021    0.0    2.000   102.0    39        elementwise
  empty_commit                                                655.5      0.0    0.014    0.0    0.000     0.0     0              other
  rope                                                          1.0     11.4    0.011    0.0    1.000    92.2    35       qk_norm_rope
  laguna_residual_rms_router_bf16_2048_rpg8_keys_v1_pf1         1.0      9.3    0.009    0.0    0.510    57.4    22             router
  argmax_bfloat16                                               1.0      8.6    0.009    0.0    0.096    11.7     4            lm_head
  laguna_shared_nvfp4_swiglu_qmv_rows1_halved_bf16_v1           1.0      8.3    0.008    0.0    0.315    39.7    15    nvfp4_dense_qmm
  laguna_lmhead_exact_winner_bf16_midpoint_threshold_v1_float_uint32_t    1.0      4.8    0.005    0.0  196.002 42705.9 16413            lm_head
  laguna_lmhead_coarse_argmax_stage1_v5_float_float_uint32_t    1.0      3.9    0.004    0.0    0.096    26.0    10            lm_head
  rope_single                                                   1.0      3.8    0.004    0.0    0.008     2.1     1       qk_norm_rope

  family                 n/req   ms/req  %wall    GB/s   %bw
  routed_gather_gemm      76.0  265.275   48.4    24.9    10
  steel_gemm_bf16        392.0  218.308   39.8    10.0     4
  sort_scatter           154.0  108.370   19.8     5.2     2
  attention_core          40.0   28.146    5.1    12.4     5
  nvfp4_dense_qmm        116.0   20.013    3.7    12.8     5
  elementwise            234.0    4.820    0.9   170.8    66
  qk_norm_rope            41.0    4.197    0.8    87.2    34
  moe_tail                38.0    2.545    0.5   172.3    66
  rms_norm                83.0    1.757    0.3   141.9    55
  lm_head                  5.0    0.666    0.1   821.0   316
  router                  40.0    0.665    0.1     8.8     3
  other                  658.5    0.325    0.1   233.5    90
