# host: Apple M4 Pro, 20 GPU cores, rounds=15 (median of 15)
# arm=autotune  working_set=512MiB  metric=achieved_GB_s
tgPerCore	threadsPerTG	ilp	tg	grid	sweeps	us_med	GB_s
2	128	1	40	5120	2	4910.62	218.66
2	128	2	40	5120	2	4808.67	223.29
2	128	4	40	5120	2	4760.75	225.54
2	128	8	40	5120	2	4732.54	226.88
2	256	1	40	10240	2	4080.50	263.14
2	256	2	40	10240	2	4080.92	263.11
2	256	4	40	10240	2	4080.54	263.14
2	256	8	40	10240	2	4078.21	263.29
2	512	1	40	20480	2	4148.38	258.83
2	512	2	40	20480	2	4129.71	260.00
2	512	4	40	20480	2	4128.92	260.05
2	512	8	40	20480	2	4131.88	259.87
4	128	1	80	10240	2	4084.29	262.90
4	128	2	80	10240	2	4086.13	262.78
4	128	4	80	10240	2	4081.92	263.05
4	128	8	80	10240	2	4085.12	262.84
4	256	1	80	20480	2	4146.54	258.95
4	256	2	80	20480	2	4140.54	259.32
4	256	4	80	20480	2	4137.96	259.49
4	256	8	80	20480	2	4140.13	259.35
4	512	1	80	40960	2	4170.92	257.44
4	512	2	80	40960	2	4182.67	256.71
4	512	4	80	40960	2	4180.67	256.84
4	512	8	80	40960	2	4176.46	257.09
8	128	1	160	20480	2	4144.67	259.07
8	128	2	160	20480	2	4142.21	259.22
8	128	4	160	20480	2	4144.87	259.05
8	128	8	160	20480	2	4143.29	259.15
8	256	1	160	40960	2	4177.12	257.05
8	256	2	160	40960	2	4178.13	256.99
8	256	4	160	40960	2	4170.92	257.44
8	256	8	160	40960	2	4177.25	257.05
8	512	1	160	81920	2	4280.87	250.82
8	512	2	160	81920	2	4292.63	250.14
8	512	4	160	81920	2	4289.17	250.34
8	512	8	160	81920	2	4292.63	250.14
16	128	1	320	40960	2	4190.75	256.22
16	128	2	320	40960	2	4188.33	256.36
16	128	4	320	40960	2	4187.50	256.42
16	128	8	320	40960	2	4190.54	256.23
16	256	1	320	81920	2	4273.67	251.25
16	256	2	320	81920	2	4264.88	251.76
16	256	4	320	81920	2	4263.00	251.87
16	256	8	320	81920	2	4262.21	251.92
16	512	1	320	163840	2	4294.17	250.05
16	512	2	320	163840	2	4253.79	252.42
16	512	4	320	163840	2	4259.54	252.08
16	512	8	320	163840	2	4252.87	252.47
# autotune winner: tgPerCore=2 threadsPerTG=256 ilp=8 -> 263.29 GB/s

# arm=seq  geometry: tg=40 threadsPerTG=256 grid=10240 ilp=8
# bytes_written_per_cb = 163840 (one uint4 per thread, once per dispatch)
uniq_MiB	sweeps	req_MB	us_med	us_min	us_max	GB_s	GB_s_lo	GB_s_hi	slc_fit
2	477	1000.3	596.88	527.37	618.58	1675.96	1617.15	1896.83	fits
4	239	1002.4	694.00	674.12	696.62	1444.44	1438.99	1487.02	fits
8	120	1006.6	1705.29	1701.50	1713.67	590.30	587.41	591.62	fits
12	80	1006.6	2014.79	1986.58	2039.00	499.62	493.69	506.72	fits
16	60	1006.6	3219.13	3198.50	3232.38	312.70	311.42	314.72	marginal
20	48	1006.6	3698.37	3689.79	3733.25	272.18	269.64	272.82	marginal
24	40	1006.6	3790.38	3782.62	3831.62	265.58	262.72	266.12	marginal
32	30	1006.6	3809.00	3795.75	3833.71	264.28	262.57	265.20	marginal
48	20	1006.6	3827.04	3801.38	3957.33	263.03	254.37	264.81	marginal
64	15	1006.6	3817.54	3811.25	3857.63	263.69	260.95	264.12	spills
96	10	1006.6	3821.54	3814.00	3850.00	263.41	261.46	263.93	spills
128	8	1073.7	4082.29	4074.08	4115.75	263.02	260.89	263.55	spills
192	5	1006.6	3820.37	3815.29	3866.42	263.49	260.35	263.84	spills
256	4	1073.7	4079.08	4071.38	4114.38	263.23	260.97	263.73	spills
384	3	1208.0	4596.63	4571.75	4623.75	262.79	261.25	264.22	spills
512	2	1073.7	4078.12	4069.33	4110.12	263.29	261.24	263.86	spills
768	2	1610.6	6138.63	6122.83	6262.83	262.37	257.17	263.05	spills
1024	1	1073.7	4077.87	4068.87	4093.12	263.31	262.33	263.89	spills
# MEASURED dram_read_ceiling = 263.29 GB/s (median of 6 rows >= 192 MiB, range 262.37..263.49)
# MEASURED cache_served_ceiling = 1675.96 GB/s

# arm=seq  rule-71 two-column classification
uniq_MiB	GB_s	pct_dram_ceiling	regime	slc_fit
2	1675.96	636.5	cache	fits
4	1444.44	548.6	cache	fits
8	590.30	224.2	cache	fits
12	499.62	189.8	cache	fits
16	312.70	118.8	mixed	marginal
20	272.18	103.4	dram	marginal
24	265.58	100.9	dram	marginal
32	264.28	100.4	dram	marginal
48	263.03	99.9	dram	marginal
64	263.69	100.1	dram	spills
96	263.41	100.0	dram	spills
128	263.02	99.9	dram	spills
192	263.49	100.1	dram	spills
256	263.23	100.0	dram	spills
384	262.79	99.8	dram	spills
512	263.29	100.0	dram	spills
768	262.37	99.7	dram	spills
1024	263.31	100.0	dram	spills

# arm=blk  block=64KiB  geometry: tg=40 threadsPerTG=256
uniq_MiB	nblocks	sweeps	req_MB	us_med	GB_s	pct_seq	slc_fit
2	32	477	1000.3	496.08	2016.48	120.3	fits
4	64	239	1002.4	919.79	1089.85	75.5	fits
8	128	120	1006.6	1820.75	552.87	93.7	fits
12	192	80	1006.6	1982.92	507.65	101.6	fits
16	256	60	1006.6	2696.50	373.31	119.4	marginal
20	320	48	1006.6	3684.25	273.23	100.4	marginal
24	384	40	1006.6	3727.38	270.06	101.7	marginal
32	512	30	1006.6	3861.25	260.70	98.6	marginal
48	768	20	1006.6	3855.71	261.08	99.3	marginal
64	1024	15	1006.6	3819.25	263.57	100.0	spills
96	1536	10	1006.6	3819.13	263.58	100.1	spills
128	2048	8	1073.7	4088.96	262.60	99.8	spills
192	3072	5	1006.6	3794.21	265.31	100.7	spills
256	4096	4	1073.7	4068.87	263.89	100.3	spills
384	6144	3	1208.0	4603.25	262.41	99.9	spills
512	8192	2	1073.7	4053.67	264.88	100.6	spills
768	12288	2	1610.6	6115.50	263.37	100.4	spills
1024	16384	1	1073.7	4058.63	264.56	100.5	spills

# arm=tanjiro  pool=256MiB  base=2 extra=6
# replicates tanjiro-pr27-interim.md:1044-1105 geometry on this host
sweeps	us_med	us_min	us_max
2	2047.88	2031.12	2237.33
8	8293.63	8189.75	8496.96
# delta_bytes = 1610.61 MB  delta_us = 6245.75  -> 257.87 GB/s
# tanjiro_instrument_pct_of_measured_dram_ceiling = 97.9%

# published M4-Pro denominators vs this measurement
source	value_GB_s	pct_of_measured_dram_ceiling
theoretical_273_r94_census	273.0	103.7
hardcoded_266.3_fern_r100_probe:71	266.3	101.1
roofline_260.6_fern_ledger:940	260.6	99.0
tanjiro_pool_diff_237.4_published	237.4	90.2
# done
