prompt tokens: 512
load: 39.6 s
prefill 0:   606.66 ms  (1184.88 us/token)  cbs= 2126 dispatches= 2637  token=5991
prefill 1:   607.46 ms  (1186.44 us/token)  cbs= 2126 dispatches= 2637  token=5991
prefill 2:   608.01 ms  (1187.53 us/token)  cbs= 2126 dispatches= 2637  token=5991
prefill 3:   607.34 ms  (1186.22 us/token)  cbs= 2126 dispatches= 2637  token=5991
prefill 4:   607.76 ms  (1187.04 us/token)  cbs= 2126 dispatches= 2637  token=5991
prefill 5:   607.64 ms  (1186.80 us/token)  cbs= 2126 dispatches= 2637  token=5991
peak_ram_gb: 20.704757690429688

prefill warm median: 607.643 ms/forward (1186.80 us/token) over 5 reps

profile [prefill warm] over 5 request(s)
  per-request dispatches [2637, 2637, 2637, 2637, 2637]
  wall               607.644 ms/request
  gpu busy (sum)    1006.200 ms (165.6% of wall)
  gpu busy (union)   601.918 ms ( 99.1% of wall)
  command buffers     2126.0 /request
  dispatches          2637.0 /request
  bound bytes         31.552 GiB/request

  dispatch                                                    n/req  us/call   ms/req  %wall  MB/call    GB/s   %bw             family
  nvfp4_gather_qmm_rhs_nt                                     117.0   2875.7  336.453   55.4  164.016    59.8    23 routed_gather_gemm
  steel_gemm_fused_nt_bfloat16_bfloat16_bm64_bn64_bk16_wm2_wn2_has_batch_n_use   83.0   2252.1  186.926   30.8   39.590    18.4     7    steel_gemm_bf16
  MIXED:col_reduce_small_1_reduce_sumbfloat16+nvfp4_qmm_t_splitk  156.0   1127.6  175.899   28.9    2.031     1.9     1    nvfp4_dense_qmm
  gather_axisfloat32uint32_intcnc                              39.0   2099.1   81.867   13.5    0.531     0.3     0       sort_scatter
  arangeuint32                                                117.0    612.2   71.632   11.8    0.016     0.0     0       sort_scatter
  MIXED:steel_gemm_splitk_accum_bfloat16_float32+steel_gemm_splitk_nt_bfloat  318.0    136.4   43.377    7.1    3.636    28.0    11    steel_gemm_bf16
  steel_attention_bfloat16_bq32_bk16_bd128_wm4_wn1_maskbfloat16_align_Q_t_alig   40.0    720.7   28.828    4.7   17.000    24.7    10     attention_core
  MIXED:merge_mbsort_uint32_uint32_bn512_tn4+partition_mbsort_uint32_uint32_  312.0     59.8   18.651    3.1    0.023     0.4     0       sort_scatter
  nvfp4_qmm_t                                                  39.0    191.4    7.466    1.2    3.062    16.8     6    nvfp4_dense_qmm
  CV2IBroadcastABDV2IBroadcastBAEV2OMultiplyCD_VV_V2V2_11160318154034397263_st   39.0    188.6    7.355    1.2   16.008    89.0    34        elementwise
  gather_frontbfloat16_uint32_int_2                            78.0     91.3    7.118    1.2   25.016   287.4   110       sort_scatter
  rmsbfloat16                                                 161.0     38.4    6.175    1.0    4.114   112.5    43           rms_norm
  BV2ISigmoidACV2IBroadcastABDV2IBroadcastBAEV2OMultiplyCD_V_V2_11160318154034   40.0    127.1    5.083    0.8    0.688     5.7     2        elementwise
  v_copyfloat32bfloat16                                       138.0     34.6    4.769    0.8    0.058     1.7     1        elementwise
  col_reduce_small_1_reduce_sumbfloat16                        39.0     88.3    3.442    0.6   18.000   213.9    82        elementwise
  row_reduce_small_1_reduce_sumfloat32                         39.0     86.3    3.366    0.6    0.018     0.2     0        elementwise
  vvn_Addbfloat16                                             119.0     17.6    2.095    0.3    4.000   238.2    92        elementwise
  g2_Dividefloat32                                             39.0     53.4    2.083    0.3    0.047     0.9     0        elementwise
  vvn_Multiplybfloat16                                         40.0     43.7    1.749    0.3    1.375    33.0    13        elementwise
  rope                                                         60.0     28.4    1.704    0.3    9.000   332.2   128       qk_norm_rope
  gemv_bfloat16_bm8_bn1_sm1_sn32_tm4_tn4_nc0_axpby0             1.0   1678.2    1.678    0.3  392.195   245.0    94              other
  g2_Multiplybfloat16                                          40.0     37.0    1.480    0.2   15.000   425.1   163        elementwise
  CV2ISigmoidADV2IBroadcastACEV2IBroadcastCAFV2IMultiplyDEGV2IBroadcastFBHV2IB   39.0     37.3    1.454    0.2    8.000   225.1    86        elementwise
  carg_block_sort_float32_uint32_bn64_tn4                      39.0     23.3    0.907    0.1    1.000    45.1    17       sort_scatter
  vsn_Multiplybfloat16                                         39.0     19.5    0.759    0.1    4.000   215.6    83        elementwise
  MIXED:g3_copybfloat16bfloat16+rope_freqs                     40.0     18.6    0.745    0.1    3.500   196.9    76       qk_norm_rope
  MIXED:gg3_copybfloat16bfloat16+vn_copybfloat16bfloat16       40.0     13.8    0.551    0.1    4.375   332.7   128        elementwise
  v_copybfloat16float32                                        40.0     12.2    0.490    0.1    0.176    15.1     6        elementwise
  g2_Addfloat32                                                39.0      7.5    0.292    0.0    1.500   210.2    81        elementwise
  vs_LogAddExpfloat32                                          40.0      7.2    0.289    0.0    0.234    34.0    13        elementwise
  g3_Multiplybfloat16                                          20.0     14.3    0.287    0.0    5.250   383.8   147        elementwise
  vn_Negativefloat32float32                                    39.0      6.9    0.267    0.0    0.500    76.5    29        elementwise
  vn_Sigmoidfloat32float32                                     39.0      6.4    0.249    0.0    0.500    82.1    32        elementwise
  vn_copybfloat16float32                                       39.0      4.5    0.177    0.0    0.750   172.9    66        elementwise
  g2_copyuint32uint32                                          39.0      3.2    0.125    0.0    0.031    10.2     4        elementwise
  g3_copybfloat16bfloat16                                      10.0     12.2    0.122    0.0    2.000   171.4    66        elementwise
  vs_Divideuint32                                              39.0      2.8    0.110    0.0    0.047    17.5     7        elementwise
  gather_frontuint32_uint32_int_1                              39.0      2.3    0.090    0.0    0.047    21.3     8       sort_scatter
  gather_frontbfloat16_int32_int_2                              2.0     34.4    0.069    0.0  197.192  6004.2  2308       sort_scatter
  argmax_bfloat16                                               1.0     19.1    0.019    0.0    0.191    10.5     4            lm_head

  family                 n/req   ms/req  %wall    GB/s   %bw
  routed_gather_gemm     117.0  336.453   55.4    59.8    23
  steel_gemm_bf16        401.0  230.303   37.9    20.2     8
  nvfp4_dense_qmm        195.0  183.366   30.2     2.5     1
  sort_scatter           626.0  180.334   29.7    14.0     5
  elementwise            995.0   36.595    6.0    97.7    38
  attention_core          40.0   28.828    4.7    24.7    10
  rms_norm               161.0    6.175    1.0   112.5    43
  qk_norm_rope           100.0    2.450    0.4   291.1   112
  other                    1.0    1.678    0.3   245.0    94
  lm_head                  1.0    0.019    0.0    10.5     4

  overlap-corrected attribution (sums to union busy; raw bracket sum is 167.2% of union)
  family                fair ms  %wall  excl ms   raw ms  concur  GB bound    GB/s   %bw
  steel_gemm_bf16       218.461   36.0  208.877  230.303    1.05     4.658    21.3     8
  routed_gather_gemm    162.542   26.7   15.726  336.453    2.07    20.122   123.8    48
  MIXED                  97.026   16.0    2.935    0.000    0.00     0.000     0.0     0
  sort_scatter           58.208    9.6    3.501  180.334    3.10     2.534    43.5    17
  attention_core         28.777    4.7   28.727   28.828    1.00     0.713    24.8    10
  elementwise            23.195    3.8   11.837   36.595    1.58     3.575   154.1    59
  rms_norm                6.167    1.0    6.160    6.175    1.00     0.695   112.6    43
  nvfp4_dense_qmm         4.140    0.7    0.814  183.366   44.29     0.458   110.5    42
  qk_norm_rope            1.704    0.3    1.704    2.450    1.44     0.713   418.4   161
  other                   1.678    0.3    1.678    1.678    1.00     0.411   245.0    94
  lm_head                 0.019    0.0    0.019    0.019    1.00     0.000    10.5     4
  GPU-idle (unattrib.)    5.725    0.9
  TOTAL                 607.644  100.0
