prompt tokens: 512
load: 42.0 s
prefill 0:   561.55 ms  (1096.79 us/token)  cbs= 1066 dispatches= 1222  token=5991
prefill 1:   548.25 ms  (1070.81 us/token)  cbs= 1066 dispatches= 1222  token=5991
prefill 2:   548.53 ms  (1071.36 us/token)  cbs= 1066 dispatches= 1222  token=5991
prefill 3:   548.10 ms  (1070.52 us/token)  cbs= 1066 dispatches= 1222  token=5991
prefill 4:   548.06 ms  (1070.42 us/token)  cbs= 1066 dispatches= 1222  token=5991
prefill 5:   548.81 ms  (1071.89 us/token)  cbs= 1066 dispatches= 1222  token=5991
prefill 6:   548.52 ms  (1071.33 us/token)  cbs= 1066 dispatches= 1222  token=5991
prefill 7:   548.43 ms  (1071.15 us/token)  cbs= 1066 dispatches= 1222  token=5991
peak_ram_gb: 20.715057373046875

prefill warm median: 548.428 ms/forward (1071.15 us/token) over 7 reps

profile [prefill warm] over 7 request(s)
  per-request dispatches [1222, 1222, 1222, 1222, 1222, 1222, 1222]
  wall               548.386 ms/request
  gpu busy (sum)     606.733 ms (110.6% of wall)
  gpu busy (union)   545.559 ms ( 99.5% of wall)
  command buffers     1066.0 /request
  dispatches          1222.0 /request
  bound bytes         28.834 GiB/request

  dispatch                                                    n/req  us/call   ms/req  %wall  MB/call    GB/s   %bw             family
  nvfp4_gather_qmm_rhs_nt                                      76.0   3492.6  265.440   48.4  238.016    71.5    27 routed_gather_gemm
  steel_gemm_fused_nt_bfloat16_bfloat16_bm64_bn64_bk16_wm2_wn2_has_batch_n_use   82.0   2231.9  183.016   33.4   39.195    18.4     7    steel_gemm_bf16
  arangeuint32                                                 76.0    750.8   57.057   10.4    0.016     0.0     0       sort_scatter
  MIXED:steel_gemm_splitk_accum_bfloat16_float32+steel_gemm_splitk_nt_bfloat  310.0    114.9   35.612    6.5    3.636    33.2    13    steel_gemm_bf16
  steel_attention_bfloat16_bq32_bk16_bd128_wm4_wn1_maskbfloat16_align_Q_t_alig   39.0    720.7   28.106    5.1   16.974    24.7     9     attention_core
  nvfp4_qmm_t_splitk_fused                                     76.0    176.0   13.377    2.4    3.062    18.2     7    nvfp4_dense_qmm
  nvfp4_qmm_t                                                  38.0    173.0    6.573    1.2    3.062    18.6     7    nvfp4_dense_qmm
  laguna_prefill_sliding_qk_norm_rope_bf16_128_h1_v2           29.0    113.3    3.287    0.6   20.000   185.1    71       qk_norm_rope
  laguna_prefill_sorted_moe_tail_bf16_v1                       38.0     66.8    2.539    0.5   22.031   345.7   133           moe_tail
  gather_frontbfloat16_uint32_int_2                            38.0     53.4    2.028    0.4   18.016   354.0   136       sort_scatter
  g2_copybfloat16bfloat16                                      76.0     22.2    1.689    0.3    8.000   377.4   145        elementwise
  CV2ISigmoidADV2IBroadcastACEV2IBroadcastCAFV2IMultiplyDEGV2IBroadcastFBHV2IB   77.0     19.9    1.532    0.3    4.649   245.1    94        elementwise
  g2_Multiplybfloat16                                          40.0     33.2    1.328    0.2   14.601   461.2   177        elementwise
  laguna_prefill_full_qk_norm_yarn_bf16_128_h1_v2              10.0     89.5    0.895    0.2   15.000   175.7    68       qk_norm_rope
  laguna_residual_rms_bf16_2048_v1                             39.0     22.6    0.880    0.2    8.004   371.8   143           rms_norm
  rmsbfloat16                                                  42.0     19.8    0.833    0.2    3.814   201.6    77           rms_norm
  laguna_prefill_router_tournament_ordinal_norm_active64_v2    39.0     17.0    0.664    0.1    0.275    16.9     7             router
  custom_kernel_mlx_lm_route_csort_scatter_fused_m8_u32_v4_uint32_t_uint32_t_u   38.0     15.3    0.583    0.1    0.062     4.3     2       sort_scatter
  laguna_lmhead_int5_inline_coarse_ratio_bound_delta_bf16_v6    1.0    573.6    0.574    0.1  129.203   236.2    91            lm_head
  Cf4IAsTypeADf4IBroadcastCBEf4IBroadcastBCFf4ILogAddExpDEGV2OAsTypeF_VC_V2_10   40.0      3.8    0.151    0.0    0.057    15.9     6        elementwise
  gemv_al_bfloat16_bm4_bn1_sm1_sn32_tm4_tn4_nc0_axpby0          1.0    144.6    0.145    0.0   32.020   232.2    89              other
  gemv_al_bfloat16_bm8_bn1_sm1_sn32_tm4_tn4_nc0_axpby0          1.0    143.6    0.144    0.0   32.270   235.7    91              other
  laguna_lmhead_exact_inline_mask_block_delta_bf16_lane0_mask_v1_float    1.0     75.8    0.076    0.0  392.770  5435.2  2089            lm_head
  laguna_routed_nvfp4_swiglu_qmv_packed_top8keys_r1_bf16_v2     1.0     39.6    0.040    0.0  272.013  7206.8  2770    nvfp4_dense_qmm
  sdpa_vector                                                   1.0     27.3    0.027    0.0    2.031    78.0    30     attention_core
  laguna_routed_shared_nvfp4_down_residual_bf16_sh_stage4_v6    1.0     23.0    0.023    0.0  136.548  6231.7  2395              other
  gather_frontbfloat16_int32_int_2                              2.0     11.1    0.022    0.0  197.192 18666.0  7174       sort_scatter
  MIXED:g2_copybfloat16bfloat16+rmsbfloat16                     2.0     10.9    0.022    0.0    1.000    96.5    37           rms_norm
  vvn_Addbfloat16                                               1.0     21.1    0.021    0.0    4.000   198.5    76        elementwise
  rope                                                          1.0     12.0    0.012    0.0    2.000   174.2    67       qk_norm_rope
  laguna_residual_rms_router_bf16_2048_rpg8_keys_v1_pf1         1.0      9.2    0.009    0.0    1.022   116.6    45             router
  laguna_shared_nvfp4_swiglu_qmv_rows1_halved_bf16_v1           1.0      8.7    0.009    0.0    1.068   128.9    50    nvfp4_dense_qmm
  argmax_bfloat16                                               1.0      8.4    0.008    0.0    0.191    23.8     9            lm_head
  laguna_lmhead_exact_winner_bf16_midpoint_threshold_v1_float_uint32_t    1.0      5.2    0.005    0.0  392.005 79287.0 30472            lm_head
  laguna_lmhead_coarse_argmax_stage1_v5_float_float_uint32_t    1.0      4.0    0.004    0.0    0.384    99.4    38            lm_head
  rope_single                                                   1.0      3.1    0.003    0.0    0.016     5.3     2       qk_norm_rope

  family                 n/req   ms/req  %wall    GB/s   %bw
  routed_gather_gemm      76.0  265.440   48.4    71.5    27
  steel_gemm_bf16        392.0  218.628   39.9    20.8     8
  sort_scatter           154.0   59.690   10.9    19.0     7
  attention_core          40.0   28.133    5.1    24.7    10
  nvfp4_dense_qmm        116.0   19.998    3.6    32.6    13
  elementwise            234.0    4.721    0.9   345.7   133
  qk_norm_rope            41.0    4.197    0.8   182.9    70
  moe_tail                38.0    2.539    0.5   345.7   133
  rms_norm                83.0    1.735    0.3   286.6   110
  router                  40.0    0.673    0.1    18.3     7
  lm_head                  5.0    0.667    0.1  1437.7   553
  other                    3.0    0.311    0.1   676.9   260

  overlap-corrected attribution (sums to union busy; raw bracket sum is 111.2% of union)
  family                fair ms  %wall  excl ms   raw ms  concur  GB bound    GB/s   %bw
  routed_gather_gemm    242.173   44.2  218.905  265.440    1.10    18.968    78.3    30
  steel_gemm_bf16       214.513   39.1  212.256  218.628    1.02     4.552    21.2     8
  sort_scatter           31.139    5.7    2.587   59.690    1.92     1.135    36.5    14
  attention_core         22.925    4.2   17.716   28.133    1.23     0.696    30.4    12
  nvfp4_dense_qmm        19.998    3.6   19.998   19.998    1.00     0.652    32.6    13
  elementwise             4.710    0.9    4.698    4.721    1.00     1.632   346.5   133
  qk_norm_rope            4.177    0.8    4.158    4.197    1.00     0.768   183.8    71
  moe_tail                2.539    0.5    2.539    2.539    1.00     0.878   345.7   133
  rms_norm                1.714    0.3    1.714    1.735    1.01     0.497   290.2   112
  router                  0.673    0.1    0.673    0.673    1.00     0.012    18.3     7
  lm_head                 0.667    0.1    0.667    0.667    1.00     0.959  1437.7   553
  other                   0.311    0.1    0.311    0.311    1.00     0.211   676.9   260
  MIXED                   0.022    0.0    0.022    0.000    0.00     0.000     0.0     0
  GPU-idle (unattrib.)    2.827    0.5
  TOTAL                 548.386  100.0
