=== device ===
name                  Apple M4 Pro
architecture          applegpu_g16s
gpu cores             20
kernel                laguna_routed_nvfp4_swiglu_qmv_packed_top8keys_r1_bf16_v2
mode                  NULL CONTROL

=== pipeline reflection (register/occupancy gate) ===
  arm                          lines   tgMemB   maxTotalThreads   execWidth
  depth1_shipped     256        0              1024          32
  NULL(depth1_shipped)     256        0              1024          32

=== output equivalence gate (bitwise, vs reference) ===
  TG=1024  reference re-run  diff      0 /  65536 bytes   (reference wrote   4096)
  TG=1024  NULL(depth1_shipped)  diff      0 /  65536 bytes
  TG=2048  reference re-run  diff      0 /  65536 bytes   (reference wrote   8192)
  TG=2048  NULL(depth1_shipped)  diff      0 /  65536 bytes
  VERDICT: all arms bitwise identical to the reference.

=== memory regime (P1.1) ===
  defeat slots          64
  weight buffer         335544320 B
  scale buffer          20910208 B
  routed winners        [39, 88, 99, 110, 114, 184, 216, 239]
  output_width          512
  dram_peak_GB_s        266.3  (measured, rule 55)
  slc_estimate_B        25165824  (M4-Pro-class, label only)
    TG   rows   uniq_MiB   req_MiB/round   amplif   ref_us   achieved_GB_s   pct_peak   unique_GB_s   slc_fit   regime
   128     32      17.14          268.37     15.7     4.93           114.1       42.8           7.3   yes   PARTIAL
   256     64      34.27          534.24     15.6     7.20           155.5       58.4          10.0   no   PARTIAL
   512    128      68.54         1065.98     15.6    12.99           172.1       64.6          11.1   no   PARTIAL
  1024    256     137.07         2129.46     15.5    22.01           202.9       76.2          13.1   no   PARTIAL
  2048    512     274.14         4256.41     15.5    38.87           229.6       86.2          14.8   no   SATURATED

=== paired per-call cost, 32 alternating rounds of 500 dispatches ===
delta = variant - reference within a round, so drift cancels. neg = faster.
spread = max-min of the per-round deltas.

--- NULL(depth1_shipped)  vs reference depth1_shipped ---
    TG  TG/core    ref_min    var_min    d_mean     d_sd    d_min    d_max   spread    d%_ref    t_paired
   128     6.40       4.90       4.90    -0.011    0.017    -0.04    +0.02     0.06    -0.220       -3.68
   256    12.80       7.18       7.19    -0.007    0.013    -0.04    +0.03     0.06    -0.094       -2.86
   512    25.60      12.72      12.56    -0.068    0.181    -0.50    +0.21     0.71    -0.538       -2.14
  1024    51.20      22.11      21.97    -0.046    0.170    -0.39    +0.41     0.80    -0.208       -1.53
  2048   102.40      36.03      36.06    -0.062    0.416    -1.82    +0.58     2.40    -0.172       -0.84
  per-round delta TG=128: -0.01 -0.02 -0.03 -0.02 +0.01 -0.03 -0.01 -0.00 -0.01 -0.02 -0.03 -0.00 -0.00 -0.03 +0.01 +0.01 -0.00 -0.01 +0.01 +0.01 -0.02 +0.02 -0.01 -0.01 -0.04 -0.01 -0.00 -0.03 -0.02 -0.03 +0.01 -0.01
  per-round delta TG=256: -0.04 -0.00 +0.01 -0.00 -0.00 -0.00 -0.01 -0.00 -0.00 -0.01 -0.00 -0.01 -0.02 -0.01 -0.02 -0.01 +0.01 -0.01 -0.01 -0.00 -0.03 +0.01 -0.03 -0.03 -0.01 -0.00 +0.03 -0.00 +0.00 +0.01 -0.01 +0.01
  per-round delta TG=512: -0.23 +0.20 -0.28 -0.16 +0.15 -0.00 -0.19 -0.07 +0.12 -0.50 -0.17 -0.03 -0.01 -0.25 -0.05 +0.07 -0.21 +0.03 +0.02 -0.44 -0.13 +0.03 +0.21 -0.11 +0.12 +0.14 -0.29 +0.01 +0.07 -0.17 -0.23 +0.15
  per-round delta TG=1024: -0.16 -0.04 +0.04 -0.10 -0.11 -0.05 -0.08 -0.15 -0.05 +0.04 -0.27 +0.41 +0.18 +0.05 +0.06 -0.03 -0.02 -0.19 -0.07 +0.25 -0.28 -0.20 -0.39 -0.16 -0.12 +0.14 -0.05 +0.05 +0.24 +0.02 -0.25 -0.16
  per-round delta TG=2048: +0.14 +0.05 +0.00 +0.05 -0.24 -0.06 +0.02 -0.03 +0.16 -0.09 +0.07 +0.10 -1.03 +0.09 +0.04 +0.21 +0.13 -0.03 -0.12 -0.37 +0.45 -0.37 -1.82 -0.18 +0.05 -0.01 +0.58 +0.13 +0.07 +0.05 +0.02 -0.05
