=== provenance ===
utc            2026-08-10T10:23:29Z
host           Apple M4 Pro
git head       e1e630cd5225a9addb3c69222690e2a0896eb144
git status     1 dirty path(s)
surface digest b196bafa2d7738636837efa895fe2cc293a0633321b5c2845e708426656cf544  -
rounds         32
reps           500
defeat slots   64
--- regenerating arms from the working tree ---
research/artifacts/maple-alphonse-r107b/depth1_shipped.metal  9561 B  269 lines
research/artifacts/maple-alphonse-r107b/noop_control.metal  9561 B  269 lines
research/artifacts/maple-alphonse-r107b/depth0_oneaxis.metal  8872 B  247 lines
research/artifacts/maple-alphonse-r107b/fault_control.metal  8858 B  247 lines
reference-vs-fern-r99 drift: NONE (fern's r99/r100 ladder is comparable)
--- building probe ---
--- fault control (expect the bitwise gate to FAIL) ---
ok: fault control tripped the bitwise gate
--- null control, resident ---
--- NULL(depth1_shipped)  vs reference depth1_shipped ---
    TG  TG/core    ref_min    var_min    d_mean     d_sd    d_min    d_max   spread    d%_ref    t_paired
   128     6.40       4.55       4.53    -0.021    0.016    -0.06    +0.01     0.07    -0.454       -7.34
   256    12.80       6.80       6.80    -0.016    0.013    -0.04    +0.02     0.07    -0.234       -6.98
   512    25.60      10.63      10.64    -0.076    0.061    -0.18    +0.08     0.26    -0.711       -7.02
  1024    51.20      21.43      21.46    -0.041    0.135    -0.27    +0.20     0.47    -0.191       -1.72
  2048   102.40      35.67      34.74    -0.108    0.349    -1.68    +0.26     1.94    -0.303       -1.75
  per-round delta TG=128: -0.02 -0.02 -0.01 -0.00 -0.03 -0.02 -0.05 +0.00 -0.02 -0.04 -0.04 -0.03 -0.02 -0.02 -0.02 +0.01 -0.04 -0.03 -0.01 -0.01 -0.01 -0.01 -0.04 +0.01 +0.00 -0.03 -0.03 -0.02 -0.03 -0.02 -0.06 -0.02
  per-round delta TG=256: -0.01 -0.00 -0.00 +0.00 -0.01 -0.03 -0.01 -0.02 -0.04 -0.03 -0.02 -0.02 -0.02 -0.01 -0.03 -0.04 -0.01 -0.02 -0.01 -0.00 -0.03 -0.02 -0.03 -0.02 -0.01 -0.02 -0.02 -0.04 -0.02 -0.01 +0.02 -0.01
  per-round delta TG=512: -0.01 -0.04 -0.06 -0.11 -0.03 -0.02 -0.13 -0.04 -0.03 -0.03 -0.08 -0.11 -0.15 -0.04 -0.15 +0.05 +0.08 -0.18 -0.07 -0.13 -0.10 -0.11 -0.00 -0.16 -0.07 -0.12 -0.07 -0.16 -0.03 -0.10 -0.12 -0.08
  per-round delta TG=1024: -0.04 -0.02 +0.15 -0.05 -0.24 -0.27 -0.13 +0.12 +0.18 -0.16 -0.18 -0.16 -0.02 -0.07 +0.20 -0.08 -0.13 -0.26 -0.11 +0.13 +0.20 -0.15 -0.17 -0.07 +0.04 +0.14 -0.06 +0.01 -0.13 -0.01 +0.07 -0.03
  per-round delta TG=2048: +0.14 +0.03 -0.15 -0.01 -0.14 +0.01 -0.11 -0.17 +0.02 -0.04 -0.02 -0.12 -0.14 -0.04 +0.01 +0.04 +0.00 -0.06 +0.00 -0.04 -1.68 +0.04 +0.26 +0.12 -0.05 -0.93 +0.18 -0.44 -0.05 -0.06 -0.08 -0.01
--- one-axis contrast, resident ---
    TG  TG/core    ref_min    var_min    d_mean     d_sd    d_min    d_max   spread    d%_ref    t_paired
   128     6.40       4.55       4.53    -0.023    0.016    -0.06    +0.01     0.07    -0.509       -8.02
   256    12.80       6.80       6.80    -0.015    0.013    -0.04    +0.01     0.06    -0.219       -6.33
   512    25.60      10.66      10.59    -0.076    0.058    -0.17    +0.01     0.18    -0.713       -7.39
  1024    51.20      21.45      21.43    -0.022    0.147    -0.32    +0.29     0.61    -0.104       -0.86
  2048   102.40      36.68      36.56    -0.057    0.071    -0.20    +0.06     0.26    -0.155       -4.54
  per-round delta TG=128: -0.06 -0.01 -0.02 +0.00 -0.02 -0.02 -0.02 -0.02 -0.03 -0.02 -0.02 -0.04 -0.05 -0.01 -0.03 -0.01 -0.00 -0.03 -0.04 -0.00 -0.04 -0.01 -0.05 -0.04 -0.03 -0.02 -0.03 -0.02 -0.03 +0.01 -0.02 -0.02
  per-round delta TG=256: +0.00 -0.03 -0.03 -0.03 +0.00 -0.01 -0.03 -0.04 -0.03 -0.03 -0.02 -0.01 -0.01 -0.00 -0.02 +0.01 -0.00 -0.01 -0.01 -0.01 -0.01 -0.02 -0.04 -0.01 -0.02 -0.01 -0.02 -0.02 +0.01 +0.00 -0.02 -0.02
  per-round delta TG=512: -0.08 -0.14 +0.01 -0.04 +0.01 -0.12 -0.00 -0.08 -0.01 -0.12 -0.08 -0.17 -0.08 -0.13 -0.14 -0.01 -0.09 -0.12 -0.13 -0.13 -0.17 -0.02 -0.02 -0.16 -0.06 -0.05 -0.05 -0.02 -0.16 -0.01 -0.03 -0.05
  per-round delta TG=1024: -0.07 +0.22 -0.01 -0.10 -0.19 -0.07 -0.01 -0.05 -0.05 -0.10 -0.04 +0.18 +0.17 -0.01 -0.26 -0.18 +0.03 +0.29 +0.22 -0.08 -0.32 -0.15 +0.05 +0.02 -0.04 -0.08 -0.06 -0.07 -0.11 +0.17 +0.19 -0.19
  per-round delta TG=2048: -0.07 -0.14 -0.20 -0.11 -0.00 -0.09 +0.05 -0.11 +0.05 -0.18 -0.16 -0.08 -0.07 -0.05 -0.02 -0.06 -0.08 -0.05 -0.08 -0.06 -0.07 -0.02 +0.06 +0.02 -0.06 -0.16 -0.13 -0.03 +0.05 +0.04 +0.03 -0.06

--- depth0_oneaxis  vs reference depth1_shipped ---
    TG  TG/core    ref_min    var_min    d_mean     d_sd    d_min    d_max   spread    d%_ref    t_paired
   128     6.40       4.56       4.55    +0.011    0.012    -0.03    +0.04     0.07    +0.234       +4.97
   256    12.80       6.82       6.81    -0.009    0.013    -0.03    +0.02     0.05    -0.136       -4.13
   512    25.60      10.70      10.56    -0.168    0.054    -0.29    -0.06     0.22    -1.574      -17.61
  1024    51.20      21.55      21.36    -0.160    0.148    -0.45    +0.11     0.56    -0.745       -6.15
  2048   102.40      36.65      36.25    -0.448    0.060    -0.62    -0.29     0.32    -1.223      -41.98
  per-round delta TG=128: +0.01 +0.01 -0.03 -0.01 -0.00 +0.01 +0.01 +0.03 +0.02 +0.02 +0.02 +0.00 +0.01 -0.00 +0.01 +0.01 +0.02 +0.02 +0.01 +0.01 +0.04 +0.00 +0.01 +0.01 +0.02 +0.01 +0.02 +0.02 +0.02 -0.00 +0.01 +0.01
  per-round delta TG=256: -0.03 -0.03 -0.00 -0.01 +0.02 -0.02 -0.01 -0.01 -0.02 -0.00 -0.00 -0.01 -0.02 -0.03 -0.02 +0.01 -0.01 +0.00 -0.03 +0.01 +0.01 -0.00 -0.02 +0.01 -0.01 +0.00 -0.02 -0.02 -0.01 -0.00 +0.00 -0.01
  per-round delta TG=512: -0.13 -0.09 -0.17 -0.13 -0.29 -0.27 -0.19 -0.16 -0.25 -0.18 -0.17 -0.14 -0.24 -0.12 -0.14 -0.20 -0.16 -0.14 -0.18 -0.24 -0.13 -0.16 -0.24 -0.08 -0.23 -0.14 -0.20 -0.14 -0.14 -0.14 -0.13 -0.06
  per-round delta TG=1024: -0.24 -0.42 -0.16 -0.07 +0.04 -0.12 -0.41 -0.25 -0.13 +0.11 -0.00 -0.23 -0.24 -0.31 -0.11 +0.07 -0.07 -0.11 -0.27 -0.04 -0.11 -0.10 -0.31 -0.45 -0.05 +0.08 -0.11 -0.15 -0.37 -0.31 -0.21 -0.09
  per-round delta TG=2048: -0.43 -0.47 -0.42 -0.38 -0.42 -0.36 -0.45 -0.41 -0.53 -0.53 -0.36 -0.47 -0.62 -0.41 -0.45 -0.29 -0.42 -0.49 -0.41 -0.48 -0.49 -0.47 -0.43 -0.44 -0.42 -0.52 -0.44 -0.51 -0.51 -0.42 -0.43 -0.47
--- null control, defeat ---
--- NULL(depth1_shipped)  vs reference depth1_shipped ---
    TG  TG/core    ref_min    var_min    d_mean     d_sd    d_min    d_max   spread    d%_ref    t_paired
   128     6.40       4.91       4.89    -0.011    0.018    -0.05    +0.02     0.07    -0.230       -3.64
   256    12.80       7.21       7.21    -0.005    0.028    -0.03    +0.14     0.17    -0.063       -0.91
   512    25.60      12.76      12.76    -0.050    0.165    -0.41    +0.33     0.74    -0.393       -1.72
  1024    51.20      22.23      22.20    -0.027    0.104    -0.23    +0.15     0.37    -0.121       -1.46
  2048   102.40      39.08      39.06    -0.010    0.043    -0.10    +0.09     0.18    -0.025       -1.26
  per-round delta TG=128: -0.03 -0.04 -0.04 -0.00 +0.00 +0.01 -0.01 -0.00 -0.01 -0.03 +0.02 +0.02 -0.00 -0.00 -0.01 +0.00 +0.00 -0.01 +0.01 -0.04 -0.02 -0.03 -0.02 -0.05 +0.00 -0.03 -0.00 +0.00 -0.01 -0.04 -0.00 -0.01
  per-round delta TG=256: +0.00 -0.02 +0.01 -0.01 -0.01 -0.02 -0.02 +0.00 -0.03 +0.14 -0.00 +0.01 -0.01 -0.01 -0.01 -0.02 -0.02 -0.02 -0.01 -0.01 -0.02 -0.01 -0.02 -0.01 -0.01 -0.02 +0.01 +0.00 +0.00 -0.00 +0.01 -0.00
  per-round delta TG=512: -0.41 -0.03 -0.19 -0.15 -0.17 +0.06 -0.17 +0.03 -0.20 -0.26 +0.11 +0.19 +0.09 +0.05 -0.07 +0.11 -0.28 -0.02 -0.12 -0.26 -0.12 +0.03 -0.13 -0.15 +0.33 +0.08 -0.25 +0.14 +0.04 -0.10 +0.04 +0.17
  per-round delta TG=1024: -0.14 -0.08 -0.23 +0.02 +0.05 +0.09 +0.11 -0.01 -0.22 -0.20 -0.03 +0.06 +0.13 +0.02 -0.07 +0.02 -0.10 -0.21 -0.09 +0.15 +0.01 +0.08 -0.00 +0.03 -0.07 -0.17 +0.00 +0.13 -0.03 -0.01 -0.03 -0.06
  per-round delta TG=2048: -0.08 -0.02 -0.02 -0.01 -0.04 -0.06 -0.03 +0.03 +0.07 -0.02 +0.03 +0.00 -0.03 -0.01 -0.01 -0.02 -0.07 +0.03 +0.02 +0.02 +0.02 +0.08 -0.10 -0.03 -0.03 +0.03 -0.04 +0.09 -0.01 -0.05 -0.05 +0.00
--- one-axis contrast, defeat ---
    TG  TG/core    ref_min    var_min    d_mean     d_sd    d_min    d_max   spread    d%_ref    t_paired
   128     6.40       4.83       4.83    -0.008    0.019    -0.03    +0.07     0.10    -0.158       -2.32
   256    12.80       7.22       7.16    -0.015    0.016    -0.08    +0.00     0.09    -0.212       -5.48
   512    25.60      12.31      12.24    -0.065    0.206    -0.46    +0.31     0.77    -0.525       -1.77
  1024    51.20      22.11      21.92    +0.000    0.139    -0.31    +0.23     0.55    +0.000       +0.00
  2048   102.40      39.03      39.09    +0.004    0.055    -0.15    +0.21     0.36    +0.010       +0.41
  per-round delta TG=128: -0.01 -0.02 -0.02 -0.02 -0.02 -0.01 -0.00 -0.01 +0.01 -0.02 -0.03 -0.01 -0.01 -0.01 -0.02 -0.02 -0.00 +0.01 +0.00 -0.02 -0.01 -0.02 -0.00 +0.02 +0.00 -0.03 +0.00 -0.01 +0.07 -0.01 -0.01 +0.00
  per-round delta TG=256: -0.01 -0.01 -0.01 -0.01 -0.01 -0.03 -0.01 -0.01 +0.00 -0.04 -0.01 -0.02 -0.00 -0.02 +0.00 -0.01 -0.02 -0.01 -0.01 -0.01 -0.00 -0.01 -0.02 -0.01 -0.01 -0.03 +0.00 -0.01 -0.08 -0.03 -0.02 -0.01
  per-round delta TG=512: -0.24 +0.22 +0.06 -0.23 -0.15 +0.20 +0.14 -0.22 +0.30 +0.18 -0.27 -0.10 +0.06 -0.24 -0.07 +0.06 -0.07 -0.35 -0.26 +0.08 -0.19 -0.25 +0.31 +0.13 -0.37 -0.13 +0.06 -0.22 -0.46 +0.10 +0.03 -0.17
  per-round delta TG=1024: +0.13 +0.20 +0.12 -0.09 -0.13 -0.03 +0.09 +0.23 +0.09 -0.01 -0.03 +0.14 -0.12 +0.02 -0.11 +0.18 +0.14 +0.03 -0.31 -0.09 +0.03 -0.17 -0.09 -0.19 +0.08 -0.01 -0.27 -0.17 +0.09 +0.13 +0.14 -0.03
  per-round delta TG=2048: -0.05 +0.07 -0.05 -0.02 -0.00 +0.04 +0.06 -0.05 +0.02 +0.01 -0.01 -0.05 -0.01 +0.02 -0.00 -0.02 -0.02 -0.01 -0.00 +0.02 -0.15 +0.03 +0.21 +0.01 -0.02 +0.02 -0.02 +0.04 +0.03 +0.02 +0.01 -0.01

--- depth0_oneaxis  vs reference depth1_shipped ---
    TG  TG/core    ref_min    var_min    d_mean     d_sd    d_min    d_max   spread    d%_ref    t_paired
   128     6.40       4.91       4.97    +0.053    0.029    +0.02    +0.19     0.17    +1.071      +10.32
   256    12.80       7.21       7.25    +0.050    0.013    +0.03    +0.08     0.05    +0.696      +21.42
   512    25.60      12.75      12.98    +0.253    0.138    -0.03    +0.52     0.55    +1.982      +10.35
  1024    51.20      22.02      21.51    -0.050    0.188    -0.65    +0.16     0.81    -0.226       -1.49
  2048   102.40      39.03      39.01    +0.015    0.074    -0.08    +0.30     0.39    +0.037       +1.11
  per-round delta TG=128: +0.03 +0.04 +0.03 +0.03 +0.05 +0.05 +0.03 +0.05 +0.05 +0.09 +0.05 +0.05 +0.07 +0.06 +0.04 +0.04 +0.03 +0.19 +0.05 +0.04 +0.04 +0.04 +0.04 +0.05 +0.07 +0.02 +0.06 +0.07 +0.06 +0.05 +0.07 +0.03
  per-round delta TG=256: +0.08 +0.06 +0.08 +0.06 +0.06 +0.05 +0.04 +0.07 +0.04 +0.05 +0.05 +0.03 +0.05 +0.04 +0.07 +0.03 +0.06 +0.04 +0.05 +0.03 +0.05 +0.04 +0.06 +0.03 +0.05 +0.04 +0.05 +0.04 +0.05 +0.04 +0.06 +0.05
  per-round delta TG=512: +0.09 +0.41 +0.35 +0.29 +0.27 +0.21 +0.09 +0.06 +0.45 -0.03 +0.36 +0.33 +0.15 +0.06 +0.47 +0.17 +0.18 +0.37 +0.26 +0.24 +0.36 +0.22 +0.10 +0.26 +0.52 +0.20 +0.27 +0.48 +0.31 +0.23 +0.30 +0.05
  per-round delta TG=1024: +0.10 +0.10 -0.09 -0.16 +0.00 +0.05 +0.01 -0.11 +0.07 -0.51 -0.22 -0.15 +0.08 +0.06 +0.16 -0.04 -0.10 +0.10 -0.03 -0.12 +0.09 -0.01 -0.65 -0.45 -0.17 +0.13 -0.00 +0.04 +0.04 +0.11 +0.07 +0.00
  per-round delta TG=2048: -0.08 -0.02 -0.08 -0.04 +0.01 -0.04 +0.03 +0.02 +0.04 +0.05 -0.01 -0.02 -0.02 -0.00 +0.30 +0.11 +0.08 -0.08 -0.01 +0.03 -0.00 +0.15 +0.00 +0.02 -0.03 +0.01 -0.07 +0.00 -0.02 +0.01 +0.04 +0.09
=== provenance (post-timing) ===
utc            2026-08-10T10:23:50Z
surface digest b196bafa2d7738636837efa895fe2cc293a0633321b5c2845e708426656cf544  -
--- analysis ---
==============================================================================
round-107-B: does the shipped depth-1 preload in routed gate/up pay?
positive gain% = removing the preload is FASTER
faithful rung = TG=2048 (production dispatch), gate = 0.5%
==============================================================================

### null / resident  (research/artifacts/maple-alphonse-r107b/null_resident.log)

  arm NULL(depth1_shipped)
    TG    n   ref_us   mean_us       ci95_us          gain%     ci95%        even%    odd%   n_faster
    128   32     4.55    -0.021 [ -0.027, -0.016]   +0.467 [ +0.344, +0.591]  +0.591 +0.343    27/32
    256   32     6.80    -0.017 [ -0.021, -0.012]   +0.248 [ +0.180, +0.316]  +0.230 +0.267    27/32
    512   32    10.63    -0.075 [ -0.096, -0.054]   +0.706 [ +0.506, +0.905]  +0.600 +0.811    29/32
   1024   32    21.43    -0.041 [ -0.087, +0.006]   +0.190 [ -0.028, +0.407]  +0.108 +0.271    22/32
   2048   32    35.67    -0.109 [ -0.230, +0.012]   +0.306 [ -0.033, +0.645]  +0.317 +0.294    20/32

### oneaxis / resident  (research/artifacts/maple-alphonse-r107b/oneaxis_resident.log)

  arm noop_control
    TG    n   ref_us   mean_us       ci95_us          gain%     ci95%        even%    odd%   n_faster
    128   32     4.55    -0.023 [ -0.029, -0.018]   +0.515 [ +0.395, +0.635]  +0.673 +0.357    28/32
    256   32     6.80    -0.015 [ -0.020, -0.011]   +0.225 [ +0.158, +0.292]  +0.230 +0.221    25/32
    512   32    10.66    -0.077 [ -0.097, -0.057]   +0.718 [ +0.530, +0.906]  +0.633 +0.803    29/32
   1024   32    21.45    -0.022 [ -0.073, +0.029]   +0.102 [ -0.135, +0.338]  +0.146 +0.058    22/32
   2048   32    36.68    -0.058 [ -0.082, -0.033]   +0.157 [ +0.090, +0.224]  +0.119 +0.194    24/32

  arm depth0_oneaxis
    TG    n   ref_us   mean_us       ci95_us          gain%     ci95%        even%    odd%   n_faster
    128   32     4.56    +0.011 [ +0.007, +0.015]   -0.240 [ -0.333, -0.147]  -0.274 -0.206     2/32
    256   32     6.82    -0.009 [ -0.013, -0.004]   +0.128 [ +0.060, +0.196]  +0.156 +0.101    19/32
    512   32    10.70    -0.168 [ -0.187, -0.149]   +1.571 [ +1.393, +1.749]  +1.746 +1.396    32/32
   1024   32    21.55    -0.161 [ -0.212, -0.109]   +0.745 [ +0.507, +0.983]  +0.798 +0.693    27/32
   2048   32    36.65    -0.448 [ -0.470, -0.427]   +1.224 [ +1.166, +1.282]  +1.233 +1.214    32/32

### null / defeat  (research/artifacts/maple-alphonse-r107b/null_defeat.log)

  arm NULL(depth1_shipped)
    TG    n   ref_us   mean_us       ci95_us          gain%     ci95%        even%    odd%   n_faster
    128   32     4.91    -0.012 [ -0.018, -0.005]   +0.235 [ +0.105, +0.366]  +0.153 +0.318    17/32
    256   32     7.21    -0.004 [ -0.014, +0.006]   +0.056 [ -0.080, +0.193]  +0.113 -0.000    20/32
    512   32    12.76    -0.050 [ -0.108, +0.007]   +0.394 [ -0.055, +0.843]  +0.735 +0.054    18/32
   1024   32    22.23    -0.027 [ -0.063, +0.010]   +0.119 [ -0.045, +0.284]  +0.200 +0.039    17/32
   2048   32    39.08    -0.010 [ -0.025, +0.006]   +0.025 [ -0.014, +0.064]  +0.059 -0.010    20/32

### oneaxis / defeat  (research/artifacts/maple-alphonse-r107b/oneaxis_defeat.log)

  arm noop_control
    TG    n   ref_us   mean_us       ci95_us          gain%     ci95%        even%    odd%   n_faster
    128   32     4.83    -0.007 [ -0.013, -0.001]   +0.149 [ +0.018, +0.279]  +0.065 +0.233    21/32
    256   32     7.22    -0.015 [ -0.020, -0.010]   +0.208 [ +0.135, +0.281]  +0.182 +0.234    27/32
    512   32    12.31    -0.064 [ -0.135, +0.007]   +0.523 [ -0.055, +1.101]  +0.569 +0.477    18/32
   1024   32    22.11    -0.000 [ -0.048, +0.048]   +0.001 [ -0.216, +0.219]  +0.042 -0.040    16/32
   2048   32    39.03    +0.004 [ -0.015, +0.023]   -0.010 [ -0.059, +0.039]  +0.000 -0.019    14/32

  arm depth0_oneaxis
    TG    n   ref_us   mean_us       ci95_us          gain%     ci95%        even%    odd%   n_faster
    128   32     4.91    +0.052 [ +0.042, +0.062]   -1.063 [ -1.271, -0.855]  -0.980 -1.146     0/32
    256   32     7.21    +0.050 [ +0.045, +0.055]   -0.693 [ -0.758, -0.629]  -0.780 -0.607     0/32
    512   32    12.75    +0.253 [ +0.205, +0.300]   -1.980 [ -2.357, -1.604]  -2.221 -1.740     1/32
   1024   32    22.02    -0.050 [ -0.115, +0.015]   +0.227 [ -0.069, +0.523]  +0.182 +0.272    14/32
   2048   32    39.03    +0.015 [ -0.011, +0.040]   -0.038 [ -0.104, +0.028]  -0.029 -0.046    13/32

==============================================================================
VERDICT at the faithful TG=2048 rung
==============================================================================

  resident:
    candidate depth0_oneaxis  +1.224% [+1.166,+1.282]  even +1.233%  odd +1.214%  32/32 rounds faster
    in-run noop control      +0.157% [+0.090,+0.224]   (Rule 79 slot null)
    same-session null        +0.306% [-0.033,+0.645]
      [PASS] gain >= 0.5%
      [PASS] CI excludes 0
      [PASS] sign stable across order
      [PASS] sign stable across rounds
      [PASS] noop control inside +-0.5%

  defeat:
    candidate depth0_oneaxis  -0.038% [-0.104,+0.028]  even -0.029%  odd -0.046%  13/32 rounds faster
    in-run noop control      -0.010% [-0.059,+0.039]   (Rule 79 slot null)
    same-session null        +0.025% [-0.014,+0.064]
      [FAIL] gain >= 0.5%
      [FAIL] CI excludes 0
      [PASS] sign stable across order
      [FAIL] sign stable across rounds
      [PASS] noop control inside +-0.5%

  GATE: CLOSED -- kill the arm before any model-level timing.
  (the defeated/cache-cold regime is the decisive one: the scored decode
   step streams 1671 MB and cannot be served from the SLC)
