=== provenance ===
utc            2026-08-10T10:32:59Z
host           Apple M4 Pro
git head       e1e630cd5225a9addb3c69222690e2a0896eb144
git status     1 dirty path(s)
surface digest b196bafa2d7738636837efa895fe2cc293a0633321b5c2845e708426656cf544  -
rounds         32
reps           500
defeat slots   64
--- regenerating arms from the working tree ---
research/artifacts/maple-alphonse-r107b/depth1_shipped.metal  9561 B  269 lines
research/artifacts/maple-alphonse-r107b/noop_control.metal  9561 B  269 lines
research/artifacts/maple-alphonse-r107b/depth0_oneaxis.metal  8872 B  247 lines
research/artifacts/maple-alphonse-r107b/fault_control.metal  8858 B  247 lines
reference-vs-fern-r99 drift: NONE (fern's r99/r100 ladder is comparable)
--- building probe ---
--- fault control (expect the bitwise gate to FAIL) ---
ok: fault control tripped the bitwise gate
--- null control, resident ---
--- NULL(depth1_shipped)  vs reference depth1_shipped ---
    TG  TG/core    ref_min    var_min    d_mean     d_sd    d_min    d_max   spread    d%_ref    t_paired
   128     6.40       4.54       4.53    -0.021    0.016    -0.06    +0.01     0.07    -0.463       -7.51
   256    12.80       6.80       6.77    -0.021    0.015    -0.07    +0.01     0.08    -0.314       -7.87
   512    25.60      10.67      10.60    -0.061    0.067    -0.17    +0.13     0.30    -0.576       -5.21
  1024    51.20      18.36      18.34    -0.007    0.299    -0.76    +1.20     1.96    -0.036       -0.13
  2048   102.40      34.03      33.94    -0.093    0.391    -2.15    +0.53     2.67    -0.275       -1.35
  per-round delta TG=128: -0.02 +0.01 -0.02 -0.01 -0.02 +0.01 -0.01 -0.03 -0.04 -0.06 -0.02 +0.00 -0.04 -0.01 -0.04 -0.01 -0.03 -0.02 -0.01 -0.02 -0.03 -0.01 -0.03 -0.00 -0.03 -0.03 -0.01 -0.02 -0.04 -0.01 -0.04 -0.03
  per-round delta TG=256: -0.03 -0.02 -0.02 -0.01 +0.01 -0.02 -0.03 -0.04 -0.07 -0.01 -0.03 +0.00 -0.04 -0.02 -0.01 -0.05 -0.01 +0.00 -0.03 -0.02 -0.04 -0.04 -0.02 -0.02 -0.02 -0.02 -0.02 -0.01 -0.01 -0.03 -0.01 -0.01
  per-round delta TG=512: -0.05 -0.03 -0.05 -0.00 -0.13 -0.07 -0.04 -0.05 -0.15 -0.04 -0.00 +0.04 -0.14 -0.13 -0.05 -0.04 -0.05 -0.06 -0.09 -0.13 -0.09 -0.05 +0.05 -0.00 +0.13 -0.07 -0.16 -0.16 -0.01 -0.08 -0.17 -0.10
  per-round delta TG=1024: +1.20 +0.54 +0.41 -0.40 -0.22 -0.14 -0.76 -0.01 +0.06 -0.03 -0.08 -0.07 -0.05 -0.01 -0.02 -0.03 -0.02 -0.04 -0.03 -0.04 -0.02 -0.05 -0.06 -0.06 -0.10 -0.02 -0.04 -0.05 -0.02 -0.01 -0.05 -0.01
  per-round delta TG=2048: -0.03 -0.06 -0.07 -0.12 -0.06 -0.08 -0.06 -0.07 -0.05 -0.06 -0.09 -0.09 -0.09 -0.04 -0.07 -2.15 +0.02 +0.53 +0.02 -0.11 +0.07 -0.02 -0.11 -0.07 -0.02 -0.14 -0.00 -0.00 +0.07 +0.04 -0.05 -0.02
--- one-axis contrast, resident ---
    TG  TG/core    ref_min    var_min    d_mean     d_sd    d_min    d_max   spread    d%_ref    t_paired
   128     6.40       4.54       4.53    -0.018    0.014    -0.05    +0.01     0.07    -0.392       -7.37
   256    12.80       6.81       6.78    -0.018    0.014    -0.05    +0.01     0.06    -0.257       -6.96
   512    25.60      10.67      10.60    -0.077    0.054    -0.20    +0.03     0.23    -0.721       -8.03
  1024    51.20      21.38      21.36    -0.017    0.174    -0.42    +0.40     0.82    -0.078       -0.54
  2048   102.40      36.62      36.22    -0.089    0.114    -0.52    +0.05     0.57    -0.242       -4.41
  per-round delta TG=128: -0.02 -0.02 -0.01 -0.01 -0.01 -0.00 -0.00 -0.01 -0.02 -0.00 -0.01 -0.03 -0.02 -0.01 -0.01 -0.04 -0.01 -0.03 -0.01 -0.03 -0.04 -0.04 -0.03 -0.01 -0.05 +0.01 -0.02 -0.01 -0.02 -0.01 -0.01 -0.02
  per-round delta TG=256: +0.00 -0.01 -0.04 -0.03 -0.01 -0.01 +0.00 -0.02 -0.02 -0.02 -0.02 -0.03 -0.03 -0.02 -0.01 -0.02 -0.01 -0.03 -0.02 +0.00 -0.00 -0.05 -0.03 -0.01 -0.03 -0.01 +0.01 -0.05 -0.00 -0.01 -0.02 -0.01
  per-round delta TG=512: +0.00 -0.01 -0.06 +0.03 -0.10 -0.12 -0.09 -0.13 +0.02 -0.07 -0.12 -0.15 -0.18 -0.12 -0.10 -0.01 -0.04 -0.04 -0.06 -0.11 -0.08 -0.02 -0.10 -0.09 -0.20 -0.06 -0.03 -0.05 -0.07 -0.06 -0.12 -0.11
  per-round delta TG=1024: -0.06 +0.04 +0.14 -0.12 +0.01 +0.13 -0.14 -0.12 +0.08 +0.14 +0.40 +0.05 -0.25 -0.03 -0.06 +0.26 -0.21 -0.06 -0.02 -0.42 +0.11 +0.13 +0.20 +0.02 -0.28 -0.10 -0.18 -0.02 -0.18 -0.25 +0.09 +0.14
  per-round delta TG=2048: -0.04 +0.05 -0.10 -0.16 +0.04 +0.02 -0.06 -0.01 -0.18 -0.04 -0.02 +0.05 -0.20 -0.12 -0.27 -0.13 +0.01 -0.07 -0.20 -0.10 -0.12 -0.10 -0.13 +0.04 -0.10 -0.06 -0.04 -0.12 -0.52 +0.04 -0.06 -0.14

--- depth0_oneaxis  vs reference depth1_shipped ---
    TG  TG/core    ref_min    var_min    d_mean     d_sd    d_min    d_max   spread    d%_ref    t_paired
   128     6.40       4.55       4.56    +0.016    0.015    -0.01    +0.05     0.07    +0.350       +5.90
   256    12.80       6.82       6.80    -0.011    0.013    -0.04    +0.02     0.06    -0.167       -4.90
   512    25.60      10.70      10.56    -0.162    0.052    -0.27    -0.08     0.20    -1.514      -17.62
  1024    51.20      21.48      21.37    -0.115    0.143    -0.37    +0.24     0.61    -0.535       -4.53
  2048   102.40      36.57      36.15    -0.443    0.099    -0.62    -0.27     0.35    -1.210      -25.25
  per-round delta TG=128: +0.01 -0.00 +0.02 +0.01 +0.01 +0.03 +0.03 +0.02 +0.01 +0.01 +0.00 +0.04 +0.02 +0.01 -0.00 +0.04 +0.02 +0.05 -0.01 +0.00 +0.01 +0.03 +0.03 +0.02 +0.01 +0.04 -0.00 +0.02 -0.01 +0.01 +0.03 +0.03
  per-round delta TG=256: -0.01 -0.00 -0.01 -0.01 -0.02 -0.02 -0.02 -0.00 -0.02 -0.01 +0.00 -0.01 -0.01 -0.01 -0.02 -0.03 -0.00 +0.02 +0.01 -0.02 -0.01 -0.03 -0.02 +0.00 -0.02 -0.01 -0.04 -0.03 -0.01 +0.00 -0.02 +0.01
  per-round delta TG=512: -0.16 -0.12 -0.20 -0.14 -0.08 -0.21 -0.19 -0.14 -0.10 -0.10 -0.15 -0.20 -0.15 -0.10 -0.18 -0.16 -0.22 -0.18 -0.13 -0.08 -0.10 -0.27 -0.14 -0.16 -0.26 -0.16 -0.11 -0.27 -0.19 -0.19 -0.17 -0.15
  per-round delta TG=1024: +0.10 -0.15 -0.02 -0.16 -0.17 +0.16 +0.12 -0.18 -0.21 -0.15 -0.05 -0.08 +0.24 -0.29 -0.16 -0.12 -0.07 -0.24 -0.15 -0.22 -0.11 -0.14 +0.11 -0.13 -0.02 -0.17 -0.35 -0.32 -0.03 -0.16 -0.18 -0.37
  per-round delta TG=2048: -0.31 -0.41 -0.50 -0.60 -0.52 -0.55 -0.39 -0.43 -0.41 -0.56 -0.27 -0.37 -0.33 -0.51 -0.50 -0.59 -0.33 -0.42 -0.30 -0.36 -0.39 -0.43 -0.62 -0.54 -0.46 -0.57 -0.48 -0.33 -0.27 -0.48 -0.44 -0.46
--- null control, defeat ---
--- NULL(depth1_shipped)  vs reference depth1_shipped ---
    TG  TG/core    ref_min    var_min    d_mean     d_sd    d_min    d_max   spread    d%_ref    t_paired
   128     6.40       4.90       4.90    -0.011    0.017    -0.04    +0.02     0.06    -0.220       -3.68
   256    12.80       7.18       7.19    -0.007    0.013    -0.04    +0.03     0.06    -0.094       -2.86
   512    25.60      12.72      12.56    -0.068    0.181    -0.50    +0.21     0.71    -0.538       -2.14
  1024    51.20      22.11      21.97    -0.046    0.170    -0.39    +0.41     0.80    -0.208       -1.53
  2048   102.40      36.03      36.06    -0.062    0.416    -1.82    +0.58     2.40    -0.172       -0.84
  per-round delta TG=128: -0.01 -0.02 -0.03 -0.02 +0.01 -0.03 -0.01 -0.00 -0.01 -0.02 -0.03 -0.00 -0.00 -0.03 +0.01 +0.01 -0.00 -0.01 +0.01 +0.01 -0.02 +0.02 -0.01 -0.01 -0.04 -0.01 -0.00 -0.03 -0.02 -0.03 +0.01 -0.01
  per-round delta TG=256: -0.04 -0.00 +0.01 -0.00 -0.00 -0.00 -0.01 -0.00 -0.00 -0.01 -0.00 -0.01 -0.02 -0.01 -0.02 -0.01 +0.01 -0.01 -0.01 -0.00 -0.03 +0.01 -0.03 -0.03 -0.01 -0.00 +0.03 -0.00 +0.00 +0.01 -0.01 +0.01
  per-round delta TG=512: -0.23 +0.20 -0.28 -0.16 +0.15 -0.00 -0.19 -0.07 +0.12 -0.50 -0.17 -0.03 -0.01 -0.25 -0.05 +0.07 -0.21 +0.03 +0.02 -0.44 -0.13 +0.03 +0.21 -0.11 +0.12 +0.14 -0.29 +0.01 +0.07 -0.17 -0.23 +0.15
  per-round delta TG=1024: -0.16 -0.04 +0.04 -0.10 -0.11 -0.05 -0.08 -0.15 -0.05 +0.04 -0.27 +0.41 +0.18 +0.05 +0.06 -0.03 -0.02 -0.19 -0.07 +0.25 -0.28 -0.20 -0.39 -0.16 -0.12 +0.14 -0.05 +0.05 +0.24 +0.02 -0.25 -0.16
  per-round delta TG=2048: +0.14 +0.05 +0.00 +0.05 -0.24 -0.06 +0.02 -0.03 +0.16 -0.09 +0.07 +0.10 -1.03 +0.09 +0.04 +0.21 +0.13 -0.03 -0.12 -0.37 +0.45 -0.37 -1.82 -0.18 +0.05 -0.01 +0.58 +0.13 +0.07 +0.05 +0.02 -0.05
--- one-axis contrast, defeat ---
    TG  TG/core    ref_min    var_min    d_mean     d_sd    d_min    d_max   spread    d%_ref    t_paired
   128     6.40       4.86       4.86    -0.004    0.017    -0.05    +0.04     0.10    -0.077       -1.27
   256    12.80       7.21       7.19    -0.013    0.019    -0.05    +0.05     0.10    -0.176       -3.81
   512    25.60      12.53      12.50    -0.038    0.169    -0.40    +0.32     0.72    -0.303       -1.27
  1024    51.20      21.99      21.84    -0.020    0.171    -0.57    +0.33     0.90    -0.092       -0.67
  2048   102.40      38.83      38.79    +0.019    0.151    -0.32    +0.30     0.62    +0.049       +0.71
  per-round delta TG=128: -0.01 -0.03 -0.02 +0.01 +0.01 -0.01 +0.01 -0.01 -0.01 -0.01 -0.01 +0.00 +0.01 +0.00 -0.02 +0.00 +0.01 -0.00 +0.00 +0.00 -0.03 -0.05 -0.02 +0.04 -0.01 +0.02 +0.02 -0.00 -0.01 -0.01 +0.01 -0.02
  per-round delta TG=256: -0.02 -0.01 +0.05 -0.01 -0.00 -0.02 -0.01 -0.02 -0.01 +0.01 -0.00 -0.02 -0.01 -0.01 -0.00 -0.04 -0.01 -0.02 -0.02 -0.02 -0.04 -0.04 -0.05 -0.01 -0.02 -0.02 -0.00 -0.02 +0.03 -0.01 -0.00 -0.02
  per-round delta TG=512: -0.32 +0.16 -0.38 -0.02 +0.08 -0.23 -0.05 +0.01 +0.10 +0.17 -0.09 -0.11 -0.00 +0.07 +0.14 +0.07 -0.19 -0.24 +0.20 -0.06 +0.01 +0.32 +0.07 -0.12 -0.07 +0.05 -0.19 -0.02 +0.09 -0.07 -0.40 -0.22
  per-round delta TG=1024: +0.01 -0.09 -0.04 +0.22 +0.05 -0.09 -0.07 -0.57 +0.10 +0.06 -0.04 +0.03 +0.33 -0.05 -0.09 -0.27 -0.05 +0.32 +0.08 +0.01 -0.05 +0.12 -0.07 -0.24 -0.01 +0.11 -0.15 -0.14 +0.04 -0.14 +0.17 -0.14
  per-round delta TG=2048: +0.11 -0.02 +0.01 -0.04 +0.10 -0.24 +0.13 +0.25 +0.08 -0.16 +0.09 -0.20 +0.13 +0.30 +0.20 +0.00 -0.03 -0.12 -0.02 -0.07 +0.14 +0.02 +0.08 +0.07 -0.32 -0.02 -0.16 +0.30 +0.15 -0.18 -0.02 +0.04

--- depth0_oneaxis  vs reference depth1_shipped ---
    TG  TG/core    ref_min    var_min    d_mean     d_sd    d_min    d_max   spread    d%_ref    t_paired
   128     6.40       4.91       4.93    +0.054    0.032    +0.01    +0.20     0.20    +1.090       +9.44
   256    12.80       7.20       7.24    +0.049    0.019    -0.01    +0.09     0.09    +0.676      +14.78
   512    25.60      12.75      13.05    +0.327    0.152    +0.04    +0.63     0.59    +2.567      +12.22
  1024    51.20      22.08      21.96    -0.041    0.156    -0.37    +0.23     0.60    -0.184       -1.48
  2048   102.40      38.77      38.89    +0.015    0.140    -0.25    +0.43     0.68    +0.039       +0.61
  per-round delta TG=128: +0.04 +0.06 +0.06 +0.09 +0.08 +0.06 +0.05 +0.03 +0.05 +0.04 +0.20 +0.04 +0.06 +0.04 +0.05 +0.04 +0.07 +0.05 +0.06 +0.06 +0.05 +0.01 +0.06 +0.05 +0.02 +0.05 +0.03 +0.06 +0.07 +0.05 +0.03 +0.02
  per-round delta TG=256: +0.05 +0.06 +0.04 +0.02 +0.07 +0.04 +0.07 +0.05 +0.09 +0.07 +0.04 +0.04 +0.07 +0.05 +0.07 +0.06 +0.07 +0.03 +0.06 +0.03 +0.04 +0.05 +0.04 +0.06 +0.05 +0.04 -0.01 +0.05 +0.03 +0.04 +0.07 +0.04
  per-round delta TG=512: +0.22 +0.56 +0.18 +0.29 +0.42 +0.04 +0.24 +0.49 +0.43 +0.26 +0.63 +0.16 +0.17 +0.47 +0.54 +0.29 +0.43 +0.39 +0.32 +0.35 +0.34 +0.45 +0.53 +0.23 +0.21 +0.20 +0.57 +0.14 +0.18 +0.21 +0.38 +0.17
  per-round delta TG=1024: -0.36 +0.23 +0.02 +0.00 -0.10 -0.22 +0.03 -0.08 +0.09 +0.10 +0.13 -0.09 -0.15 -0.34 +0.02 -0.05 +0.06 +0.23 -0.13 -0.15 -0.14 -0.18 -0.37 -0.01 +0.18 -0.05 +0.02 -0.15 -0.01 +0.12 +0.05 +0.01
  per-round delta TG=2048: +0.21 +0.03 +0.03 -0.25 -0.07 +0.14 +0.16 -0.01 -0.24 -0.05 -0.09 -0.06 +0.09 -0.11 +0.43 +0.06 -0.03 -0.05 -0.03 +0.15 +0.16 -0.08 -0.09 -0.18 -0.01 +0.06 -0.05 +0.02 +0.26 +0.08 -0.06 +0.04
=== provenance (post-timing) ===
utc            2026-08-10T10:33:20Z
surface digest b196bafa2d7738636837efa895fe2cc293a0633321b5c2845e708426656cf544  -
--- analysis ---
==============================================================================
round-107-B: does the shipped depth-1 preload in routed gate/up pay?
positive gain% = removing the preload is FASTER
faithful rung = TG=2048 (production dispatch), gate = 0.5%
==============================================================================

### null / resident  (research/artifacts/maple-alphonse-r107b/null_resident.log)

  arm NULL(depth1_shipped)
    TG    n   ref_us   mean_us       ci95_us          gain%     ci95%        even%    odd%   n_faster
    128   32     4.54    -0.021 [ -0.026, -0.015]   +0.461 [ +0.341, +0.581]  +0.592 +0.330    28/32
    256   32     6.80    -0.022 [ -0.027, -0.016]   +0.322 [ +0.240, +0.403]  +0.349 +0.294    29/32
    512   32    10.67    -0.062 [ -0.085, -0.038]   +0.577 [ +0.359, +0.795]  +0.586 +0.568    26/32
   1024   32    18.36    -0.007 [ -0.110, +0.096]   +0.039 [ -0.524, +0.602]  -0.068 +0.146    28/32
   2048   32    34.03    -0.093 [ -0.229, +0.043]   +0.274 [ -0.126, +0.673]  +0.096 +0.452    24/32

### oneaxis / resident  (research/artifacts/maple-alphonse-r107b/oneaxis_resident.log)

  arm noop_control
    TG    n   ref_us   mean_us       ci95_us          gain%     ci95%        even%    odd%   n_faster
    128   32     4.54    -0.017 [ -0.022, -0.013]   +0.379 [ +0.276, +0.482]  +0.399 +0.358    28/32
    256   32     6.81    -0.018 [ -0.022, -0.013]   +0.257 [ +0.184, +0.330]  +0.211 +0.303    26/32
    512   32    10.67    -0.077 [ -0.095, -0.058]   +0.718 [ +0.541, +0.894]  +0.779 +0.656    29/32
   1024   32    21.38    -0.017 [ -0.078, +0.043]   +0.082 [ -0.201, +0.364]  +0.102 +0.061    17/32
   2048   32    36.62    -0.089 [ -0.128, -0.050]   +0.242 [ +0.135, +0.349]  +0.340 +0.145    25/32

  arm depth0_oneaxis
    TG    n   ref_us   mean_us       ci95_us          gain%     ci95%        even%    odd%   n_faster
    128   32     4.55    +0.017 [ +0.012, +0.022]   -0.371 [ -0.486, -0.256]  -0.247 -0.495     2/32
    256   32     6.82    -0.012 [ -0.016, -0.007]   +0.170 [ +0.104, +0.235]  +0.202 +0.137    23/32
    512   32    10.70    -0.161 [ -0.179, -0.144]   +1.507 [ +1.342, +1.672]  +1.478 +1.536    32/32
   1024   32    21.48    -0.115 [ -0.164, -0.065]   +0.534 [ +0.302, +0.766]  +0.276 +0.791    27/32
   2048   32    36.57    -0.442 [ -0.476, -0.407]   +1.207 [ +1.113, +1.302]  +1.114 +1.301    32/32

### null / defeat  (research/artifacts/maple-alphonse-r107b/null_defeat.log)

  arm NULL(depth1_shipped)
    TG    n   ref_us   mean_us       ci95_us          gain%     ci95%        even%    odd%   n_faster
    128   32     4.90    -0.010 [ -0.015, -0.005]   +0.204 [ +0.093, +0.315]  +0.179 +0.230    20/32
    256   32     7.18    -0.006 [ -0.011, -0.001]   +0.078 [ +0.009, +0.148]  +0.113 +0.044    15/32
    512   32    12.72    -0.069 [ -0.131, -0.006]   +0.540 [ +0.048, +1.033]  +0.540 +0.540    18/32
   1024   32    22.11    -0.045 [ -0.104, +0.013]   +0.205 [ -0.060, +0.470]  +0.376 +0.034    21/32
   2048   32    36.03    -0.062 [ -0.206, +0.082]   +0.173 [ -0.227, +0.572]  +0.257 +0.088    13/32

### oneaxis / defeat  (research/artifacts/maple-alphonse-r107b/oneaxis_defeat.log)

  arm noop_control
    TG    n   ref_us   mean_us       ci95_us          gain%     ci95%        even%    odd%   n_faster
    128   32     4.86    -0.004 [ -0.010, +0.002]   +0.090 [ -0.033, +0.213]  +0.090 +0.090    16/32
    256   32     7.21    -0.012 [ -0.019, -0.006]   +0.169 [ +0.077, +0.261]  +0.095 +0.243    24/32
    512   32    12.53    -0.039 [ -0.098, +0.020]   +0.309 [ -0.162, +0.780]  +0.499 +0.120    17/32
   1024   32    21.99    -0.020 [ -0.080, +0.039]   +0.092 [ -0.177, +0.362]  -0.060 +0.244    18/32
   2048   32    38.83    +0.019 [ -0.033, +0.071]   -0.048 [ -0.183, +0.086]  -0.108 +0.011    14/32

  arm depth0_oneaxis
    TG    n   ref_us   mean_us       ci95_us          gain%     ci95%        even%    odd%   n_faster
    128   32     4.91    +0.054 [ +0.043, +0.065]   -1.101 [ -1.325, -0.877]  -1.247 -0.955     0/32
    256   32     7.20    +0.049 [ +0.043, +0.056]   -0.686 [ -0.778, -0.594]  -0.738 -0.634     1/32
    512   32    12.75    +0.328 [ +0.275, +0.380]   -2.571 [ -2.982, -2.160]  -2.838 -2.304     0/32
   1024   32    22.08    -0.040 [ -0.094, +0.013]   +0.183 [ -0.060, +0.425]  +0.187 +0.178    17/32
   2048   32    38.77    +0.014 [ -0.035, +0.063]   -0.037 [ -0.163, +0.089]  -0.108 +0.034    17/32

==============================================================================
VERDICT at the faithful TG=2048 rung
==============================================================================

  resident:
    candidate depth0_oneaxis  +1.207% [+1.113,+1.302]  even +1.114%  odd +1.301%  32/32 rounds faster
    in-run noop control      +0.242% [+0.135,+0.349]   (Rule 79 slot null)
    same-session null        +0.274% [-0.126,+0.673]
      [PASS] gain >= 0.5%
      [PASS] CI excludes 0
      [PASS] sign stable across order
      [PASS] sign stable across rounds
      [PASS] noop control inside +-0.5%

  defeat:
    candidate depth0_oneaxis  -0.037% [-0.163,+0.089]  even -0.108%  odd +0.034%  17/32 rounds faster
    in-run noop control      -0.048% [-0.183,+0.086]   (Rule 79 slot null)
    same-session null        +0.173% [-0.227,+0.572]
      [FAIL] gain >= 0.5%
      [FAIL] CI excludes 0
      [FAIL] sign stable across order
      [FAIL] sign stable across rounds
      [PASS] noop control inside +-0.5%

  GATE: CLOSED -- kill the arm before any model-level timing.
  (the defeated/cache-cold regime is the decisive one: the scored decode
   step streams 1671 MB and cannot be served from the SLC)
