==============================================================================
round-107-B: does the shipped depth-1 preload in routed gate/up pay?
positive gain% = removing the preload is FASTER
faithful rung = TG=2048 (production dispatch), gate = 0.5%
==============================================================================

### null / resident  (research/artifacts/maple-alphonse-r107b/null_resident.log)

  arm NULL(depth1_shipped)
    TG    n   ref_us   mean_us       ci95_us          gain%     ci95%        even%    odd%   n_faster
    128   32     4.54    -0.021 [ -0.026, -0.015]   +0.461 [ +0.341, +0.581]  +0.592 +0.330    28/32
    256   32     6.80    -0.022 [ -0.027, -0.016]   +0.322 [ +0.240, +0.403]  +0.349 +0.294    29/32
    512   32    10.67    -0.062 [ -0.085, -0.038]   +0.577 [ +0.359, +0.795]  +0.586 +0.568    26/32
   1024   32    18.36    -0.007 [ -0.110, +0.096]   +0.039 [ -0.524, +0.602]  -0.068 +0.146    28/32
   2048   32    34.03    -0.093 [ -0.229, +0.043]   +0.274 [ -0.126, +0.673]  +0.096 +0.452    24/32

### oneaxis / resident  (research/artifacts/maple-alphonse-r107b/oneaxis_resident.log)

  arm noop_control
    TG    n   ref_us   mean_us       ci95_us          gain%     ci95%        even%    odd%   n_faster
    128   32     4.54    -0.017 [ -0.022, -0.013]   +0.379 [ +0.276, +0.482]  +0.399 +0.358    28/32
    256   32     6.81    -0.018 [ -0.022, -0.013]   +0.257 [ +0.184, +0.330]  +0.211 +0.303    26/32
    512   32    10.67    -0.077 [ -0.095, -0.058]   +0.718 [ +0.541, +0.894]  +0.779 +0.656    29/32
   1024   32    21.38    -0.017 [ -0.078, +0.043]   +0.082 [ -0.201, +0.364]  +0.102 +0.061    17/32
   2048   32    36.62    -0.089 [ -0.128, -0.050]   +0.242 [ +0.135, +0.349]  +0.340 +0.145    25/32

  arm depth0_oneaxis
    TG    n   ref_us   mean_us       ci95_us          gain%     ci95%        even%    odd%   n_faster
    128   32     4.55    +0.017 [ +0.012, +0.022]   -0.371 [ -0.486, -0.256]  -0.247 -0.495     2/32
    256   32     6.82    -0.012 [ -0.016, -0.007]   +0.170 [ +0.104, +0.235]  +0.202 +0.137    23/32
    512   32    10.70    -0.161 [ -0.179, -0.144]   +1.507 [ +1.342, +1.672]  +1.478 +1.536    32/32
   1024   32    21.48    -0.115 [ -0.164, -0.065]   +0.534 [ +0.302, +0.766]  +0.276 +0.791    27/32
   2048   32    36.57    -0.442 [ -0.476, -0.407]   +1.207 [ +1.113, +1.302]  +1.114 +1.301    32/32

### null / defeat  (research/artifacts/maple-alphonse-r107b/null_defeat.log)

  arm NULL(depth1_shipped)
    TG    n   ref_us   mean_us       ci95_us          gain%     ci95%        even%    odd%   n_faster
    128   32     4.90    -0.010 [ -0.015, -0.005]   +0.204 [ +0.093, +0.315]  +0.179 +0.230    20/32
    256   32     7.18    -0.006 [ -0.011, -0.001]   +0.078 [ +0.009, +0.148]  +0.113 +0.044    15/32
    512   32    12.72    -0.069 [ -0.131, -0.006]   +0.540 [ +0.048, +1.033]  +0.540 +0.540    18/32
   1024   32    22.11    -0.045 [ -0.104, +0.013]   +0.205 [ -0.060, +0.470]  +0.376 +0.034    21/32
   2048   32    36.03    -0.062 [ -0.206, +0.082]   +0.173 [ -0.227, +0.572]  +0.257 +0.088    13/32

### oneaxis / defeat  (research/artifacts/maple-alphonse-r107b/oneaxis_defeat.log)

  arm noop_control
    TG    n   ref_us   mean_us       ci95_us          gain%     ci95%        even%    odd%   n_faster
    128   32     4.86    -0.004 [ -0.010, +0.002]   +0.090 [ -0.033, +0.213]  +0.090 +0.090    16/32
    256   32     7.21    -0.012 [ -0.019, -0.006]   +0.169 [ +0.077, +0.261]  +0.095 +0.243    24/32
    512   32    12.53    -0.039 [ -0.098, +0.020]   +0.309 [ -0.162, +0.780]  +0.499 +0.120    17/32
   1024   32    21.99    -0.020 [ -0.080, +0.039]   +0.092 [ -0.177, +0.362]  -0.060 +0.244    18/32
   2048   32    38.83    +0.019 [ -0.033, +0.071]   -0.048 [ -0.183, +0.086]  -0.108 +0.011    14/32

  arm depth0_oneaxis
    TG    n   ref_us   mean_us       ci95_us          gain%     ci95%        even%    odd%   n_faster
    128   32     4.91    +0.054 [ +0.043, +0.065]   -1.101 [ -1.325, -0.877]  -1.247 -0.955     0/32
    256   32     7.20    +0.049 [ +0.043, +0.056]   -0.686 [ -0.778, -0.594]  -0.738 -0.634     1/32
    512   32    12.75    +0.328 [ +0.275, +0.380]   -2.571 [ -2.982, -2.160]  -2.838 -2.304     0/32
   1024   32    22.08    -0.040 [ -0.094, +0.013]   +0.183 [ -0.060, +0.425]  +0.187 +0.178    17/32
   2048   32    38.77    +0.014 [ -0.035, +0.063]   -0.037 [ -0.163, +0.089]  -0.108 +0.034    17/32

==============================================================================
VERDICT at the faithful TG=2048 rung
==============================================================================

  resident:
    candidate depth0_oneaxis  +1.207% [+1.113,+1.302]  even +1.114%  odd +1.301%  32/32 rounds faster
    in-run noop control      +0.242% [+0.135,+0.349]   (Rule 79 slot null)
    same-session null        +0.274% [-0.126,+0.673]
      [PASS] gain >= 0.5%
      [PASS] CI excludes 0
      [PASS] sign stable across order
      [PASS] sign stable across rounds
      [PASS] noop control inside +-0.5%

  defeat:
    candidate depth0_oneaxis  -0.037% [-0.163,+0.089]  even -0.108%  odd +0.034%  17/32 rounds faster
    in-run noop control      -0.048% [-0.183,+0.086]   (Rule 79 slot null)
    same-session null        +0.173% [-0.227,+0.572]
      [FAIL] gain >= 0.5%
      [FAIL] CI excludes 0
      [FAIL] sign stable across order
      [FAIL] sign stable across rounds
      [PASS] noop control inside +-0.5%

  GATE: CLOSED -- kill the arm before any model-level timing.
  (the defeated/cache-cold regime is the decisive one: the scored decode
   step streams 1671 MB and cannot be served from the SLC)
