# host
device                       Apple M4 Pro
architecture                 applegpu_g16s
maxThreadgroupMemoryLength   32768
recommendedWorkingSetSize    40200896512
k_alu maxThreadsPerTG        1024
k_gemm maxThreadsPerTG       1024
counterSampling.stage        true
counterSampling.dispatch     false
counterSampling.blit         false
rounds=9 targetMs=20.0

# arms
pair,size,arm,wall_ms,busy_sum_ms,busy_union_ms,cbs,cbunion_overlap,cb_layout_ms
mem/mem,tg=2048 iters=19,a_only,19.637,19.366,19.366,1,0.000000,[0.000-19.366]
mem/mem,tg=10 iters=9,two_queue,79.815,159.186,79.625,2,0.499801,[0.000-79.624] [0.063-79.625]
gemm/gemm,moe512 M=512 N=4896 K=6768 tg=9792,two_queue,41.214,60.889,40.041,2,0.342386,[0.023-40.041] [0.000-20.871]
gemm/gemm,fill M=512 N=1024 K=30896 tg=2048,concurrent_1cb,40.627,39.297,39.297,1,0.000000,[0.000-39.297]
gemm/gemm,half M=128 N=160 K=572832 tg=80,two_cb,41.096,60.085,36.636,2,0.390267,[0.000-23.486] [0.036-36.636]
gemm/gemm,small M=64 N=64 K=660128 tg=16,two_queue,39.868,74.810,37.408,2,0.499962,[0.000-37.408] [0.006-37.408]
gemm/gemm,half M=128 N=160 K=572832 tg=80,barrier_1cb,37.421,37.261,37.261,1,0.000000,[0.000-37.261]
alu/alu,tg=40 iters=790993,raw_1cb,39.624,39.437,39.437,1,0.000000,[0.000-39.437]
alu/alu,tg=5 iters=1558694,barrier_1cb,39.700,39.519,39.519,1,0.000000,[0.000-39.519]
alu/alu,tg=1000 iters=51113,barrier_1cb,40.241,40.058,40.058,1,0.000000,[0.000-40.058]
mem/mem,tg=9792 iters=164,barrier_1cb,33.253,32.926,32.926,1,0.000000,[0.000-32.926]
gemm/gemm,moe512 M=512 N=4896 K=6768 tg=9792,b_only,20.109,19.926,19.926,1,0.000000,[0.000-19.926]
alu/mem,tg=9792 alu=5340 mem=165,b_only,16.924,16.740,16.740,1,0.000000,[0.000-16.740]
gemm/gemm,moe512 M=512 N=4896 K=6768 tg=9792,two_cb,40.367,62.492,40.185,2,0.356959,[0.000-22.332] [0.025-40.185]
alu/alu,tg=40 iters=790993,a_only,20.457,20.283,20.283,1,0.000000,[0.000-20.283]
gemm/gemm,half M=128 N=160 K=572832 tg=80,two_cb_serial,37.594,37.229,37.229,2,0.000000,[0.000-18.694] [18.878-37.413]
mem/mem,tg=10 iters=9,two_cb_serial,37.105,36.757,36.757,2,0.000000,[0.000-18.432] [18.624-36.949]
alu/mem,tg=2048 alu=25227 mem=19,serialenc_1cb,39.193,38.989,38.989,1,0.000000,[0.000-38.989]
mem/mem,tg=2048 iters=19,two_queue,38.802,61.413,38.626,2,0.371037,[0.000-22.813] [0.027-38.626]
alu/mem,tg=9792 alu=5340 mem=165,serialenc_1cb,36.872,36.682,36.682,1,0.000000,[0.000-36.682]
alu/alu,tg=10 iters=1563748,two_cb,20.011,39.644,19.827,2,0.499863,[0.000-19.822] [0.005-19.827]
alu/mem,tg=20 alu=1538597 mem=16,b_only,19.758,19.576,19.576,1,0.000000,[0.000-19.576]
alu/mem,tg=512 alu=97150 mem=19,two_cb,35.774,55.612,35.588,2,0.360062,[0.000-20.029] [0.005-35.588]
alu/alu,tg=10 iters=1563748,two_queue,20.252,39.913,20.097,2,0.496485,[0.000-19.822] [0.005-20.097]
alu/mem,tg=2 alu=1565995 mem=2,raw_1cb,39.743,39.571,39.571,1,0.000000,[0.000-39.571]
alu/alu,tg=2 iters=1558762,serialenc_1cb,39.700,39.517,39.517,1,0.000000,[0.000-39.517]
alu/mem,tg=2 alu=1565995 mem=2,a_only,20.030,19.850,19.850,1,0.000000,[0.000-19.850]
mem/mem,tg=9792 iters=164,two_cb,33.280,61.809,33.095,2,0.464558,[0.000-28.721] [0.007-33.095]
gemm/gemm,half M=128 N=160 K=572832 tg=80,concurrent_1cb,36.292,36.018,36.018,1,0.000000,[0.000-36.018]
alu/alu,tg=40 iters=790993,b_only,19.955,19.775,19.775,1,0.000000,[0.000-19.775]
alu/alu,tg=240 iters=200393,two_queue,40.012,59.784,39.842,2,0.333569,[0.000-19.948] [0.006-39.842]
mem/mem,tg=10 iters=9,concurrent_1cb,18.415,18.218,18.218,1,0.000000,[0.000-18.218]
alu/alu,tg=1000 iters=51113,concurrent_1cb,39.628,39.449,39.449,1,0.000000,[0.000-39.449]
alu/mem,tg=240 alu=200870 mem=18,two_cb_serial,39.261,38.888,38.888,2,0.000000,[0.000-19.889] [20.083-39.082]
alu/alu,tg=240 iters=200393,serialenc_1cb,40.054,39.882,39.882,1,0.000000,[0.000-39.882]
mem/mem,tg=512 iters=19,two_cb,39.929,60.411,39.744,2,0.342106,[0.000-20.682] [0.015-39.744]
alu/alu,tg=240 iters=200393,b_only,19.888,19.736,19.736,1,0.000000,[0.000-19.736]
alu/alu,tg=1000 iters=51113,two_cb,39.552,62.113,39.374,2,0.366081,[0.000-22.744] [0.006-39.374]
mem/mem,tg=512 iters=19,barrier_1cb,40.874,40.696,40.696,1,0.000000,[0.000-40.696]
alu/alu,tg=5 iters=1558694,serialenc_1cb,39.694,39.514,39.514,1,0.000000,[0.000-39.514]
alu/mem,tg=240 alu=200870 mem=18,a_only,19.918,19.759,19.759,1,0.000000,[0.000-19.759]
mem/mem,tg=240 iters=18,a_only,19.486,19.365,19.365,1,0.000000,[0.000-19.365]
alu/mem,tg=9792 alu=5340 mem=165,concurrent_1cb,36.698,36.515,36.515,1,0.000000,[0.000-36.515]
mem/mem,tg=240 iters=18,barrier_1cb,38.868,38.706,38.706,1,0.000000,[0.000-38.706]
mem/mem,tg=20 iters=16,raw_1cb,38.793,38.610,38.610,1,0.000000,[0.000-38.610]
mem/mem,tg=10 iters=9,raw_1cb,36.800,36.641,36.641,1,0.000000,[0.000-36.641]
alu/alu,tg=20 iters=1543463,barrier_1cb,41.462,41.288,41.288,1,0.000000,[0.000-41.288]
mem/mem,tg=2 iters=2,serialenc_1cb,39.472,39.325,39.325,1,0.000000,[0.000-39.325]
mem/mem,tg=2 iters=2,a_only,19.735,19.601,19.601,1,0.000000,[0.000-19.601]
alu/alu,tg=1000 iters=51113,two_cb_serial,40.404,40.095,40.095,2,0.000000,[0.000-20.099] [20.257-40.254]
gemm/gemm,moe512 M=512 N=4896 K=6768 tg=9792,raw_1cb,40.599,39.890,39.890,1,0.000000,[0.000-39.890]
mem/mem,tg=9792 iters=164,b_only,16.797,16.645,16.645,1,0.000000,[0.000-16.645]
alu/mem,tg=240 alu=200870 mem=18,two_cb,35.948,55.983,35.789,2,0.360714,[0.000-20.199] [0.005-35.789]
mem/mem,tg=2048 iters=19,two_cb,38.668,61.040,38.507,2,0.369157,[0.000-22.572] [0.039-38.507]
alu/mem,tg=10 alu=1564854 mem=9,concurrent_1cb,19.960,19.836,19.836,1,0.000000,[0.000-19.836]
alu/alu,tg=240 iters=200393,barrier_1cb,39.844,39.706,39.706,1,0.000000,[0.000-39.706]
mem/mem,tg=20 iters=16,two_cb_serial,39.158,38.851,38.851,2,0.000000,[0.000-19.730] [19.887-39.008]
alu/mem,tg=2 alu=1565995 mem=2,b_only,19.781,19.632,19.632,1,0.000000,[0.000-19.632]
alu/alu,tg=1000 iters=51113,raw_1cb,39.891,39.750,39.750,1,0.000000,[0.000-39.750]
alu/alu,tg=5 iters=1558694,raw_1cb,39.657,39.514,39.514,1,0.000000,[0.000-39.514]
alu/mem,tg=9792 alu=5340 mem=165,two_cb,35.215,55.845,35.051,2,0.372360,[0.000-20.800] [0.005-35.051]
gemm/gemm,small M=64 N=64 K=660128 tg=16,serialenc_1cb,42.293,41.070,41.070,1,0.000000,[0.000-41.070]
alu/alu,tg=2 iters=1558762,two_cb_serial,39.824,39.517,39.517,2,0.000000,[0.000-19.758] [19.915-39.674]
mem/mem,tg=2048 iters=19,barrier_1cb,38.727,38.554,38.554,1,0.000000,[0.000-38.554]
mem/mem,tg=240 iters=18,b_only,19.527,19.378,19.378,1,0.000000,[0.000-19.378]
gemm/gemm,fill M=512 N=1024 K=30896 tg=2048,a_only,20.386,19.706,19.706,1,0.000000,[0.000-19.706]
mem/mem,tg=2 iters=2,two_cb_serial,39.806,39.435,39.435,2,0.000000,[0.000-19.727] [19.943-39.651]
alu/alu,tg=40 iters=790993,two_cb,31.221,51.696,31.041,2,0.399555,[0.000-20.661] [0.005-31.041]
alu/mem,tg=10 alu=1564854 mem=9,a_only,21.065,20.896,20.896,1,0.000000,[0.000-20.896]
alu/mem,tg=240 alu=200870 mem=18,raw_1cb,39.933,39.777,39.777,1,0.000000,[0.000-39.777]
alu/alu,tg=20 iters=1543463,concurrent_1cb,40.149,39.997,39.997,1,0.000000,[0.000-39.997]
alu/alu,tg=40 iters=790993,serialenc_1cb,40.021,39.860,39.860,1,0.000000,[0.000-39.860]
mem/mem,tg=9792 iters=164,two_queue,34.481,53.845,34.252,2,0.363877,[0.000-19.610] [0.017-34.252]
gemm/gemm,fill M=512 N=1024 K=30896 tg=2048,barrier_1cb,39.579,39.383,39.383,1,0.000000,[0.000-39.383]
alu/mem,tg=2 alu=1565995 mem=2,barrier_1cb,39.792,39.619,39.619,1,0.000000,[0.000-39.619]
alu/alu,tg=1000 iters=51113,a_only,19.944,19.785,19.785,1,0.000000,[0.000-19.785]
alu/mem,tg=512 alu=97150 mem=19,b_only,20.155,19.982,19.982,1,0.000000,[0.000-19.982]
alu/mem,tg=512 alu=97150 mem=19,two_cb_serial,40.289,39.946,39.946,2,0.000000,[0.000-19.809] [19.977-40.115]
alu/mem,tg=512 alu=97150 mem=19,serialenc_1cb,40.133,39.966,39.966,1,0.000000,[0.000-39.966]
alu/alu,tg=240 iters=200393,concurrent_1cb,38.737,38.563,38.563,1,0.000000,[0.000-38.563]
mem/mem,tg=512 iters=19,two_queue,40.227,60.024,40.047,2,0.332809,[0.000-19.983] [0.007-40.047]
gemm/gemm,fill M=512 N=1024 K=30896 tg=2048,b_only,19.826,19.651,19.651,1,0.000000,[0.000-19.651]
mem/mem,tg=9792 iters=164,serialenc_1cb,33.361,33.185,33.185,1,0.000000,[0.000-33.185]
alu/mem,tg=20 alu=1538597 mem=16,serialenc_1cb,39.647,39.465,39.465,1,0.000000,[0.000-39.465]
gemm/gemm,half M=128 N=160 K=572832 tg=80,a_only,22.149,20.291,20.291,1,0.000000,[0.000-20.291]
alu/alu,tg=2 iters=1558762,raw_1cb,39.687,39.519,39.519,1,0.000000,[0.000-39.519]
mem/mem,tg=20 iters=16,barrier_1cb,39.209,39.032,39.032,1,0.000000,[0.000-39.032]
mem/mem,tg=512 iters=19,raw_1cb,40.126,39.958,39.958,1,0.000000,[0.000-39.958]
mem/mem,tg=2 iters=2,b_only,19.969,19.801,19.801,1,0.000000,[0.000-19.801]
alu/mem,tg=2048 alu=25227 mem=19,a_only,20.074,19.884,19.884,1,0.000000,[0.000-19.884]
alu/mem,tg=240 alu=200870 mem=18,concurrent_1cb,36.420,36.251,36.251,1,0.000000,[0.000-36.251]
alu/alu,tg=40 iters=790993,two_cb_serial,40.557,40.237,40.237,2,0.000000,[0.000-20.213] [20.374-40.399]
alu/alu,tg=240 iters=200393,two_cb_serial,40.563,40.230,40.230,2,0.000000,[0.000-20.550] [20.707-40.387]
alu/mem,tg=240 alu=200870 mem=18,serialenc_1cb,39.298,39.122,39.122,1,0.000000,[0.000-39.122]
alu/mem,tg=9792 alu=5340 mem=165,a_only,20.104,19.882,19.882,1,0.000000,[0.000-19.882]
alu/alu,tg=240 iters=200393,raw_1cb,40.099,39.926,39.926,1,0.000000,[0.000-39.926]
mem/mem,tg=2048 iters=19,two_cb_serial,38.749,38.393,38.393,2,0.000000,[0.000-19.241] [19.423-38.574]
gemm/gemm,fill M=512 N=1024 K=30896 tg=2048,two_cb,39.914,63.671,39.751,2,0.375677,[0.000-23.944] [0.025-39.751]
mem/mem,tg=10 iters=9,a_only,18.605,18.464,18.464,1,0.000000,[0.000-18.464]
mem/mem,tg=240 iters=18,concurrent_1cb,39.019,38.848,38.848,1,0.000000,[0.000-38.848]
mem/mem,tg=240 iters=18,raw_1cb,38.649,38.500,38.500,1,0.000000,[0.000-38.500]
alu/alu,tg=1000 iters=51113,two_queue,39.652,59.598,39.489,2,0.337421,[0.000-20.125] [0.015-39.489]
mem/mem,tg=20 iters=16,concurrent_1cb,19.683,19.524,19.524,1,0.000000,[0.000-19.524]
mem/mem,tg=2 iters=2,barrier_1cb,39.333,39.157,39.157,1,0.000000,[0.000-39.157]
alu/alu,tg=2 iters=1558762,concurrent_1cb,19.914,19.758,19.758,1,0.000000,[0.000-19.758]
alu/alu,tg=240 iters=200393,a_only,20.362,20.209,20.209,1,0.000000,[0.000-20.209]
mem/mem,tg=512 iters=19,concurrent_1cb,40.129,39.959,39.959,1,0.000000,[0.000-39.959]
alu/mem,tg=10 alu=1564854 mem=9,b_only,18.533,18.376,18.376,1,0.000000,[0.000-18.376]
alu/alu,tg=5 iters=1558694,two_cb_serial,39.839,39.515,39.515,2,0.000000,[0.000-19.757] [19.919-39.677]
mem/mem,tg=9792 iters=164,two_cb_serial,33.167,32.848,32.848,2,0.000000,[0.000-16.561] [16.720-33.007]
mem/mem,tg=9792 iters=164,raw_1cb,32.976,32.799,32.799,1,0.000000,[0.000-32.799]
gemm/gemm,half M=128 N=160 K=572832 tg=80,raw_1cb,40.897,39.037,39.037,1,0.000000,[0.000-39.037]
alu/alu,tg=5 iters=1558694,concurrent_1cb,21.191,21.015,21.015,1,0.000000,[0.000-21.015]
alu/alu,tg=2 iters=1558762,two_cb,19.923,39.517,19.764,2,0.499850,[0.000-19.758] [0.006-19.764]
gemm/gemm,small M=64 N=64 K=660128 tg=16,two_cb,38.137,74.278,37.141,2,0.499967,[0.000-37.141] [0.005-37.141]
alu/mem,tg=2048 alu=25227 mem=19,two_cb_serial,39.518,39.178,39.178,2,0.000000,[0.000-19.877] [20.056-39.357]
mem/mem,tg=20 iters=16,two_cb,130.919,261.430,130.717,2,0.499992,[0.000-130.717] [0.004-130.717]
gemm/gemm,half M=128 N=160 K=572832 tg=80,serialenc_1cb,37.506,37.350,37.350,1,0.000000,[0.000-37.350]
alu/mem,tg=2 alu=1565995 mem=2,two_cb_serial,40.011,39.686,39.686,2,0.000000,[0.000-19.850] [20.025-39.860]
alu/alu,tg=1000 iters=51113,serialenc_1cb,40.190,40.013,40.013,1,0.000000,[0.000-40.013]
alu/alu,tg=40 iters=790993,concurrent_1cb,30.958,30.795,30.795,1,0.000000,[0.000-30.795]
alu/alu,tg=10 iters=1563748,serialenc_1cb,41.909,41.730,41.730,1,0.000000,[0.000-41.730]
gemm/gemm,small M=64 N=64 K=660128 tg=16,barrier_1cb,41.278,41.100,41.100,1,0.000000,[0.000-41.100]
gemm/gemm,small M=64 N=64 K=660128 tg=16,raw_1cb,41.202,41.028,41.028,1,0.000000,[0.000-41.028]
alu/alu,tg=10 iters=1563748,b_only,19.986,19.821,19.821,1,0.000000,[0.000-19.821]
gemm/gemm,small M=64 N=64 K=660128 tg=16,a_only,20.653,20.490,20.490,1,0.000000,[0.000-20.490]
alu/mem,tg=512 alu=97150 mem=19,concurrent_1cb,37.776,37.609,37.609,1,0.000000,[0.000-37.609]
alu/alu,tg=20 iters=1543463,b_only,19.765,19.565,19.565,1,0.000000,[0.000-19.565]
alu/alu,tg=5 iters=1558694,a_only,19.950,19.758,19.758,1,0.000000,[0.000-19.758]
alu/alu,tg=10 iters=1563748,barrier_1cb,41.113,40.922,40.922,1,0.000000,[0.000-40.922]
alu/mem,tg=10 alu=1564854 mem=9,two_cb,20.921,39.065,20.730,2,0.469359,[0.000-20.730] [0.026-18.361]
alu/alu,tg=20 iters=1543463,serialenc_1cb,41.223,41.028,41.028,1,0.000000,[0.000-41.028]
mem/mem,tg=512 iters=19,b_only,19.986,19.796,19.796,1,0.000000,[0.000-19.796]
alu/mem,tg=20 alu=1538597 mem=16,concurrent_1cb,20.864,20.675,20.675,1,0.000000,[0.000-20.675]
alu/mem,tg=2048 alu=25227 mem=19,b_only,19.260,19.078,19.078,1,0.000000,[0.000-19.078]
alu/mem,tg=2 alu=1565995 mem=2,serialenc_1cb,39.627,39.467,39.467,1,0.000000,[0.000-39.467]
alu/mem,tg=2048 alu=25227 mem=19,two_cb,38.481,58.138,38.214,2,0.342698,[0.000-19.929] [0.005-38.214]
alu/mem,tg=512 alu=97150 mem=19,two_queue,39.922,59.607,39.733,2,0.333420,[0.000-19.881] [0.007-39.733]
alu/alu,tg=10 iters=1563748,concurrent_1cb,21.249,21.060,21.060,1,0.000000,[0.000-21.060]
alu/mem,tg=512 alu=97150 mem=19,a_only,20.278,20.092,20.092,1,0.000000,[0.000-20.092]
alu/mem,tg=20 alu=1538597 mem=16,two_cb,19.960,39.499,19.780,2,0.499224,[0.000-19.780] [0.006-19.725]
mem/mem,tg=10 iters=9,barrier_1cb,36.804,36.614,36.614,1,0.000000,[0.000-36.614]
mem/mem,tg=2 iters=2,concurrent_1cb,19.606,19.452,19.452,1,0.000000,[0.000-19.452]
alu/mem,tg=10 alu=1564854 mem=9,two_cb_serial,38.514,38.151,38.151,2,0.000000,[0.000-19.836] [20.020-38.336]
alu/mem,tg=240 alu=200870 mem=18,b_only,19.235,19.048,19.048,1,0.000000,[0.000-19.048]
alu/alu,tg=40 iters=790993,barrier_1cb,40.091,39.941,39.941,1,0.000000,[0.000-39.941]
gemm/gemm,fill M=512 N=1024 K=30896 tg=2048,raw_1cb,39.941,39.280,39.280,1,0.000000,[0.000-39.280]
alu/mem,tg=10 alu=1564854 mem=9,two_queue,20.019,38.238,19.841,2,0.481124,[0.005-19.841] [0.000-18.402]
alu/mem,tg=240 alu=200870 mem=18,two_queue,37.757,56.522,37.597,2,0.334821,[0.026-37.597] [0.000-18.951]
alu/mem,tg=2 alu=1565995 mem=2,two_cb,19.983,39.671,19.850,2,0.499635,[0.000-19.850] [0.005-19.826]
gemm/gemm,moe512 M=512 N=4896 K=6768 tg=9792,concurrent_1cb,40.645,39.883,39.883,1,0.000000,[0.000-39.883]
alu/mem,tg=2048 alu=25227 mem=19,two_queue,29.238,46.876,29.053,2,0.380225,[0.008-29.053] [0.000-17.831]
alu/alu,tg=2 iters=1558762,a_only,19.941,19.759,19.759,1,0.000000,[0.000-19.759]
mem/mem,tg=20 iters=16,serialenc_1cb,38.827,38.652,38.652,1,0.000000,[0.000-38.652]
alu/mem,tg=512 alu=97150 mem=19,raw_1cb,40.105,39.948,39.948,1,0.000000,[0.000-39.948]
alu/alu,tg=2 iters=1558762,two_queue,20.770,40.280,20.526,2,0.490416,[0.005-20.526] [0.000-19.759]
alu/mem,tg=2048 alu=25227 mem=19,concurrent_1cb,38.327,38.137,38.137,1,0.000000,[0.000-38.137]
mem/mem,tg=9792 iters=164,a_only,16.781,16.511,16.511,1,0.000000,[0.000-16.511]
alu/mem,tg=20 alu=1538597 mem=16,two_cb_serial,38.677,38.327,38.327,2,0.000000,[0.000-19.503] [19.685-38.509]
alu/alu,tg=10 iters=1563748,a_only,19.996,19.824,19.824,1,0.000000,[0.000-19.824]
alu/alu,tg=1000 iters=51113,b_only,19.986,19.822,19.822,1,0.000000,[0.000-19.822]
mem/mem,tg=10 iters=9,serialenc_1cb,36.862,36.678,36.678,1,0.000000,[0.000-36.678]
gemm/gemm,moe512 M=512 N=4896 K=6768 tg=9792,barrier_1cb,40.119,39.934,39.934,1,0.000000,[0.000-39.934]
alu/alu,tg=5 iters=1558694,two_queue,19.927,39.516,19.763,2,0.499878,[0.005-19.763] [0.000-19.758]
mem/mem,tg=2 iters=2,two_cb,55.401,110.404,55.205,2,0.499975,[0.000-55.205] [0.006-55.205]
gemm/gemm,small M=64 N=64 K=660128 tg=16,concurrent_1cb,22.564,21.440,21.440,1,0.000000,[0.000-21.440]
mem/mem,tg=512 iters=19,a_only,19.985,19.798,19.798,1,0.000000,[0.000-19.798]
mem/mem,tg=2048 iters=19,concurrent_1cb,38.794,38.617,38.617,1,0.000000,[0.000-38.617]
alu/mem,tg=10 alu=1564854 mem=9,barrier_1cb,38.345,38.160,38.160,1,0.000000,[0.000-38.160]
alu/mem,tg=512 alu=97150 mem=19,barrier_1cb,39.787,39.611,39.611,1,0.000000,[0.000-39.611]
alu/mem,tg=2 alu=1565995 mem=2,two_queue,20.017,39.302,19.855,2,0.494809,[0.005-19.855] [0.000-19.452]
mem/mem,tg=9792 iters=164,concurrent_1cb,33.887,33.071,33.071,1,0.000000,[0.000-33.071]
mem/mem,tg=20 iters=16,two_queue,130.312,260.231,130.118,2,0.499990,[0.005-130.118] [0.000-130.118]
alu/alu,tg=240 iters=200393,two_cb,40.272,60.340,40.085,2,0.335684,[0.000-20.280] [0.025-40.085]
mem/mem,tg=20 iters=16,b_only,19.820,19.648,19.648,1,0.000000,[0.000-19.648]
alu/alu,tg=20 iters=1543463,two_cb,39.613,60.847,39.432,2,0.351941,[0.000-21.419] [0.005-39.432]
gemm/gemm,small M=64 N=64 K=660128 tg=16,two_cb_serial,41.415,41.057,41.057,2,0.000000,[0.000-20.554] [20.745-41.248]
alu/alu,tg=2 iters=1558762,barrier_1cb,39.699,39.520,39.520,1,0.000000,[0.000-39.520]
mem/mem,tg=2048 iters=19,b_only,19.326,19.171,19.171,1,0.000000,[0.000-19.171]
gemm/gemm,moe512 M=512 N=4896 K=6768 tg=9792,a_only,20.121,19.933,19.933,1,0.000000,[0.000-19.933]
mem/mem,tg=20 iters=16,a_only,19.940,19.755,19.755,1,0.000000,[0.000-19.755]
alu/mem,tg=9792 alu=5340 mem=165,raw_1cb,36.937,36.671,36.671,1,0.000000,[0.000-36.671]
mem/mem,tg=240 iters=18,serialenc_1cb,38.275,38.091,38.091,1,0.000000,[0.000-38.091]
mem/mem,tg=2048 iters=19,raw_1cb,38.773,38.587,38.587,1,0.000000,[0.000-38.587]
alu/alu,tg=40 iters=790993,two_queue,31.789,59.375,31.612,2,0.467586,[0.024-31.612] [0.000-27.787]
alu/alu,tg=5 iters=1558694,b_only,19.908,19.764,19.764,1,0.000000,[0.000-19.764]
alu/mem,tg=9792 alu=5340 mem=165,two_cb_serial,37.126,36.772,36.772,2,0.000000,[0.000-19.819] [19.993-36.947]
mem/mem,tg=240 iters=18,two_queue,38.351,57.248,38.182,2,0.333033,[0.026-38.182] [0.000-19.091]
mem/mem,tg=240 iters=18,two_cb,38.341,57.242,38.159,2,0.333371,[0.000-19.090] [0.007-38.159]
alu/mem,tg=2 alu=1565995 mem=2,concurrent_1cb,20.032,19.850,19.850,1,0.000000,[0.000-19.850]
gemm/gemm,fill M=512 N=1024 K=30896 tg=2048,serialenc_1cb,39.971,39.290,39.290,1,0.000000,[0.000-39.290]
mem/mem,tg=2 iters=2,two_queue,56.149,111.906,55.955,2,0.499977,[0.005-55.955] [0.000-55.955]
alu/mem,tg=10 alu=1564854 mem=9,raw_1cb,38.357,38.167,38.167,1,0.000000,[0.000-38.167]
mem/mem,tg=512 iters=19,two_cb_serial,39.901,39.543,39.543,2,0.000000,[0.000-19.763] [19.960-39.740]
gemm/gemm,fill M=512 N=1024 K=30896 tg=2048,two_queue,40.375,62.339,40.191,2,0.355281,[0.005-40.191] [0.000-22.152]
alu/mem,tg=9792 alu=5340 mem=165,two_queue,32.159,62.164,31.978,2,0.485590,[0.006-30.192] [0.000-31.978]
mem/mem,tg=512 iters=19,serialenc_1cb,39.737,39.574,39.574,1,0.000000,[0.000-39.574]
gemm/gemm,half M=128 N=160 K=572832 tg=80,b_only,22.560,20.753,20.753,1,0.000000,[0.000-20.753]
mem/mem,tg=10 iters=9,b_only,18.537,18.356,18.356,1,0.000000,[0.000-18.356]
alu/alu,tg=5 iters=1558694,two_cb,19.945,39.515,19.763,2,0.499868,[0.000-19.757] [0.005-19.763]
alu/alu,tg=10 iters=1563748,raw_1cb,39.822,39.646,39.646,1,0.000000,[0.000-39.646]
mem/mem,tg=10 iters=9,two_cb,81.507,162.639,81.322,2,0.499984,[0.000-81.322] [0.005-81.322]
gemm/gemm,small M=64 N=64 K=660128 tg=16,b_only,22.468,21.453,21.453,1,0.000000,[0.000-21.453]
gemm/gemm,half M=128 N=160 K=572832 tg=80,two_queue,36.088,56.544,35.905,2,0.365002,[0.005-35.905] [0.000-20.644]
alu/alu,tg=20 iters=1543463,two_queue,36.509,60.829,36.322,2,0.402889,[0.005-24.512] [0.000-36.322]
mem/mem,tg=2048 iters=19,serialenc_1cb,38.723,38.535,38.535,1,0.000000,[0.000-38.535]
alu/alu,tg=2 iters=1558762,b_only,19.946,19.759,19.759,1,0.000000,[0.000-19.759]
alu/alu,tg=20 iters=1543463,a_only,20.752,20.572,20.572,1,0.000000,[0.000-20.572]
gemm/gemm,moe512 M=512 N=4896 K=6768 tg=9792,two_cb_serial,40.793,39.983,39.983,2,0.000000,[0.000-19.955] [20.184-40.212]
mem/mem,tg=2 iters=2,raw_1cb,39.459,39.282,39.282,1,0.000000,[0.000-39.282]
alu/mem,tg=2048 alu=25227 mem=19,raw_1cb,39.385,39.212,39.212,1,0.000000,[0.000-39.212]
gemm/gemm,fill M=512 N=1024 K=30896 tg=2048,two_cb_serial,39.649,39.275,39.275,2,0.000000,[0.000-19.616] [19.805-39.464]
mem/mem,tg=240 iters=18,two_cb_serial,38.390,37.989,37.989,2,0.000000,[0.000-18.991] [19.189-38.187]
alu/mem,tg=20 alu=1538597 mem=16,barrier_1cb,39.476,39.285,39.285,1,0.000000,[0.000-39.285]
alu/mem,tg=240 alu=200870 mem=18,barrier_1cb,39.382,39.188,39.188,1,0.000000,[0.000-39.188]
alu/mem,tg=9792 alu=5340 mem=165,barrier_1cb,36.749,36.601,36.601,1,0.000000,[0.000-36.601]
alu/mem,tg=20 alu=1538597 mem=16,two_queue,19.869,39.126,19.737,2,0.495555,[0.000-19.737] [0.006-19.395]
alu/mem,tg=20 alu=1538597 mem=16,raw_1cb,40.256,40.079,40.079,1,0.000000,[0.000-40.079]
alu/mem,tg=2048 alu=25227 mem=19,barrier_1cb,39.121,38.964,38.964,1,0.000000,[0.000-38.964]
gemm/gemm,moe512 M=512 N=4896 K=6768 tg=9792,serialenc_1cb,40.113,39.960,39.960,1,0.000000,[0.000-39.960]
alu/mem,tg=10 alu=1564854 mem=9,serialenc_1cb,38.507,38.362,38.362,1,0.000000,[0.000-38.362]
alu/alu,tg=20 iters=1543463,raw_1cb,40.864,40.667,40.667,1,0.000000,[0.000-40.667]
alu/alu,tg=20 iters=1543463,two_cb_serial,40.141,39.790,39.790,2,0.000000,[0.000-19.782] [19.966-39.973]
alu/mem,tg=20 alu=1538597 mem=16,a_only,19.685,19.503,19.503,1,0.000000,[0.000-19.503]
alu/alu,tg=10 iters=1563748,two_cb_serial,40.943,40.588,40.588,2,0.000000,[0.000-20.171] [20.354-40.771]

# summary: within-round ratios; overlap = 1 - wall(arm)/(wall_a+wall_b);
# overlap_eff = (iso_sum - wall)/(iso_sum - max(wall_a,wall_b))
pair,size,arm,wall_ms_med,iso_sum_ms_med,iso_max_ms_med,overlap_med,overlap_lo,overlap_hi,overlap_eff_med,cb_busy_sum_med,cb_busy_union_med,cb_overlap_med
alu/alu,tg=2 iters=1558762,a_only,19.926,40.027,20.116,0.5003,0.4975,0.5084,1.0011,19.759,19.759,0.000000
alu/alu,tg=2 iters=1558762,b_only,19.946,40.027,20.116,0.4997,0.4916,0.5025,1.0000,19.759,19.759,0.000000
alu/alu,tg=2 iters=1558762,concurrent_1cb,19.943,40.027,20.116,0.5018,0.4751,0.5102,1.0087,19.759,19.759,0.000000
alu/alu,tg=2 iters=1558762,barrier_1cb,39.699,40.027,20.116,0.0082,0.0036,0.0254,0.0164,39.519,39.519,0.000000
alu/alu,tg=2 iters=1558762,raw_1cb,39.676,40.027,20.116,0.0088,0.0044,0.0257,0.0176,39.520,39.520,0.000000
alu/alu,tg=2 iters=1558762,serialenc_1cb,39.802,40.027,20.116,0.0041,0.0003,0.0155,0.0082,39.638,39.638,0.000000
alu/alu,tg=2 iters=1558762,two_cb,19.929,40.027,20.116,0.5021,0.4999,0.5107,1.0094,39.517,19.765,0.499847
alu/alu,tg=2 iters=1558762,two_queue,19.951,40.027,20.116,0.4999,0.4936,0.5104,1.0006,39.517,19.764,0.499862
alu/alu,tg=2 iters=1558762,two_cb_serial,39.891,40.027,20.116,0.0016,-0.0109,0.0166,0.0031,39.517,39.517,0.000000
alu/alu,tg=5 iters=1558694,a_only,19.934,39.858,19.942,0.4998,0.4995,0.5001,1.0000,19.758,19.758,0.000000
alu/alu,tg=5 iters=1558694,b_only,19.919,39.858,19.942,0.5002,0.4999,0.5005,1.0008,19.758,19.758,0.000000
alu/alu,tg=5 iters=1558694,concurrent_1cb,19.952,39.858,19.942,0.4993,0.4707,0.5002,0.9990,19.760,19.760,0.000000
alu/alu,tg=5 iters=1558694,barrier_1cb,40.186,39.858,19.942,-0.0082,-0.0143,0.0051,-0.0164,40.018,40.018,0.000000
alu/alu,tg=5 iters=1558694,raw_1cb,39.670,39.858,19.942,0.0041,-0.0188,0.0052,0.0082,39.519,39.519,0.000000
alu/alu,tg=5 iters=1558694,serialenc_1cb,39.932,39.858,19.942,-0.0030,-0.0224,0.0041,-0.0060,39.763,39.763,0.000000
alu/alu,tg=5 iters=1558694,two_cb,20.498,39.858,19.942,0.4856,0.4740,0.4996,0.9786,40.274,20.306,0.495809
alu/alu,tg=5 iters=1558694,two_queue,19.945,39.858,19.942,0.4997,0.4715,0.5000,0.9999,39.516,19.775,0.499578
alu/alu,tg=5 iters=1558694,two_cb_serial,39.888,39.858,19.942,-0.0013,-0.0500,-0.0003,-0.0026,39.519,39.519,0.000000
alu/alu,tg=10 iters=1563748,a_only,19.996,40.766,20.779,0.4999,0.4880,0.5006,1.0000,19.825,19.825,0.000000
alu/alu,tg=10 iters=1563748,b_only,20.005,40.766,20.779,0.5001,0.4994,0.5120,1.0005,19.824,19.824,0.000000
alu/alu,tg=10 iters=1563748,concurrent_1cb,20.670,40.766,20.779,0.4940,0.4850,0.5018,0.9917,20.482,20.482,0.000000
alu/alu,tg=10 iters=1563748,barrier_1cb,40.775,40.766,20.779,0.0036,-0.0304,0.0302,0.0071,40.600,40.600,0.000000
alu/alu,tg=10 iters=1563748,raw_1cb,39.872,40.766,20.779,0.0103,-0.0124,0.0360,0.0210,39.693,39.693,0.000000
alu/alu,tg=10 iters=1563748,serialenc_1cb,40.274,40.766,20.779,0.0168,-0.0268,0.0360,0.0342,40.111,40.111,0.000000
alu/alu,tg=10 iters=1563748,two_cb,20.406,40.766,20.779,0.4995,0.4830,0.5125,0.9997,40.068,20.246,0.494712
alu/alu,tg=10 iters=1563748,two_queue,20.020,40.766,20.779,0.4993,0.4859,0.5177,0.9997,39.644,19.828,0.499849
alu/alu,tg=10 iters=1563748,two_cb_serial,40.586,40.766,20.779,0.0040,-0.0198,0.0341,0.0082,40.255,40.255,0.000000
alu/alu,tg=20 iters=1543463,a_only,20.060,40.517,20.727,0.5002,0.4878,0.5082,1.0006,19.908,19.908,0.000000
alu/alu,tg=20 iters=1543463,b_only,19.765,40.517,20.727,0.4998,0.4918,0.5122,1.0000,19.568,19.568,0.000000
alu/alu,tg=20 iters=1543463,concurrent_1cb,40.149,40.517,20.727,0.0063,-0.0129,0.0336,0.0131,39.997,39.997,0.000000
alu/alu,tg=20 iters=1543463,barrier_1cb,40.548,40.517,20.727,-0.0090,-0.0268,0.0273,-0.0180,40.391,40.391,0.000000
alu/alu,tg=20 iters=1543463,raw_1cb,40.864,40.517,20.727,-0.0055,-0.0415,0.0367,-0.0114,40.667,40.667,0.000000
alu/alu,tg=20 iters=1543463,serialenc_1cb,40.404,40.517,20.727,0.0000,-0.0174,0.0343,0.0001,40.215,40.215,0.000000
alu/alu,tg=20 iters=1543463,two_cb,40.035,40.517,20.727,0.0092,-0.0049,0.0223,0.0185,60.847,39.862,0.344884
alu/alu,tg=20 iters=1543463,two_queue,38.299,40.517,20.727,0.0570,0.0037,0.1630,0.1140,60.907,38.113,0.374241
alu/alu,tg=20 iters=1543463,two_cb_serial,40.522,40.517,20.727,-0.0007,-0.0300,0.0093,-0.0013,40.172,40.172,0.000000
alu/alu,tg=40 iters=790993,a_only,20.211,40.335,20.309,0.4989,0.4906,0.5024,1.0000,20.039,20.039,0.000000
alu/alu,tg=40 iters=790993,b_only,20.127,40.335,20.309,0.5011,0.4976,0.5094,1.0043,19.963,19.963,0.000000
alu/alu,tg=40 iters=790993,concurrent_1cb,31.227,40.335,20.309,0.2274,0.2217,0.2339,0.4557,31.036,31.036,0.000000
alu/alu,tg=40 iters=790993,barrier_1cb,40.087,40.335,20.309,0.0092,-0.0003,0.0262,0.0188,39.920,39.920,0.000000
alu/alu,tg=40 iters=790993,raw_1cb,39.989,40.335,20.309,0.0084,-0.0106,0.0195,0.0167,39.801,39.801,0.000000
alu/alu,tg=40 iters=790993,serialenc_1cb,40.054,40.335,20.309,0.0045,-0.0047,0.0443,0.0092,39.903,39.903,0.000000
alu/alu,tg=40 iters=790993,two_cb,31.218,40.335,20.309,0.2274,0.2160,0.2458,0.4606,51.696,31.035,0.399666
alu/alu,tg=40 iters=790993,two_queue,31.277,40.335,20.309,0.2254,0.2180,0.2351,0.4532,52.361,31.087,0.406301
alu/alu,tg=40 iters=790993,two_cb_serial,40.519,40.335,20.309,-0.0036,-0.0127,0.0049,-0.0073,40.205,40.205,0.000000
alu/alu,tg=240 iters=200393,a_only,20.193,40.250,20.324,0.5016,0.4944,0.5055,1.0065,19.970,19.970,0.000000
alu/alu,tg=240 iters=200393,b_only,20.286,40.250,20.324,0.4984,0.4945,0.5056,1.0000,20.131,20.131,0.000000
alu/alu,tg=240 iters=200393,concurrent_1cb,39.157,40.250,20.324,0.0276,0.0206,0.0376,0.0555,39.024,39.024,0.000000
alu/alu,tg=240 iters=200393,barrier_1cb,40.013,40.250,20.324,0.0101,-0.0039,0.0143,0.0204,39.816,39.816,0.000000
alu/alu,tg=240 iters=200393,raw_1cb,40.238,40.250,20.324,-0.0011,-0.0063,0.0110,-0.0023,40.061,40.061,0.000000
alu/alu,tg=240 iters=200393,serialenc_1cb,40.249,40.250,20.324,0.0049,-0.0074,0.0154,0.0099,40.082,40.082,0.000000
alu/alu,tg=240 iters=200393,two_cb,40.114,40.250,20.324,0.0024,-0.0038,0.0433,0.0049,59.953,39.926,0.334051
alu/alu,tg=240 iters=200393,two_queue,40.012,40.250,20.324,0.0095,-0.0030,0.0359,0.0192,65.213,39.842,0.389052
alu/alu,tg=240 iters=200393,two_cb_serial,40.256,40.250,20.324,0.0001,-0.0078,0.0088,0.0002,39.907,39.907,0.000000
alu/alu,tg=1000 iters=51113,a_only,20.044,40.069,20.064,0.5001,0.4981,0.5009,1.0004,19.901,19.901,0.000000
alu/alu,tg=1000 iters=51113,b_only,20.003,40.069,20.064,0.4999,0.4991,0.5019,1.0000,19.840,19.840,0.000000
alu/alu,tg=1000 iters=51113,concurrent_1cb,39.428,40.069,20.064,0.0166,0.0076,0.0215,0.0332,39.258,39.258,0.000000
alu/alu,tg=1000 iters=51113,barrier_1cb,40.066,40.069,20.064,0.0007,-0.0078,0.0074,0.0014,39.886,39.886,0.000000
alu/alu,tg=1000 iters=51113,raw_1cb,39.959,40.069,20.064,0.0010,-0.0050,0.0079,0.0020,39.803,39.803,0.000000
alu/alu,tg=1000 iters=51113,serialenc_1cb,40.125,40.069,20.064,0.0017,-0.0039,0.0070,0.0034,39.891,39.891,0.000000
alu/alu,tg=1000 iters=51113,two_cb,39.598,40.069,20.064,0.0106,0.0037,0.0152,0.0212,62.988,39.405,0.374407
alu/alu,tg=1000 iters=51113,two_queue,39.468,40.069,20.064,0.0147,-0.0008,0.0215,0.0294,63.170,39.279,0.378203
alu/alu,tg=1000 iters=51113,two_cb_serial,40.155,40.069,20.064,0.0006,-0.0106,0.0034,0.0013,39.773,39.773,0.000000
mem/mem,tg=2 iters=2,a_only,19.735,39.474,19.850,0.5003,0.4994,0.5019,1.0014,19.601,19.601,0.000000
mem/mem,tg=2 iters=2,b_only,19.670,39.474,19.850,0.4997,0.4981,0.5006,1.0000,19.483,19.483,0.000000
mem/mem,tg=2 iters=2,concurrent_1cb,19.641,39.474,19.850,0.5049,0.4981,0.5082,1.0100,19.461,19.461,0.000000
mem/mem,tg=2 iters=2,barrier_1cb,39.365,39.474,19.850,0.0031,-0.0013,0.0094,0.0062,39.179,39.179,0.000000
mem/mem,tg=2 iters=2,raw_1cb,39.135,39.474,19.850,0.0062,0.0014,0.0172,0.0124,38.944,38.944,0.000000
mem/mem,tg=2 iters=2,serialenc_1cb,39.052,39.474,19.850,0.0075,0.0039,0.0125,0.0150,38.872,38.872,0.000000
mem/mem,tg=2 iters=2,two_cb,55.756,39.474,19.850,-0.4125,-0.4225,-0.3953,-0.8301,111.116,55.561,0.499973
mem/mem,tg=2 iters=2,two_queue,55.647,39.474,19.850,-0.4142,-0.4230,-0.3967,-0.8315,110.895,55.450,0.499978
mem/mem,tg=2 iters=2,two_cb_serial,39.672,39.474,19.850,-0.0031,-0.0093,0.0026,-0.0061,39.311,39.311,0.000000
mem/mem,tg=10 iters=9,a_only,18.605,37.166,18.608,0.4993,0.4991,0.5009,1.0000,18.452,18.452,0.000000
mem/mem,tg=10 iters=9,b_only,18.552,37.166,18.608,0.5007,0.4991,0.5009,1.0026,18.397,18.397,0.000000
mem/mem,tg=10 iters=9,concurrent_1cb,18.439,37.166,18.608,0.5031,0.5024,0.5052,1.0074,18.257,18.257,0.000000
mem/mem,tg=10 iters=9,barrier_1cb,37.011,37.166,18.608,0.0029,-0.0013,0.0091,0.0057,36.851,36.851,0.000000
mem/mem,tg=10 iters=9,raw_1cb,36.985,37.166,18.608,0.0055,0.0037,0.0092,0.0110,36.811,36.811,0.000000
mem/mem,tg=10 iters=9,serialenc_1cb,36.951,37.166,18.608,0.0064,0.0020,0.0075,0.0128,36.773,36.773,0.000000
mem/mem,tg=10 iters=9,two_cb,81.728,37.166,18.608,-1.1976,-1.2077,-1.1892,-2.3958,163.051,81.528,0.499982
mem/mem,tg=10 iters=9,two_queue,81.995,37.166,18.608,-1.2045,-1.2139,-1.1784,-2.4131,163.575,81.790,0.499986
mem/mem,tg=10 iters=9,two_cb_serial,37.180,37.166,18.608,0.0008,-0.0030,0.0041,0.0017,36.805,36.805,0.000000
mem/mem,tg=20 iters=16,a_only,19.650,39.313,19.924,0.4994,0.4942,0.5033,1.0000,19.460,19.460,0.000000
mem/mem,tg=20 iters=16,b_only,19.472,39.313,19.924,0.5006,0.4967,0.5058,1.0024,19.287,19.287,0.000000
mem/mem,tg=20 iters=16,concurrent_1cb,19.683,39.313,19.924,0.5006,0.4823,0.5100,1.0130,19.524,19.524,0.000000
mem/mem,tg=20 iters=16,barrier_1cb,38.919,39.313,19.924,0.0124,-0.0053,0.0279,0.0249,38.767,38.767,0.000000
mem/mem,tg=20 iters=16,raw_1cb,39.793,39.313,19.924,-0.0053,-0.0340,0.0218,-0.0107,39.632,39.632,0.000000
mem/mem,tg=20 iters=16,serialenc_1cb,39.142,39.313,19.924,0.0102,-0.0410,0.0235,0.0207,38.967,38.967,0.000000
mem/mem,tg=20 iters=16,two_cb,129.132,39.313,19.924,-2.2920,-2.3175,-2.2277,-4.6054,257.924,128.964,0.499990
mem/mem,tg=20 iters=16,two_queue,128.345,39.313,19.924,-2.2432,-2.3064,-0.9203,-4.5033,256.284,128.145,0.499990
mem/mem,tg=20 iters=16,two_cb_serial,39.003,39.313,19.924,0.0014,-0.0194,0.0239,0.0028,38.633,38.633,0.000000
mem/mem,tg=240 iters=18,a_only,19.253,38.528,19.267,0.5001,0.4994,0.5013,1.0003,19.068,19.068,0.000000
mem/mem,tg=240 iters=18,b_only,19.266,38.528,19.267,0.4999,0.4987,0.5006,1.0000,19.082,19.082,0.000000
mem/mem,tg=240 iters=18,concurrent_1cb,38.836,38.528,19.267,-0.0067,-0.0241,-0.0049,-0.0134,38.654,38.654,0.000000
mem/mem,tg=240 iters=18,barrier_1cb,38.455,38.528,19.267,0.0037,-0.0047,0.0068,0.0074,38.298,38.298,0.000000
mem/mem,tg=240 iters=18,raw_1cb,38.718,38.528,19.267,-0.0049,-0.0157,0.0038,-0.0098,38.523,38.523,0.000000
mem/mem,tg=240 iters=18,serialenc_1cb,38.352,38.528,19.267,0.0048,-0.0022,0.0059,0.0096,38.175,38.175,0.000000
mem/mem,tg=240 iters=18,two_cb,38.386,38.528,19.267,0.0044,-0.0029,0.0084,0.0089,57.714,38.159,0.338820
mem/mem,tg=240 iters=18,two_queue,38.351,38.528,19.267,0.0060,0.0019,0.0098,0.0121,59.899,38.182,0.362551
mem/mem,tg=240 iters=18,two_cb_serial,38.473,38.528,19.267,0.0011,-0.0056,0.0049,0.0022,38.107,38.107,0.000000
mem/mem,tg=512 iters=19,a_only,20.067,40.190,20.147,0.5000,0.4963,0.5012,1.0001,19.877,19.877,0.000000
mem/mem,tg=512 iters=19,b_only,20.031,40.190,20.147,0.5000,0.4988,0.5037,1.0000,19.866,19.866,0.000000
mem/mem,tg=512 iters=19,concurrent_1cb,40.287,40.190,20.147,-0.0040,-0.0139,0.0007,-0.0079,40.099,40.099,0.000000
mem/mem,tg=512 iters=19,barrier_1cb,40.136,40.190,20.147,0.0003,-0.0022,0.0086,0.0005,39.964,39.964,0.000000
mem/mem,tg=512 iters=19,raw_1cb,39.839,40.190,20.147,0.0094,-0.0039,0.0125,0.0188,39.693,39.693,0.000000
mem/mem,tg=512 iters=19,serialenc_1cb,39.816,40.190,20.147,0.0085,0.0058,0.0122,0.0170,39.630,39.630,0.000000
mem/mem,tg=512 iters=19,two_cb,40.140,40.190,20.147,0.0010,-0.0038,0.0029,0.0021,61.919,39.942,0.354925
mem/mem,tg=512 iters=19,two_queue,40.055,40.190,20.147,0.0023,-0.0064,0.0063,0.0046,67.296,39.893,0.407199
mem/mem,tg=512 iters=19,two_cb_serial,40.044,40.190,20.147,0.0017,0.0006,0.0087,0.0035,39.714,39.714,0.000000
mem/mem,tg=2048 iters=19,a_only,19.532,38.982,19.546,0.4994,0.4979,0.5015,1.0000,19.319,19.319,0.000000
mem/mem,tg=2048 iters=19,b_only,19.484,38.982,19.546,0.5006,0.4985,0.5021,1.0025,19.278,19.278,0.000000
mem/mem,tg=2048 iters=19,concurrent_1cb,39.041,38.982,19.546,-0.0001,-0.0058,0.0043,-0.0002,38.854,38.854,0.000000
mem/mem,tg=2048 iters=19,barrier_1cb,38.885,38.982,19.546,0.0042,-0.0020,0.0075,0.0085,38.692,38.692,0.000000
mem/mem,tg=2048 iters=19,raw_1cb,38.773,38.982,19.546,0.0049,-0.0035,0.0118,0.0098,38.587,38.587,0.000000
mem/mem,tg=2048 iters=19,serialenc_1cb,38.855,38.982,19.546,0.0029,-0.0031,0.0147,0.0058,38.695,38.695,0.000000
mem/mem,tg=2048 iters=19,two_cb,38.844,38.982,19.546,0.0044,-0.0015,0.0139,0.0088,61.068,38.647,0.367153
mem/mem,tg=2048 iters=19,two_queue,38.889,38.982,19.546,0.0033,-0.0089,0.0093,0.0065,61.506,38.703,0.370746
mem/mem,tg=2048 iters=19,two_cb_serial,38.952,38.982,19.546,0.0004,-0.0014,0.0085,0.0008,38.615,38.615,0.000000
mem/mem,tg=9792 iters=164,a_only,16.781,33.507,16.797,0.4988,0.4953,0.5016,1.0000,16.605,16.605,0.000000
mem/mem,tg=9792 iters=164,b_only,16.783,33.507,16.797,0.5012,0.4984,0.5047,1.0049,16.594,16.594,0.000000
mem/mem,tg=9792 iters=164,concurrent_1cb,33.455,33.507,16.797,0.0074,0.0002,0.0161,0.0149,33.071,33.071,0.000000
mem/mem,tg=9792 iters=164,barrier_1cb,33.347,33.507,16.797,0.0005,-0.0116,0.0254,0.0009,33.062,33.062,0.000000
mem/mem,tg=9792 iters=164,raw_1cb,33.340,33.507,16.797,0.0107,-0.0010,0.0209,0.0214,33.041,33.041,0.000000
mem/mem,tg=9792 iters=164,serialenc_1cb,33.367,33.507,16.797,0.0064,-0.0045,0.0122,0.0129,33.111,33.111,0.000000
mem/mem,tg=9792 iters=164,two_cb,33.280,33.507,16.797,0.0097,0.0057,0.0244,0.0194,58.086,33.072,0.430629
mem/mem,tg=9792 iters=164,two_queue,33.074,33.507,16.797,0.0159,-0.0087,0.0314,0.0318,53.979,32.893,0.390622
mem/mem,tg=9792 iters=164,two_cb_serial,33.297,33.507,16.797,0.0092,-0.0019,0.0122,0.0184,32.914,32.914,0.000000
alu/mem,tg=2 alu=1565995 mem=2,a_only,20.034,39.917,20.034,0.4969,0.4946,0.4984,1.0000,19.851,19.851,0.000000
alu/mem,tg=2 alu=1565995 mem=2,b_only,19.791,39.917,20.034,0.5031,0.5016,0.5054,1.0126,19.632,19.632,0.000000
alu/mem,tg=2 alu=1565995 mem=2,concurrent_1cb,20.043,39.917,20.034,0.4954,0.4697,0.4988,0.9999,19.851,19.851,0.000000
alu/mem,tg=2 alu=1565995 mem=2,barrier_1cb,39.643,39.917,20.034,0.0028,0.0005,0.0112,0.0057,39.460,39.460,0.000000
alu/mem,tg=2 alu=1565995 mem=2,raw_1cb,39.743,39.917,20.034,0.0053,-0.0012,0.0127,0.0107,39.571,39.571,0.000000
alu/mem,tg=2 alu=1565995 mem=2,serialenc_1cb,39.715,39.917,20.034,0.0046,0.0010,0.0092,0.0093,39.538,39.538,0.000000
alu/mem,tg=2 alu=1565995 mem=2,two_cb,20.017,39.917,20.034,0.4979,0.4859,0.4994,1.0018,39.589,19.850,0.498594
alu/mem,tg=2 alu=1565995 mem=2,two_queue,19.995,39.917,20.034,0.4981,0.4967,0.4998,1.0020,39.487,19.855,0.497187
alu/mem,tg=2 alu=1565995 mem=2,two_cb_serial,39.841,39.917,20.034,0.0021,-0.0050,0.0080,0.0043,39.518,39.518,0.000000
alu/mem,tg=10 alu=1564854 mem=9,a_only,20.038,38.694,20.038,0.4801,0.4680,0.4826,1.0000,19.839,19.839,0.000000
alu/mem,tg=10 alu=1564854 mem=9,b_only,18.580,38.694,20.038,0.5199,0.5187,0.5320,1.0831,18.417,18.417,0.000000
alu/mem,tg=10 alu=1564854 mem=9,concurrent_1cb,20.008,38.694,20.038,0.4829,0.4602,0.4959,1.0006,19.836,19.836,0.000000
alu/mem,tg=10 alu=1564854 mem=9,barrier_1cb,38.486,38.694,20.038,0.0047,0.0016,0.0270,0.0098,38.328,38.328,0.000000
alu/mem,tg=10 alu=1564854 mem=9,raw_1cb,38.859,38.694,20.038,-0.0008,-0.0087,0.0313,-0.0017,38.681,38.681,0.000000
alu/mem,tg=10 alu=1564854 mem=9,serialenc_1cb,38.622,38.694,20.038,0.0080,-0.0032,0.0259,0.0167,38.447,38.447,0.000000
alu/mem,tg=10 alu=1564854 mem=9,two_cb,20.597,38.694,20.038,0.4754,0.4664,0.4830,1.0008,38.822,20.421,0.473977
alu/mem,tg=10 alu=1564854 mem=9,two_queue,20.094,38.694,20.038,0.4809,0.4705,0.4932,0.9999,38.341,19.851,0.482260
alu/mem,tg=10 alu=1564854 mem=9,two_cb_serial,38.624,38.694,20.038,-0.0012,-0.0231,0.0274,-0.0024,38.244,38.244,0.000000
alu/mem,tg=20 alu=1538597 mem=16,a_only,20.259,39.733,20.293,0.4957,0.4880,0.5050,1.0000,20.079,20.079,0.000000
alu/mem,tg=20 alu=1538597 mem=16,b_only,20.066,39.733,20.293,0.5043,0.4950,0.5120,1.0175,19.881,19.881,0.000000
alu/mem,tg=20 alu=1538597 mem=16,concurrent_1cb,20.836,39.733,20.293,0.4781,0.4731,0.4930,0.9714,20.669,20.669,0.000000
alu/mem,tg=20 alu=1538597 mem=16,barrier_1cb,39.476,39.733,20.293,0.0022,-0.0095,0.0483,0.0045,39.285,39.285,0.000000
alu/mem,tg=20 alu=1538597 mem=16,raw_1cb,39.722,39.733,20.293,0.0021,-0.0076,0.0177,0.0042,39.528,39.528,0.000000
alu/mem,tg=20 alu=1538597 mem=16,serialenc_1cb,40.008,39.733,20.293,0.0040,-0.0201,0.0201,0.0079,39.809,39.809,0.000000
alu/mem,tg=20 alu=1538597 mem=16,two_cb,20.065,39.733,20.293,0.4995,0.4897,0.5106,1.0097,39.499,19.904,0.496091
alu/mem,tg=20 alu=1538597 mem=16,two_queue,20.495,39.733,20.293,0.4918,0.4823,0.4984,1.0014,39.681,20.337,0.487478
alu/mem,tg=20 alu=1538597 mem=16,two_cb_serial,39.643,39.733,20.293,0.0085,-0.0244,0.0268,0.0173,39.350,39.350,0.000000
alu/mem,tg=240 alu=200870 mem=18,a_only,20.194,39.551,20.194,0.4880,0.4837,0.4965,1.0000,20.025,20.025,0.000000
alu/mem,tg=240 alu=200870 mem=18,b_only,19.283,39.551,20.194,0.5120,0.5035,0.5163,1.0493,19.110,19.110,0.000000
alu/mem,tg=240 alu=200870 mem=18,concurrent_1cb,36.313,39.551,20.194,0.0817,0.0728,0.0874,0.1672,36.127,36.127,0.000000
alu/mem,tg=240 alu=200870 mem=18,barrier_1cb,39.272,39.551,20.194,0.0106,-0.0059,0.0124,0.0213,39.086,39.086,0.000000
alu/mem,tg=240 alu=200870 mem=18,raw_1cb,39.644,39.551,20.194,0.0002,-0.0106,0.0127,0.0004,39.423,39.423,0.000000
alu/mem,tg=240 alu=200870 mem=18,serialenc_1cb,39.298,39.551,20.194,0.0047,-0.0037,0.0128,0.0094,39.122,39.122,0.000000
alu/mem,tg=240 alu=200870 mem=18,two_cb,35.974,39.551,20.194,0.0899,0.0819,0.0937,0.1815,56.151,35.797,0.362484
alu/mem,tg=240 alu=200870 mem=18,two_queue,37.757,39.551,20.194,0.0455,0.0006,0.1073,0.0941,56.712,37.597,0.337049
alu/mem,tg=240 alu=200870 mem=18,two_cb_serial,39.362,39.551,20.194,0.0015,-0.0028,0.0094,0.0031,38.990,38.990,0.000000
alu/mem,tg=512 alu=97150 mem=19,a_only,20.051,40.285,20.231,0.4998,0.4985,0.5023,1.0000,19.877,19.877,0.000000
alu/mem,tg=512 alu=97150 mem=19,b_only,20.035,40.285,20.231,0.5002,0.4977,0.5015,1.0009,19.860,19.860,0.000000
alu/mem,tg=512 alu=97150 mem=19,concurrent_1cb,38.102,40.285,20.231,0.0516,0.0503,0.0620,0.1033,37.791,37.791,0.000000
alu/mem,tg=512 alu=97150 mem=19,barrier_1cb,39.908,40.285,20.231,0.0085,0.0019,0.0121,0.0170,39.715,39.715,0.000000
alu/mem,tg=512 alu=97150 mem=19,raw_1cb,39.970,40.285,20.231,0.0066,-0.0091,0.0125,0.0132,39.775,39.775,0.000000
alu/mem,tg=512 alu=97150 mem=19,serialenc_1cb,40.095,40.285,20.231,0.0047,-0.0149,0.0113,0.0094,39.792,39.792,0.000000
alu/mem,tg=512 alu=97150 mem=19,two_cb,39.513,40.285,20.231,0.0160,0.0007,0.0283,0.0321,59.466,39.339,0.338464
alu/mem,tg=512 alu=97150 mem=19,two_queue,39.904,40.285,20.231,0.0126,0.0011,0.1424,0.0254,59.607,39.730,0.333465
alu/mem,tg=512 alu=97150 mem=19,two_cb_serial,40.265,40.285,20.231,-0.0008,-0.0070,0.0054,-0.0016,39.900,39.900,0.000000
alu/mem,tg=2048 alu=25227 mem=19,a_only,20.052,39.554,20.052,0.4932,0.4922,0.4944,1.0000,19.868,19.868,0.000000
alu/mem,tg=2048 alu=25227 mem=19,b_only,19.510,39.554,20.052,0.5068,0.5056,0.5078,1.0274,19.318,19.318,0.000000
alu/mem,tg=2048 alu=25227 mem=19,concurrent_1cb,38.789,39.554,20.052,0.0218,0.0167,0.0251,0.0441,38.577,38.577,0.000000
alu/mem,tg=2048 alu=25227 mem=19,barrier_1cb,39.407,39.554,20.052,0.0037,-0.0005,0.0076,0.0076,39.223,39.223,0.000000
alu/mem,tg=2048 alu=25227 mem=19,raw_1cb,39.325,39.554,20.052,0.0061,-0.0007,0.0075,0.0125,39.173,39.173,0.000000
alu/mem,tg=2048 alu=25227 mem=19,serialenc_1cb,39.403,39.554,20.052,0.0043,-0.0003,0.0055,0.0086,39.193,39.193,0.000000
alu/mem,tg=2048 alu=25227 mem=19,two_cb,29.850,39.554,20.052,0.2480,0.0217,0.4706,0.5002,49.934,29.653,0.406163
alu/mem,tg=2048 alu=25227 mem=19,two_queue,36.399,39.554,20.052,0.0781,0.0051,0.2527,0.1579,56.287,36.202,0.356843
alu/mem,tg=2048 alu=25227 mem=19,two_cb_serial,39.540,39.554,20.052,-0.0013,-0.0047,0.0043,-0.0026,39.186,39.186,0.000000
alu/mem,tg=9792 alu=5340 mem=165,a_only,20.045,37.028,20.045,0.4571,0.4562,0.4602,1.0000,19.855,19.855,0.000000
alu/mem,tg=9792 alu=5340 mem=165,b_only,16.923,37.028,20.045,0.5429,0.5398,0.5438,1.1879,16.710,16.710,0.000000
alu/mem,tg=9792 alu=5340 mem=165,concurrent_1cb,36.698,37.028,20.045,0.0120,0.0022,0.0138,0.0259,36.453,36.453,0.000000
alu/mem,tg=9792 alu=5340 mem=165,barrier_1cb,36.705,37.028,20.045,0.0075,0.0015,0.0192,0.0164,36.433,36.433,0.000000
alu/mem,tg=9792 alu=5340 mem=165,raw_1cb,36.818,37.028,20.045,0.0028,0.0001,0.0089,0.0060,36.635,36.635,0.000000
alu/mem,tg=9792 alu=5340 mem=165,serialenc_1cb,36.796,37.028,20.045,0.0044,0.0015,0.0105,0.0097,36.491,36.491,0.000000
alu/mem,tg=9792 alu=5340 mem=165,two_cb,34.812,37.028,20.045,0.0546,0.0454,0.1487,0.1197,55.894,34.583,0.381274
alu/mem,tg=9792 alu=5340 mem=165,two_queue,32.473,37.028,20.045,0.1268,0.0528,0.1937,0.2801,55.974,32.282,0.423262
alu/mem,tg=9792 alu=5340 mem=165,two_cb_serial,36.960,37.028,20.045,-0.0020,-0.0062,0.0066,-0.0045,36.535,36.535,0.000000
gemm/gemm,small M=64 N=64 K=660128 tg=16,a_only,20.845,43.341,22.498,0.4999,0.4800,0.5204,1.0000,20.657,20.657,0.000000
gemm/gemm,small M=64 N=64 K=660128 tg=16,b_only,20.936,43.341,22.498,0.5001,0.4796,0.5200,1.0003,20.700,20.700,0.000000
gemm/gemm,small M=64 N=64 K=660128 tg=16,concurrent_1cb,20.906,43.341,22.498,0.5005,0.4785,0.5197,1.0112,20.753,20.753,0.000000
gemm/gemm,small M=64 N=64 K=660128 tg=16,barrier_1cb,41.509,43.341,22.498,0.0372,0.0050,0.0465,0.0772,41.326,41.326,0.000000
gemm/gemm,small M=64 N=64 K=660128 tg=16,raw_1cb,41.712,43.341,22.498,0.0085,-0.0040,0.0445,0.0171,41.546,41.546,0.000000
gemm/gemm,small M=64 N=64 K=660128 tg=16,serialenc_1cb,42.293,43.341,22.498,0.0057,0.0041,0.0446,0.0119,41.366,41.366,0.000000
gemm/gemm,small M=64 N=64 K=660128 tg=16,two_cb,37.048,43.341,22.498,0.1418,0.1112,0.1663,0.2957,72.252,36.128,0.499970
gemm/gemm,small M=64 N=64 K=660128 tg=16,two_queue,38.373,43.341,22.498,0.1185,0.0754,0.1694,0.2464,74.717,37.361,0.499965
gemm/gemm,small M=64 N=64 K=660128 tg=16,two_cb_serial,42.074,43.341,22.498,0.0295,-0.0141,0.0428,0.0614,41.724,41.724,0.000000
gemm/gemm,half M=128 N=160 K=572832 tg=80,a_only,19.079,41.399,22.439,0.4999,0.4542,0.5046,1.0000,18.913,18.913,0.000000
gemm/gemm,half M=128 N=160 K=572832 tg=80,b_only,19.073,41.399,22.439,0.5001,0.4954,0.5458,1.0004,18.906,18.906,0.000000
gemm/gemm,half M=128 N=160 K=572832 tg=80,concurrent_1cb,36.823,41.399,22.439,0.0542,-0.0246,0.1883,0.1192,36.639,36.639,0.000000
gemm/gemm,half M=128 N=160 K=572832 tg=80,barrier_1cb,37.934,41.399,22.439,0.0094,-0.0828,0.0907,0.0188,37.768,37.768,0.000000
gemm/gemm,half M=128 N=160 K=572832 tg=80,raw_1cb,37.857,41.399,22.439,0.0134,-0.0857,0.0949,0.0270,37.688,37.688,0.000000
gemm/gemm,half M=128 N=160 K=572832 tg=80,serialenc_1cb,37.838,41.399,22.439,0.0092,0.0038,0.0906,0.0184,37.637,37.637,0.000000
gemm/gemm,half M=128 N=160 K=572832 tg=80,two_cb,37.045,41.399,22.439,0.0808,-0.0385,0.1246,0.1631,57.691,36.465,0.367920
gemm/gemm,half M=128 N=160 K=572832 tg=80,two_queue,36.523,41.399,22.439,0.0746,0.0458,0.1881,0.1628,57.216,36.120,0.368709
gemm/gemm,half M=128 N=160 K=572832 tg=80,two_cb_serial,37.945,41.399,22.439,0.0024,-0.0045,0.1591,0.0048,37.611,37.611,0.000000
gemm/gemm,fill M=512 N=1024 K=30896 tg=2048,a_only,20.244,40.086,20.309,0.4998,0.4925,0.5032,1.0000,19.645,19.645,0.000000
gemm/gemm,fill M=512 N=1024 K=30896 tg=2048,b_only,19.874,40.086,20.309,0.5002,0.4968,0.5075,1.0009,19.651,19.651,0.000000
gemm/gemm,fill M=512 N=1024 K=30896 tg=2048,concurrent_1cb,39.434,40.086,20.309,0.0213,0.0069,0.0276,0.0426,38.891,38.891,0.000000
gemm/gemm,fill M=512 N=1024 K=30896 tg=2048,barrier_1cb,39.515,40.086,20.309,0.0157,0.0011,0.0260,0.0319,39.297,39.297,0.000000
gemm/gemm,fill M=512 N=1024 K=30896 tg=2048,raw_1cb,39.597,40.086,20.309,0.0118,0.0048,0.0252,0.0239,39.283,39.283,0.000000
gemm/gemm,fill M=512 N=1024 K=30896 tg=2048,serialenc_1cb,39.529,40.086,20.309,0.0122,0.0046,0.0278,0.0248,39.290,39.290,0.000000
gemm/gemm,fill M=512 N=1024 K=30896 tg=2048,two_cb,40.229,40.086,20.309,-0.0040,-0.0118,0.0074,-0.0080,64.216,40.060,0.376170
gemm/gemm,fill M=512 N=1024 K=30896 tg=2048,two_queue,40.331,40.086,20.309,-0.0041,-0.0201,0.0088,-0.0082,63.165,40.113,0.364937
gemm/gemm,fill M=512 N=1024 K=30896 tg=2048,two_cb_serial,39.718,40.086,20.309,0.0113,0.0022,0.0143,0.0227,39.275,39.275,0.000000
gemm/gemm,moe512 M=512 N=4896 K=6768 tg=9792,a_only,20.479,40.605,20.479,0.5001,0.4953,0.5006,1.0005,19.932,19.932,0.000000
gemm/gemm,moe512 M=512 N=4896 K=6768 tg=9792,b_only,20.149,40.605,20.479,0.4999,0.4994,0.5047,1.0000,19.938,19.938,0.000000
gemm/gemm,moe512 M=512 N=4896 K=6768 tg=9792,concurrent_1cb,40.352,40.605,20.479,0.0064,-0.0089,0.0179,0.0128,39.780,39.780,0.000000
gemm/gemm,moe512 M=512 N=4896 K=6768 tg=9792,barrier_1cb,40.119,40.605,20.479,0.0059,-0.0057,0.0235,0.0119,39.849,39.849,0.000000
gemm/gemm,moe512 M=512 N=4896 K=6768 tg=9792,raw_1cb,40.436,40.605,20.479,0.0044,-0.0079,0.0151,0.0089,39.874,39.874,0.000000
gemm/gemm,moe512 M=512 N=4896 K=6768 tg=9792,serialenc_1cb,40.113,40.605,20.479,0.0056,0.0039,0.0155,0.0113,39.870,39.870,0.000000
gemm/gemm,moe512 M=512 N=4896 K=6768 tg=9792,two_cb,40.517,40.605,20.479,0.0009,-0.0078,0.0118,0.0018,64.075,40.288,0.371228
gemm/gemm,moe512 M=512 N=4896 K=6768 tg=9792,two_queue,40.556,40.605,20.479,0.0021,-0.0183,0.0161,0.0043,63.968,40.281,0.370292
gemm/gemm,moe512 M=512 N=4896 K=6768 tg=9792,two_cb_serial,40.649,40.605,20.479,0.0001,-0.0126,0.0105,0.0002,39.881,39.881,0.000000
