# host
device                       Apple M4 Pro
architecture                 applegpu_g16s
maxThreadgroupMemoryLength   32768
recommendedWorkingSetSize    40200896512
k_alu maxThreadsPerTG        1024
k_gemm maxThreadsPerTG       1024
counterSampling.stage        true
counterSampling.dispatch     false
counterSampling.blit         false
rounds=9 targetMs=20.0

# arms
pair,size,arm,wall_ms,busy_sum_ms,busy_union_ms,cbs,cbunion_overlap,cb_layout_ms
mem/mem,tg=2 iters=2,two_queue,55.270,110.074,55.093,2,0.499492,[0.000-55.093] [0.112-55.093]
alu/alu,tg=1000 iters=50703,two_cb_serial,39.965,39.581,39.581,2,0.000000,[0.000-19.694] [19.903-39.790]
alu/alu,tg=2 iters=1088090,two_cb_serial,27.959,27.586,27.586,2,0.000000,[0.000-13.793] [13.979-27.772]
mem/mem,tg=20 iters=16,a_only,19.204,19.010,19.010,1,0.000000,[0.000-19.010]
alu/alu,tg=240 iters=201722,two_queue,38.572,59.031,38.386,2,0.349722,[0.000-20.650] [0.006-38.386]
alu/mem,tg=2 alu=1565153 mem=2,raw_1cb,39.615,39.426,39.426,1,0.000000,[0.000-39.426]
alu/mem,tg=240 alu=199140 mem=18,two_queue,38.855,58.339,38.667,2,0.337196,[0.000-19.677] [0.005-38.667]
alu/alu,tg=10 iters=1564051,barrier_1cb,41.547,41.404,41.404,1,0.000000,[0.000-41.404]
alu/mem,tg=2 alu=1565153 mem=2,two_cb_serial,39.782,39.406,39.406,2,0.000000,[0.000-19.839] [20.033-39.600]
alu/alu,tg=1000 iters=50703,raw_1cb,39.850,39.663,39.663,1,0.000000,[0.000-39.663]
alu/alu,tg=2 iters=1088090,concurrent_1cb,14.349,14.162,14.162,1,0.000000,[0.000-14.162]
alu/alu,tg=5 iters=1398660,b_only,17.905,17.732,17.732,1,0.000000,[0.000-17.732]
gemm/gemm,half M=128 N=160 K=569744 tg=80,two_cb,39.950,58.620,35.549,2,0.393566,[0.000-23.111] [0.040-35.549]
alu/mem,tg=10 alu=1535660 mem=9,two_cb_serial,38.466,38.126,38.126,2,0.000000,[0.000-19.719] [19.907-38.314]
alu/alu,tg=240 iters=201722,b_only,20.413,20.230,20.230,1,0.000000,[0.000-20.230]
gemm/gemm,small M=64 N=64 K=701296 tg=16,two_cb,42.291,79.623,39.814,2,0.499967,[0.000-39.814] [0.005-39.814]
gemm/gemm,small M=64 N=64 K=701296 tg=16,barrier_1cb,43.427,43.257,43.257,1,0.000000,[0.000-43.257]
gemm/gemm,fill M=512 N=1024 K=30896 tg=2048,two_cb_serial,40.793,39.299,39.299,2,0.000000,[0.000-19.671] [19.883-39.511]
alu/mem,tg=10 alu=1535660 mem=9,two_queue,19.660,37.890,19.477,2,0.485953,[0.005-19.477] [0.000-18.417]
alu/alu,tg=20 iters=1520646,serialenc_1cb,40.207,40.021,40.021,1,0.000000,[0.000-40.021]
alu/alu,tg=20 iters=1520646,two_cb,39.231,60.136,39.052,2,0.350610,[0.000-21.089] [0.005-39.052]
alu/mem,tg=2 alu=1565153 mem=2,serialenc_1cb,39.889,39.709,39.709,1,0.000000,[0.000-39.709]
alu/mem,tg=20 alu=1564873 mem=16,two_cb_serial,39.810,39.440,39.440,2,0.000000,[0.000-19.836] [20.027-39.632]
alu/alu,tg=40 iters=793926,a_only,20.714,20.468,20.468,1,0.000000,[0.000-20.468]
mem/mem,tg=20 iters=16,serialenc_1cb,38.540,38.350,38.350,1,0.000000,[0.000-38.350]
alu/mem,tg=240 alu=199140 mem=18,b_only,19.091,18.942,18.942,1,0.000000,[0.000-18.942]
alu/mem,tg=20 alu=1564873 mem=16,a_only,20.023,19.836,19.836,1,0.000000,[0.000-19.836]
alu/mem,tg=20 alu=1564873 mem=16,raw_1cb,38.671,38.485,38.485,1,0.000000,[0.000-38.485]
alu/alu,tg=240 iters=201722,two_cb,38.684,58.734,38.497,2,0.344555,[0.000-20.242] [0.005-38.497]
mem/mem,tg=240 iters=18,a_only,19.193,19.007,19.007,1,0.000000,[0.000-19.007]
alu/mem,tg=240 alu=199140 mem=18,serialenc_1cb,39.259,39.104,39.104,1,0.000000,[0.000-39.104]
gemm/gemm,half M=128 N=160 K=569744 tg=80,b_only,18.978,18.790,18.790,1,0.000000,[0.000-18.790]
alu/alu,tg=10 iters=1564051,serialenc_1cb,40.724,40.570,40.570,1,0.000000,[0.000-40.570]
alu/alu,tg=10 iters=1564051,b_only,20.009,19.826,19.826,1,0.000000,[0.000-19.826]
alu/alu,tg=240 iters=201722,barrier_1cb,40.154,39.970,39.970,1,0.000000,[0.000-39.970]
alu/alu,tg=5 iters=1398660,two_queue,18.196,35.796,18.039,2,0.496047,[0.005-18.039] [0.000-17.761]
alu/alu,tg=10 iters=1564051,concurrent_1cb,20.295,20.118,20.118,1,0.000000,[0.000-20.118]
alu/alu,tg=40 iters=793926,b_only,19.790,19.615,19.615,1,0.000000,[0.000-19.615]
alu/mem,tg=2 alu=1565153 mem=2,two_queue,20.071,39.683,19.925,2,0.497904,[0.004-19.925] [0.000-19.763]
alu/mem,tg=240 alu=199140 mem=18,barrier_1cb,39.395,39.233,39.233,1,0.000000,[0.000-39.233]
gemm/gemm,fill M=512 N=1024 K=30896 tg=2048,two_cb,40.052,59.955,39.879,2,0.334850,[0.000-20.081] [0.005-39.879]
alu/alu,tg=40 iters=793926,barrier_1cb,40.777,40.545,40.545,1,0.000000,[0.000-40.545]
alu/alu,tg=10 iters=1564051,two_cb_serial,41.264,40.875,40.875,2,0.000000,[0.000-20.301] [20.497-41.071]
mem/mem,tg=240 iters=18,two_cb_serial,39.047,38.719,38.719,2,0.000000,[0.000-19.308] [19.460-38.871]
gemm/gemm,half M=128 N=160 K=569744 tg=80,concurrent_1cb,36.102,35.895,35.895,1,0.000000,[0.000-35.895]
alu/alu,tg=10 iters=1564051,two_queue,20.764,40.507,20.579,2,0.491973,[0.005-20.579] [0.000-19.934]
alu/mem,tg=10 alu=1535660 mem=9,two_cb,20.062,38.370,19.869,2,0.482185,[0.000-19.869] [0.026-18.528]
mem/mem,tg=10 iters=9,concurrent_1cb,18.399,18.195,18.195,1,0.000000,[0.000-18.195]
mem/mem,tg=240 iters=18,concurrent_1cb,39.352,39.170,39.170,1,0.000000,[0.000-39.170]
mem/mem,tg=10 iters=9,two_cb_serial,37.123,36.718,36.718,2,0.000000,[0.000-18.378] [18.583-36.923]
alu/mem,tg=2 alu=1565153 mem=2,barrier_1cb,40.356,40.159,40.159,1,0.000000,[0.000-40.159]
alu/alu,tg=20 iters=1520646,two_queue,30.969,59.675,30.777,2,0.484266,[0.005-28.903] [0.000-30.777]
alu/mem,tg=20 alu=1564873 mem=16,concurrent_1cb,21.102,20.912,20.912,1,0.000000,[0.000-20.912]
alu/alu,tg=5 iters=1398660,a_only,18.135,17.942,17.942,1,0.000000,[0.000-17.942]
mem/mem,tg=20 iters=16,two_cb,130.690,260.970,130.489,2,0.499985,[0.000-130.489] [0.007-130.489]
alu/alu,tg=2 iters=1088090,two_queue,14.022,27.620,13.816,2,0.499793,[0.005-13.816] [0.000-13.809]
gemm/gemm,fill M=512 N=1024 K=30896 tg=2048,two_queue,40.876,63.388,40.674,2,0.358339,[0.005-40.674] [0.000-22.719]
alu/mem,tg=240 alu=199140 mem=18,a_only,19.745,19.583,19.583,1,0.000000,[0.000-19.583]
alu/alu,tg=5 iters=1398660,two_cb_serial,36.283,35.895,35.895,2,0.000000,[0.000-17.772] [17.980-36.102]
gemm/gemm,small M=64 N=64 K=701296 tg=16,serialenc_1cb,45.599,44.445,44.445,1,0.000000,[0.000-44.445]
mem/mem,tg=2 iters=2,serialenc_1cb,39.487,39.329,39.329,1,0.000000,[0.000-39.329]
gemm/gemm,half M=128 N=160 K=569744 tg=80,two_queue,35.689,58.882,35.482,2,0.397400,[0.005-35.482] [0.000-23.404]
gemm/gemm,fill M=512 N=1024 K=30896 tg=2048,a_only,19.945,19.740,19.740,1,0.000000,[0.000-19.740]
alu/alu,tg=40 iters=793926,two_cb_serial,38.574,38.177,38.177,2,0.000000,[0.000-18.997] [19.190-38.370]
gemm/gemm,small M=64 N=64 K=701296 tg=16,b_only,22.027,21.819,21.819,1,0.000000,[0.000-21.819]
alu/alu,tg=40 iters=793926,two_queue,31.397,55.215,31.205,2,0.434833,[0.005-24.014] [0.000-31.205]
mem/mem,tg=20 iters=16,two_cb_serial,39.980,39.642,39.642,2,0.000000,[0.000-19.798] [19.946-39.790]
mem/mem,tg=10 iters=9,raw_1cb,36.907,36.708,36.708,1,0.000000,[0.000-36.708]
mem/mem,tg=240 iters=18,raw_1cb,38.775,38.618,38.618,1,0.000000,[0.000-38.618]
alu/alu,tg=1000 iters=50703,b_only,20.054,19.891,19.891,1,0.000000,[0.000-19.891]
gemm/gemm,small M=64 N=64 K=701296 tg=16,raw_1cb,43.732,43.566,43.566,1,0.000000,[0.000-43.566]
alu/mem,tg=10 alu=1535660 mem=9,b_only,18.631,18.440,18.440,1,0.000000,[0.000-18.440]
mem/mem,tg=10 iters=9,two_cb,82.116,163.842,81.934,2,0.499921,[0.000-81.934] [0.026-81.934]
gemm/gemm,fill M=512 N=1024 K=30896 tg=2048,serialenc_1cb,39.799,39.643,39.643,1,0.000000,[0.000-39.643]
alu/mem,tg=20 alu=1564873 mem=16,two_queue,20.261,39.774,20.111,2,0.494363,[0.000-20.111] [0.005-19.668]
mem/mem,tg=2 iters=2,raw_1cb,39.680,39.530,39.530,1,0.000000,[0.000-39.530]
alu/mem,tg=240 alu=199140 mem=18,raw_1cb,39.864,39.675,39.675,1,0.000000,[0.000-39.675]
gemm/gemm,half M=128 N=160 K=569744 tg=80,serialenc_1cb,38.176,38.035,38.035,1,0.000000,[0.000-38.035]
mem/mem,tg=10 iters=9,serialenc_1cb,37.190,37.048,37.048,1,0.000000,[0.000-37.048]
mem/mem,tg=2 iters=2,a_only,19.742,19.588,19.588,1,0.000000,[0.000-19.588]
mem/mem,tg=10 iters=9,two_queue,81.081,161.803,80.904,2,0.499986,[0.004-80.904] [0.000-80.904]
mem/mem,tg=2 iters=2,two_cb,55.488,110.622,55.314,2,0.499975,[0.000-55.314] [0.006-55.314]
gemm/gemm,half M=128 N=160 K=569744 tg=80,a_only,18.899,18.744,18.744,1,0.000000,[0.000-18.744]
alu/alu,tg=5 iters=1398660,barrier_1cb,36.253,36.102,36.102,1,0.000000,[0.000-36.102]
alu/alu,tg=5 iters=1398660,concurrent_1cb,18.465,18.306,18.306,1,0.000000,[0.000-18.306]
mem/mem,tg=240 iters=18,two_queue,37.673,75.012,37.520,2,0.499817,[0.005-37.497] [0.000-37.520]
gemm/gemm,fill M=512 N=1024 K=30896 tg=2048,barrier_1cb,39.300,39.137,39.137,1,0.000000,[0.000-39.137]
alu/mem,tg=20 alu=1564873 mem=16,barrier_1cb,39.027,38.882,38.882,1,0.000000,[0.000-38.882]
gemm/gemm,half M=128 N=160 K=569744 tg=80,two_cb_serial,37.724,37.431,37.431,2,0.000000,[0.000-18.791] [18.934-37.573]
alu/alu,tg=10 iters=1564051,a_only,19.981,19.825,19.825,1,0.000000,[0.000-19.825]
alu/mem,tg=10 alu=1535660 mem=9,concurrent_1cb,19.616,19.466,19.466,1,0.000000,[0.000-19.466]
alu/alu,tg=40 iters=793926,concurrent_1cb,31.720,31.555,31.555,1,0.000000,[0.000-31.555]
alu/alu,tg=240 iters=201722,two_cb_serial,40.056,39.715,39.715,2,0.000000,[0.000-19.853] [20.020-39.882]
alu/alu,tg=1000 iters=50703,a_only,19.852,19.687,19.687,1,0.000000,[0.000-19.687]
mem/mem,tg=10 iters=9,barrier_1cb,36.972,36.815,36.815,1,0.000000,[0.000-36.815]
mem/mem,tg=20 iters=16,barrier_1cb,39.397,39.244,39.244,1,0.000000,[0.000-39.244]
alu/alu,tg=20 iters=1520646,barrier_1cb,39.559,39.403,39.403,1,0.000000,[0.000-39.403]
alu/mem,tg=10 alu=1535660 mem=9,barrier_1cb,38.654,38.501,38.501,1,0.000000,[0.000-38.501]
gemm/gemm,small M=64 N=64 K=701296 tg=16,two_queue,39.353,76.179,38.092,2,0.499970,[0.004-38.092] [0.000-38.091]
gemm/gemm,half M=128 N=160 K=569744 tg=80,raw_1cb,37.669,37.511,37.511,1,0.000000,[0.000-37.511]
alu/alu,tg=1000 iters=50703,two_queue,39.694,59.945,39.537,2,0.340448,[0.000-20.413] [0.005-39.537]
alu/mem,tg=20 alu=1564873 mem=16,two_cb,20.264,40.119,20.097,2,0.499068,[0.000-20.097] [0.005-20.027]
mem/mem,tg=20 iters=16,two_queue,128.302,256.238,128.121,2,0.499991,[0.004-128.121] [0.000-128.121]
gemm/gemm,small M=64 N=64 K=701296 tg=16,concurrent_1cb,22.046,21.879,21.879,1,0.000000,[0.000-21.879]
mem/mem,tg=20 iters=16,b_only,18.963,18.794,18.794,1,0.000000,[0.000-18.794]
mem/mem,tg=10 iters=9,b_only,18.610,18.449,18.449,1,0.000000,[0.000-18.449]
mem/mem,tg=20 iters=16,concurrent_1cb,20.070,19.899,19.899,1,0.000000,[0.000-19.899]
alu/alu,tg=20 iters=1520646,a_only,19.442,19.275,19.275,1,0.000000,[0.000-19.275]
mem/mem,tg=10 iters=9,a_only,18.543,18.381,18.381,1,0.000000,[0.000-18.381]
mem/mem,tg=2 iters=2,b_only,19.740,19.575,19.575,1,0.000000,[0.000-19.575]
alu/mem,tg=10 alu=1535660 mem=9,a_only,19.639,19.465,19.465,1,0.000000,[0.000-19.465]
alu/alu,tg=40 iters=793926,raw_1cb,40.106,39.942,39.942,1,0.000000,[0.000-39.942]
alu/alu,tg=20 iters=1520646,two_cb_serial,38.878,38.551,38.551,2,0.000000,[0.000-19.275] [19.436-38.712]
alu/alu,tg=5 iters=1398660,serialenc_1cb,35.750,35.593,35.593,1,0.000000,[0.000-35.593]
alu/alu,tg=1000 iters=50703,serialenc_1cb,39.815,39.634,39.634,1,0.000000,[0.000-39.634]
gemm/gemm,fill M=512 N=1024 K=30896 tg=2048,concurrent_1cb,39.391,38.745,38.745,1,0.000000,[0.000-38.745]
alu/mem,tg=10 alu=1535660 mem=9,serialenc_1cb,38.183,38.013,38.013,1,0.000000,[0.000-38.013]
gemm/gemm,fill M=512 N=1024 K=30896 tg=2048,b_only,19.748,19.599,19.599,1,0.000000,[0.000-19.599]
alu/alu,tg=10 iters=1564051,raw_1cb,39.797,39.654,39.654,1,0.000000,[0.000-39.654]
alu/alu,tg=2 iters=1088090,barrier_1cb,27.758,27.589,27.589,1,0.000000,[0.000-27.589]
alu/mem,tg=2 alu=1565153 mem=2,two_cb,21.060,40.629,20.885,2,0.485946,[0.000-20.885] [0.006-19.750]
mem/mem,tg=240 iters=18,barrier_1cb,38.682,38.500,38.500,1,0.000000,[0.000-38.500]
gemm/gemm,fill M=512 N=1024 K=30896 tg=2048,raw_1cb,39.438,39.261,39.261,1,0.000000,[0.000-39.261]
alu/alu,tg=2 iters=1088090,two_cb,13.933,27.586,13.799,2,0.499795,[0.000-13.793] [0.006-13.799]
alu/mem,tg=10 alu=1535660 mem=9,raw_1cb,38.223,38.016,38.016,1,0.000000,[0.000-38.016]
alu/alu,tg=2 iters=1088090,a_only,14.547,14.390,14.390,1,0.000000,[0.000-14.390]
alu/alu,tg=1000 iters=50703,concurrent_1cb,39.291,39.119,39.119,1,0.000000,[0.000-39.119]
alu/alu,tg=2 iters=1088090,raw_1cb,27.748,27.588,27.588,1,0.000000,[0.000-27.588]
alu/alu,tg=240 iters=201722,a_only,20.042,19.870,19.870,1,0.000000,[0.000-19.870]
mem/mem,tg=240 iters=18,serialenc_1cb,38.644,38.469,38.469,1,0.000000,[0.000-38.469]
mem/mem,tg=240 iters=18,two_cb,38.485,57.423,38.289,2,0.333221,[0.000-19.141] [0.006-38.289]
alu/mem,tg=240 alu=199140 mem=18,concurrent_1cb,35.873,35.724,35.724,1,0.000000,[0.000-35.724]
alu/alu,tg=240 iters=201722,concurrent_1cb,38.814,38.639,38.639,1,0.000000,[0.000-38.639]
mem/mem,tg=2 iters=2,two_cb_serial,39.621,39.304,39.304,2,0.000000,[0.000-19.726] [19.886-39.464]
alu/mem,tg=2 alu=1565153 mem=2,concurrent_1cb,19.996,19.839,19.839,1,0.000000,[0.000-19.839]
mem/mem,tg=2 iters=2,concurrent_1cb,19.610,19.456,19.456,1,0.000000,[0.000-19.456]
gemm/gemm,small M=64 N=64 K=701296 tg=16,a_only,23.673,22.583,22.583,1,0.000000,[0.000-22.583]
alu/mem,tg=2 alu=1565153 mem=2,a_only,20.000,19.839,19.839,1,0.000000,[0.000-19.839]
alu/alu,tg=240 iters=201722,raw_1cb,40.962,40.790,40.790,1,0.000000,[0.000-40.790]
alu/alu,tg=2 iters=1088090,b_only,13.946,13.793,13.793,1,0.000000,[0.000-13.793]
alu/alu,tg=20 iters=1520646,raw_1cb,39.302,39.117,39.117,1,0.000000,[0.000-39.117]
alu/alu,tg=240 iters=201722,serialenc_1cb,40.457,40.286,40.286,1,0.000000,[0.000-40.286]
alu/alu,tg=40 iters=793926,two_cb,31.814,52.208,31.641,2,0.393956,[0.000-20.574] [0.006-31.641]
mem/mem,tg=240 iters=18,b_only,19.300,19.138,19.138,1,0.000000,[0.000-19.138]
gemm/gemm,small M=64 N=64 K=701296 tg=16,two_cb_serial,43.853,43.536,43.536,2,0.000000,[0.000-21.785] [21.946-43.696]
alu/mem,tg=20 alu=1564873 mem=16,serialenc_1cb,39.615,39.441,39.441,1,0.000000,[0.000-39.441]
alu/alu,tg=20 iters=1520646,concurrent_1cb,39.034,38.865,38.865,1,0.000000,[0.000-38.865]
alu/alu,tg=5 iters=1398660,two_cb,17.899,35.459,17.735,2,0.499828,[0.000-17.729] [0.006-17.735]
alu/mem,tg=20 alu=1564873 mem=16,b_only,19.889,19.730,19.730,1,0.000000,[0.000-19.730]
alu/mem,tg=240 alu=199140 mem=18,two_cb_serial,39.340,39.028,39.028,2,0.000000,[0.000-19.935] [20.091-39.184]
mem/mem,tg=2 iters=2,barrier_1cb,39.419,39.254,39.254,1,0.000000,[0.000-39.254]
alu/alu,tg=1000 iters=50703,barrier_1cb,39.419,39.253,39.253,1,0.000000,[0.000-39.253]
alu/alu,tg=5 iters=1398660,raw_1cb,35.632,35.464,35.464,1,0.000000,[0.000-35.464]
alu/mem,tg=240 alu=199140 mem=18,two_cb,35.763,55.680,35.594,2,0.360737,[0.000-20.091] [0.005-35.594]
gemm/gemm,half M=128 N=160 K=569744 tg=80,barrier_1cb,40.572,38.752,38.752,1,0.000000,[0.000-38.752]
alu/alu,tg=1000 iters=50703,two_cb,38.978,62.632,38.802,2,0.380480,[0.000-23.835] [0.005-38.802]
mem/mem,tg=20 iters=16,raw_1cb,38.165,37.979,37.979,1,0.000000,[0.000-37.979]
alu/mem,tg=2 alu=1565153 mem=2,b_only,19.833,19.680,19.680,1,0.000000,[0.000-19.680]
alu/alu,tg=40 iters=793926,serialenc_1cb,39.103,38.935,38.935,1,0.000000,[0.000-38.935]
alu/alu,tg=20 iters=1520646,b_only,20.602,20.447,20.447,1,0.000000,[0.000-20.447]
alu/alu,tg=2 iters=1088090,serialenc_1cb,28.371,28.201,28.201,1,0.000000,[0.000-28.201]
alu/alu,tg=10 iters=1564051,two_cb,19.967,39.651,19.831,2,0.499854,[0.000-19.825] [0.006-19.831]

# summary: within-round ratios; overlap = 1 - wall(arm)/(wall_a+wall_b);
# overlap_eff = (iso_sum - wall)/(iso_sum - max(wall_a,wall_b))
pair,size,arm,wall_ms_med,iso_sum_ms_med,iso_max_ms_med,overlap_med,overlap_lo,overlap_hi,overlap_eff_med,cb_busy_sum_med,cb_busy_union_med,cb_overlap_med
alu/alu,tg=2 iters=1088090,a_only,13.979,27.939,13.982,0.4997,0.4894,0.5001,1.0000,13.793,13.793,0.000000
alu/alu,tg=2 iters=1088090,b_only,13.957,27.939,13.982,0.5003,0.4996,0.5106,1.0014,13.793,13.793,0.000000
alu/alu,tg=2 iters=1088090,concurrent_1cb,13.954,27.939,13.982,0.5006,0.4964,0.5018,1.0024,13.793,13.793,0.000000
alu/alu,tg=2 iters=1088090,barrier_1cb,27.769,27.939,13.982,0.0053,0.0035,0.0258,0.0106,27.588,27.588,0.000000
alu/alu,tg=2 iters=1088090,raw_1cb,27.753,27.939,13.982,0.0068,0.0044,0.0262,0.0136,27.589,27.589,0.000000
alu/alu,tg=2 iters=1088090,serialenc_1cb,27.748,27.939,13.982,0.0060,0.0043,0.0086,0.0121,27.585,27.585,0.000000
alu/alu,tg=2 iters=1088090,two_cb,13.979,27.939,13.982,0.4997,0.4732,0.5110,1.0002,27.586,13.799,0.499797
alu/alu,tg=2 iters=1088090,two_queue,13.986,27.939,13.982,0.5001,0.4985,0.5079,1.0014,27.586,13.798,0.499810
alu/alu,tg=2 iters=1088090,two_cb_serial,27.959,27.939,13.982,-0.0001,-0.0268,0.0187,-0.0002,27.586,27.586,0.000000
alu/alu,tg=5 iters=1398660,a_only,17.917,35.898,17.994,0.5001,0.4968,0.5012,1.0002,17.729,17.729,0.000000
alu/alu,tg=5 iters=1398660,b_only,17.914,35.898,17.994,0.4999,0.4988,0.5032,1.0000,17.730,17.730,0.000000
alu/alu,tg=5 iters=1398660,concurrent_1cb,17.943,35.898,17.994,0.4986,0.4820,0.5138,0.9972,17.769,17.769,0.000000
alu/alu,tg=5 iters=1398660,barrier_1cb,36.467,35.898,17.994,-0.0131,-0.0240,0.0022,-0.0263,36.295,36.295,0.000000
alu/alu,tg=5 iters=1398660,raw_1cb,35.655,35.898,17.994,0.0037,-0.0216,0.0113,0.0075,35.464,35.464,0.000000
alu/alu,tg=5 iters=1398660,serialenc_1cb,35.982,35.898,17.994,0.0020,-0.0134,0.0080,0.0041,35.804,35.804,0.000000
alu/alu,tg=5 iters=1398660,two_cb,17.922,35.898,17.994,0.5000,0.4850,0.5034,1.0002,35.465,17.756,0.499329
alu/alu,tg=5 iters=1398660,two_queue,17.982,35.898,17.994,0.4982,0.4885,0.5019,1.0021,35.552,17.780,0.499891
alu/alu,tg=5 iters=1398660,two_cb_serial,36.283,35.898,17.994,-0.0009,-0.0287,0.0026,-0.0018,35.895,35.895,0.000000
alu/alu,tg=10 iters=1564051,a_only,20.402,41.066,21.030,0.4994,0.4872,0.5078,1.0000,20.219,20.219,0.000000
alu/alu,tg=10 iters=1564051,b_only,20.013,41.066,21.030,0.5006,0.4922,0.5128,1.0023,19.826,19.826,0.000000
alu/alu,tg=10 iters=1564051,concurrent_1cb,20.512,41.066,21.030,0.4957,0.4925,0.5105,1.0048,20.324,20.324,0.000000
alu/alu,tg=10 iters=1564051,barrier_1cb,41.278,41.066,21.030,0.0007,-0.0389,0.0381,0.0014,41.105,41.105,0.000000
alu/alu,tg=10 iters=1564051,raw_1cb,40.130,41.066,21.030,0.0191,-0.0073,0.0349,0.0388,39.973,39.973,0.000000
alu/alu,tg=10 iters=1564051,serialenc_1cb,40.724,41.066,21.030,0.0095,-0.0184,0.0148,0.0193,40.570,40.570,0.000000
alu/alu,tg=10 iters=1564051,two_cb,20.570,41.066,21.030,0.4985,0.4818,0.5134,1.0021,40.797,20.402,0.499912
alu/alu,tg=10 iters=1564051,two_queue,20.285,41.066,21.030,0.5002,0.4820,0.5127,1.0071,39.973,20.146,0.496010
alu/alu,tg=10 iters=1564051,two_cb_serial,41.040,41.066,21.030,0.0009,-0.0352,0.0274,0.0018,40.685,40.685,0.000000
alu/alu,tg=20 iters=1520646,a_only,19.465,39.966,20.216,0.4999,0.4945,0.5099,1.0000,19.277,19.277,0.000000
alu/alu,tg=20 iters=1520646,b_only,20.127,39.966,20.216,0.5001,0.4901,0.5055,1.0006,19.990,19.990,0.000000
alu/alu,tg=20 iters=1520646,concurrent_1cb,39.400,39.966,20.216,0.0096,-0.0025,0.0301,0.0192,39.213,39.213,0.000000
alu/alu,tg=20 iters=1520646,barrier_1cb,39.852,39.966,20.216,0.0067,-0.0400,0.0326,0.0136,39.668,39.668,0.000000
alu/alu,tg=20 iters=1520646,raw_1cb,40.085,39.966,20.216,-0.0046,-0.0482,0.0267,-0.0094,39.906,39.906,0.000000
alu/alu,tg=20 iters=1520646,serialenc_1cb,39.493,39.966,20.216,0.0034,-0.0090,0.0411,0.0070,39.315,39.315,0.000000
alu/alu,tg=20 iters=1520646,two_cb,39.474,39.966,20.216,0.0094,-0.0006,0.0492,0.0187,59.730,39.298,0.342076
alu/alu,tg=20 iters=1520646,two_queue,39.643,39.966,20.216,0.0298,-0.0022,0.2266,0.0602,59.748,39.467,0.339444
alu/alu,tg=20 iters=1520646,two_cb_serial,39.396,39.966,20.216,0.0164,-0.0195,0.0291,0.0333,39.029,39.029,0.000000
alu/alu,tg=40 iters=793926,a_only,20.292,40.542,20.295,0.4996,0.4955,0.5037,1.0000,20.118,20.118,0.000000
alu/alu,tg=40 iters=793926,b_only,20.273,40.542,20.295,0.5004,0.4963,0.5045,1.0016,20.110,20.110,0.000000
alu/alu,tg=40 iters=793926,concurrent_1cb,31.403,40.542,20.295,0.2300,0.2171,0.2379,0.4624,31.260,31.260,0.000000
alu/alu,tg=40 iters=793926,barrier_1cb,39.972,40.542,20.295,0.0071,-0.0067,0.0398,0.0143,39.790,39.790,0.000000
alu/alu,tg=40 iters=793926,raw_1cb,40.143,40.542,20.295,0.0098,-0.0021,0.0239,0.0202,39.964,39.964,0.000000
alu/alu,tg=40 iters=793926,serialenc_1cb,40.344,40.542,20.295,0.0060,-0.0079,0.0203,0.0121,40.186,40.186,0.000000
alu/alu,tg=40 iters=793926,two_cb,31.327,40.542,20.295,0.2274,0.2174,0.2367,0.4556,51.661,31.144,0.397138
alu/alu,tg=40 iters=793926,two_queue,31.281,40.542,20.295,0.2263,0.2225,0.2406,0.4579,52.057,31.116,0.402273
alu/alu,tg=40 iters=793926,two_cb_serial,40.527,40.542,20.295,0.0068,-0.0003,0.0162,0.0137,40.186,40.186,0.000000
alu/alu,tg=240 iters=201722,a_only,20.286,40.713,20.413,0.5012,0.4956,0.5046,1.0049,20.129,20.129,0.000000
alu/alu,tg=240 iters=201722,b_only,20.298,40.713,20.413,0.4988,0.4954,0.5044,1.0000,20.110,20.110,0.000000
alu/alu,tg=240 iters=201722,concurrent_1cb,39.441,40.713,20.413,0.0278,0.0161,0.0406,0.0556,39.252,39.252,0.000000
alu/alu,tg=240 iters=201722,barrier_1cb,40.383,40.713,20.413,0.0062,-0.0050,0.0117,0.0126,40.224,40.224,0.000000
alu/alu,tg=240 iters=201722,raw_1cb,40.484,40.713,20.413,-0.0002,-0.0120,0.0130,-0.0003,40.331,40.331,0.000000
alu/alu,tg=240 iters=201722,serialenc_1cb,40.713,40.713,20.413,-0.0001,-0.0088,0.0079,-0.0001,40.513,40.513,0.000000
alu/alu,tg=240 iters=201722,two_cb,38.747,40.713,20.413,0.0480,0.0019,0.0530,0.0961,58.777,38.589,0.343472
alu/alu,tg=240 iters=201722,two_queue,40.048,40.713,20.413,0.0163,0.0062,0.0477,0.0330,60.128,39.865,0.336999
alu/alu,tg=240 iters=201722,two_cb_serial,40.507,40.713,20.413,0.0054,-0.0118,0.0112,0.0108,40.181,40.181,0.000000
alu/alu,tg=1000 iters=50703,a_only,19.852,39.776,20.013,0.5006,0.4977,0.5030,1.0026,19.648,19.648,0.000000
alu/alu,tg=1000 iters=50703,b_only,19.988,39.776,20.013,0.4994,0.4970,0.5023,1.0000,19.791,19.791,0.000000
alu/alu,tg=1000 iters=50703,concurrent_1cb,39.285,39.776,20.013,0.0147,0.0110,0.0175,0.0296,39.116,39.116,0.000000
alu/alu,tg=1000 iters=50703,barrier_1cb,39.761,39.776,20.013,0.0030,-0.0038,0.0122,0.0061,39.567,39.567,0.000000
alu/alu,tg=1000 iters=50703,raw_1cb,39.904,39.776,20.013,-0.0031,-0.0071,0.0083,-0.0062,39.715,39.715,0.000000
alu/alu,tg=1000 iters=50703,serialenc_1cb,39.723,39.776,20.013,-0.0015,-0.0029,0.0083,-0.0030,39.548,39.548,0.000000
alu/alu,tg=1000 iters=50703,two_cb,39.731,39.776,20.013,0.0068,-0.0068,0.0123,0.0136,61.039,39.543,0.352167
alu/alu,tg=1000 iters=50703,two_queue,39.694,39.776,20.013,0.0053,-0.0012,0.0136,0.0106,60.132,39.512,0.342905
alu/alu,tg=1000 iters=50703,two_cb_serial,39.921,39.776,20.013,-0.0015,-0.0060,0.0002,-0.0030,39.562,39.562,0.000000
mem/mem,tg=2 iters=2,a_only,19.752,39.432,19.752,0.4991,0.4971,0.5000,1.0000,19.597,19.597,0.000000
mem/mem,tg=2 iters=2,b_only,19.680,39.432,19.752,0.5009,0.5000,0.5029,1.0036,19.491,19.491,0.000000
mem/mem,tg=2 iters=2,concurrent_1cb,19.607,39.432,19.752,0.5033,0.5012,0.5055,1.0093,19.450,19.450,0.000000
mem/mem,tg=2 iters=2,barrier_1cb,39.215,39.432,19.752,0.0067,-0.0030,0.0128,0.0134,39.038,39.038,0.000000
mem/mem,tg=2 iters=2,raw_1cb,39.342,39.432,19.752,0.0009,-0.0050,0.0101,0.0019,39.175,39.175,0.000000
mem/mem,tg=2 iters=2,serialenc_1cb,39.303,39.432,19.752,0.0037,-0.0001,0.0097,0.0073,39.133,39.133,0.000000
mem/mem,tg=2 iters=2,two_cb,55.488,39.432,19.752,-0.4054,-0.4156,-0.3925,-0.8109,110.622,55.314,0.499975
mem/mem,tg=2 iters=2,two_queue,55.407,39.432,19.752,-0.3999,-0.4294,-0.3972,-0.8031,110.394,55.204,0.499932
mem/mem,tg=2 iters=2,two_cb_serial,39.334,39.432,19.752,0.0026,-0.0035,0.0057,0.0053,38.963,38.963,0.000000
mem/mem,tg=10 iters=9,a_only,18.543,37.153,18.616,0.5009,0.4992,0.5016,1.0036,18.356,18.356,0.000000
mem/mem,tg=10 iters=9,b_only,18.616,37.153,18.616,0.4991,0.4984,0.5008,1.0000,18.452,18.452,0.000000
mem/mem,tg=10 iters=9,concurrent_1cb,18.399,37.153,18.616,0.5048,0.4981,0.5061,1.0119,18.231,18.231,0.000000
mem/mem,tg=10 iters=9,barrier_1cb,36.972,37.153,18.616,0.0049,0.0028,0.0075,0.0098,36.815,36.815,0.000000
mem/mem,tg=10 iters=9,raw_1cb,36.895,37.153,18.616,0.0066,0.0031,0.0093,0.0133,36.708,36.708,0.000000
mem/mem,tg=10 iters=9,serialenc_1cb,36.935,37.153,18.616,0.0053,-0.0002,0.0099,0.0106,36.747,36.747,0.000000
mem/mem,tg=10 iters=9,two_cb,82.109,37.153,18.616,-1.2085,-1.2135,-1.1925,-2.4222,163.842,81.926,0.499967
mem/mem,tg=10 iters=9,two_queue,81.816,37.153,18.616,-1.2033,-1.2115,-1.1853,-2.4111,163.242,81.623,0.499986
mem/mem,tg=10 iters=9,two_cb_serial,37.172,37.153,18.616,-0.0010,-0.0071,0.0008,-0.0021,36.813,36.813,0.000000
mem/mem,tg=20 iters=16,a_only,19.440,38.984,19.757,0.5033,0.4968,0.5053,1.0134,19.281,19.281,0.000000
mem/mem,tg=20 iters=16,b_only,19.757,38.984,19.757,0.4967,0.4947,0.5032,1.0000,19.568,19.568,0.000000
mem/mem,tg=20 iters=16,concurrent_1cb,19.857,38.984,19.757,0.4953,0.4746,0.5168,1.0054,19.635,19.635,0.000000
mem/mem,tg=20 iters=16,barrier_1cb,39.397,38.984,19.757,-0.0056,-0.0196,0.0041,-0.0115,39.244,39.244,0.000000
mem/mem,tg=20 iters=16,raw_1cb,39.479,38.984,19.757,0.0000,-0.0242,0.0076,0.0001,39.286,39.286,0.000000
mem/mem,tg=20 iters=16,serialenc_1cb,39.553,38.984,19.757,-0.0098,-0.0197,0.0064,-0.0197,39.355,39.355,0.000000
mem/mem,tg=20 iters=16,two_cb,129.358,38.984,19.757,-2.2935,-2.4242,-2.2374,-4.7020,258.392,129.203,0.499971
mem/mem,tg=20 iters=16,two_queue,128.302,38.984,19.757,-2.2966,-2.3492,-0.8899,-4.6309,256.256,128.131,0.499989
mem/mem,tg=20 iters=16,two_cb_serial,39.072,38.984,19.757,0.0028,-0.0475,0.0226,0.0058,38.722,38.722,0.000000
mem/mem,tg=240 iters=18,a_only,19.252,38.493,19.269,0.4997,0.4990,0.5001,1.0000,19.079,19.079,0.000000
mem/mem,tg=240 iters=18,b_only,19.226,38.493,19.269,0.5003,0.4999,0.5010,1.0011,19.041,19.041,0.000000
mem/mem,tg=240 iters=18,concurrent_1cb,38.811,38.493,19.269,-0.0078,-0.0172,-0.0025,-0.0157,38.622,38.622,0.000000
mem/mem,tg=240 iters=18,barrier_1cb,38.314,38.493,19.269,0.0036,0.0009,0.0119,0.0071,38.161,38.161,0.000000
mem/mem,tg=240 iters=18,raw_1cb,38.402,38.493,19.269,0.0022,-0.0073,0.0038,0.0043,38.218,38.218,0.000000
mem/mem,tg=240 iters=18,serialenc_1cb,38.394,38.493,19.269,0.0003,-0.0052,0.0034,0.0005,38.230,38.230,0.000000
mem/mem,tg=240 iters=18,two_cb,38.359,38.493,19.269,0.0027,0.0002,0.0119,0.0054,57.357,38.173,0.334471
mem/mem,tg=240 iters=18,two_queue,38.634,38.493,19.269,-0.0006,-0.0277,0.0043,-0.0013,58.806,38.456,0.346051
mem/mem,tg=240 iters=18,two_cb_serial,38.459,38.493,19.269,-0.0016,-0.0068,0.0111,-0.0032,38.117,38.117,0.000000
alu/mem,tg=2 alu=1565153 mem=2,a_only,20.010,39.793,20.010,0.4963,0.4953,0.4983,1.0000,19.839,19.839,0.000000
alu/mem,tg=2 alu=1565153 mem=2,b_only,19.749,39.793,20.010,0.5037,0.5017,0.5047,1.0149,19.569,19.569,0.000000
alu/mem,tg=2 alu=1565153 mem=2,concurrent_1cb,20.029,39.793,20.010,0.4960,0.4945,0.4980,0.9998,19.840,19.840,0.000000
alu/mem,tg=2 alu=1565153 mem=2,barrier_1cb,39.752,39.793,20.010,0.0003,-0.0131,0.0041,0.0006,39.574,39.574,0.000000
alu/mem,tg=2 alu=1565153 mem=2,raw_1cb,39.612,39.793,20.010,0.0023,-0.0108,0.0091,0.0047,39.426,39.426,0.000000
alu/mem,tg=2 alu=1565153 mem=2,serialenc_1cb,39.713,39.793,20.010,-0.0004,-0.0083,0.0079,-0.0009,39.551,39.551,0.000000
alu/mem,tg=2 alu=1565153 mem=2,two_cb,20.031,39.793,20.010,0.4954,0.4765,0.4975,0.9988,39.577,19.840,0.498712
alu/mem,tg=2 alu=1565153 mem=2,two_queue,20.007,39.793,20.010,0.4965,0.4806,0.4976,0.9985,39.600,19.846,0.498843
alu/mem,tg=2 alu=1565153 mem=2,two_cb_serial,39.736,39.793,20.010,-0.0001,-0.0019,0.0028,-0.0003,39.378,39.378,0.000000
alu/mem,tg=10 alu=1535660 mem=9,a_only,19.655,38.271,19.655,0.4850,0.4843,0.4869,1.0000,19.466,19.466,0.000000
alu/mem,tg=10 alu=1535660 mem=9,b_only,18.618,38.271,19.655,0.5150,0.5131,0.5153,1.0617,18.440,18.440,0.000000
alu/mem,tg=10 alu=1535660 mem=9,concurrent_1cb,19.996,38.271,19.655,0.4796,0.4721,0.4873,0.9881,19.844,19.844,0.000000
alu/mem,tg=10 alu=1535660 mem=9,barrier_1cb,38.316,38.271,19.655,0.0035,-0.0209,0.0050,0.0072,38.165,38.165,0.000000
alu/mem,tg=10 alu=1535660 mem=9,raw_1cb,38.284,38.271,19.655,0.0012,-0.0031,0.0045,0.0025,38.115,38.115,0.000000
alu/mem,tg=10 alu=1535660 mem=9,serialenc_1cb,38.123,38.271,19.655,0.0044,-0.0052,0.0079,0.0091,37.936,37.936,0.000000
alu/mem,tg=10 alu=1535660 mem=9,two_cb,19.891,38.271,19.655,0.4788,0.4709,0.4875,0.9857,38.237,19.699,0.484829
alu/mem,tg=10 alu=1535660 mem=9,two_queue,19.660,38.271,19.655,0.4863,0.4581,0.4896,0.9989,38.001,19.480,0.487375
alu/mem,tg=10 alu=1535660 mem=9,two_cb_serial,38.198,38.271,19.655,-0.0002,-0.0081,0.0039,-0.0004,37.842,37.842,0.000000
alu/mem,tg=20 alu=1564873 mem=16,a_only,20.485,40.441,20.826,0.4927,0.4763,0.4997,1.0000,20.317,20.317,0.000000
alu/mem,tg=20 alu=1564873 mem=16,b_only,19.889,40.441,20.826,0.5073,0.5003,0.5237,1.0296,19.730,19.730,0.000000
alu/mem,tg=20 alu=1564873 mem=16,concurrent_1cb,21.181,40.441,20.826,0.4755,0.4677,0.4823,0.9845,21.025,21.025,0.000000
alu/mem,tg=20 alu=1564873 mem=16,barrier_1cb,39.815,40.441,20.826,0.0222,0.0005,0.0274,0.0445,39.623,39.623,0.000000
alu/mem,tg=20 alu=1564873 mem=16,raw_1cb,39.619,40.441,20.826,0.0260,-0.0115,0.0311,0.0545,39.455,39.455,0.000000
alu/mem,tg=20 alu=1564873 mem=16,serialenc_1cb,39.599,40.441,20.826,0.0163,0.0018,0.0347,0.0329,39.420,39.420,0.000000
alu/mem,tg=20 alu=1564873 mem=16,two_cb,20.264,40.441,20.826,0.4946,0.4878,0.5037,1.0320,39.924,20.107,0.496364
alu/mem,tg=20 alu=1564873 mem=16,two_queue,20.368,40.441,20.826,0.4924,0.4763,0.5050,1.0128,39.723,20.133,0.493161
alu/mem,tg=20 alu=1564873 mem=16,two_cb_serial,39.757,40.441,20.826,0.0096,-0.0096,0.0292,0.0195,39.381,39.381,0.000000
alu/mem,tg=240 alu=199140 mem=18,a_only,20.073,39.213,20.073,0.4899,0.4877,0.4927,1.0000,19.884,19.884,0.000000
alu/mem,tg=240 alu=199140 mem=18,b_only,19.269,39.213,20.073,0.5101,0.5073,0.5123,1.0413,19.090,19.090,0.000000
alu/mem,tg=240 alu=199140 mem=18,concurrent_1cb,36.128,39.213,20.073,0.0787,0.0723,0.0904,0.1598,35.932,35.932,0.000000
alu/mem,tg=240 alu=199140 mem=18,barrier_1cb,39.252,39.213,20.073,-0.0045,-0.0144,0.0086,-0.0091,39.065,39.065,0.000000
alu/mem,tg=240 alu=199140 mem=18,raw_1cb,39.546,39.213,20.073,-0.0082,-0.0182,0.0146,-0.0167,39.394,39.394,0.000000
alu/mem,tg=240 alu=199140 mem=18,serialenc_1cb,39.215,39.213,20.073,0.0016,-0.0056,0.0085,0.0033,39.058,39.058,0.000000
alu/mem,tg=240 alu=199140 mem=18,two_cb,36.621,39.213,20.073,0.0762,-0.0030,0.0912,0.1556,56.309,36.435,0.352948
alu/mem,tg=240 alu=199140 mem=18,two_queue,36.623,39.213,20.073,0.0762,0.0050,0.1450,0.1555,55.946,36.461,0.348280
alu/mem,tg=240 alu=199140 mem=18,two_cb_serial,39.079,39.213,20.073,0.0034,-0.0130,0.0164,0.0070,38.708,38.708,0.000000
gemm/gemm,small M=64 N=64 K=701296 tg=16,a_only,22.002,44.083,22.059,0.5006,0.4997,0.5156,1.0022,21.832,21.832,0.000000
gemm/gemm,small M=64 N=64 K=701296 tg=16,b_only,22.055,44.083,22.059,0.4994,0.4993,0.5003,1.0000,21.878,21.878,0.000000
gemm/gemm,small M=64 N=64 K=701296 tg=16,concurrent_1cb,22.058,44.083,22.059,0.4999,0.4956,0.5176,1.0003,21.879,21.879,0.000000
gemm/gemm,small M=64 N=64 K=701296 tg=16,barrier_1cb,43.842,44.083,22.059,0.0059,0.0015,0.0449,0.0118,43.652,43.652,0.000000
gemm/gemm,small M=64 N=64 K=701296 tg=16,raw_1cb,44.981,44.083,22.059,-0.0043,-0.0377,0.0201,-0.0085,44.055,44.055,0.000000
gemm/gemm,small M=64 N=64 K=701296 tg=16,serialenc_1cb,43.912,44.083,22.059,0.0027,-0.0365,0.0083,0.0054,43.755,43.755,0.000000
gemm/gemm,small M=64 N=64 K=701296 tg=16,two_cb,38.431,44.083,22.059,0.1271,0.0746,0.1558,0.2543,76.471,38.238,0.499963
gemm/gemm,small M=64 N=64 K=701296 tg=16,two_queue,39.353,44.083,22.059,0.1260,0.0722,0.1389,0.2519,76.749,38.377,0.499969
gemm/gemm,small M=64 N=64 K=701296 tg=16,two_cb_serial,43.992,44.083,22.059,0.0020,-0.0436,0.0404,0.0041,43.653,43.653,0.000000
gemm/gemm,half M=128 N=160 K=569744 tg=80,a_only,18.989,38.070,19.081,0.5010,0.4990,0.5365,1.0042,18.808,18.808,0.000000
gemm/gemm,half M=128 N=160 K=569744 tg=80,b_only,19.025,38.070,19.081,0.4990,0.4635,0.5010,1.0000,18.859,18.859,0.000000
gemm/gemm,half M=128 N=160 K=569744 tg=80,concurrent_1cb,36.118,38.070,19.081,0.0625,0.0469,0.1018,0.1251,35.895,35.895,0.000000
gemm/gemm,half M=128 N=160 K=569744 tg=80,barrier_1cb,37.677,38.070,19.081,0.0105,0.0033,0.0839,0.0211,37.505,37.505,0.000000
gemm/gemm,half M=128 N=160 K=569744 tg=80,raw_1cb,37.669,38.070,19.081,0.0121,0.0045,0.0778,0.0242,37.511,37.511,0.000000
gemm/gemm,half M=128 N=160 K=569744 tg=80,serialenc_1cb,37.987,38.070,19.081,0.0022,-0.0718,0.0787,0.0044,37.784,37.784,0.000000
gemm/gemm,half M=128 N=160 K=569744 tg=80,two_cb,37.809,38.070,19.081,0.0587,0.0026,0.0991,0.1177,58.953,35.810,0.392574
gemm/gemm,half M=128 N=160 K=569744 tg=80,two_queue,35.961,38.070,19.081,0.0613,0.0376,0.1257,0.1228,59.296,35.813,0.396030
gemm/gemm,half M=128 N=160 K=569744 tg=80,two_cb_serial,38.158,38.070,19.081,0.0032,-0.0303,0.0613,0.0069,37.766,37.766,0.000000
gemm/gemm,fill M=512 N=1024 K=30896 tg=2048,a_only,19.945,39.961,20.181,0.4991,0.4950,0.5012,1.0000,19.617,19.617,0.000000
gemm/gemm,fill M=512 N=1024 K=30896 tg=2048,b_only,19.806,39.961,20.181,0.5009,0.4988,0.5050,1.0037,19.621,19.621,0.000000
gemm/gemm,fill M=512 N=1024 K=30896 tg=2048,concurrent_1cb,39.089,39.961,20.181,0.0159,0.0110,0.0307,0.0319,38.783,38.783,0.000000
gemm/gemm,fill M=512 N=1024 K=30896 tg=2048,barrier_1cb,39.451,39.961,20.181,0.0118,0.0034,0.0176,0.0236,39.239,39.239,0.000000
gemm/gemm,fill M=512 N=1024 K=30896 tg=2048,raw_1cb,39.537,39.961,20.181,0.0075,-0.0008,0.0238,0.0152,39.229,39.229,0.000000
gemm/gemm,fill M=512 N=1024 K=30896 tg=2048,serialenc_1cb,39.485,39.961,20.181,0.0132,-0.0072,0.0173,0.0266,39.268,39.268,0.000000
gemm/gemm,fill M=512 N=1024 K=30896 tg=2048,two_cb,40.242,39.961,20.181,-0.0091,-0.0167,-0.0021,-0.0182,64.369,40.075,0.377419
gemm/gemm,fill M=512 N=1024 K=30896 tg=2048,two_queue,40.095,39.961,20.181,-0.0066,-0.0298,0.0108,-0.0133,63.388,39.839,0.371510
gemm/gemm,fill M=512 N=1024 K=30896 tg=2048,two_cb_serial,39.694,39.961,20.181,0.0003,-0.0277,0.0148,0.0005,39.272,39.272,0.000000
