=== device ===
name                  Apple M4 Pro
architecture          applegpu_g16s
gpu cores             20
kernel                laguna_routed_nvfp4_swiglu_qmv_packed_top8keys_r1_bf16_v2
mode                  NULL CONTROL

=== pipeline reflection (register/occupancy gate) ===
  arm                          lines   tgMemB   maxTotalThreads   execWidth
  depth1_shipped     256        0              1024          32
  NULL(depth1_shipped)     256        0              1024          32

=== paired per-call cost, 21 alternating rounds of 500 dispatches ===
delta = variant - reference within a round, so drift cancels. neg = faster.
spread = max-min of the per-round deltas.

--- NULL(depth1_shipped)  vs reference depth1_shipped ---
    TG  TG/core    ref_min    var_min    d_mean     d_sd    d_min    d_max   spread    d%_ref
   128     6.40       4.57       4.54    -0.376    1.731    -7.92    +0.40     8.31    -8.234
   256    12.80       6.83       6.79    -0.018    0.012    -0.05    +0.00     0.05    -0.260
   512    25.60      10.72      10.61    -0.086    0.059    -0.25    +0.03     0.28    -0.806
  1024    51.20      21.49      21.48    -0.016    0.151    -0.30    +0.30     0.60    -0.073
  2048   102.40      34.22      34.58    -0.035    0.122    -0.24    +0.36     0.60    -0.102
  per-round delta TG=128: -7.92 +0.40 -0.07 +0.00 -0.03 +0.00 -0.04 -0.01 -0.04 -0.02 -0.03 +0.01 -0.01 -0.01 -0.01 -0.02 +0.00 -0.03 -0.02 -0.04 -0.03
  per-round delta TG=256: -0.01 -0.01 -0.02 -0.01 -0.02 +0.00 -0.02 -0.02 -0.02 -0.02 -0.00 -0.01 -0.04 -0.02 -0.05 -0.01 -0.02 -0.01 -0.03 -0.02 -0.01
  per-round delta TG=512: -0.06 -0.11 -0.06 +0.03 -0.08 -0.02 -0.25 -0.02 -0.08 -0.16 -0.05 -0.09 -0.12 -0.08 -0.12 -0.12 -0.03 -0.13 -0.09 -0.04 -0.14
  per-round delta TG=1024: +0.23 -0.09 +0.03 -0.13 -0.15 +0.07 +0.02 +0.05 -0.04 +0.04 +0.30 -0.05 +0.01 -0.25 -0.11 -0.07 -0.30 +0.05 +0.25 -0.04 -0.14
  per-round delta TG=2048: -0.02 -0.03 +0.01 -0.24 -0.12 -0.04 -0.09 +0.05 -0.03 +0.03 +0.06 -0.10 -0.02 -0.06 -0.24 +0.03 -0.04 -0.04 -0.04 +0.36 -0.16
