[0/3] Write swift-version--58304C5D6DBC2206.txt
[0/1] Planning build
[1/1] Compiling plugin CudaBuild
[2/2] Compiling plugin GenerateManual
[3/3] Compiling plugin GenerateDoccReference
Building for debugging...
[3/12] Write sources
[5/12] Write swift-version--58304C5D6DBC2206.txt
[7/12] Compiling MLXFastModel LagunaRuntimeModel.swift
/Users/ec2-user/.senpai/native/mlxfast-maple-20260804/roles/student-maple-fern/workspace/target/Sources/MLXFastModel/LagunaRuntimeModel.swift:10689:17: warning: variable 'mergedSharedActivated' was never mutated; consider changing to 'let' constant
10687 |             // handed to the down projection instead of being issued again.
10688 |             // Purely within this invocation; nothing survives it.
10689 |             var mergedSharedActivated: MLXArray?
      |                 `- warning: variable 'mergedSharedActivated' was never mutated; consider changing to 'let' constant
10690 |             if lagunaFusedRoutedSwiGLUQMVEnabled,
10691 |                 x.dtype == .bfloat16,
[8/12] Emitting module MLXFastModel
[9/17] Compiling MLXFastModel LagunaUpstreamEquivalence.swift
[10/17] Compiling MLXFastModel MLXTensorBridge.swift
[11/17] Compiling MLXFastModel RuntimeStartupMemoryPolicy.swift
[12/17] Compiling MLXFastModel LagunaRuntimeWeights.swift
[13/17] Compiling MLXFastModel LagunaLmHeadPrune.swift
[14/28] Compiling MLXFastRuntimeWorkerSupport LagunaCorrectness.swift
[15/28] Compiling MLXFastRuntimeWorkerSupport LagunaRuntimeBenchmark.swift
[16/28] Compiling MLXFastRuntimeWorkerSupport LagunaRuntime.swift
[17/28] Emitting module MLXFastRuntimeWorkerSupport
[18/28] Compiling MLXFastRuntimeWorkerSupport LagunaRuntimeLocalIterate.swift
[19/28] Compiling MLXFastRuntimeWorkerSupport LagunaRuntimeWorker.swift
[20/28] Compiling MLXFastRuntimeWorkerSupport LagunaRuntimeCorrectnessCompare.swift
[21/28] Compiling MLXFastRuntimeWorkerSupport BenchmarkSupport.swift
[22/28] Compiling MLXFastRuntimeWorkerSupport LagunaRuntimeSupport.swift
[23/28] Compiling MLXFastRuntimeWorkerSupport LagunaRuntimeCorrectness.swift
[23/28] Write Objects.LinkFileList
[25/58] Compiling MLXFastTests RuntimeWorkerSupportTests.swift
[26/58] Compiling MLXFastTests SafetensorsTests.swift
[27/60] Compiling MLXFastTests LagunaArtifactContractTests.swift
[28/60] Compiling MLXFastTests LagunaArtifactFixtureSupport.swift
[29/60] Compiling MLXFastTests RankedWorkflowIsolationTests.swift
[30/60] Compiling MLXFastTests RuntimeStartupMemoryPolicyTests.swift
[31/60] Emitting module MLXFastTests
[31/60] Linking mlxfast-runtime-worker
[32/60] Applying mlxfast-runtime-worker
[34/60] Compiling MLXFastTests NVFP4QuantizedMMTests.swift
[35/60] Compiling MLXFastTests ParentToolSandboxTests.swift
[36/60] Compiling MLXFastTests LagunaNVFP4KernelTests.swift
[37/60] Compiling MLXFastTests MLXTensorBridgeTests.swift
[38/60] Compiling MLXFastTests SetupScriptTests.swift
[39/60] Compiling MLXFastTests ShellGapRegressionTests.swift
[40/60] Compiling MLXFastTests TransformTests.swift
[41/60] Compiling MLXFastTests TrustedWorkerProtocolTests.swift
[42/60] Compiling MLXFastTests DefaultTrackTests.swift
[43/60] Compiling MLXFastTests DenseTensorStoreTests.swift
[44/60] Compiling MLXFastTests GoldenTests.swift
[45/60] Compiling MLXFastTests NAXSplitKGEMMTests.swift
[46/60] Compiling MLXFastTests NGramSelfSimilarityTests.swift
[47/60] Compiling MLXFastTests BenchmarkSupportTests.swift
[48/60] Compiling MLXFastTests BenchmarkWindowFreezeTests.swift
[49/60] Compiling MLXFastTests CheckpointIndexTests.swift
[50/60] Compiling MLXFastTests TensorDataTests.swift
[51/60] Compiling MLXFastTests TimedDecodePromptTests.swift
[52/60] Compiling MLXFastTests ScoreTests.swift
[53/60] Compiling MLXFastTests SenpaiOperationalContractTests.swift
[54/60] Compiling MLXFastTests LagunaConfigTests.swift
[55/60] Compiling MLXFastTests LagunaCorrectnessTests.swift
[56/60] Compiling MLXFastTests AcceptanceBandTests.swift
[57/60] Compiling MLXFastTests BenchmarkSafetyTests.swift
[58/60] Compiling MLXFastTests BenchmarkScriptTests.swift
[58/60] Write Objects.LinkFileList
[59/60] Linking mlxfast-challenge-devPackageTests
Build complete! (30.98s)
Test Suite 'Selected tests' started at 2026-08-09 14:31:36.186.
Test Suite 'mlxfast-challenge-devPackageTests.xctest' started at 2026-08-09 14:31:36.187.
Test Suite 'mlxfast-challenge-devPackageTests.xctest' passed at 2026-08-09 14:31:36.187.
	 Executed 0 tests, with 0 failures (0 unexpected) in 0.000 (0.000) seconds
Test Suite 'Selected tests' passed at 2026-08-09 14:31:36.187.
	 Executed 0 tests, with 0 failures (0 unexpected) in 0.000 (0.001) seconds
◇ Test run started.
↳ Testing Library Version: 1902
↳ Target Platform: arm64e-apple-macos14.0
◇ Test lagunaRuntimeMatchesVendoredUpstreamOnM5WhenEnabled() started.
{
  "decodeTokenCount" : 8,
  "promptTokenCount" : 512,
  "steps" : [
    {
      "label" : "prefill",
      "maximumAbsoluteLogitError" : 0.125,
      "meanAbsoluteLogitError" : 0.011933609,
      "runtimeToken" : 5991,
      "upstreamToken" : 5991
    },
    {
      "label" : "decode-0",
      "maximumAbsoluteLogitError" : 0,
      "meanAbsoluteLogitError" : 0,
      "runtimeToken" : 509,
      "upstreamToken" : 509
    },
    {
      "label" : "decode-1",
      "maximumAbsoluteLogitError" : 0,
      "meanAbsoluteLogitError" : 0,
      "runtimeToken" : 902,
      "upstreamToken" : 902
    },
    {
      "label" : "decode-2",
      "maximumAbsoluteLogitError" : 0,
      "meanAbsoluteLogitError" : 0,
      "runtimeToken" : 5991,
      "upstreamToken" : 5991
    },
    {
      "label" : "decode-3",
      "maximumAbsoluteLogitError" : 0,
      "meanAbsoluteLogitError" : 0,
      "runtimeToken" : 509,
      "upstreamToken" : 509
    },
    {
      "label" : "decode-4",
      "maximumAbsoluteLogitError" : 0,
      "meanAbsoluteLogitError" : 0,
      "runtimeToken" : 902,
      "upstreamToken" : 902
    },
    {
      "label" : "decode-5",
      "maximumAbsoluteLogitError" : 0,
      "meanAbsoluteLogitError" : 0,
      "runtimeToken" : 5991,
      "upstreamToken" : 5991
    },
    {
      "label" : "decode-6",
      "maximumAbsoluteLogitError" : 0,
      "meanAbsoluteLogitError" : 0,
      "runtimeToken" : 509,
      "upstreamToken" : 509
    },
    {
      "label" : "decode-7",
      "maximumAbsoluteLogitError" : 0,
      "meanAbsoluteLogitError" : 0,
      "runtimeToken" : 902,
      "upstreamToken" : 902
    }
  ]
}
✘ Test lagunaRuntimeMatchesVendoredUpstreamOnM5WhenEnabled() recorded an issue at LagunaCorrectnessTests.swift:249:5: Expectation failed: (report → LagunaUpstreamEquivalenceReport(promptTokenCount: 512, decodeTokenCount: 8, steps: [MLXFastModel.LagunaUpstreamEquivalenceStep(label: "prefill", maximumAbsoluteLogitError: 0.125, meanAbsoluteLogitError: 0.011933609, runtimeToken: 5991, upstreamToken: 5991), MLXFastModel.LagunaUpstreamEquivalenceStep(label: "decode-0", maximumAbsoluteLogitError: 0.0, meanAbsoluteLogitError: 0.0, runtimeToken: 509, upstreamToken: 509), MLXFastModel.LagunaUpstreamEquivalenceStep(label: "decode-1", maximumAbsoluteLogitError: 0.0, meanAbsoluteLogitError: 0.0, runtimeToken: 902, upstreamToken: 902), MLXFastModel.LagunaUpstreamEquivalenceStep(label: "decode-2", maximumAbsoluteLogitError: 0.0, meanAbsoluteLogitError: 0.0, runtimeToken: 5991, upstreamToken: 5991), MLXFastModel.LagunaUpstreamEquivalenceStep(label: "decode-3", maximumAbsoluteLogitError: 0.0, meanAbsoluteLogitError: 0.0, runtimeToken: 509, upstreamToken: 509), MLXFastModel.LagunaUpstreamEquivalenceStep(label: "decode-4", maximumAbsoluteLogitError: 0.0, meanAbsoluteLogitError: 0.0, runtimeToken: 902, upstreamToken: 902), MLXFastModel.LagunaUpstreamEquivalenceStep(label: "decode-5", maximumAbsoluteLogitError: 0.0, meanAbsoluteLogitError: 0.0, runtimeToken: 5991, upstreamToken: 5991), MLXFastModel.LagunaUpstreamEquivalenceStep(label: "decode-6", maximumAbsoluteLogitError: 0.0, meanAbsoluteLogitError: 0.0, runtimeToken: 509, upstreamToken: 509), MLXFastModel.LagunaUpstreamEquivalenceStep(label: "decode-7", maximumAbsoluteLogitError: 0.0, meanAbsoluteLogitError: 0.0, runtimeToken: 902, upstreamToken: 902)])).passes(maximumAbsoluteLogitError: tolerance → 0.0)
✘ Test lagunaRuntimeMatchesVendoredUpstreamOnM5WhenEnabled() failed after 51.844 seconds with 1 issue.
✘ Test run with 1 test in 0 suites failed after 51.844 seconds with 1 issue.
EQUIVALENCE_EXACT_STEPS=8
EQUIVALENCE_EXIT=1
