[0/6] Write sources
[3/6] Write swift-version--58304C5D6DBC2206.txt
[5/7] Compiling ArgumentParserToolInfo ToolInfo.swift
[6/8] Compiling ArgumentParser BashCompletionsGenerator.swift
[7/9] Compiling encuda encuda-compile.swift
[7/9] Write Objects.LinkFileList
[8/9] Linking encuda-tool
[0/1] Planning build
Building for production...
[0/232] Write sources
[11/236] Write swift-version--58304C5D6DBC2206.txt
[12/236] Compiling version.cpp
[13/237] Compiling no_gguf.cpp
[14/237] Copying t5_tokenizer_config.json
[14/237] Copying gpt2_tokenizer_config.json
[14/237] Copying PrivacyInfo.xcprivacy
[14/237] Copying pagedattention.metal
[14/237] Compiling _NumericsShims _NumericsShims.c
[14/237] Write sources
[21/237] Compiling _AtomicsShims.c
[22/237] Compiling scheduler.cpp
[23/237] Compiling stream.cpp
[23/237] Write sources
[30/238] Compiling utils.cpp
[31/238] Write sources
[36/241] Compiling graph_utils.cpp
[37/241] Write sources
[41/241] Compiling load.cpp
[41/241] Write sources
[44/242] Compiling RealModule AlgebraicField.swift
[45/242] Compiling _NIODataStructures Heap.swift
[46/242] Compiling _NIOBase64 Base64.swift
[46/243] Compiling random.cpp
[48/243] Compiling Crypto AES-GCM.swift
[49/243] Compiling InternalCollectionsUtilities Debugging.swift
[49/243] Compiling linalg.cpp
[51/243] Compiling ComplexModule Complex+AdditiveArithmetic.swift
[52/245] Compiling ContainersPreview OutputSpan+Extras.swift
[52/246] Compiling dtype_utils.cpp
[53/246] Compiling dtype.cpp
[55/246] Compiling Numerics Numerics.swift
[55/247] Compiling fft.cpp
[56/247] Compiling no_ring.cpp
[57/247] Compiling utils.cpp
[58/247] Compiling safetensors.cpp
[59/247] Compiling transforms.cpp
[60/247] Compiling primitives.cpp
[61/247] Compiling no_nccl.cpp
[62/247] Compiling no_mpi.cpp
[63/247] Compiling fast.cpp
[64/247] Compiling yyjson.c
[65/247] Compiling distributed.cpp
[66/247] Compiling device.cpp
[67/247] Compiling ops.cpp
[68/247] Compiling einsum.cpp
[70/247] Compiling OrderedCollections _HashTable+Bucket.swift
[71/247] Compiling DequeModule Deque+Codable.swift
[71/248] Compiling utils.cpp
[73/248] Compiling MLXFastCore AcceptanceBand.swift
[73/248] Compiling unary.cpp
[74/249] Compiling softmax.cpp
[75/249] Compiling ternary.cpp
[76/249] Compiling slicing.cpp
[77/249] Compiling scan.cpp
[78/249] Compiling sort.cpp
[79/249] Compiling resident.cpp
[80/249] Compiling primitives.cpp
[81/249] Compiling rope.cpp
[82/249] Compiling scaled_dot_product_attention.cpp
[83/249] Compiling compile.cpp
[84/249] Compiling metal.cpp
[85/249] Compiling primitives.cpp
[86/249] Compiling normalization.cpp
[87/249] Compiling reduce.cpp
[88/249] Compiling logsumexp.cpp
[89/249] Compiling fence.cpp
[90/249] Compiling quantized.cpp
[91/249] Compiling hadamard.cpp
[92/249] Compiling event.cpp
[93/249] Compiling eval.cpp
[94/249] Compiling ops.cpp
[95/249] Compiling indexing.cpp
[96/249] Compiling distributed.cpp
[97/249] Compiling matmul.cpp
[98/249] Compiling device_info.cpp
[99/249] Compiling jit_kernels.cpp
[100/249] Compiling slicing.cpp
[101/249] Compiling copy.cpp
[102/249] Compiling custom_kernel.cpp
[103/249] Compiling threefry.cpp
[104/249] Compiling primitives.cpp
[105/249] Compiling allocator.cpp
[106/249] Compiling no_cuda.cpp
[107/249] Compiling binary.cpp
[108/249] Compiling compiled.cpp
[109/249] Compiling copy.cpp
[110/249] Compiling export.cpp
[111/249] Compiling device.cpp
[112/249] Compiling conv.cpp
[113/249] Compiling softmax.cpp
[114/249] Compiling fft.cpp
[116/249] Compiling MLXFastTransform AffineMetadataCoding.swift
[116/249] Compiling svd.cpp
[117/249] Compiling select.cpp
[118/249] Compiling qrf.cpp
[119/249] Compiling primitives.cpp
[120/249] Compiling jit_compiler.cpp
[121/249] Compiling logsumexp.cpp
[122/249] Compiling luf.cpp
[123/249] Compiling matmul.cpp
[124/249] Compiling inverse.cpp
[125/249] Compiling masked_mm.cpp
[126/249] Compiling hadamard.cpp
[127/249] Compiling cblas.cpp
[128/249] Compiling encoder.cpp
[129/249] Compiling bnns.cpp
[130/249] Compiling eval.cpp
[131/249] Compiling device_info.cpp
[132/249] Compiling unary.cpp
[133/249] Compiling distributed.cpp
[134/249] Compiling eigh.cpp
[135/249] Compiling quantized.cpp
[136/249] Compiling eig.cpp
[137/249] Compiling slicing.cpp
[138/249] Compiling utils.cpp
[139/249] Compiling cholesky.cpp
[140/249] Compiling reduce.cpp
[141/249] Compiling arg_reduce.cpp
[142/249] Compiling load.cpp
[143/249] Compiling scan.cpp
[144/249] Compiling utils.cpp
[145/249] Compiling unary_ops.cpp
[146/249] Compiling reduce.cpp
[147/249] Compiling ternary_ops.cpp
[148/249] Compiling unary.cpp
[149/249] Compiling common.cpp
[150/249] Compiling compiled.cpp
[151/249] Compiling ternary.cpp
[152/249] Compiling steel_gemm_segmented_nax.cpp
[153/249] Compiling steel_gemm_splitk_nax.cpp
[154/249] Compiling steel_gemm_splitk.cpp
[155/249] Compiling steel_gemm_gather_nax.cpp
[156/249] Compiling steel_gemm_masked.cpp
[156/249] Compiling steel_gemm_gather.cpp
[158/249] Compiling steel_gemm_segmented.cpp
[159/249] Compiling steel_gemm_fused.cpp
[160/249] Compiling steel_conv_general.cpp
[161/249] Compiling steel_conv_3d.cpp
[161/249] Compiling steel_gemm_fused_nax.cpp
[163/249] Compiling steel_attention_nax.cpp
[164/249] Compiling steel_attention.cpp
[165/249] Compiling steel_conv.cpp
[166/249] Compiling sort.cpp
[167/249] Compiling softmax.cpp
[168/249] Compiling scatter_axis.cpp
[168/249] Compiling scatter.cpp
[170/249] Compiling scan.cpp
[171/249] Compiling reduce_utils.cpp
[171/249] Compiling quantized_utils.cpp
[173/249] Compiling reduce.cpp
[174/249] Compiling quantized_nax.cpp
[175/249] Compiling hadamard.cpp
[175/249] Compiling masked_scatter.cpp
[177/249] Compiling quantized.cpp
[178/249] Compiling logsumexp.cpp
[179/249] Compiling gemm_nax.cpp
[180/249] Compiling gemv.cpp
[181/249] Compiling gemv_masked.cpp
[182/249] Compiling gemm.cpp
[183/249] Compiling gather_axis.cpp
[184/249] Compiling broadcasting.cpp
[185/249] Compiling gather_front.cpp
[186/249] Compiling gather.cpp
[187/249] Compiling fp_quantized_nax.cpp
[188/249] Compiling fp_quantized.cpp
[189/249] Compiling fft.cpp
[190/249] Compiling copy.cpp
[192/249] Compiling conv.cpp
[193/249] Compiling compiled_preamble.cpp
[194/249] Compiling sort.cpp
[195/249] Compiling binary_two.cpp
[196/249] Compiling arange.cpp
[197/249] Compiling binary.cpp
[198/249] Compiling binary_ops.cpp
[199/249] Compiling conv.cpp
[200/249] Compiling jaccl_conditional.cpp
[201/249] Compiling metal_kernel.cpp
[202/249] Compiling array.cpp
[203/249] Compiling transforms.cpp
[204/249] Compiling string.cpp
[205/249] Compiling version.cpp
[206/249] Compiling transforms_impl.cpp
[207/249] Compiling stream.cpp
[208/249] Compiling vector.cpp
[209/249] Compiling compiled_conditional.cpp
[210/249] Compiling metal.cpp
[211/249] Compiling memory.cpp
[212/249] Compiling random.cpp
[213/249] Compiling linalg.cpp
[214/249] Compiling map.cpp
[215/249] Compiling io_types.cpp
[216/249] Compiling graph_utils.cpp
[217/249] Compiling error.cpp
[219/249] Compiling Jinja AST.swift
[219/249] Compiling io.cpp
[220/249] Compiling fft.cpp
[221/249] Compiling export.cpp
[222/249] Compiling ops.cpp
[223/249] Compiling CNIOWindows shim.c
[224/249] Compiling distributed_group.cpp
[225/249] Compiling CNIOWindows WSAStartup.c
[226/249] Compiling CNIOOpenBSD shim.c
[227/249] Compiling CNIOWASI CNIOWASI.c
[228/249] Compiling CNIOLinux shim.c
[229/249] Compiling CNIOLinux liburing_shims.c
[230/249] Compiling CNIOFreeBSD shim.c
[231/249] Compiling cuda.cpp
[232/249] Compiling fast.cpp
[233/249] Write sources
[234/249] Compiling distributed.cpp
[235/250] Compiling compile.cpp
[236/250] Compiling CNIODarwin shim.c
[237/250] Compiling device.cpp
[238/250] Compiling Cmlx.m
[239/250] Compiling closure.cpp
[240/250] Compiling c-nioatomics.c
[241/250] Compiling c-atomics.c
[242/251] Compiling format.cc
[244/251] Compiling NIOConcurrencyHelpers NIOAtomic.swift
[244/251] Compiling array.cpp
[246/251] Compiling Atomics OptionalRawRepresentable.swift
[246/252] Compiling copy.cpp
[248/252] Compiling NIOCore AddressedEnvelope.swift
[249/253] Compiling EventSource AsyncEventsSequence.swift
[249/254] Compiling indexing.cpp
[250/254] Compiling binary.cpp
[252/255] Compiling HuggingFace AccessRequest.swift
[253/256] Compiling Hub BinaryDistinct.swift
[254/257] Compiling MLX ArrayAt.swift
[255/260] Compiling MLXFast MLXFast.swift
[256/260] Compiling MLXRandom Random.swift
[257/260] Compiling Tokenizers BPETokenizer.swift
[258/260] Compiling MLXNN Activations.swift
/Users/ec2-user/.senpai/native/mlxfast-maple-20260804/roles/student-maple-nezuko/workspace/target/Vendor/mlx-swift/Source/MLXNN/Module.swift:1411:34: warning: conditional downcast from 'T?' to 'T' does nothing
1409 |             // note: this gives a warning but it does in fact do something
1410 |             // in the case where this is e.g. ParameterInfo<MLXArray?>
1411 |             if let value = value as? T {
     |                                  `- warning: conditional downcast from 'T?' to 'T' does nothing
1412 |                 return value
1413 |             } else {

/Users/ec2-user/.senpai/native/mlxfast-maple-20260804/roles/student-maple-nezuko/workspace/target/Vendor/mlx-swift/Source/MLXNN/Module.swift:1524:36: warning: conditional downcast from 'T?' to 'T' does nothing
1522 |             // note: this gives a warning but it does in fact do something
1523 |             // in the case where this is e.g. ModuleInfo<Linear?>
1524 |             if let module = module as? T {
     |                                    `- warning: conditional downcast from 'T?' to 'T' does nothing
1525 |                 return module
1526 |             } else {

/Users/ec2-user/.senpai/native/mlxfast-maple-20260804/roles/student-maple-nezuko/workspace/target/Vendor/mlx-swift/Source/MLXNN/Module.swift:293:13: warning: default will never be executed
 291 |                 return isAllNone ? .none : .array(result)
 292 | 
 293 |             default:
     |             `- warning: default will never be executed
 294 |                 fatalError("Unexpected leaf \(vk) = \(v)")
 295 |             }
[259/261] Compiling MLXOptimizers Optimizers.swift
[260/262] Compiling MLXLMCommon DoRA+Layers.swift
/Users/ec2-user/.senpai/native/mlxfast-maple-20260804/roles/student-maple-nezuko/workspace/target/Vendor/mlx-swift-lm/Libraries/MLXLMCommon/ContinuousBatchingV2/EngineLoopV2.swift:1178:52: warning: capture of 'detokenizer' with non-Sendable type '(any CBv2IncrementalDetokenizer)?' in a '@Sendable' closure [#SendableClosureCaptures]
 128 | /// Incremental per-request detokenizer with UTF-8 + stop-string holdback.
 129 | /// See CONTRACT-ISSUES-B-scheduler.md §3.
 130 | public protocol CBv2IncrementalDetokenizer: AnyObject {
     |                 `- note: protocol 'CBv2IncrementalDetokenizer' does not conform to the 'Sendable' protocol
 131 |     /// Append confirmed tokens; returns text now safe to emit.
 132 |     func push(_ tokens: [Int]) -> String
     :
1176 |                 stream?.reserveEmission()
1177 |                 detokQueue.async {
1178 |                     let text = isStopToken ? "" : (detokenizer?.push([token]) ?? "")
     |                                                    `- warning: capture of 'detokenizer' with non-Sendable type '(any CBv2IncrementalDetokenizer)?' in a '@Sendable' closure [#SendableClosureCaptures]
1179 |                     stream?.emit(
1180 |                         .delta(text: text, tokens: [token], logprobs: logprobs),

/Users/ec2-user/.senpai/native/mlxfast-maple-20260804/roles/student-maple-nezuko/workspace/target/Vendor/mlx-swift-lm/Libraries/MLXLMCommon/ContinuousBatchingV2/EngineLoopV2.swift:1279:32: warning: capture of 'detokenizer' with non-Sendable type '(any CBv2IncrementalDetokenizer)?' in a '@Sendable' closure [#SendableClosureCaptures]
 128 | /// Incremental per-request detokenizer with UTF-8 + stop-string holdback.
 129 | /// See CONTRACT-ISSUES-B-scheduler.md §3.
 130 | public protocol CBv2IncrementalDetokenizer: AnyObject {
     |                 `- note: protocol 'CBv2IncrementalDetokenizer' does not conform to the 'Sendable' protocol
 131 |     /// Append confirmed tokens; returns text now safe to emit.
 132 |     func push(_ tokens: [Int]) -> String
     :
1277 |         if rec.request.stopStrings.isEmpty {
1278 |             detokQueue.async {
1279 |                 let trailing = detokenizer?.flush() ?? ""
     |                                `- warning: capture of 'detokenizer' with non-Sendable type '(any CBv2IncrementalDetokenizer)?' in a '@Sendable' closure [#SendableClosureCaptures]
1280 |                 if !trailing.isEmpty {
1281 |                     stream?.emit(.delta(text: trailing, tokens: [], logprobs: nil))

[#SendableClosureCaptures]: <https://docs.swift.org/compiler/documentation/diagnostics/sendable-closure-captures>
[261/263] Compiling MLXLLM LLMModel.swift
/Users/ec2-user/.senpai/native/mlxfast-maple-20260804/roles/student-maple-nezuko/workspace/target/Vendor/mlx-swift-lm/Libraries/MLXLLM/Models/DeepseekV4.swift:758:27: warning: immutable value 'D' was never used; consider replacing with '_' or removing it [#no-usage]
 756 | 
 757 |     func callAsFunction(_ x: MLXArray, poolCache: PoolingCache?, offset: Int) -> MLXArray {
 758 |         let B = x.dim(0), D = x.dim(2)
     |                           `- warning: immutable value 'D' was never used; consider replacing with '_' or removing it [#no-usage]
 759 |         let kv = wkv(x)    // [B, S, out_dim]
 760 |         let gate = wgate(x) // [B, S, out_dim]

/Users/ec2-user/.senpai/native/mlxfast-maple-20260804/roles/student-maple-nezuko/workspace/target/Vendor/mlx-swift-lm/Libraries/MLXLLM/Models/DeepseekV4.swift:1401:9: warning: switch must be exhaustive
1399 |         // Local scores: [B, H, L, localLen]
1400 |         let localScores: MLXArray
1401 |         switch localMask {
     |         |- warning: switch must be exhaustive
     |         `- note: add missing case: '.arrays(_)'
1402 |         case .none, .causal:
1403 |             localScores = qScaled.matmul(localKV.transposed(0, 1, 3, 2))

/Users/ec2-user/.senpai/native/mlxfast-maple-20260804/roles/student-maple-nezuko/workspace/target/Vendor/mlx-swift-lm/Libraries/MLXLLM/Models/DeepseekV4.swift:1513:13: warning: variable 'h' was never mutated; consider changing to 'let' constant
1511 |         }
1512 | 
1513 |         var h = hcPost(x: attnOut, residual: residual, post: postAttn, comb: combAttn)
     |             `- warning: variable 'h' was never mutated; consider changing to 'let' constant
1514 | 
1515 |         // FFN sub-block
[262/264] Compiling MLXFastModel DenseTensorStore.swift
/Users/ec2-user/.senpai/native/mlxfast-maple-20260804/roles/student-maple-nezuko/workspace/target/Sources/MLXFastModel/LagunaRuntimeModel.swift:10859:17: warning: variable 'mergedSharedActivated' was never mutated; consider changing to 'let' constant
10857 | 
10858 | 
10859 |             var mergedSharedActivated: MLXArray?
      |                 `- warning: variable 'mergedSharedActivated' was never mutated; consider changing to 'let' constant
10860 |             if lagunaFusedRoutedSwiGLUQMVEnabled,
10861 |                 x.dtype == .bfloat16,
[263/265] Compiling MLXFastRuntimeWorkerSupport BenchmarkSupport.swift
[264/266] Compiling MLXFastRuntimeWorkerCLI main.swift
[264/266] Write Objects.LinkFileList
[265/266] Linking mlxfast-runtime-worker
Build of product 'mlxfast-runtime-worker' complete! (127.78s)
