campaign: /tmp/maple-r85b-split
cbs-per-step: 406 (re-derived this session)   steps: 200
runs: 24

############################################################
# effect :: --arms base cand --offset 0
############################################################
CONTRAST: cand minus base   offset=0   n_duplex=8
window: last 80794 command buffers = 406/step x 199 steady steps
  duplex maple-r85b-split slots  1(base) ->  2(cand)  sign +1
  duplex maple-r85b-split slots  5(cand) ->  6(base)  sign -1
  duplex maple-r85b-split slots  7(base) ->  8(cand)  sign +1
  duplex maple-r85b-split slots 11(cand) -> 12(base)  sign -1
  duplex maple-r85b-split slots 13(base) -> 14(cand)  sign +1
  duplex maple-r85b-split slots 17(cand) -> 18(base)  sign -1
  duplex maple-r85b-split slots 19(base) -> 20(cand)  sign +1
  duplex maple-r85b-split slots 23(cand) -> 24(base)  sign -1

  us/step    adj d           adj CI    abs d           abs CI   absSD  sig  kernel
   1500.8    +0.00 [  +0.00,  +0.00]    +0.20 [  -8.42,  +8.88]   10.35       routed_nvfp4_swiglu_qmv_packed_top8keys_r1_bf16_v2
   1341.3    +1.30 [  -1.45,  +4.06]    +1.48 [  -8.05, +11.09]   11.43       decode_nvfp4_qkv_h64_r1_v1_lm1_pw1_se1_sd1
   1120.3    +0.66 [  -1.06,  +2.37]    +0.81 [  -4.68,  +6.33]    6.58       oproj_act_h64_v1_lm1_pw1_sc1_se1
    860.5    +0.72 [  -0.67,  +2.11]    +0.83 [  -3.80,  +5.49]    5.55       routed_shared_nvfp4_down_residual_bf16_sh_stage4_v6
    628.3    -0.12 [  -1.58,  +1.34]    -0.04 [  -3.18,  +3.12]    3.77       sliding_fused_attn_ring_v1
    422.1    +0.50 [  -0.76,  +1.75]    +0.55 [  -1.87,  +2.99]    2.90       lmhead_int5_base_coarse_delta_bf16_v1
    363.6    +0.07 [  -0.29,  +0.43]    +0.12 [  -2.22,  +2.47]    2.81       decode_nvfp4_qkv_h48_r1_v1_lm1_pw1_se1_sd1
    320.6    +0.15 [  -0.46,  +0.77]    +0.20 [  -2.09,  +2.50]    2.75       residual_rms_router_bf16_2048_rpg8_keys_v1
    302.2    +0.17 [  -0.48,  +0.81]    +0.21 [  -1.72,  +2.14]    2.31       oproj_act_h48_v1_lm1_pw1_sc1_se1
    286.2    -0.07 [  -0.81,  +0.66]    -0.04 [  -2.11,  +2.05]    2.49       shared_nvfp4_swiglu_qmv_rows1_halved_bf16_v1
    269.9    -0.29 [  -0.81,  +0.23]    -0.25 [  -1.83,  +1.34]    1.90       dense_gate_up_swiglu_bf16_v1
    250.6    +0.12 [  -1.14,  +1.38]    +0.15 [  -0.42,  +0.72]    0.68       gate_sp_h64_v1
    249.5    -0.23 [  -0.97,  +0.51]    -0.20 [  -1.14,  +0.75]    1.13       full_fused_attn_grow_v1
    186.6    +0.22 [  -1.11,  +1.55]    +0.24 [  -0.52,  +1.01]    0.91       prefill_router_tournament_ordinal_norm_active64_v2
    142.2    +0.13 [  -0.66,  +0.91]    +0.14 [  -0.55,  +0.85]    0.84       rmsbfloat16
    134.3    +0.01 [  -0.93,  +0.95]    +0.03 [  -0.60,  +0.66]    0.75       dense_down_residual_bf16_v1
     79.3    -0.16 [  -0.69,  +0.37]    -0.15 [  -0.49,  +0.19]    0.41       gate_sp_h48_v1
     75.9    +0.05 [  -0.60,  +0.70]    +0.06 [  -0.46,  +0.59]    0.63       lmhead_exact_fused_int5_sparse_refine_v1
      9.2    +0.04 [  -0.14,  +0.23]    +0.04 [  -0.18,  +0.26]    0.26       argmax_bfloat16

labels shown cover 8544 of 8562 us/step (99.8%)
sum of shown per-label deltas: adj +3.2 [-14.6, +21.1]  abs +4.4 [-44.3, +53.4] us/step (CI sums are indicative)

total steady GPU busy, ratio-adjusted vs control: +3.4 us/step [-4.1, +10.9]  (+0.040%)
  score: +0.0519% [-0.0626, +0.1666]
  per-duplex SD 8.97 us/step; n=8 -> +-7.50 us/step
  same SD at n=16 -> +-4.78 us/step

total steady GPU busy, unadjusted (absolute): +4.6 us/step [-40.4, +49.8]  (+0.053%)
  score: +0.0697% [-0.6178, +0.7608]
  per-duplex SD 53.92 us/step; n=8 -> +-45.09 us/step
  same SD at n=16 -> +-28.73 us/step

wrote /tmp/maple-r85b-split/armstats-effect.json
# exit=0

############################################################
# lottery :: --arms cand cand2 --offset 1
############################################################
CONTRAST: cand2 minus cand   offset=1   n_duplex=8
window: last 80794 command buffers = 406/step x 199 steady steps
  duplex maple-r85b-split slots  2(cand) ->  3(cand2)  sign +1
  duplex maple-r85b-split slots  4(cand2) ->  5(cand)  sign -1
  duplex maple-r85b-split slots  8(cand) ->  9(cand2)  sign +1
  duplex maple-r85b-split slots 10(cand2) -> 11(cand)  sign -1
  duplex maple-r85b-split slots 14(cand) -> 15(cand2)  sign +1
  duplex maple-r85b-split slots 16(cand2) -> 17(cand)  sign -1
  duplex maple-r85b-split slots 20(cand) -> 21(cand2)  sign +1
  duplex maple-r85b-split slots 22(cand2) -> 23(cand)  sign -1

  us/step    adj d           adj CI    abs d           abs CI   absSD  sig  kernel
   1501.0    +0.00 [  +0.00,  +0.00]    -1.47 [  -9.91,  +7.02]   10.13       routed_nvfp4_swiglu_qmv_packed_top8keys_r1_bf16_v2
   1342.8    -0.08 [  -3.94,  +3.78]    -1.40 [ -11.79,  +9.08]   12.49       decode_nvfp4_qkv_h64_r1_v1_lm1_pw1_se1_sd1
   1121.1    +0.02 [  -2.52,  +2.57]    -1.07 [  -5.62,  +3.49]    5.45       oproj_act_h64_v1_lm1_pw1_sc1_se1
    861.3    +0.23 [  -1.42,  +1.88]    -0.61 [  -5.82,  +4.63]    6.25       routed_shared_nvfp4_down_residual_bf16_sh_stage4_v6
    628.3    +0.79 [  -1.02,  +2.62]    +0.18 [  -2.45,  +2.82]    3.15       sliding_fused_attn_ring_v1
    422.7    +0.32 [  -0.95,  +1.60]    -0.09 [  -2.86,  +2.70]    3.32       lmhead_int5_base_coarse_delta_bf16_v1
    363.8    +0.12 [  -0.66,  +0.90]    -0.24 [  -2.60,  +2.14]    2.84       decode_nvfp4_qkv_h48_r1_v1_lm1_pw1_se1_sd1
    320.8    -0.30 [  -1.06,  +0.46]    -0.61 [  -2.98,  +1.77]    2.85       residual_rms_router_bf16_2048_rpg8_keys_v1
    302.4    +0.41 [  -1.06,  +1.89]    +0.11 [  -2.13,  +2.38]    2.70       oproj_act_h48_v1_lm1_pw1_sc1_se1
    286.1    +0.32 [  -0.81,  +1.44]    +0.04 [  -2.13,  +2.21]    2.60       shared_nvfp4_swiglu_qmv_rows1_halved_bf16_v1
    269.7    +0.05 [  -0.60,  +0.70]    -0.21 [  -1.46,  +1.04]    1.49       dense_gate_up_swiglu_bf16_v1
    250.8    -0.27 [  -1.34,  +0.81]    -0.51 [  -1.25,  +0.23]    0.89       gate_sp_h64_v1
    249.3    +0.38 [  -0.57,  +1.34]    +0.14 [  -0.57,  +0.85]    0.85       full_fused_attn_grow_v1
    186.9    +0.29 [  -0.84,  +1.42]    +0.10 [  -0.57,  +0.77]    0.80       prefill_router_tournament_ordinal_norm_active64_v2
    142.3    +0.17 [  -0.25,  +0.60]    +0.04 [  -0.58,  +0.65]    0.74       rmsbfloat16
    134.4    +0.04 [  -0.77,  +0.86]    -0.09 [  -0.84,  +0.67]    0.91       dense_down_residual_bf16_v1
     79.2    +0.19 [  -0.22,  +0.60]    +0.11 [  -0.15,  +0.38]    0.32       gate_sp_h48_v1
     76.0    -0.05 [  -0.52,  +0.42]    -0.13 [  -0.66,  +0.41]    0.64       lmhead_exact_fused_int5_sparse_refine_v1
      9.3    +0.01 [  -0.17,  +0.19]    -0.00 [  -0.21,  +0.21]    0.25       argmax_bfloat16

labels shown cover 8548 of 8567 us/step (99.8%)
sum of shown per-label deltas: adj +2.6 [-18.7, +24.1]  abs -5.7 [-54.6, +43.5] us/step (CI sums are indicative)

total steady GPU busy, ratio-adjusted vs control: +2.5 us/step [-8.5, +13.6]  (+0.030%)
  score: +0.0389% [-0.1302, +0.2082]
  per-duplex SD 13.24 us/step; n=8 -> +-11.07 us/step
  same SD at n=16 -> +-7.05 us/step

total steady GPU busy, unadjusted (absolute): -5.8 us/step [-51.6, +40.2]  (-0.068%)
  score: -0.0890% [-0.7881, +0.6138]
  per-duplex SD 54.90 us/step; n=8 -> +-45.91 us/step
  same SD at n=16 -> +-29.25 us/step

wrote /tmp/maple-r85b-split/armstats-lottery.json
# exit=0

############################################################
# null-c2 :: --arms cand2 cand2 --offset 0
############################################################
NULL: cand2 minus cand2   offset=0   n_duplex=4
window: last 80794 command buffers = 406/step x 199 steady steps
  duplex maple-r85b-split slots  3(cand2) ->  4(cand2)  sign +1
  duplex maple-r85b-split slots  9(cand2) -> 10(cand2)  sign -1
  duplex maple-r85b-split slots 15(cand2) -> 16(cand2)  sign +1
  duplex maple-r85b-split slots 21(cand2) -> 22(cand2)  sign -1

  us/step    adj d           adj CI    abs d           abs CI   absSD  sig  kernel
   1501.8    +0.00 [  +0.00,  +0.00]    -1.07 [ -14.04, +12.01]    8.20       routed_nvfp4_swiglu_qmv_packed_top8keys_r1_bf16_v2
   1344.8    -1.63 [  -7.78,  +4.54]    -2.59 [ -19.92, +14.96]   10.98       decode_nvfp4_qkv_h64_r1_v1_lm1_pw1_se1_sd1
   1121.1    +0.60 [  -2.76,  +3.97]    -0.20 [  -7.47,  +7.12]    4.59       oproj_act_h64_v1_lm1_pw1_sc1_se1
    862.1    -0.63 [  -2.85,  +1.60]    -1.24 [ -10.05,  +7.65]    5.57       routed_shared_nvfp4_down_residual_bf16_sh_stage4_v6
    629.0    +1.08 [  -0.98,  +3.14]    +0.63 [  -3.18,  +4.46]    2.40       sliding_fused_attn_ring_v1
    423.3    -1.03 [  -2.83,  +0.79]    -1.33 [  -5.80,  +3.19]    2.83       lmhead_int5_base_coarse_delta_bf16_v1
    364.3    -0.58 [  -2.02,  +0.87]    -0.84 [  -5.28,  +3.65]    2.81       decode_nvfp4_qkv_h48_r1_v1_lm1_pw1_se1_sd1
    321.0    +0.18 [  -1.48,  +1.85]    -0.05 [  -4.43,  +4.39]    2.77       residual_rms_router_bf16_2048_rpg8_keys_v1
    303.7    -0.32 [  -3.49,  +2.88]    -0.54 [  -4.86,  +3.85]    2.74       oproj_act_h48_v1_lm1_pw1_sc1_se1
    286.7    -1.16 [  -2.54,  +0.22]    -1.36 [  -4.32,  +1.63]    1.88       shared_nvfp4_swiglu_qmv_rows1_halved_bf16_v1
    269.7    -0.11 [  -0.91,  +0.69]    -0.30 [  -2.52,  +1.94]    1.40       dense_gate_up_swiglu_bf16_v1
    250.5    +0.42 [  -0.72,  +1.56]    +0.24 [  -1.01,  +1.50]    0.79       gate_sp_h64_v1
    249.5    -0.08 [  -1.18,  +1.04]    -0.25 [  -2.00,  +1.50]    1.10       full_fused_attn_grow_v1
    187.1    +0.27 [  -0.36,  +0.90]    +0.13 [  -1.61,  +1.89]    1.10       prefill_router_tournament_ordinal_norm_active64_v2
    142.5    +0.04 [  -0.38,  +0.47]    -0.06 [  -1.05,  +0.94]    0.63       rmsbfloat16
    134.3    -0.99 [  -1.70,  -0.28]    -1.08 [  -1.76,  -0.41]    0.43  ***  dense_down_residual_bf16_v1
     79.4    +0.13 [  -0.51,  +0.78]    +0.07 [  -0.47,  +0.62]    0.34       gate_sp_h48_v1
     76.0    +0.04 [  -0.37,  +0.45]    -0.02 [  -0.97,  +0.95]    0.60       lmhead_exact_fused_int5_sparse_refine_v1
      9.3    -0.06 [  -0.42,  +0.32]    -0.06 [  -0.49,  +0.38]    0.28       argmax_bfloat16

labels shown cover 8556 of 8575 us/step (99.8%)
sum of shown per-label deltas: adj -3.8 [-33.3, +25.8]  abs -9.9 [-91.2, +72.2] us/step (CI sums are indicative)

total steady GPU busy, ratio-adjusted vs control: -3.9 us/step [-7.9, +0.1]  (-0.045%)
  score: -0.0595% [-0.1212, +0.0021]
  per-duplex SD 2.54 us/step; n=4 -> +-4.04 us/step
  same SD at n=16 -> +-1.35 us/step

total steady GPU busy, unadjusted (absolute): -10.0 us/step [-88.0, +68.7]  (-0.117%)
  score: -0.1530% [-1.3448, +1.0497]
  per-duplex SD 49.31 us/step; n=4 -> +-78.45 us/step
  same SD at n=16 -> +-26.27 us/step

wrote /tmp/maple-r85b-split/armstats-null-c2.json
# exit=0

############################################################
# null-b :: --arms base base --offset 1
############################################################
NULL: base minus base   offset=1   n_duplex=3
window: last 80794 command buffers = 406/step x 199 steady steps
  duplex maple-r85b-split slots  6(base) ->  7(base)  sign +1
  duplex maple-r85b-split slots 12(base) -> 13(base)  sign -1
  duplex maple-r85b-split slots 18(base) -> 19(base)  sign +1

  us/step    adj d           adj CI    abs d           abs CI   absSD  sig  kernel
   1497.1    +0.00 [  +0.00,  +0.00]    -1.85 [ -32.94, +29.90]   12.66       routed_nvfp4_swiglu_qmv_packed_top8keys_r1_bf16_v2
   1337.9    +0.85 [  -6.13,  +7.86]    -0.80 [ -30.60, +29.67]   12.14       decode_nvfp4_qkv_h64_r1_v1_lm1_pw1_se1_sd1
   1118.0    +1.41 [  -5.82,  +8.69]    +0.03 [ -22.37, +22.89]    9.11       oproj_act_h64_v1_lm1_pw1_sc1_se1
    858.8    -0.50 [  -4.08,  +3.09]    -1.56 [ -16.44, +13.58]    6.05       routed_shared_nvfp4_down_residual_bf16_sh_stage4_v6
    626.6    +0.24 [  -1.33,  +1.82]    -0.53 [ -13.93, +13.16]    5.46       sliding_fused_attn_ring_v1
    421.2    +0.97 [  -3.72,  +5.73]    +0.45 [  -7.08,  +8.13]    3.06       lmhead_int5_base_coarse_delta_bf16_v1
    362.6    +0.35 [  -1.44,  +2.15]    -0.10 [  -8.53,  +8.54]    3.44       decode_nvfp4_qkv_h48_r1_v1_lm1_pw1_se1_sd1
    319.6    +0.43 [  -0.97,  +1.83]    +0.03 [  -7.97,  +8.24]    3.26       residual_rms_router_bf16_2048_rpg8_keys_v1
    300.8    +0.19 [  -4.20,  +4.65]    -0.18 [ -10.39, +10.39]    4.18       oproj_act_h48_v1_lm1_pw1_sc1_se1
    284.9    +0.48 [  -2.24,  +3.22]    +0.13 [  -7.87,  +8.35]    3.26       shared_nvfp4_swiglu_qmv_rows1_halved_bf16_v1
    269.2    -0.09 [  -0.44,  +0.26]    -0.42 [  -6.35,  +5.65]    2.42       dense_gate_up_swiglu_bf16_v1
    250.5    +0.63 [  -3.38,  +4.70]    +0.32 [  -1.92,  +2.57]    0.90       gate_sp_h64_v1
    249.2    +0.45 [  -1.66,  +2.58]    +0.14 [  -2.96,  +3.29]    1.26       full_fused_attn_grow_v1
    186.2    +0.22 [  -1.96,  +2.43]    -0.01 [  -2.41,  +2.42]    0.97       prefill_router_tournament_ordinal_norm_active64_v2
    142.3    +0.31 [  -2.87,  +3.56]    +0.13 [  -1.26,  +1.54]    0.56       rmsbfloat16
    134.4    +0.19 [  -3.97,  +4.47]    +0.02 [  -2.06,  +2.13]    0.84       dense_down_residual_bf16_v1
     79.3    +0.13 [  -1.67,  +1.97]    +0.03 [  -0.87,  +0.93]    0.36       gate_sp_h48_v1
     76.0    +0.05 [  -1.51,  +1.65]    -0.04 [  -0.21,  +0.12]    0.07       lmhead_exact_fused_int5_sparse_refine_v1
      9.2    -0.08 [  -0.59,  +0.47]    -0.09 [  -0.77,  +0.65]    0.29       argmax_bfloat16

labels shown cover 8524 of 8543 us/step (99.8%)
sum of shown per-label deltas: adj +6.2 [-48.0, +61.1]  abs -4.3 [-176.9, +172.2] us/step (CI sums are indicative)

total steady GPU busy, ratio-adjusted vs control: +6.1 us/step [-11.5, +23.7]  (+0.072%)
  score: +0.0935% [-0.1751, +0.3625]
  per-duplex SD 7.08 us/step; n=3 -> +-17.58 us/step
  same SD at n=16 -> +-3.77 us/step

total steady GPU busy, unadjusted (absolute): -4.4 us/step [-167.9, +162.2]  (-0.052%)
  score: -0.0678% [-2.5650, +2.4781]
  per-duplex SD 66.46 us/step; n=3 -> +-165.10 us/step
  same SD at n=16 -> +-35.40 us/step

wrote /tmp/maple-r85b-split/armstats-null-b.json
# exit=0

########## contrasts done ##########
