reconstruct-surface: fetching https://github.com/Layr-Labs/mlxfast-challenge main
reconstruct-surface: trusted base c5b0a13c5cc032b485022db41bcd745792316714
reconstruct-surface: overlaying editablePaths from /Users/ec2-user/.senpai/native/mlxfast-maple-20260804/roles/student-maple-fern/workspace/target
reconstruct-surface: overlaid 97 editable paths
reconstruct-surface report
  trusted base        : c5b0a13c5cc032b485022db41bcd745792316714
  candidate           : /Users/ec2-user/.senpai/native/mlxfast-maple-20260804/roles/student-maple-fern/workspace/target @ 7a67fb7
  reconstruction root : /Users/ec2-user/.senpai/native/mlxfast-maple-20260804/roles/student-maple-fern/workspace/mlxfast-recon/tree
  editablePaths       : 97 contract entries

  submitted files that differ from trusted main   : 10
  submitted files IDENTICAL to trusted main (dead): 130
  submitted files new in the candidate            : 1
  editable files the candidate deleted            : 2
  candidate changes outside the surface (REVERTED): 12
  fork-only files dropped by the overlay          : 0
  candidate-only files outside the surface        : 1
  benchmark.json editablePaths drift              : none

Candidate changes the overlay reverts (not on the ranked box):
  .gitignore
  AGENTS.md
  README.md
  Sources/MLXFastHarness/LagunaRuntimeLocalIterate.swift
  Sources/MLXFastTrustedHarness/LagunaRuntimeLocalIterate.swift
  TASK.md
  Tests/MLXFastTests/BenchmarkScriptTests.swift
  Tests/MLXFastTests/LagunaCorrectnessTests.swift
  benchmark.sh
  docs/benchmark-window-freeze.md
  docs/thermal-variance-investigation.md
  tools/fan-control.sh

Candidate-only files the overlay never carries:
  Tests/MLXFastTests/SenpaiOperationalContractTests.swift

New submitted files carried by the overlay:
  Sources/MLXFastModel/LagunaRuntimeLayers.swift

Editable files the candidate deleted:
  Sources/MLXFastTransform/AffineMetadataCoding.swift
  Sources/MLXFastTransform/TiedHeadMetadataCoding.swift

reconstruct-surface: detailed lists in /Users/ec2-user/.senpai/native/mlxfast-maple-20260804/roles/student-maple-fern/workspace/mlxfast-recon/report
reconstruct-surface: building trusted CLI (mlxfast-swift)
Building for production...
[0/2] Write swift-version--58304C5D6DBC2206.txt
Build of product 'mlxfast-swift' complete! (1.32s)
reconstruct-surface: building participant worker (mlxfast-runtime-worker)
Building for production...
[0/3] Write sources
[1/6] Write swift-version--58304C5D6DBC2206.txt
[2/53] Write sources
[4/53] Compiling binary_ops.cpp
[4/53] Compiling gather_axis.cpp
[4/53] Compiling fp_quantized_nax.cpp
[4/53] Compiling ternary_ops.cpp
[4/53] Compiling fp_quantized.cpp
[4/53] Compiling unary.cpp
[4/53] Compiling binary.cpp
[5/53] Compiling copy.cpp
[5/53] Compiling steel_gemm_splitk_nax.cpp
[13/53] Compiling unary_ops.cpp
[13/53] Compiling ternary.cpp
[15/53] Compiling scan.cpp
[16/53] Compiling slicing.cpp
[17/53] Compiling softmax.cpp
[18/53] Compiling logsumexp.cpp
[19/53] Compiling unary.cpp
[20/53] Compiling primitives.cpp
[21/53] Compiling steel_gemm_splitk.cpp
[22/53] Compiling steel_gemm_gather_nax.cpp
[23/53] Compiling ternary.cpp
[24/53] Compiling steel_gemm_gather.cpp
[25/53] Compiling steel_gemm_fused_nax.cpp
[26/53] Compiling steel_gemm_fused.cpp
[27/53] Compiling sort.cpp
[28/53] Compiling steel_attention.cpp
[29/53] Compiling steel_attention_nax.cpp
[30/53] Compiling sort.cpp
[31/53] Compiling softmax.cpp
[32/53] Compiling reduce_utils.cpp
[33/53] Compiling quantized_utils.cpp
[34/53] Compiling reduce.cpp
[35/53] Compiling quantized_nax.cpp
[36/53] Compiling quantized.cpp
[37/53] Compiling gemv.cpp
[38/53] Compiling gemm_nax.cpp
[38/53] Compiling gemm.cpp
[40/53] Compiling gather_front.cpp
[41/53] Compiling reduce.cpp
[42/53] Compiling scaled_dot_product_attention.cpp
[43/53] Compiling indexing.cpp
[44/53] Compiling quantized.cpp
[45/53] Compiling binary.cpp
[46/53] Compiling copy.cpp
[47/53] Compiling jit_kernels.cpp
[48/53] Compiling hadamard.cpp
[49/53] Compiling matmul.cpp
[50/53] Compiling conv.cpp
[51/53] Compiling fft.cpp
[53/54] Compiling MLX ArrayAt.swift
[54/55] Compiling MLXFast MLXFast.swift
[55/56] Compiling MLXLMCommon DoRA+Layers.swift
/Users/ec2-user/.senpai/native/mlxfast-maple-20260804/roles/student-maple-fern/workspace/mlxfast-recon/tree/Vendor/mlx-swift-lm/Libraries/MLXLMCommon/ContinuousBatchingV2/EngineLoopV2.swift:1178:52: warning: capture of 'detokenizer' with non-Sendable type '(any CBv2IncrementalDetokenizer)?' in a '@Sendable' closure [#SendableClosureCaptures]
 128 | /// Incremental per-request detokenizer with UTF-8 + stop-string holdback.
 129 | /// See CONTRACT-ISSUES-B-scheduler.md §3.
 130 | public protocol CBv2IncrementalDetokenizer: AnyObject {
     |                 `- note: protocol 'CBv2IncrementalDetokenizer' does not conform to the 'Sendable' protocol
 131 |     /// Append confirmed tokens; returns text now safe to emit.
 132 |     func push(_ tokens: [Int]) -> String
     :
1176 |                 stream?.reserveEmission()
1177 |                 detokQueue.async {
1178 |                     let text = isStopToken ? "" : (detokenizer?.push([token]) ?? "")
     |                                                    `- warning: capture of 'detokenizer' with non-Sendable type '(any CBv2IncrementalDetokenizer)?' in a '@Sendable' closure [#SendableClosureCaptures]
1179 |                     stream?.emit(
1180 |                         .delta(text: text, tokens: [token], logprobs: logprobs),

/Users/ec2-user/.senpai/native/mlxfast-maple-20260804/roles/student-maple-fern/workspace/mlxfast-recon/tree/Vendor/mlx-swift-lm/Libraries/MLXLMCommon/ContinuousBatchingV2/EngineLoopV2.swift:1279:32: warning: capture of 'detokenizer' with non-Sendable type '(any CBv2IncrementalDetokenizer)?' in a '@Sendable' closure [#SendableClosureCaptures]
 128 | /// Incremental per-request detokenizer with UTF-8 + stop-string holdback.
 129 | /// See CONTRACT-ISSUES-B-scheduler.md §3.
 130 | public protocol CBv2IncrementalDetokenizer: AnyObject {
     |                 `- note: protocol 'CBv2IncrementalDetokenizer' does not conform to the 'Sendable' protocol
 131 |     /// Append confirmed tokens; returns text now safe to emit.
 132 |     func push(_ tokens: [Int]) -> String
     :
1277 |         if rec.request.stopStrings.isEmpty {
1278 |             detokQueue.async {
1279 |                 let trailing = detokenizer?.flush() ?? ""
     |                                `- warning: capture of 'detokenizer' with non-Sendable type '(any CBv2IncrementalDetokenizer)?' in a '@Sendable' closure [#SendableClosureCaptures]
1280 |                 if !trailing.isEmpty {
1281 |                     stream?.emit(.delta(text: trailing, tokens: [], logprobs: nil))

[#SendableClosureCaptures]: <https://docs.swift.org/compiler/documentation/diagnostics/sendable-closure-captures>
[56/57] Compiling MLXLLM LLMModel.swift
/Users/ec2-user/.senpai/native/mlxfast-maple-20260804/roles/student-maple-fern/workspace/mlxfast-recon/tree/Vendor/mlx-swift-lm/Libraries/MLXLLM/Models/DeepseekV4.swift:758:27: warning: immutable value 'D' was never used; consider replacing with '_' or removing it [#no-usage]
 756 | 
 757 |     func callAsFunction(_ x: MLXArray, poolCache: PoolingCache?, offset: Int) -> MLXArray {
 758 |         let B = x.dim(0), D = x.dim(2)
     |                           `- warning: immutable value 'D' was never used; consider replacing with '_' or removing it [#no-usage]
 759 |         let kv = wkv(x)    // [B, S, out_dim]
 760 |         let gate = wgate(x) // [B, S, out_dim]

/Users/ec2-user/.senpai/native/mlxfast-maple-20260804/roles/student-maple-fern/workspace/mlxfast-recon/tree/Vendor/mlx-swift-lm/Libraries/MLXLLM/Models/DeepseekV4.swift:1401:9: warning: switch must be exhaustive
1399 |         // Local scores: [B, H, L, localLen]
1400 |         let localScores: MLXArray
1401 |         switch localMask {
     |         |- warning: switch must be exhaustive
     |         `- note: add missing case: '.arrays(_)'
1402 |         case .none, .causal:
1403 |             localScores = qScaled.matmul(localKV.transposed(0, 1, 3, 2))

/Users/ec2-user/.senpai/native/mlxfast-maple-20260804/roles/student-maple-fern/workspace/mlxfast-recon/tree/Vendor/mlx-swift-lm/Libraries/MLXLLM/Models/DeepseekV4.swift:1513:13: warning: variable 'h' was never mutated; consider changing to 'let' constant
1511 |         }
1512 | 
1513 |         var h = hcPost(x: attnOut, residual: residual, post: postAttn, comb: combAttn)
     |             `- warning: variable 'h' was never mutated; consider changing to 'let' constant
1514 | 
1515 |         // FFN sub-block
[57/58] Compiling MLXFastModel DenseTensorStore.swift
/Users/ec2-user/.senpai/native/mlxfast-maple-20260804/roles/student-maple-fern/workspace/mlxfast-recon/tree/Sources/MLXFastModel/LagunaRuntimeLayers.swift:2005:17: warning: variable 'mergedSharedActivated' was never mutated; consider changing to 'let' constant
2003 |             // handed to the down projection instead of being issued again.
2004 |             // Purely within this invocation; nothing survives it.
2005 |             var mergedSharedActivated: MLXArray?
     |                 `- warning: variable 'mergedSharedActivated' was never mutated; consider changing to 'let' constant
2006 |             if lagunaFusedRoutedSwiGLUQMVEnabled,
2007 |                 x.dtype == .bfloat16,
[57/59] Write Objects.LinkFileList
[58/59] Linking mlxfast-runtime-worker
Build of product 'mlxfast-runtime-worker' complete! (65.08s)
reconstruct-surface: building participant mlx.metallib
-- Building MLX for arm64 processor on Darwin
-- Metal found /Applications/Xcode.app/Contents/Developer/Platforms/MacOSX.platform/Developer/SDKs/MacOSX.sdk/System/Library/Frameworks/Metal.framework
-- Building on macOS 26.5.2
-- Building with macOS 26.5 SDK
-- Metal version: 400
-- Accelerate found /Applications/Xcode.app/Contents/Developer/Platforms/MacOSX.platform/Developer/SDKs/MacOSX.sdk/System/Library/Frameworks/Accelerate.framework
-- Downloading json
-- Using the multi-header code from /Users/ec2-user/.senpai/native/mlxfast-maple-20260804/roles/student-maple-fern/workspace/mlxfast-recon/tree/Vendor/mlx-swift/Source/Cmlx/json/include/
-- Downloading json for JACCL
-- {fmt} version: 12.1.0
-- Build type: Release
-- Configuring done (0.3s)
-- Generating done (0.2s)
-- Build files have been written to: /Users/ec2-user/.senpai/native/mlxfast-maple-20260804/roles/student-maple-fern/workspace/mlxfast-recon/tree/.build-worker/mlx-metal
[ 13%] Building steel_attention_nax.air
[ 13%] Building arg_reduce.air
[ 13%] Building steel_gemm_segmented_nax.air
[ 13%] Building quantized_nax.air
[ 13%] Building fp_quantized_nax.air
[ 22%] Building steel_gemm_splitk_nax.air
[ 22%] Building steel_attention.air
[ 36%] Building steel_gemm_gather_nax.air
[ 36%] Building gemv_masked.air
[ 36%] Building steel_gemm_fused_nax.air
[ 36%] Building gemv.air
[ 40%] Building steel_gemm_masked.air
[ 40%] Building steel_gemm_segmented.air
[ 40%] Building steel_gemm_splitk.air
In file included from /Users/ec2-user/.senpai/native/mlxfast-maple-20260804/roles/student-maple-fern/workspace/mlxfast-recon/tree/Vendor/mlx-swift/Source/Cmlx/mlx/mlx/backend/metal/kernels/fp_quantized_nax.metal:8:
/Users/ec2-user/.senpai/native/mlxfast-maple-20260804/roles/student-maple-fern/workspace/mlxfast-recon/tree/Vendor/mlx-swift/Source/Cmlx/mlx/mlx/backend/metal/kernels/fp_quantized_nax.h:1712:17: warning: unused variable 'BN_padded' [-Wunused-variable]
  constexpr int BN_padded = BN + 16 / sizeof(Wtype);
                ^
[ 40%] Building steel_gemm_gather.air
[ 40%] Building steel_gemm_fused.air
[ 45%] Building steel_conv_general.air
[ 45%] Building steel_conv_3d.air
1 warning generated.
[ 50%] Building steel_conv.air
[ 54%] Building unary.air
[ 54%] Building ternary.air
[ 54%] Building sort.air
[ 59%] Building logsumexp.air
[ 63%] Building softmax.air
[ 63%] Building scan.air
[ 63%] Building fp_quantized.air
[ 63%] Building quantized.air
[ 68%] Building reduce.air
[ 72%] Building fft.air
[ 72%] Building copy.air
[ 72%] Building binary_two.air
[ 77%] Building binary.air
[ 81%] Building arange.air
[ 86%] Building fence.air
[ 90%] Building scaled_dot_product_attention.air
[ 95%] Building rope.air
[ 95%] Building rms_norm.air
[ 95%] Building random.air
[ 95%] Building layer_norm.air
[100%] Building conv.air
[100%] Building mlx.metallib
[100%] Built target mlx-metallib
build-mlx-metallib.sh: wrote /Users/ec2-user/.senpai/native/mlxfast-maple-20260804/roles/student-maple-fern/workspace/mlxfast-recon/tree/.build-worker/release/mlx.metallib
reconstruct-surface: running the public behavior gate
reconstruct-surface: public gate passed=true checked_steps=64 case_count=1 golden_hash=b9509697c08a2cf3c2943a85f0b76e39c485c441794690fa76835b40a58d7a63 error=""
reconstruct-surface: public behavior gate PASSED on the reconstructed surface
