########## arm=off (128-step teacher-forced drift tripwire) ##########
worker up in 40.4s ok=True
diagnostics after load: worker_rss_gb=20.72 peak_ram_gb=20.718231201171875 mlx_active_gb=33.01 mlx_cache_gb=0.00 mlx_peak_gb=36.10
decode_begin seed forward: 547.26 ms
DECODE_PHASE_START
DECODE_PHASE_END
teacher-forced greedy tokens: 0 divergences (all match)
first 8 steps (ms): 9.315 8.246 8.186 8.203 8.214 8.153 8.143 8.152
decode steps=128 mean=8.183 ms median=8.167 ms p10=8.135 ms p90=8.219 ms min=8.120 ms max=9.315 ms total=1.047 s
diagnostics after decode: worker_rss_gb=20.72 peak_ram_gb=20.720550537109375 mlx_active_gb=33.10 mlx_cache_gb=1.08 mlx_peak_gb=36.10
worker stderr -> /tmp/maple-shared-qmv-drift/01-rep1-off.err
profile: no GPUPROF records (was DARKBLOOM_GPU_PROFILE=1 set?)

########## arm=on (128-step teacher-forced drift tripwire) ##########
worker up in 42.7s ok=True
diagnostics after load: worker_rss_gb=20.72 peak_ram_gb=20.718109130859375 mlx_active_gb=33.01 mlx_cache_gb=0.00 mlx_peak_gb=36.10
decode_begin seed forward: 547.46 ms
DECODE_PHASE_START
DECODE_PHASE_END
teacher-forced greedy tokens: 0 divergences (all match)
first 8 steps (ms): 9.371 8.302 8.188 8.212 8.160 8.179 8.156 8.190
decode steps=128 mean=8.211 ms median=8.197 ms p10=8.166 ms p90=8.245 ms min=8.147 ms max=9.371 ms total=1.051 s
diagnostics after decode: worker_rss_gb=20.72 peak_ram_gb=20.720382690429688 mlx_active_gb=33.10 mlx_cache_gb=1.08 mlx_peak_gb=36.10
worker stderr -> /tmp/maple-shared-qmv-drift/02-rep1-on.err
profile: no GPUPROF records (was DARKBLOOM_GPU_PROFILE=1 set?)

########## arm=pairwise (128-step teacher-forced drift tripwire) ##########
worker up in 42.7s ok=True
diagnostics after load: worker_rss_gb=20.72 peak_ram_gb=20.718124389648438 mlx_active_gb=33.01 mlx_cache_gb=0.00 mlx_peak_gb=36.11
decode_begin seed forward: 547.30 ms
DECODE_PHASE_START
DECODE_PHASE_END
teacher-forced greedy tokens: 0 divergences (all match)
first 8 steps (ms): 9.303 8.254 8.175 8.126 8.158 8.203 8.256 8.168
decode steps=128 mean=8.179 ms median=8.166 ms p10=8.137 ms p90=8.208 ms min=8.086 ms max=9.303 ms total=1.047 s
diagnostics after decode: worker_rss_gb=20.72 peak_ram_gb=20.720413208007812 mlx_active_gb=33.10 mlx_cache_gb=1.08 mlx_peak_gb=36.11
worker stderr -> /tmp/maple-shared-qmv-drift/03-rep1-pairwise.err
profile: no GPUPROF records (was DARKBLOOM_GPU_PROFILE=1 set?)

